Archive member included because of file (symbol)

C:/Users/sato/Documents/MWSTAGE-2022-08_win10-1/MWSTAGE/MWSDK/TWENET/current/lib/libTWENET_RED.a(ToCoNet_event.o)
                              objs_RED/communication.o (symbol from plugin) (PRSEV_u8RegisterEx)
C:/Users/sato/Documents/MWSTAGE-2022-08_win10-1/MWSTAGE/MWSDK/TWENET/current/lib/libTWENET_RED.a(ToCoNet_main.o)
                              objs_RED/lcd.o (symbol from plugin) (sToCoNet_Context)
C:/Users/sato/Documents/MWSTAGE-2022-08_win10-1/MWSTAGE/MWSDK/TWENET/current/lib/libTWENET_RED.a(ToCoNet_utils.o)
                              ToCoNet_main.o (symbol from plugin) (ToCoNet_u32GetVersion)
C:/Users/sato/Documents/MWSTAGE-2022-08_win10-1/MWSTAGE/MWSDK/TWENET/current/lib/libTWENET_RED.a(ToCoNet_mod_Nwk_Common.o)
                              ToCoNet_main.o (symbol from plugin) (ToCoNet_vRxProc_Mod)
C:/Users/sato/Documents/MWSTAGE-2022-08_win10-1/MWSTAGE/MWSDK/TWENET/current/lib/libTWENET_RED.a(ToCoNet_mod_Channel_Mgr.o)
                              ToCoNet_main.o (symbol from plugin) (ToCoNet_ChMgr_bCh_Reconfig)
C:/Users/sato/Documents/MWSTAGE-2022-08_win10-1/MWSTAGE/MWSDK/TWENET/current/lib/libTWENET_RED.a(Version.o)
                              ToCoNet_utils.o (symbol from plugin) (au8ToCoNetVersionInfo)
C:/Users/sato/Documents/MWSTAGE-2022-08_win10-1/MWSTAGE/MWSDK/TWENET/current/lib/libTWENET_RED.a(AppQueueApi_ToCoNet.o)
                              ToCoNet_main.o (symbol from plugin) (_u32_INT_ticktimer)
C:/Users/sato/Documents/MWSTAGE-2022-08_win10-1/MWSTAGE/MWSDK/TWENET/current/lib/libTWENEText_RED.a(AppStart.o)
                              (AppColdStart)
C:/Users/sato/Documents/MWSTAGE-2022-08_win10-1/MWSTAGE/MWSDK/TWENET/current/lib/libTWENEText_RED.a(getMacAddr.o)
                              ToCoNet_main.o (symbol from plugin) (ToCoNet_u32GetSerialOnBoot)
C:/Users/sato/Documents/MWSTAGE-2022-08_win10-1/MWSTAGE/MWSDK/TWENET/current/lib/libTWENEText_RED.a(mac.o)
                              ToCoNet_main.o (symbol from plugin) (Mac_vInit)
C:/Users/sato/Documents/MWSTAGE-2022-08_win10-1/MWSTAGE/MWSDK/TWENET/current/lib/libTWENEText_RED.a(AES_CCM.o)
                              AppStart.o (symbol from plugin) (bAES_CCM_KeyReg)
C:/Users/sato/Documents/MWSTAGE-2022-08_win10-1/MWSTAGE/MWSDK/TWENET/current/lib/libTWENEText_RED.a(no_ack_handler.o)
                              AppStart.o (symbol from plugin) (vInstallNoAckHandler)
C:/Users/sato/Documents/MWSTAGE-2022-08_win10-1/MWSTAGE/MWSDK/TWENET/current/lib/libTWENEText_RED.a(Version.o)
                              ToCoNet_utils.o (symbol from plugin) (au8ToCoNetExtVersionInfo)
C:/Users/sato/Documents/MWSTAGE-2022-08_win10-1/MWSTAGE/MWSDK/TWENET/current/lib/libTWENETutils_RED.a(serial.o)
                              objs_RED/communication.o (symbol from plugin) (SERIAL_bTxChar)
C:/Users/sato/Documents/MWSTAGE-2022-08_win10-1/MWSTAGE/MWSDK/TWENET/current/lib/libTWENETutils_RED.a(uart.o)
                              serial.o (symbol from plugin) (UART_vInit)
C:/Users/sato/Documents/MWSTAGE-2022-08_win10-1/MWSTAGE/MWSDK/TWENET/current/lib/libTWENETutils_RED.a(ByteQueue.o)
                              ToCoNet_main.o (symbol from plugin) (QUEUE__vInit)
C:/Users/sato/Documents/MWSTAGE-2022-08_win10-1/MWSTAGE/MWSDK/TWENET/current/lib/libTWENETutils_RED.a(ccitt8.o)
                              AppStart.o (symbol from plugin) (u8CCITT8)
C:/Users/sato/Documents/MWSTAGE-2022-08_win10-1/MWSTAGE/MWSDK/TWENET/current/lib/libTWENETutils_RED.a(utils.o)
                              objs_RED/main.o (symbol from plugin) (vTimerConfig)
C:/Users/sato/Documents/MWSTAGE-2022-08_win10-1/MWSTAGE/MWSDK/TWENET/current/lib/libTWENETutils_RED.a(ccm.o)
                              AES_CCM.o (symbol from plugin) (ccm_init_and_key)
C:/Users/sato/Documents/MWSTAGE-2022-08_win10-1/MWSTAGE/MWSDK/TWENET/current/lib/libTWENETutils_RED.a(Version.o)
                              ToCoNet_utils.o (symbol from plugin) (au8ToCoNetUtilsVersionInfo)
C:/Users/sato/Documents/MWSTAGE-2022-08_win10-1/MWSTAGE/MWSDK/TWENET/current/lib/libTWENETutils_RED.a(aescrypt.o)
                              ccm.o (symbol from plugin) (aes_encrypt)
C:/Users/sato/Documents/MWSTAGE-2022-08_win10-1/MWSTAGE/MWSDK/TWENET/current/lib/libTWENETutils_RED.a(aeskey.o)
                              ccm.o (symbol from plugin) (aes_encrypt_key)
C:/Users/sato/Documents/MWSTAGE-2022-08_win10-1/MWSTAGE/MWSDK/TWENET/current/lib/libTWENETutils_RED.a(aestab.o)
                              aeskey.o (symbol from plugin) (t_im)
C:/Users/sato/Documents/MWSTAGE-2022-08_win10-1/MWSTAGE/MWSDK/TWENET/current/lib/libTWENETstgs_RED.a(tweinteractive.o)
                              objs_RED/communication.o (symbol from plugin) (TWEINTRCT_bIsVerbose)
C:/Users/sato/Documents/MWSTAGE-2022-08_win10-1/MWSTAGE/MWSDK/TWENET/current/lib/libTWENETstgs_RED.a(tweprintf.o)
                              tweinteractive.o (symbol from plugin) (TWE_fprintf)
[...]
Memory Configuration

Name             Origin             Length             Attributes
flash            0x0000000000080000 0x0000000000080000
ram              0x000000000400004c 0x0000000000007fb4
*default*        0x0000000000000000 0xffffffffffffffff

Linker script and memory map

LOAD objs_RED/_mwx_version.o
LOAD C:\Users\sato\AppData\Local\Temp\ccq2MRFW.ltrans0.ltrans.o
LOAD C:\Users\sato\AppData\Local\Temp\ccq2MRFW.ltrans1.ltrans.o
LOAD C:\Users\sato\AppData\Local\Temp\ccq2MRFW.ltrans2.ltrans.o
LOAD C:\Users\sato\AppData\Local\Temp\ccq2MRFW.ltrans3.ltrans.o
LOAD C:\Users\sato\AppData\Local\Temp\ccq2MRFW.ltrans4.ltrans.o
LOAD C:\Users\sato\AppData\Local\Temp\ccq2MRFW.ltrans5.ltrans.o
LOAD C:\Users\sato\AppData\Local\Temp\ccq2MRFW.ltrans6.ltrans.o
LOAD C:\Users\sato\AppData\Local\Temp\ccq2MRFW.ltrans7.ltrans.o
LOAD C:\Users\sato\AppData\Local\Temp\ccq2MRFW.ltrans8.ltrans.o
LOAD C:\Users\sato\AppData\Local\Temp\ccq2MRFW.ltrans9.ltrans.o
LOAD C:\Users\sato\AppData\Local\Temp\ccq2MRFW.ltrans10.ltrans.o
LOAD C:\Users\sato\AppData\Local\Temp\ccq2MRFW.ltrans11.ltrans.o
LOAD C:\Users\sato\AppData\Local\Temp\ccq2MRFW.ltrans12.ltrans.o
LOAD C:\Users\sato\AppData\Local\Temp\ccq2MRFW.ltrans13.ltrans.o
LOAD C:\Users\sato\AppData\Local\Temp\ccq2MRFW.ltrans14.ltrans.o
LOAD C:\Users\sato\AppData\Local\Temp\ccq2MRFW.ltrans15.ltrans.o
LOAD C:\Users\sato\AppData\Local\Temp\ccq2MRFW.ltrans16.ltrans.o
LOAD C:\Users\sato\AppData\Local\Temp\ccq2MRFW.ltrans17.ltrans.o
LOAD C:\Users\sato\AppData\Local\Temp\ccq2MRFW.ltrans18.ltrans.o
LOAD C:\Users\sato\AppData\Local\Temp\ccq2MRFW.ltrans19.ltrans.o
LOAD C:\Users\sato\AppData\Local\Temp\ccq2MRFW.ltrans20.ltrans.o
LOAD c:/users/sato/documents/mwstage-2022-08_win10-1/mwstage/tools/ba-elf-ba2-r36379.w10/bin/../lib/gcc/ba-elf/4.7.4/../../../../ba-elf/lib/mcpu_jn51xx_sizeopt\libc.a
LOAD c:/users/sato/documents/mwstage-2022-08_win10-1/mwstage/tools/ba-elf-ba2-r36379.w10/bin/../lib/gcc/ba-elf/4.7.4/mcpu_jn51xx_sizeopt\libgcc.a
LOAD c:/users/sato/documents/mwstage-2022-08_win10-1/mwstage/tools/ba-elf-ba2-r36379.w10/bin/../lib/gcc/ba-elf/4.7.4/../../../../ba-elf/lib/mcpu_jn51xx_sizeopt\libc.a
LOAD objs_RED/LED.o
LOAD objs_RED/Timer_Interrupt.o
LOAD objs_RED/communication.o
LOAD objs_RED/lcd.o
LOAD objs_RED/main.o
LOAD objs_RED/mode.o
LOAD C:/Users/sato/Documents/MWSTAGE-2022-08_win10-1/MWSTAGE/MWSDK/TWENET/current/lib/libTWENET_RED.a
LOAD C:/Users/sato/Documents/MWSTAGE-2022-08_win10-1/MWSTAGE/MWSDK/TWENET/current/lib/libTWENEText_RED.a
LOAD C:/Users/sato/Documents/MWSTAGE-2022-08_win10-1/MWSTAGE/MWSDK/TWENET/current/lib/libTWENETutils_RED.a
LOAD C:/Users/sato/Documents/MWSTAGE-2022-08_win10-1/MWSTAGE/MWSDK/TWENET/current/lib/libTWENETstgs_RED.a
LOAD C:/Users/sato/Documents/MWSTAGE-2022-08_win10-1/MWSTAGE/MWSDK/TWENET/current/lib/libmwx_RED.a
LOAD C:/Users/sato/Documents/MWSTAGE-2022-08_win10-1/MWSTAGE/MWSDK/TWENET/current/lib/libEASTL_RED.a
START GROUP
LOAD C:/Users/sato/Documents/MWSTAGE-2022-08_win10-1/MWSTAGE/MWSDK/ChipLib/SW4063V1416/Components/Library\libAppApi_JN5169.a
LOAD C:/Users/sato/Documents/MWSTAGE-2022-08_win10-1/MWSTAGE/MWSDK/ChipLib/SW4063V1416/Components/Library\libMAC_JN5169.a
LOAD C:/Users/sato/Documents/MWSTAGE-2022-08_win10-1/MWSTAGE/MWSDK/ChipLib/SW4063V1416/Components/Library\libTimerServer_JN516x.a
LOAD C:/Users/sato/Documents/MWSTAGE-2022-08_win10-1/MWSTAGE/MWSDK/ChipLib/SW4063V1416/Components/Library\libTOF_JN516x.a
LOAD C:/Users/sato/Documents/MWSTAGE-2022-08_win10-1/MWSTAGE/MWSDK/ChipLib/SW4063V1416/Components/Library\libXcv_JN5169.a
LOAD C:/Users/sato/Documents/MWSTAGE-2022-08_win10-1/MWSTAGE/MWSDK/ChipLib/SW4063V1416/Components/Library\libMMAC_JN5169.a
LOAD C:/Users/sato/Documents/MWSTAGE-2022-08_win10-1/MWSTAGE/MWSDK/ChipLib/SW4063V1416/Components/Library\libJPT_JN5169.a
LOAD C:/Users/sato/Documents/MWSTAGE-2022-08_win10-1/MWSTAGE/MWSDK/ChipLib/SW4063V1416/Components/Library\libAes_JN516x.a
LOAD C:/Users/sato/Documents/MWSTAGE-2022-08_win10-1/MWSTAGE/MWSDK/ChipLib/SW4063V1416/Components/Library\libHardwareApi_JN5169.a
LOAD C:/Users/sato/Documents/MWSTAGE-2022-08_win10-1/MWSTAGE/MWSDK/ChipLib/SW4063V1416/Components/Library\libMicroSpecific_JN516x.a
LOAD C:/Users/sato/Documents/MWSTAGE-2022-08_win10-1/MWSTAGE/MWSDK/ChipLib/SW4063V1416/Components/Library\libBoot_JN516x.a
LOAD C:/Users/sato/Documents/MWSTAGE-2022-08_win10-1/MWSTAGE/MWSDK/ChipLib/SW4063V1416/Components/Library\libPDM_EEPROM_JN516x_NO_RTOS.a
LOAD C:/Users/sato/Documents/MWSTAGE-2022-08_win10-1/MWSTAGE/MWSDK/TWENET/current/lib/libTWENET_RED.a
LOAD C:/Users/sato/Documents/MWSTAGE-2022-08_win10-1/MWSTAGE/MWSDK/TWENET/current/lib/libTWENEText_RED.a
LOAD C:/Users/sato/Documents/MWSTAGE-2022-08_win10-1/MWSTAGE/MWSDK/TWENET/current/lib/libTWENETutils_RED.a
LOAD C:/Users/sato/Documents/MWSTAGE-2022-08_win10-1/MWSTAGE/MWSDK/TWENET/current/lib/libTWENETstgs_RED.a
LOAD C:/Users/sato/Documents/MWSTAGE-2022-08_win10-1/MWSTAGE/MWSDK/TWENET/current/lib/libmwx_RED.a
LOAD C:/Users/sato/Documents/MWSTAGE-2022-08_win10-1/MWSTAGE/MWSDK/TWENET/current/lib/libEASTL_RED.a
END GROUP
LOAD c:/users/sato/documents/mwstage-2022-08_win10-1/mwstage/tools/ba-elf-ba2-r36379.w10/bin/../lib/gcc/ba-elf/4.7.4/../../../../ba-elf/lib/mcpu_jn51xx_sizeopt\libstdc++.a
LOAD c:/users/sato/documents/mwstage-2022-08_win10-1/mwstage/tools/ba-elf-ba2-r36379.w10/bin/../lib/gcc/ba-elf/4.7.4/../../../../ba-elf/lib/mcpu_jn51xx_sizeopt\libm.a
LOAD c:/users/sato/documents/mwstage-2022-08_win10-1/mwstage/tools/ba-elf-ba2-r36379.w10/bin/../lib/gcc/ba-elf/4.7.4/../../../../ba-elf/lib/mcpu_jn51xx_sizeopt\libc.a
LOAD c:/users/sato/documents/mwstage-2022-08_win10-1/mwstage/tools/ba-elf-ba2-r36379.w10/bin/../lib/gcc/ba-elf/4.7.4/mcpu_jn51xx_sizeopt\libgcc.a
LOAD c:/users/sato/documents/mwstage-2022-08_win10-1/mwstage/tools/ba-elf-ba2-r36379.w10/bin/../lib/gcc/ba-elf/4.7.4/../../../../ba-elf/lib/mcpu_jn51xx_sizeopt\libc.a
                0x0000000000000800                _stack_size = 0x800
                0x0000000000080038                exception_vsr_table = 0x80038
                0x0000000004000000                pSPIflashFncTable = 0x4000000
                0x0000000000000044                restore_state = 0x44
                0x000000000000004a                bZSPIWaitWIPClear = 0x4a
                0x0000000000000050                u16ZSPIflashRDID = 0x50
                0x0000000000000056                u8SelectFlashChipType = 0x56
                0x000000000000005c                memcpy = 0x5c
                0x0000000000000066                vBootFlashProg = 0x66
                [0x0000000000000d16]                __minimum_heap_size = DEFINED (__minimum_heap_size)?__minimum_heap_size:0xd16
                [0x0000000000000800]                __stack_size = DEFINED (__stack_size)?__stack_size:0x800
                0x0000000000000000                _SwConfig = (DEFINED (g_bSWConf_Debug) | (DEFINED (g_bSWConf_AltDebugPort) << 0x1))

.version        0x000000000007fffc        0x4
                0x000000000007fffc        0x4 LONG 0xf03000b

.bir            0x0000000000080000       0x10
                0x0000000000080000                _flash_start = ABSOLUTE (.)
                0x0000000000080000                _flash_beg = ABSOLUTE (.)
                0x0000000000080000        0x4 LONG 0x12345678
                0x0000000000080004        0x4 LONG 0x11223344
                0x0000000000080008        0x4 LONG 0x55667788
                0x000000000008000c        0x1 BYTE 0x8
                0x000000000008000d        0x1 BYTE 0x1
                0x000000000008000e        0x2 SHORT 0x0

.flashheader    0x0000000000080010       0x28
                0x0000000000080010        0x4 LONG 0x0
                0x0000000000080014        0x4 LONG 0x0
                0x0000000000080018        0x4 LONG 0x0
                0x000000000008001c        0x2 SHORT 0x0
                0x000000000008001e        0x2 SHORT 0x0 ABSOLUTE (_SwConfig)
                0x0000000000080020                _enc_start = ABSOLUTE (.)
                0x0000000000080020        0x4 LONG 0x14bb8 ABSOLUTE (_image_len)
                0x0000000000080024        0x4 LONG 0x942e8 ABSOLUTE (_flash_data_start)
                0x0000000000080028        0x2 SHORT 0x13 ((ABSOLUTE (_ram_data_start) / 0x4) & 0xffff)
                0x000000000008002a        0x2 SHORT 0x234 ((ABSOLUTE (_ram_data_len) / 0x4) & 0xffff)
                0x000000000008002c        0x2 SHORT 0x247 ((ABSOLUTE (_bss_start) / 0x4) & 0xffff)
                0x000000000008002e        0x2 SHORT 0x59a ((ABSOLUTE (_bss_len) / 0x4) & 0xffff)
                0x0000000000080030        0x4 LONG 0x87fcc ABSOLUTE (AppWarmStart)
                0x0000000000080034        0x4 LONG 0x8897c ABSOLUTE (AppColdStart)
                0x0000000000000000                _enc_offset = (_enc_start & 0xf)
                0x0000000000000044                PROVIDE (vException_BusError, restore_state)
                0x0000000000000044                PROVIDE (vException_UnalignedAccess, restore_state)
                0x0000000000000044                PROVIDE (vException_IllegalInstruction, restore_state)
                0x0000000000000044                PROVIDE (vException_SysCall, restore_state)
                0x0000000000000044                PROVIDE (vException_Trap, restore_state)
                0x0000000000000044                PROVIDE (vException_StackOverflow, restore_state)
                0x0000000000080038                . = ABSOLUTE (exception_vsr_table)

.vsr_table      0x0000000000080038       0x18
                0x0000000000080038        0x4 LONG 0x44 ABSOLUTE (vException_BusError)
                0x000000000008003c        0x4 LONG 0x44 ABSOLUTE (vException_UnalignedAccess)
                0x0000000000080040        0x4 LONG 0x44 ABSOLUTE (vException_IllegalInstruction)
                0x0000000000080044        0x4 LONG 0x44 ABSOLUTE (vException_SysCall)
                0x0000000000080048        0x4 LONG 0x44 ABSOLUTE (vException_Trap)
                0x000000000008004c        0x4 LONG 0x44 ABSOLUTE (vException_StackOverflow)

.vsr_handlers   0x0000000000080050       0xaa
 *(.vsr_handlers)
 .vsr_handlers  0x0000000000080050       0xaa C:/Users/sato/Documents/MWSTAGE-2022-08_win10-1/MWSTAGE/MWSDK/ChipLib/SW4063V1416/Components/Library\libBoot_JN516x.a(ExceptionHandler.o)
                0x0000000000080050                _exception_external_interrupt
                0x00000000000800f8                _default_vsr_dummy

.rodata         0x0000000000080100      0x929
 *(.rodata*)
 .rodata        0x0000000000080100      0x1cb C:\Users\sato\AppData\Local\Temp\ccq2MRFW.ltrans0.ltrans.o
 .rodata.str1.1
                0x00000000000802cb        0xe C:\Users\sato\AppData\Local\Temp\ccq2MRFW.ltrans0.ltrans.o
 *fill*         0x00000000000802d9        0x3 00
 .rodata        0x00000000000802dc       0x20 C:\Users\sato\AppData\Local\Temp\ccq2MRFW.ltrans1.ltrans.o
                0x00000000000802dc                prHeap_AllocFunc
 .rodata        0x00000000000802fc       0xd4 C:\Users\sato\AppData\Local\Temp\ccq2MRFW.ltrans3.ltrans.o
                0x00000000000802fc                s_aprScanHandleEvt.16868
                0x000000000008032c                apvActionCalls
                0x00000000000803b4                aprLPBMacVectorRamTable
                0x00000000000803c8                psTamMacContext
                0x00000000000803cc                psTAMcontext
 .rodata.str1.1
                0x00000000000803d0       0x88 C:\Users\sato\AppData\Local\Temp\ccq2MRFW.ltrans4.ltrans.o
 .rodata        0x0000000000080458        0x5 C:\Users\sato\AppData\Local\Temp\ccq2MRFW.ltrans4.ltrans.o
 .rodata.str1.1
                0x000000000008045d       0x1f C:\Users\sato\AppData\Local\Temp\ccq2MRFW.ltrans6.ltrans.o
 .rodata        0x000000000008047c       0x14 C:\Users\sato\AppData\Local\Temp\ccq2MRFW.ltrans6.ltrans.o
 .rodata.str1.1
                0x0000000000080490        0xe C:\Users\sato\AppData\Local\Temp\ccq2MRFW.ltrans7.ltrans.o
                                         0x12 (size before relaxing)
 *fill*         0x000000000008049e        0x2 00
 .rodata        0x00000000000804a0       0xc0 C:\Users\sato\AppData\Local\Temp\ccq2MRFW.ltrans7.ltrans.o
 .rodata        0x0000000000080560       0x24 C:\Users\sato\AppData\Local\Temp\ccq2MRFW.ltrans8.ltrans.o
                0x0000000000080568                psTamXcvContext
 .rodata.str1.1
                0x0000000000080584       0x8b C:\Users\sato\AppData\Local\Temp\ccq2MRFW.ltrans8.ltrans.o
 .rodata.str1.1
                0x000000000008060f      0x111 C:\Users\sato\AppData\Local\Temp\ccq2MRFW.ltrans9.ltrans.o
                                        0x187 (size before relaxing)
 .rodata        0x0000000000080720        0x6 C:\Users\sato\AppData\Local\Temp\ccq2MRFW.ltrans10.ltrans.o
                0x0000000000080720                aeXcvPhyEvtToScanEvt.5424.16871
 .rodata.str1.1
                0x0000000000080726       0x11 C:\Users\sato\AppData\Local\Temp\ccq2MRFW.ltrans11.ltrans.o
 *fill*         0x0000000000080737        0x1 00
 .rodata        0x0000000000080738       0x7c C:\Users\sato\AppData\Local\Temp\ccq2MRFW.ltrans11.ltrans.o
                0x000000000008076c                u32MacLow_TOCOS
                0x0000000000080770                u32MacHigh_TOCOS
 .rodata.str1.1
                0x00000000000807b4        0xe C:\Users\sato\AppData\Local\Temp\ccq2MRFW.ltrans12.ltrans.o
 .rodata        0x00000000000807c2        0x3 C:\Users\sato\AppData\Local\Temp\ccq2MRFW.ltrans12.ltrans.o
 .rodata        0x00000000000807c5        0x4 C:\Users\sato\AppData\Local\Temp\ccq2MRFW.ltrans13.ltrans.o
 .rodata        0x00000000000807c9        0xa C:\Users\sato\AppData\Local\Temp\ccq2MRFW.ltrans15.ltrans.o
 .rodata.str1.1
                0x00000000000807d3       0x11 C:\Users\sato\AppData\Local\Temp\ccq2MRFW.ltrans17.ltrans.o
 .rodata        0x00000000000807e4       0x30 C:\Users\sato\AppData\Local\Temp\ccq2MRFW.ltrans18.ltrans.o
                0x00000000000807e4                au32UartAddrOffset
                0x00000000000807ec                au32TimerBaseAddress
                0x0000000000080800                CSWTCH.35.27457.27457
 .rodata.str1.1
                0x0000000000080814       0x11 C:\Users\sato\AppData\Local\Temp\ccq2MRFW.ltrans20.ltrans.o
                                         0x22 (size before relaxing)
 *fill*         0x0000000000080825        0x3 00
 .rodata        0x0000000000080828       0x38 C:\Users\sato\AppData\Local\Temp\ccq2MRFW.ltrans20.ltrans.o
                0x0000000000080828                asStateFuncTbl.28622
 .rodata.str1.1
                0x0000000000080860       0x32 c:/users/sato/documents/mwstage-2022-08_win10-1/mwstage/tools/ba-elf-ba2-r36379.w10/bin/../lib/gcc/ba-elf/4.7.4/../../../../ba-elf/lib/mcpu_jn51xx_sizeopt\libc.a(lib_a-svfprintf.o)
                                         0x34 (size before relaxing)
 .rodata        0x0000000000080892       0x20 c:/users/sato/documents/mwstage-2022-08_win10-1/mwstage/tools/ba-elf-ba2-r36379.w10/bin/../lib/gcc/ba-elf/4.7.4/../../../../ba-elf/lib/mcpu_jn51xx_sizeopt\libc.a(lib_a-svfprintf.o)
 .rodata.str1.1
                0x00000000000808b2        0xd c:/users/sato/documents/mwstage-2022-08_win10-1/mwstage/tools/ba-elf-ba2-r36379.w10/bin/../lib/gcc/ba-elf/4.7.4/../../../../ba-elf/lib/mcpu_jn51xx_sizeopt\libc.a(lib_a-dtoa.o)
                                          0xf (size before relaxing)
 .rodata.str1.1
                0x00000000000808bf        0x2 c:/users/sato/documents/mwstage-2022-08_win10-1/mwstage/tools/ba-elf-ba2-r36379.w10/bin/../lib/gcc/ba-elf/4.7.4/../../../../ba-elf/lib/mcpu_jn51xx_sizeopt\libc.a(lib_a-impure.o)
 .rodata.str1.1
                0x00000000000808c1        0x6 c:/users/sato/documents/mwstage-2022-08_win10-1/mwstage/tools/ba-elf-ba2-r36379.w10/bin/../lib/gcc/ba-elf/4.7.4/../../../../ba-elf/lib/mcpu_jn51xx_sizeopt\libc.a(lib_a-locale.o)
                                          0xb (size before relaxing)
 *fill*         0x00000000000808c7        0x1 00
 .rodata        0x00000000000808c8      0x128 c:/users/sato/documents/mwstage-2022-08_win10-1/mwstage/tools/ba-elf-ba2-r36379.w10/bin/../lib/gcc/ba-elf/4.7.4/../../../../ba-elf/lib/mcpu_jn51xx_sizeopt\libc.a(lib_a-mprec.o)
                0x00000000000808c8                __mprec_tinytens
                0x00000000000808f0                __mprec_bigtens
                0x0000000000080918                __mprec_tens
 .rodata.str1.1
                0x0000000000000000       0x22 c:/users/sato/documents/mwstage-2022-08_win10-1/mwstage/tools/ba-elf-ba2-r36379.w10/bin/../lib/gcc/ba-elf/4.7.4/../../../../ba-elf/lib/mcpu_jn51xx_sizeopt\libc.a(lib_a-svfiprintf.o)
 .rodata        0x00000000000809f0       0x20 c:/users/sato/documents/mwstage-2022-08_win10-1/mwstage/tools/ba-elf-ba2-r36379.w10/bin/../lib/gcc/ba-elf/4.7.4/../../../../ba-elf/lib/mcpu_jn51xx_sizeopt\libc.a(lib_a-svfiprintf.o)
 .rodata        0x0000000000080a10       0x19 c:/users/sato/documents/mwstage-2022-08_win10-1/mwstage/tools/ba-elf-ba2-r36379.w10/bin/../lib/gcc/ba-elf/4.7.4/../../../../ba-elf/lib/mcpu_jn51xx_sizeopt\libc.a(lib_a-glue.o)

.text           0x0000000000080a2c    0x138bb
 *(.text*)
 .text          0x0000000000080a2c     0x104e C:\Users\sato\AppData\Local\Temp\ccq2MRFW.ltrans0.ltrans.o
                0x0000000000080a2c                vTTIBLETimerExpired
                0x0000000000080a37                mac_vLPBAdjustBeaconOffset
                0x0000000000080a94                mac_u32LPBGetBeaconTimeout
                0x0000000000080a9d                eWEnDTmrExpiry.16509
                0x0000000000080aa8                eWEnDEdDone.16506
                0x0000000000080b03                eGenlDontCare.16503
                0x0000000000080b08                eGenlIllegal.16128
                0x0000000000080b0f                u32GetTimer0
                0x0000000000080b16                vSetTimer0
                0x0000000000080b25                _ZN3mwx2L112appdefs_crtpINS0_9NwkSimpleEE18_cbTweNet_vHwEventEPvmm.local.221
                0x0000000000080b28                _ZN3mwx2L112appdefs_crtpINS0_9NwkSimpleEE17_cbTweNet_u8HwIntEPvmm.local.220
                0x0000000000080b2d                _out_fct.7836
                0x0000000000080b3f                _out_null.7842
                0x0000000000080b42                vOutputStream.7707
                0x0000000000080b4e                _ZN3mwx2L110serial_jen7vOutputEcPv.local.218
                0x0000000000080b75                vHandlerPatch.6820
                0x0000000000080bac                _ZN3mwx2L114processev_crtpI15TIMER_INTERRUPTE14vProcessEvCoreEP8_tsEvent7teEventm.local.180
                0x0000000000080baf                _ZN3mwx2L112appdefs_crtpI15TIMER_INTERRUPTE9_on_eventEPvmRm.local.181
                0x0000000000080bb2                _ZN3mwx2L112appdefs_crtpI15TIMER_INTERRUPTE18_cbTweNet_vTxEventEPvRNS0_12packet_ev_txE.local.182
                0x0000000000080bb5                _ZN3mwx2L112appdefs_crtpI15TIMER_INTERRUPTE18_cbTweNet_vRxEventEPvRNS0_9packet_rxE.local.183
                0x0000000000080bb8                _ZN3mwx2L112appdefs_crtpI15TIMER_INTERRUPTE19_cbTweNet_vNwkEventEPvRNS0_13packet_ev_nwkE.local.184
                0x0000000000080bbb                _ZN3mwx2L112appdefs_crtpI15TIMER_INTERRUPTE15_cbTweNet_vMainEPv.local.185
                0x0000000000080bbe                _ZN3mwx2L112appdefs_crtpINS0_9NwkSimpleEE18_cbTweNet_vTxEventEPvRNS0_12packet_ev_txE.local.217
                0x0000000000080bd8                _ZN3mwx2L112appdefs_crtpINS0_9NwkSimpleEE19_cbTweNet_vNwkEventEPvRNS0_13packet_ev_nwkE.local.225
                0x0000000000080be1                _ZN3mwx2L112appdefs_crtpINS0_9NwkSimpleEE15_cbTweNet_vMainEPv.local.226
                0x0000000000080be4                vTASretrieveSecurity
                0x0000000000080c06                MAC_bLookUpKeyDescriptor.23620
                0x0000000000080c80                u8TSCframeIncrease
                0x0000000000080cb9                vCopyToDataFromMacAddr.23530
                0x0000000000080cec                psTAQsearchFifo
                0x0000000000080d35                bTAQremoveFromFifo
                0x0000000000080d72                vTAMinsertEvent
                0x0000000000080dd8                vTAM_TxRetryTimeout
                0x0000000000080ddc                vTACsetTxFrameDefaults
                0x0000000000080e02                u8TACgetHeaderSize
                0x0000000000080e3f                bUpdateTime.21848
                0x0000000000080e7a                u32TACpayloadToU32M
                0x0000000000080e9b                vTACu32ToPayloadM
                0x0000000000080eb3                vTACbuildBeacon
                0x00000000000810bb                bTACframeInProgress
                0x00000000000810e5                bTACassessBeaconForPayload
                0x0000000000081136                bIsBbcSafeForTx
                0x000000000008116b                vTATwriteAclMaterialToHardware
                0x0000000000081190                vTATsetBLE
                0x00000000000811c7                vTATgetFramePayload
                0x00000000000811e4                eTATreadTXstatus
                0x000000000008122a                vTAHsetPhyStateDirect.part.0.20989
                0x0000000000081246                vDoGoOff.22810
                0x0000000000081260                vMEMreturn
                0x00000000000812d1                vTACinformOriginator
                0x00000000000812f3                vTTITransactionTimerExpired
                0x000000000008131b                pvMEMget
                0x0000000000081347                vTAMDEdetermineNullState
                0x0000000000081361                vTAMCOupdatePendingList
                0x0000000000081433                vTAMCOsetCoordinator
                0x0000000000081459                eScanHandleEvt.part.0.16539
                0x0000000000081482                mac_eDcfmIndPost
                0x00000000000814a3                mac_psDcfmIndGetBuf
                0x00000000000814c4                vMLMErxEnableConfirm
                0x00000000000814f6                vMLMEcommStatus
                0x0000000000081559                vMLMEcommStatusFromFrame
                0x000000000008159d                vTSCpostTransmitUpdate
                0x00000000000815cc                vMLMEsyncLoss
                0x00000000000815ff                vPMICpostFailedAssocDcfm
                0x0000000000081637                vPMICassocReqTO_2.14956
                0x000000000008164e                MAC_vPibSetPanId
                0x0000000000081669                vHandleTofRequest.13062
                0x000000000008166c                vAppApiDefSetPrbsSeed
                0x0000000000081690                mwx::L1::duplciate_checker::_node_ele_init(mwx::L1::duplciate_checker::_node_ele*)
                0x00000000000816af                _ZN3mwx2L113serial_parserINS0_10alloc_heapIhEEEC1Ev.local.52
                0x00000000000816d1                _ZN3mwx2L16twenetC1Ev.local.58
                0x0000000000081768                _ZN3mwx2L110serial_jenC1Eh.local.107
                0x0000000000081798                _ZN3mwx2L115periph_analogueC1Ev.local.125
                0x00000000000817c3                _ZN3mwx2L112appdefs_virt8on_eventEmRm.local.134
                0x00000000000817db                _ZN3mwx2L112appdefs_virt18cbToCoNet_vHwEventEmm.local.136
                0x00000000000817f3                _ZN3mwx2L112appdefs_virt18cbToCoNet_vTxEventERNS0_12packet_ev_txE.local.137
                0x000000000008180b                _ZN3mwx2L112appdefs_virt19cbToCoNet_vNwkEventERNS0_13packet_ev_nwkE.local.139
                0x0000000000081823                u8CCITT8
                0x0000000000081849                bAES_CCM_KeyReg
                0x0000000000081888                bFifoPush.5521
                0x00000000000818c1                vAppQApiPostMlme.5507
                0x00000000000818e0                vAppQApiPostMcps.5514
                0x00000000000818fb                pvFifoPull.5518
                0x0000000000081922                psAppQApiGetMlmeBuffer.5504
                0x000000000008192a                psAppQApiGetMcpsBuffer.5511
                0x0000000000081932                PRSEV_vSetState
                0x0000000000081942                PRSEV_vProcessEv_core.4391
                0x00000000000819e4                PRSEV_vProcessEvPost
                0x0000000000081a16                _PRSEV_vProcessEvSingle
                0x0000000000081a23                ToCoNet_vMacStart
                0x0000000000081a30                _Z11change_modec.part.0.4186
                0x0000000000081a5d                _ZN3mwx2L18_smplbufIhNS0_12alloc_attachIhEEE9push_backEOh.local.207
 .text.unlikely
                0x0000000000081a7a       0x65 C:\Users\sato\AppData\Local\Temp\ccq2MRFW.ltrans0.ltrans.o
                0x0000000000081a7a                _ZN3mwx2L112appdefs_virt18cbToCoNet_vRxEventERNS0_9packet_rxE.local.138
                0x0000000000081a92                PRSEV_u8Register
                0x0000000000081ad0                _PRSEV_vProcessEvSingleH
 *fill*         0x0000000000081adf        0x1 00
 .text          0x0000000000081ae0      0xb64 C:\Users\sato\AppData\Local\Temp\ccq2MRFW.ltrans1.ltrans.o
                0x0000000000081b29                mac_vLPBStartTimer
                0x0000000000081c40                vACI_IntHandlerAes
                0x0000000000081c65                vProcessEvCoreTx.28559
                0x0000000000081cea                pvHeap_DefAlloc.28467
                0x0000000000081d55                vMMAC_ConfigureRadio
                0x0000000000081f00                bAHI_SetClockRate
                0x000000000008200b                vAHI_SiMasterConfigure.constprop.315
                0x000000000008203f                vAHI_TimerEnable.part.1.27324.constprop.307
                0x00000000000820aa                _ZN3mwx2L16twenet5beginEv.local.112.constprop.297
                0x00000000000820ef                pinMode(unsigned char, mwx::L1::enum_wapper<PIN_MODE::eMWX_DIO_MODE, unsigned char>)
                0x0000000000082268                _ZN3mwx2L115periph_analogue10_adc_startEv.local.43.constprop.286
                0x0000000000082351                mwx::L1::periph_analogue::ADC_handler(unsigned long, unsigned long)
                0x0000000000082398                u8HwEventHandler.4601
                0x0000000000082440                bAES_CCMstar
                0x000000000008250c                bAES_CCM_DecodeKey
                0x00000000000825c8                operator new(unsigned long)
                0x00000000000825ec                _ZN3mwx2L112appdefs_virt5setupEv.part.1.3658
                0x0000000000082612                _ZN3mwx2L112periph_timer5setupEv.local.173
 .text.unlikely
                0x0000000000082644       0x45 C:\Users\sato\AppData\Local\Temp\ccq2MRFW.ltrans1.ltrans.o
                0x0000000000082644                vAHI_MemoryHold.27221
 *fill*         0x0000000000082689        0x3 00
 .text          0x000000000008268c      0xb8c C:\Users\sato\AppData\Local\Temp\ccq2MRFW.ltrans2.ltrans.o
                0x000000000008287b                vTimerCallback.27104
                0x0000000000082886                vTTITimer2Expired
                0x000000000008288b                vTTITimer1Expired
                0x0000000000082890                pvHeap_Alloc
                0x0000000000082893                u32AHI_Init
                0x0000000000082955                vMicroIntRestoreState
                0x0000000000082961                vAHI_DoSetDataOut
                0x0000000000082975                bAHI_DoEnableOutputs
                0x000000000008299e                u8AHI_WakeTimerFiredStatus
                0x00000000000829b2                vAHI_WakeTimerStop.part.3.27789
                0x00000000000829d2                vAHI_UartSetClocksPerBit.part.18.27585
                0x00000000000829f9                vAHI_UartSetRTSCTS.part.15.27570
                0x0000000000082a20                vAHI_UartReset.part.4.27543
                0x0000000000082a58                vAHI_UartSetControl.part.2.27527
                0x0000000000082aa9                vAHI_UartSetBaudDivisor.part.1.27523
                0x0000000000082ae8                vAHI_WatchdogStop
                0x0000000000082aff                _ZN3mwx2L120periph_pulse_counter10_on_wakeupEv.part.18.8625
                0x0000000000082b75                u32AHI_DioWakeStatus
                0x0000000000082b86                vAHI_DioWakeEdge
                0x0000000000082ba6                vAHI_DioSetPullup
                0x0000000000082bc6                vAHI_DioSetOutput
                0x0000000000082c16                _ZN3mwx2L112appdefs_crtpI15TIMER_INTERRUPTE17_cbTweNet_u8HwIntEPvmm.local.178
                0x0000000000082cdb                vAHI_DioSetDirection
                0x0000000000082cef                vACI_CmdWaitBusy
                0x0000000000082d53                vACI_OptimisedCcmStar
                0x0000000000082f6b                vTAIdisableInterrupt
                0x0000000000082f84                psRemove.part.0.26068
                0x0000000000082fb3                vMAC_MISCpollConfirm
                0x0000000000082fe4                MAC_u8AclFindInfo
                0x000000000008310e                bTSCgetOutgoingInfo
 .text.unlikely
                0x0000000000083218       0x24 C:\Users\sato\AppData\Local\Temp\ccq2MRFW.ltrans2.ltrans.o
                0x0000000000083218                vAHI_CpuDoze
                0x000000000008322b                vStartXtal32kExternalRc.27118
 .text          0x000000000008323c      0xba4 C:\Users\sato\AppData\Local\Temp\ccq2MRFW.ltrans3.ltrans.o
                0x000000000008323c                eWBRTTxDone.16525
                0x000000000008325a                vTAMCOframeTXgoingIdle
                0x0000000000083273                vTAMCOframeTXcap
                0x0000000000083298                eWCoRRxDone.16516
                0x0000000000083342                eWBcnRxDone.16528
                0x000000000008392e                vTAMCOframeRXcap
                0x0000000000083940                vTAMCOframeRXgoingIdle
                0x0000000000083956                vTAMCOframeRXnobeacon
                0x0000000000083968                vTAMDEframeRX
                0x0000000000083990                vTAMDEframeRXtrackingDR
                0x00000000000839d3                vTAMDEframePreSyncReq
                0x00000000000839eb                vTAMCOframeTXbeacon
                0x0000000000083ab2                vTAMDEframeRXsyncReq
                0x0000000000083d01                vTAMDEint1FiredTrackingCAPgts
                0x0000000000083db2                eWONTTxDone.16522
 .text          0x0000000000083de0      0x657 C:\Users\sato\AppData\Local\Temp\ccq2MRFW.ltrans4.ltrans.o
                0x0000000000083de0                _ZN3mwx2L112appdefs_crtpINS0_9NwkSimpleEE18_cbTweNet_vRxEventEPvRNS0_9packet_rxE.local.222
                0x000000000008432e                vAppApiDefMlmeRequest
                0x0000000000084359                pvAppApiDefGetMacHandle
                0x0000000000084362                _ZN3mwx2L112periph_timer5beginEtbb.local.171.constprop.304
 *fill*         0x0000000000084437        0x1 00
 .text.unlikely
                0x0000000000084438      0x310 C:\Users\sato\AppData\Local\Temp\ccq2MRFW.ltrans4.ltrans.o
                0x0000000000084455                vProcessIncomingHwEvent.4770
 .text          0x0000000000084748      0xda4 C:\Users\sato\AppData\Local\Temp\ccq2MRFW.ltrans5.ltrans.o
                0x0000000000084748                vTAMRXEsetPhy
                0x000000000008480b                vTAHsetPhyState
                0x000000000008483b                vSetPHYfromMacValue.19646
                0x000000000008486d                vTACsetPHYfromMacValue
                0x000000000008488e                vTAMRXEsetReceiveForPibChange
                0x00000000000848ce                vMLMEbeaconNotify
                0x0000000000084a2c                vMCPSframeReceived
                0x0000000000084aef                ToCoNet_vInit
                0x0000000000084e32                vExpireHead.26073
                0x0000000000084e62                _vsnprintf.constprop.362
                0x0000000000085475                fctprintf
                0x0000000000085497                _ZN3mwx2L111_printobj_1IhE9_do_printEPvPFvcS3_ES3_.local.219
                0x00000000000854ab                MWX_DebugMsg
 .text.unlikely
                0x00000000000854ec        0xf C:\Users\sato\AppData\Local\Temp\ccq2MRFW.ltrans5.ltrans.o
                0x00000000000854ec                u32AppQApiInitInt_PATCH
 .text          0x00000000000854fb      0x687 C:\Users\sato\AppData\Local\Temp\ccq2MRFW.ltrans6.ltrans.o
                0x00000000000854fb                UART_vHandleUartInterrupt.6947
                0x0000000000085582                vXCV_IntHandlerPhy
                0x0000000000085634                vScanHandleTimer.16125
                0x0000000000085639                _ZN3mwx2L114processev_crtpINS0_9NwkSimpleEE14vProcessEvCoreEP8_tsEvent7teEventm.local.224
                0x00000000000856ec                vXCV_IntHandlerBbc
                0x000000000008578f                mac_vLPBStopTimer
                0x000000000008579a                vTAMCOint2Fired
                0x00000000000857bb                vTAMDEint1FiredWaitDR
                0x00000000000857c9                vTAIsetCapTime
                0x00000000000857ea                vTAIsetRxEnableTime
                0x000000000008580b                vDoGoActive.22812
                0x000000000008582d                vTAMRXEint2Fired
                0x0000000000085863                _ZN3mwx2L115periph_analogue5setupEbhPFvvE.local.124.constprop.257
                0x00000000000858fd                TWESYSUTL_vWaitPoll
                0x000000000008599d                _ZL5delaym.2860
                0x00000000000859c8                _ZL17delayMicrosecondsm.2863.constprop.328
                0x0000000000085a4b                _ZN3mwx2L114periph_twowireC1Eh.local.76
                0x0000000000085a88                bAHI_ReadMACID
                0x0000000000085ace                _ZN3mwx2L114periph_twowire9busy_waitEv.isra.0.2868
                0x0000000000085b17                _ZN3mwx2L114periph_twowire14cmd_tx_no_stopEb.isra.3.2872.constprop.332
                0x0000000000085b24                _ZN3mwx2L114periph_twowire5writeEPKhh.local.188.constprop.327
                0x0000000000085b75                _ZN3mwx2L114periph_twowire12cmd_tx_startEv.isra.2.2870
 .text.unlikely
                0x0000000000085b82      0x181 C:\Users\sato\AppData\Local\Temp\ccq2MRFW.ltrans6.ltrans.o
                0x0000000000085bfb                bStartXtal32k.27128
 .text          0x0000000000085d03     0x110f C:\Users\sato\AppData\Local\Temp\ccq2MRFW.ltrans7.ltrans.o
                0x0000000000085efb                _ntoa_long_long.7884.constprop.363
                0x0000000000085fd0                _ntoa_long.7872.constprop.368
                0x000000000008609d                _etoa.7930.constprop.364
                0x0000000000086448                _ftoa.7910.constprop.366
                0x00000000000867a1                vMicroIntEnableOnly.constprop.357
                0x00000000000867cd                vMMAC_SetChannelAndPower
                0x0000000000086976                vPhySetChannel
                0x0000000000086995                QUEUE__u8RemoveItem.part.1.7022
                0x00000000000869d0                QUEUE__vAddItem.constprop.356
                0x0000000000086a02                _ZN3mwx2L110twenet_mac8transmitERNS0_9packet_txE.local.32.constprop.355
                0x0000000000086c07                _ToCoNet_bRfChChannel
                0x0000000000086c9c                ToCoNet_ChMgr_bCh_Reconfig
                0x0000000000086d04                ToCoNet_ChMgr_vCh_TxFin
                0x0000000000086d30                vHnd_E_STATE_WAIT_TX.28590
                0x0000000000086da0                vHnd_E_STATE_IDLE.28582
                0x0000000000086e04                vAHI_ProtocolPower.constprop.346
 *fill*         0x0000000000086e12        0x2 00
 .text          0x0000000000086e14      0x9dc C:\Users\sato\AppData\Local\Temp\ccq2MRFW.ltrans8.ltrans.o
                0x0000000000086e14                eTAMselect
                0x0000000000086f54                MAC_pvCtor
                0x000000000008737d                u32AppApiDefInit
                0x0000000000087448                _ToCoNet_vMacInit
                0x00000000000874ae                _ToCoNet_vRfConfig
                0x0000000000087649                mwx::L1::NwkSimple::on_create(unsigned long&)
                0x0000000000087699                _ZN3mwx2L123twenet_instance_manager3useINS0_9NwkSimpleEEERT_Rm.local.153.constprop.337
 .text          0x00000000000877f0      0x707 C:\Users\sato\AppData\Local\Temp\ccq2MRFW.ltrans9.ltrans.o
                0x00000000000877f0                _ZN3mwx2L112appdefs_crtpINS0_9NwkSimpleEE9_on_eventEPvmRm.local.223
                0x00000000000878de                vProcessEvCoreMac
                0x0000000000087c5f                setup()
 *fill*         0x0000000000087ef7        0x1 00
 .text          0x0000000000087ef8      0xa84 C:\Users\sato\AppData\Local\Temp\ccq2MRFW.ltrans10.ltrans.o
                0x0000000000087ef8                vPostDcfm.16512
                0x0000000000087fcc                AppWarmStart
                0x000000000008809c                vSetNextChannel.16560
                0x00000000000880f5                MAC_vHandleMlmeReqRsp
                0x00000000000888a5                vTAMDEint1FiredTracking
                0x0000000000088915                vTAMDEint1FiredSyncReq
 .text          0x000000000008897c      0x55c C:\Users\sato\AppData\Local\Temp\ccq2MRFW.ltrans11.ltrans.o
                0x000000000008897c                AppColdStart
 .text.unlikely
                0x0000000000088ed8      0x43b C:\Users\sato\AppData\Local\Temp\ccq2MRFW.ltrans11.ltrans.o
                0x0000000000088ed8                ToCoNet_vStart
 .text          0x0000000000089313      0x902 C:\Users\sato\AppData\Local\Temp\ccq2MRFW.ltrans12.ltrans.o
                0x0000000000089313                vHnd_E_STATE_RUNNING.28598
                0x000000000008955d                SERIAL_vTxReady
                0x00000000000895f7                vAppQApiPostHwIntT.5500
                0x00000000000896ca                TWETERM_iGetC.28964
                0x000000000008973b                vRxChar.6845
                0x000000000008978c                MWX_Panic
                0x00000000000897f0                cbAppColdStart.part.32.9251
                0x00000000000899da                _ZN3lcd5printEPKc.constprop.320
                0x0000000000089a3f                _ZN3lcd7commandEh.constprop.324
                0x0000000000089a91                _ZN3mwx2L110serial_jen13_set_baudrateEt.isra.2.8591
                0x0000000000089b42                u8TAM_AES_WriteAuxilliarySecurityHeaderIntoBuffer
                0x0000000000089bb4                u32AHI_ReadIndexSectorBits.constprop.247
 .text          0x0000000000089c15      0x9e7 C:\Users\sato\AppData\Local\Temp\ccq2MRFW.ltrans13.ltrans.o
                0x0000000000089c15                vAHI_IntHandlerTickTimer
                0x0000000000089c5c                vTACintRXheader
                0x000000000008a457                eGenRxHdrDone.16519
                0x000000000008a467                vHnd_E_STATE_FINISH_TX_FAIL.28567
                0x000000000008a51e                vHnd_E_STATE_FINISH_TX_SUCCESS.28572
                0x000000000008a5b1                UART_vSetTxInterrupt
 .text          0x000000000008a5fc      0xb52 C:\Users\sato\AppData\Local\Temp\ccq2MRFW.ltrans14.ltrans.o
                0x000000000008a5fc                TSV_eStart
                0x000000000008a6e0                vTAMDEstartSync
                0x000000000008a75e                vDeterminePowerState.19770
                0x000000000008a7e1                vTAMDEint1FiredTrackingBeacon
                0x000000000008a881                vTAMDEint2FiredTrackingDR
                0x000000000008a8a6                vTAMDEframeTXtrackingDR
                0x000000000008a8ff                vTAMDEint2FiredPollActive
                0x000000000008a933                vTAMDEreqTXnullTrackingCAP
                0x000000000008a94c                vTAM_TxRetryTimer
                0x000000000008a959                eTAStransmitRequest
                0x000000000008acf4                vPMICassocReqTO_1.14949
                0x000000000008ad7c                vTAM_MCPSdataRequest
                0x000000000008adbf                bTACcheckPANconflict
                0x000000000008ae78                TSV_eOpen
                0x000000000008ae80                vAppApiDefRestoreMacSettings
                0x000000000008af67                vAppApiDefSaveMacSettings
                0x000000000008afc4                mac_vLPBSleep
                0x000000000008b082                pvAppApiDefGetMacAddrLocation
                0x000000000008b08b                eAppApiDefPlmeGet
                0x000000000008b0dd                eAppApiDefPlmeSet
 .text          0x000000000008b14e      0xae4 C:\Users\sato\AppData\Local\Temp\ccq2MRFW.ltrans15.ltrans.o
                0x000000000008b14e                cbToCoNet_vTxEvent
                0x000000000008b291                bTAM_AES_CCMstarPatch
                0x000000000008b3d5                bTAM_AES_CCMstarPatch2006
                0x000000000008b6b4                bTATsendFrame
                0x000000000008b707                vTrySendFromDirectCAP.19103
                0x000000000008b722                vTrySendFromDirectNoBeacon.19107
                0x000000000008b74d                vTAMCOint1Fired
                0x000000000008b869                vTAMCOstartBeacon
                0x000000000008b8a4                vStartStoreValues.19171
                0x000000000008b95b                bStartCallback.19200
                0x000000000008b98a                vTAMCOint1FiredCAP
                0x000000000008b9fd                vTAMCOreqTXnoBeacon
                0x000000000008ba0f                vTAMCOreqTXinCAP
                0x000000000008ba35                vTrySendUnslotted.19648
                0x000000000008ba4f                bSendDataRequest.19650
                0x000000000008bb61                bProcessBeaconRX.19653
 .text          0x000000000008bc32      0x71f C:\Users\sato\AppData\Local\Temp\ccq2MRFW.ltrans16.ltrans.o
                0x000000000008bc32                bAES_CCM_EncodeKey
                0x000000000008bf64                u8Write802_15_4HeaderIntoBuffer.24819
                0x000000000008c0c4                _ZN3mwx2L110serial_jen10_on_wakeupEv.part.27.8769
                0x000000000008c13e                _MWX_periph_init()
                0x000000000008c238                vTimerStart
 .text          0x000000000008c351      0x83e C:\Users\sato\AppData\Local\Temp\ccq2MRFW.ltrans17.ltrans.o
                0x000000000008c351                ToCoNet_vMain
 *fill*         0x000000000008cb8f        0x1 00
 .text          0x000000000008cb90      0x600 C:\Users\sato\AppData\Local\Temp\ccq2MRFW.ltrans18.ltrans.o
                0x000000000008cb90                SERIAL_bTxChar
                0x000000000008cc41                TWETERM_iPutS.28956
                0x000000000008cc66                TWETERM_iPutC.28960
                0x000000000008cc77                TWETERM_vFlush.28933
                0x000000000008ccf5                vTimerConfig
                0x000000000008cec3                _ZN3mwx2L112periph_timer6_startEv.part.8.8607
                0x000000000008cf0d                cbAppWarmStart.part.28.9030
                0x000000000008d139                _ZN3mwx2L110serial_jen5writeEi.local.146
                0x000000000008d148                _ZN3mwx2L16streamINS0_10serial_jenEElsERNS0_18MWX_Stream_EndLineE.isra.29.3904.constprop.312
                0x000000000008d16c                _ZN3mwx2L16streamINS0_10serial_jenEE6_printEPKc.local.160.constprop.302
 .text          0x000000000008d190      0x780 C:\Users\sato\AppData\Local\Temp\ccq2MRFW.ltrans19.ltrans.o
                0x000000000008d190                eGenTmrExpiry.16821
                0x000000000008d1d2                eWEDTEdDone.16824
                0x000000000008d1f6                TSV_eStop
                0x000000000008d2b5                bPMICdisassocReqSent.14945
                0x000000000008d36f                MAC_vHandleMcpsReqRsp
                0x000000000008d3fc                bMCPSframeTXcomplete.17556
                0x000000000008d451                bSendSyncLoss.21783
                0x000000000008d469                bPollReqSent.25379
                0x000000000008d481                bTASsendCommStatusInd
                0x000000000008d496                bAssocRespSent.14941
                0x000000000008d4a9                eTACprocessFrameTXcomplete
                0x000000000008d625                vTAMCOframeTXnobeacon
                0x000000000008d63a                vTAMCOframeStarting
                0x000000000008d653                vTAMDEframeTXDEnull
                0x000000000008d676                vTAMDEframeTXtrackingCAPgts
                0x000000000008d6a3                bPMICassocReqSent.14937
                0x000000000008d725                bPMICassocReqPollSent.14952
                0x000000000008d779                eWChCChanChgd.16536
 .text          0x000000000008d910      0x523 C:\Users\sato\AppData\Local\Temp\ccq2MRFW.ltrans20.ltrans.o
                0x000000000008d910                vAppApiDefMcpsRequest
                0x000000000008d93b                vHnd_E_STATE_PREPARE_TX.28577
 .text          0x000000000008de33       0x25 c:/users/sato/documents/mwstage-2022-08_win10-1/mwstage/tools/ba-elf-ba2-r36379.w10/bin/../lib/gcc/ba-elf/4.7.4/../../../../ba-elf/lib/mcpu_jn51xx_sizeopt\libc.a(lib_a-memcmp.o)
                0x000000000008de33                memcmp
 .text          0x000000000008de58       0x39 c:/users/sato/documents/mwstage-2022-08_win10-1/mwstage/tools/ba-elf-ba2-r36379.w10/bin/../lib/gcc/ba-elf/4.7.4/mcpu_jn51xx_sizeopt\libgcc.a(_fixunsdfsi.o)
                0x000000000008de58                __fixunsdfsi
 .text          0x000000000008de91      0x350 c:/users/sato/documents/mwstage-2022-08_win10-1/mwstage/tools/ba-elf-ba2-r36379.w10/bin/../lib/gcc/ba-elf/4.7.4/mcpu_jn51xx_sizeopt\libgcc.a(_udivdi3.o)
                0x000000000008de91                __udivdi3
 .text          0x000000000008e1e1      0x312 c:/users/sato/documents/mwstage-2022-08_win10-1/mwstage/tools/ba-elf-ba2-r36379.w10/bin/../lib/gcc/ba-elf/4.7.4/mcpu_jn51xx_sizeopt\libgcc.a(_umoddi3.o)
                0x000000000008e1e1                __umoddi3
 .text          0x000000000008e4f3       0x27 C:/Users/sato/Documents/MWSTAGE-2022-08_win10-1/MWSTAGE/MWSDK/ChipLib/SW4063V1416/Components/Library\libHardwareApi_JN5169.a(AHI_Interrupt.o)
                0x000000000008e4f3                vAHI_InterruptSetPriority
                0x000000000008e511                vAHI_InterruptSetActivePriorityLevel
 .text.vMicroSyscall
                0x000000000008e51a       0x17 C:/Users/sato/Documents/MWSTAGE-2022-08_win10-1/MWSTAGE/MWSDK/ChipLib/SW4063V1416/Components/Library\libMicroSpecific_JN516x.a(MicroSyscall_ba.o)
                0x000000000008e51a                vMicroSyscall
 .text          0x000000000008e531       0x12 c:/users/sato/documents/mwstage-2022-08_win10-1/mwstage/tools/ba-elf-ba2-r36379.w10/bin/../lib/gcc/ba-elf/4.7.4/../../../../ba-elf/lib/mcpu_jn51xx_sizeopt\libc.a(lib_a-memset.o)
                0x000000000008e531                memset
 .text          0x000000000008e543       0x84 c:/users/sato/documents/mwstage-2022-08_win10-1/mwstage/tools/ba-elf-ba2-r36379.w10/bin/../lib/gcc/ba-elf/4.7.4/../../../../ba-elf/lib/mcpu_jn51xx_sizeopt\libc.a(lib_a-sprintf.o)
                0x000000000008e543                _sprintf_r
                0x000000000008e581                sprintf
 .text          0x000000000008e5c7       0x25 c:/users/sato/documents/mwstage-2022-08_win10-1/mwstage/tools/ba-elf-ba2-r36379.w10/bin/../lib/gcc/ba-elf/4.7.4/../../../../ba-elf/lib/mcpu_jn51xx_sizeopt\libc.a(lib_a-strcmp.o)
                0x000000000008e5c7                strcmp
 .text          0x000000000008e5ec       0x15 c:/users/sato/documents/mwstage-2022-08_win10-1/mwstage/tools/ba-elf-ba2-r36379.w10/bin/../lib/gcc/ba-elf/4.7.4/../../../../ba-elf/lib/mcpu_jn51xx_sizeopt\libc.a(lib_a-strcpy.o)
                0x000000000008e5ec                strcpy
 *fill*         0x000000000008e601        0x3 00
 .text          0x000000000008e604     0x10e4 c:/users/sato/documents/mwstage-2022-08_win10-1/mwstage/tools/ba-elf-ba2-r36379.w10/bin/../lib/gcc/ba-elf/4.7.4/../../../../ba-elf/lib/mcpu_jn51xx_sizeopt\libc.a(lib_a-svfprintf.o)
                0x000000000008e604                _svfprintf_r
 .text          0x000000000008f6e8      0xd83 c:/users/sato/documents/mwstage-2022-08_win10-1/mwstage/tools/ba-elf-ba2-r36379.w10/bin/../lib/gcc/ba-elf/4.7.4/../../../../ba-elf/lib/mcpu_jn51xx_sizeopt\libc.a(lib_a-dtoa.o)
                0x000000000008f833                _dtoa_r
 .text          0x000000000009046b       0x86 c:/users/sato/documents/mwstage-2022-08_win10-1/mwstage/tools/ba-elf-ba2-r36379.w10/bin/../lib/gcc/ba-elf/4.7.4/../../../../ba-elf/lib/mcpu_jn51xx_sizeopt\libc.a(lib_a-locale.o)
                0x000000000009046b                _setlocale_r
                0x00000000000904b1                __locale_charset
                0x00000000000904ba                __locale_mb_cur_max
                0x00000000000904c3                __locale_msgcharset
                0x00000000000904cc                __locale_cjk_lang
                0x00000000000904d1                _localeconv_r
                0x00000000000904da                setlocale
                0x00000000000904e8                localeconv
 .text          0x00000000000904f1      0x4ba c:/users/sato/documents/mwstage-2022-08_win10-1/mwstage/tools/ba-elf-ba2-r36379.w10/bin/../lib/gcc/ba-elf/4.7.4/../../../../ba-elf/lib/mcpu_jn51xx_sizeopt\libc.a(lib_a-mallocr.o)
                0x00000000000904f1                _malloc_r
 .text          0x00000000000909ab       0x19 c:/users/sato/documents/mwstage-2022-08_win10-1/mwstage/tools/ba-elf-ba2-r36379.w10/bin/../lib/gcc/ba-elf/4.7.4/../../../../ba-elf/lib/mcpu_jn51xx_sizeopt\libc.a(lib_a-memchr.o)
                0x00000000000909ab                memchr
 .text          0x00000000000909c4       0x19 c:/users/sato/documents/mwstage-2022-08_win10-1/mwstage/tools/ba-elf-ba2-r36379.w10/bin/../lib/gcc/ba-elf/4.7.4/../../../../ba-elf/lib/mcpu_jn51xx_sizeopt\libc.a(lib_a-memcpy.o)
 .text          0x00000000000909dd        0x6 c:/users/sato/documents/mwstage-2022-08_win10-1/mwstage/tools/ba-elf-ba2-r36379.w10/bin/../lib/gcc/ba-elf/4.7.4/../../../../ba-elf/lib/mcpu_jn51xx_sizeopt\libc.a(lib_a-mlock.o)
                0x00000000000909dd                __malloc_lock
                0x00000000000909e0                __malloc_unlock
 .text          0x00000000000909e3      0x8bb c:/users/sato/documents/mwstage-2022-08_win10-1/mwstage/tools/ba-elf-ba2-r36379.w10/bin/../lib/gcc/ba-elf/4.7.4/../../../../ba-elf/lib/mcpu_jn51xx_sizeopt\libc.a(lib_a-mprec.o)
                0x00000000000909e3                _Balloc
                0x0000000000090a3b                _Bfree
                0x0000000000090a55                __multadd
                0x0000000000090ae2                __s2b
                0x0000000000090b6f                __hi0bits
                0x0000000000090bc4                __lo0bits
                0x0000000000090c3d                __i2b
                0x0000000000090c52                __multiply
                0x0000000000090d93                __pow5mult
                0x0000000000090e12                __lshift
                0x0000000000090ec6                __mcmp
                0x0000000000090f05                __mdiff
                0x0000000000090fe7                __ulp
                0x000000000009102b                __b2d
                0x00000000000910ce                __d2b
                0x000000000009118d                __ratio
                0x00000000000911dd                _mprec_log10
                0x0000000000091211                __copybits
                0x000000000009124a                __any_on
 .text          0x000000000009129e       0x23 c:/users/sato/documents/mwstage-2022-08_win10-1/mwstage/tools/ba-elf-ba2-r36379.w10/bin/../lib/gcc/ba-elf/4.7.4/../../../../ba-elf/lib/mcpu_jn51xx_sizeopt\libc.a(lib_a-sbrkr.o)
                0x000000000009129e                _sbrk_r
 .text          0x00000000000912c1       0x5c c:/users/sato/documents/mwstage-2022-08_win10-1/mwstage/tools/ba-elf-ba2-r36379.w10/bin/../lib/gcc/ba-elf/4.7.4/../../../../ba-elf/lib/mcpu_jn51xx_sizeopt\libc.a(lib_a-s_fpclassify.o)
                0x00000000000912c1                __fpclassifyd
 .text          0x000000000009131d       0x12 c:/users/sato/documents/mwstage-2022-08_win10-1/mwstage/tools/ba-elf-ba2-r36379.w10/bin/../lib/gcc/ba-elf/4.7.4/../../../../ba-elf/lib/mcpu_jn51xx_sizeopt\libc.a(lib_a-strlen.o)
                0x000000000009131d                strlen
 .text          0x000000000009132f      0x8f1 c:/users/sato/documents/mwstage-2022-08_win10-1/mwstage/tools/ba-elf-ba2-r36379.w10/bin/../lib/gcc/ba-elf/4.7.4/../../../../ba-elf/lib/mcpu_jn51xx_sizeopt\libc.a(lib_a-svfiprintf.o)
                0x000000000009132f                __ssprint_r
                0x0000000000091453                _svfiprintf_r
 .text          0x0000000000091c20       0x64 c:/users/sato/documents/mwstage-2022-08_win10-1/mwstage/tools/ba-elf-ba2-r36379.w10/bin/../lib/gcc/ba-elf/4.7.4/../../../../ba-elf/lib/mcpu_jn51xx_sizeopt\libc.a(lib_a-callocr.o)
                0x0000000000091c20                _calloc_r
 .text          0x0000000000091c84      0x271 c:/users/sato/documents/mwstage-2022-08_win10-1/mwstage/tools/ba-elf-ba2-r36379.w10/bin/../lib/gcc/ba-elf/4.7.4/../../../../ba-elf/lib/mcpu_jn51xx_sizeopt\libc.a(lib_a-freer.o)
                0x0000000000091c84                _malloc_trim_r
                0x0000000000091d38                _free_r
 .text          0x0000000000091ef5      0x1d0 c:/users/sato/documents/mwstage-2022-08_win10-1/mwstage/tools/ba-elf-ba2-r36379.w10/bin/../lib/gcc/ba-elf/4.7.4/../../../../ba-elf/lib/mcpu_jn51xx_sizeopt\libc.a(lib_a-glue.o)
                0x0000000000091ef5                _read
                0x0000000000091f0f                _write
                0x0000000000091f29                _open
                0x0000000000091f43                _close
                0x0000000000091f5d                _isatty
                0x0000000000091f78                _lseek
                0x0000000000091f93                _fstat
                0x0000000000091fae                _times
                0x0000000000091fc9                _time
                0x0000000000091fe4                _creat
                0x0000000000091fff                _link
                0x000000000009201a                _unlink
                0x0000000000092035                _fork
                0x000000000009204f                isatty
                0x0000000000092051                __unlink
                0x0000000000092053                _exit
                0x0000000000092057                _kill
                0x000000000009205b                _getpid
                0x0000000000092060                _sbrk
 .text          0x00000000000920c5       0x44 c:/users/sato/documents/mwstage-2022-08_win10-1/mwstage/tools/ba-elf-ba2-r36379.w10/bin/../lib/gcc/ba-elf/4.7.4/../../../../ba-elf/lib/mcpu_jn51xx_sizeopt\libc.a(lib_a-memmove.o)
                0x00000000000920c5                memmove
 .text          0x0000000000092109      0x33c c:/users/sato/documents/mwstage-2022-08_win10-1/mwstage/tools/ba-elf-ba2-r36379.w10/bin/../lib/gcc/ba-elf/4.7.4/../../../../ba-elf/lib/mcpu_jn51xx_sizeopt\libc.a(lib_a-reallocr.o)
                0x0000000000092109                _realloc_r
 .text          0x0000000000092445        0x9 c:/users/sato/documents/mwstage-2022-08_win10-1/mwstage/tools/ba-elf-ba2-r36379.w10/bin/../lib/gcc/ba-elf/4.7.4/../../../../ba-elf/lib/mcpu_jn51xx_sizeopt\libc.a(lib_a-errno.o)
                0x0000000000092445                __errno
 *fill*         0x000000000009244e        0x2 00
 .text          0x0000000000092450      0x204 c:/users/sato/documents/mwstage-2022-08_win10-1/mwstage/tools/ba-elf-ba2-r36379.w10/bin/../lib/gcc/ba-elf/4.7.4/mcpu_jn51xx_sizeopt\libgcc.a(__udivsi3.o)
                0x0000000000092450                __udivsi3
 .text          0x0000000000092654       0x30 c:/users/sato/documents/mwstage-2022-08_win10-1/mwstage/tools/ba-elf-ba2-r36379.w10/bin/../lib/gcc/ba-elf/4.7.4/mcpu_jn51xx_sizeopt\libgcc.a(__divsi3.o)
                0x0000000000092654                __divsi3
 .text          0x0000000000092684      0x1b0 c:/users/sato/documents/mwstage-2022-08_win10-1/mwstage/tools/ba-elf-ba2-r36379.w10/bin/../lib/gcc/ba-elf/4.7.4/mcpu_jn51xx_sizeopt\libgcc.a(__umodsi3.o)
                0x0000000000092684                __umodsi3
 .text          0x0000000000092834       0x24 c:/users/sato/documents/mwstage-2022-08_win10-1/mwstage/tools/ba-elf-ba2-r36379.w10/bin/../lib/gcc/ba-elf/4.7.4/mcpu_jn51xx_sizeopt\libgcc.a(__modsi3.o)
                0x0000000000092834                __modsi3
 .text          0x0000000000092858      0x682 c:/users/sato/documents/mwstage-2022-08_win10-1/mwstage/tools/ba-elf-ba2-r36379.w10/bin/../lib/gcc/ba-elf/4.7.4/mcpu_jn51xx_sizeopt\libgcc.a(adddf3.o)
                0x0000000000092858                __adddf3
 *fill*         0x0000000000092eda        0x2 00
 .text          0x0000000000092edc      0x5c8 c:/users/sato/documents/mwstage-2022-08_win10-1/mwstage/tools/ba-elf-ba2-r36379.w10/bin/../lib/gcc/ba-elf/4.7.4/mcpu_jn51xx_sizeopt\libgcc.a(divdf3.o)
                0x0000000000092edc                __divdf3
 .text          0x00000000000934a4       0x7f c:/users/sato/documents/mwstage-2022-08_win10-1/mwstage/tools/ba-elf-ba2-r36379.w10/bin/../lib/gcc/ba-elf/4.7.4/mcpu_jn51xx_sizeopt\libgcc.a(eqdf2.o)
                0x00000000000934a4                __nedf2
                0x00000000000934a4                __eqdf2
 .text          0x0000000000093523       0xca c:/users/sato/documents/mwstage-2022-08_win10-1/mwstage/tools/ba-elf-ba2-r36379.w10/bin/../lib/gcc/ba-elf/4.7.4/mcpu_jn51xx_sizeopt\libgcc.a(gedf2.o)
                0x0000000000093523                __gedf2
                0x0000000000093523                __gtdf2
 .text          0x00000000000935ed       0xcb c:/users/sato/documents/mwstage-2022-08_win10-1/mwstage/tools/ba-elf-ba2-r36379.w10/bin/../lib/gcc/ba-elf/4.7.4/mcpu_jn51xx_sizeopt\libgcc.a(ledf2.o)
                0x00000000000935ed                __ledf2
                0x00000000000935ed                __ltdf2
 .text          0x00000000000936b8      0x488 c:/users/sato/documents/mwstage-2022-08_win10-1/mwstage/tools/ba-elf-ba2-r36379.w10/bin/../lib/gcc/ba-elf/4.7.4/mcpu_jn51xx_sizeopt\libgcc.a(muldf3.o)
                0x00000000000936b8                __muldf3
 .text          0x0000000000093b40      0x693 c:/users/sato/documents/mwstage-2022-08_win10-1/mwstage/tools/ba-elf-ba2-r36379.w10/bin/../lib/gcc/ba-elf/4.7.4/mcpu_jn51xx_sizeopt\libgcc.a(subdf3.o)
                0x0000000000093b40                __subdf3
 .text          0x00000000000941d3       0x64 c:/users/sato/documents/mwstage-2022-08_win10-1/mwstage/tools/ba-elf-ba2-r36379.w10/bin/../lib/gcc/ba-elf/4.7.4/mcpu_jn51xx_sizeopt\libgcc.a(fixdfsi.o)
                0x00000000000941d3                __fixdfsi
 .text          0x0000000000094237       0x61 c:/users/sato/documents/mwstage-2022-08_win10-1/mwstage/tools/ba-elf-ba2-r36379.w10/bin/../lib/gcc/ba-elf/4.7.4/mcpu_jn51xx_sizeopt\libgcc.a(floatsidf.o)
                0x0000000000094237                __floatsidf
 .text          0x0000000000094298       0x4f c:/users/sato/documents/mwstage-2022-08_win10-1/mwstage/tools/ba-elf-ba2-r36379.w10/bin/../lib/gcc/ba-elf/4.7.4/mcpu_jn51xx_sizeopt\libgcc.a(floatunsidf.o)
                0x0000000000094298                __floatunsidf
                0x00000000000942e7                _flash_end = ABSOLUTE (.)

.rela.dyn       0x00000000000942e8        0x0
 .rela.text     0x0000000000000000        0x0 c:/users/sato/documents/mwstage-2022-08_win10-1/mwstage/tools/ba-elf-ba2-r36379.w10/bin/../lib/gcc/ba-elf/4.7.4/../../../../ba-elf/lib/mcpu_jn51xx_sizeopt\libc.a(lib_a-sprintf.o)
 .rela.text.unlikely
                0x0000000000000000        0x0 c:/users/sato/documents/mwstage-2022-08_win10-1/mwstage/tools/ba-elf-ba2-r36379.w10/bin/../lib/gcc/ba-elf/4.7.4/../../../../ba-elf/lib/mcpu_jn51xx_sizeopt\libc.a(lib_a-sprintf.o)
 .rela.data     0x0000000000000000        0x0 c:/users/sato/documents/mwstage-2022-08_win10-1/mwstage/tools/ba-elf-ba2-r36379.w10/bin/../lib/gcc/ba-elf/4.7.4/../../../../ba-elf/lib/mcpu_jn51xx_sizeopt\libc.a(lib_a-sprintf.o)
 .rela.rodata   0x0000000000000000        0x0 c:/users/sato/documents/mwstage-2022-08_win10-1/mwstage/tools/ba-elf-ba2-r36379.w10/bin/../lib/gcc/ba-elf/4.7.4/../../../../ba-elf/lib/mcpu_jn51xx_sizeopt\libc.a(lib_a-sprintf.o)
                0x000000000400004c                . = ORIGIN (ram)

.data           0x000000000400004c      0x8d0 load address 0x00000000000942e8
                0x000000000400004c                _ram_data_start = ABSOLUTE (.)
 *(.data*)
 .data          0x000000000400004c        0x8 C:\Users\sato\AppData\Local\Temp\ccq2MRFW.ltrans1.ltrans.o
                0x000000000400004c                u32HeapStart
 .data          0x0000000004000054        0x1 C:\Users\sato\AppData\Local\Temp\ccq2MRFW.ltrans4.ltrans.o
                0x0000000004000054                _mwx_periph_u8_grain_gpio
 .data          0x0000000004000055        0x1 C:\Users\sato\AppData\Local\Temp\ccq2MRFW.ltrans8.ltrans.o
 .data.initinboot
                0x0000000004000056        0x1 C:\Users\sato\AppData\Local\Temp\ccq2MRFW.ltrans8.ltrans.o
                0x0000000004000056                gMAC_u8MaxBuffers
 .data          0x0000000004000057        0x1 C:\Users\sato\AppData\Local\Temp\ccq2MRFW.ltrans12.ltrans.o
                0x0000000004000057                _toconet_tx_u8_init_queue_flag
 .data          0x0000000004000058        0x2 C:\Users\sato\AppData\Local\Temp\ccq2MRFW.ltrans17.ltrans.o
 .data          0x000000000400005a        0x1 C:\Users\sato\AppData\Local\Temp\ccq2MRFW.ltrans20.ltrans.o
                0x000000000400005a                u8TxWkrNow.28700
 *fill*         0x000000000400005b        0x5 00
 .data          0x0000000004000060      0x430 c:/users/sato/documents/mwstage-2022-08_win10-1/mwstage/tools/ba-elf-ba2-r36379.w10/bin/../lib/gcc/ba-elf/4.7.4/../../../../ba-elf/lib/mcpu_jn51xx_sizeopt\libc.a(lib_a-impure.o)
                0x0000000004000060                _impure_ptr
 .data          0x0000000004000490       0x7c c:/users/sato/documents/mwstage-2022-08_win10-1/mwstage/tools/ba-elf-ba2-r36379.w10/bin/../lib/gcc/ba-elf/4.7.4/../../../../ba-elf/lib/mcpu_jn51xx_sizeopt\libc.a(lib_a-locale.o)
                0x0000000004000490                __mb_cur_max
 .data          0x000000000400050c      0x410 c:/users/sato/documents/mwstage-2022-08_win10-1/mwstage/tools/ba-elf-ba2-r36379.w10/bin/../lib/gcc/ba-elf/4.7.4/../../../../ba-elf/lib/mcpu_jn51xx_sizeopt\libc.a(lib_a-mallocr.o)
                0x000000000400050c                __malloc_sbrk_base
                0x0000000004000510                __malloc_trim_threshold
                0x0000000004000514                __malloc_av_
 *(.data.*)
                0x000000000400091c                . = ALIGN (0x4)
                0x000000000400091c                _ram_data_end = ABSOLUTE (.)

.bss            0x000000000400091c     0x1668 load address 0x0000000000094bb8
                0x000000000400091c                _bss_start = ABSOLUTE (.)
 *(.bss*)
 .bss           0x000000000400091c        0xc C:\Users\sato\AppData\Local\Temp\ccq2MRFW.ltrans0.ltrans.o
 .bss           0x0000000004000928        0x2 C:\Users\sato\AppData\Local\Temp\ccq2MRFW.ltrans1.ltrans.o
 *fill*         0x000000000400092a        0x2 00
 .bss.dontinitinboot
                0x000000000400092c        0x4 C:\Users\sato\AppData\Local\Temp\ccq2MRFW.ltrans1.ltrans.o
 .bss           0x0000000004000930        0x8 C:\Users\sato\AppData\Local\Temp\ccq2MRFW.ltrans2.ltrans.o
 .bss           0x0000000004000938       0x40 C:\Users\sato\AppData\Local\Temp\ccq2MRFW.ltrans3.ltrans.o
                0x0000000004000938                g_sLP
                0x0000000004000974                g_pvMac
 .bss.initinboot
                0x0000000004000978      0x1c0 C:\Users\sato\AppData\Local\Temp\ccq2MRFW.ltrans3.ltrans.o
                0x0000000004000978                g_sMac
 .bss           0x0000000004000b38       0x9c C:\Users\sato\AppData\Local\Temp\ccq2MRFW.ltrans4.ltrans.o
                0x0000000004000b38                Timer4
                0x0000000004000b40                Timer3
                0x0000000004000b48                Analogue
                0x0000000004000b60                SPI
                0x0000000004000b64                SerialParser
                0x0000000004000ba0                Serial1
                0x0000000004000bc0                Buttons
                0x0000000004000bc8                PulseCounter1
                0x0000000004000bcc                PulseCounter0
 .bss           0x0000000004000bd4      0x71c C:\Users\sato\AppData\Local\Temp\ccq2MRFW.ltrans5.ltrans.o
                0x0000000004000bd4                prSpiAppCallback.27092
                0x0000000004000bd8                prSiAppCallback.28327
                0x0000000004000bdc                prAppMcpsCallback.5743
                0x0000000004000be0                prAppMlmeCallback.5744
                0x0000000004000be4                bTxEventQueued.22678
                0x0000000004000be5                u8TxEventStatus.22679
 .bss.initinboot
                0x00000000040012f0        0x4 C:\Users\sato\AppData\Local\Temp\ccq2MRFW.ltrans5.ltrans.o
                0x00000000040012f0                prSysCtrlAppCallback.27300
 .bss           0x00000000040012f4       0x24 C:\Users\sato\AppData\Local\Temp\ccq2MRFW.ltrans6.ltrans.o
                0x00000000040012f4                gbTimeOutFlag.27296
                0x00000000040012f8                sAppHousekeeping
                0x0000000004001310                prApAppCallback.26858
                0x0000000004001314                bIntEnableFlag.26855
 .bss           0x0000000004001318       0x24 C:\Users\sato\AppData\Local\Temp\ccq2MRFW.ltrans7.ltrans.o
                0x0000000004001318                pvPostFunc.4472
                0x000000000400131c                u32PostArg.4471
                0x0000000004001320                evPost.4470
 .bss           0x000000000400133c       0x24 C:\Users\sato\AppData\Local\Temp\ccq2MRFW.ltrans8.ltrans.o
                0x000000000400133c                i8TxPower.18356
                0x0000000004001340                g_sXcv
                0x0000000004001344                prMcpsRequest.11950
                0x0000000004001348                prMlmeRequest.11949
                0x000000000400134c                prOriginalHandler.6824
 .bss.initinboot
                0x0000000004001360        0x8 C:\Users\sato\AppData\Local\Temp\ccq2MRFW.ltrans8.ltrans.o
                0x0000000004001360                g_u32MacAddrLocation
                0x0000000004001364                prvUserTxStartedCallback
 .bss           0x0000000004001368       0x9c C:\Users\sato\AppData\Local\Temp\ccq2MRFW.ltrans9.ltrans.o
                0x0000000004001368                LED_mode
                0x000000000400136c                Wire
                0x0000000004001384                Timer2
                0x000000000400138c                Timer1
                0x0000000004001394                Timer0
                0x000000000400139c                lcd_control
                0x00000000040013a0                lcd_data_buf2
                0x00000000040013aa                lcd_data_buf1
                0x00000000040013b4                the_mac
                0x00000000040013d0                Serial
 .bss           0x0000000004001404       0x90 C:\Users\sato\AppData\Local\Temp\ccq2MRFW.ltrans10.ltrans.o
                0x0000000004001404                _ZL5_vcbs.9403
                0x0000000004001418                sToCoNet_AppContext
                0x0000000004001434                sToCoNet_Context
                0x000000000400147c                sAssocSecurity.15566
                0x0000000004001488                g_bJenieBackwardsCompatibilityMode
 .bss           0x0000000004001494      0x290 C:\Users\sato\AppData\Local\Temp\ccq2MRFW.ltrans11.ltrans.o
                0x0000000004001494                u8AppId_Pkt_head.6693
                0x0000000004001498                u32AppId.6690
                0x000000000400149c                u32MyAddr.6692
                0x00000000040014a0                bRxQueue_Init.6691
                0x00000000040014a4                psRxQueueList.6689
                0x00000000040014b8                asEventHandler.4458
                0x0000000004001558                sEvVars
                0x0000000004001574                u32TickCount_ms
                0x0000000004001578                au8Txdatabuff_idx_sTxQueue
                0x000000000400157c                u8TxBuffSiz_sTxQueue
                0x0000000004001580                sTxdatabuff_sTxQueue
                0x0000000004001584                sTxQueue
                0x00000000040015a0                au8Rxdatabuff_idx_sRxQueue
                0x00000000040015a4                u8RxBuffSiz_sRxQueue
                0x00000000040015a8                sRxdatabuff_sRxQueue
                0x00000000040015ac                sRxQueue
                0x00000000040015c8                au8Rxdatabuff_idx_sRxQueueCmd
                0x00000000040015cc                u8RxBuffSiz_sRxQueueCmd
                0x00000000040015d0                sRxdatabuff_sRxQueueCmd
                0x00000000040015d4                sRxQueueCmd.4909
                0x00000000040015f0                sContext.6814
                0x000000000400161c                the_twelite
                0x00000000040016b4                TWENET_u8RFdevice_minor.6114
                0x00000000040016b5                TWENET_u8RFdevice_major.6113
                0x00000000040016b6                _TWENET_TX_POWER_MAX
                0x00000000040016b8                sToCoNet_Modules
 .bss           0x0000000004001724      0x618 C:\Users\sato\AppData\Local\Temp\ccq2MRFW.ltrans12.ltrans.o
                0x0000000004001724                prAppHwCallback.5745
                0x0000000004001728                TxWorker_u8Num.28657
 .bss           0x0000000004001d3c       0x28 C:\Users\sato\AppData\Local\Temp\ccq2MRFW.ltrans13.ltrans.o
                0x0000000004001d3c                asUARTS.6989
 .bss           0x0000000004001d64       0x1c C:\Users\sato\AppData\Local\Temp\ccq2MRFW.ltrans14.ltrans.o
 .bss.initinboot
                0x0000000004001d80        0x1 C:\Users\sato\AppData\Local\Temp\ccq2MRFW.ltrans14.ltrans.o
 .bss.dontinitinboot
                0x0000000004001d81        0x1 C:\Users\sato\AppData\Local\Temp\ccq2MRFW.ltrans15.ltrans.o
                0x0000000004001d81                u8SecurityMode.24846
 *fill*         0x0000000004001d82        0x2 00
 .bss           0x0000000004001d84       0x64 C:\Users\sato\AppData\Local\Temp\ccq2MRFW.ltrans16.ltrans.o
                0x0000000004001d84                prUart1AppCallback.27764
                0x0000000004001d88                prUart0AppCallback.27763
                0x0000000004001d8c                sOpt.6996
                0x0000000004001d9c                _psSerial
 .bss           0x0000000004001de8       0x84 C:\Users\sato\AppData\Local\Temp\ccq2MRFW.ltrans17.ltrans.o
                0x0000000004001de8                sMcpsIndQueue.5739
                0x0000000004001df8                sMcpsIndBufferQueue.5737
                0x0000000004001e08                sMlmeIndQueue.5740
                0x0000000004001e18                sMlmeIndBufferQueue.5738
                0x0000000004001e28                sHwIndQueue.5741
                0x0000000004001e38                sHwIndBufferQueue.5742
                0x0000000004001e48                _u32_INT_adc_comp
                0x0000000004001e4c                _u32_INT_ticktimer
                0x0000000004001e50                communication_established
                0x0000000004001e54                the_vsettings
                0x0000000004001e58                _periph_availmap
 .bss           0x0000000004001e6c       0x6c C:\Users\sato\AppData\Local\Temp\ccq2MRFW.ltrans18.ltrans.o
                0x0000000004001e6c                _SERIAL_bmTxIntEnabled
                0x0000000004001e70                asSerialPorts
                0x0000000004001ea8                sSerCmd_P3.7659
                0x0000000004001eb4                apfTimerAppCallback.27509
                0x0000000004001ec8                prTickTimeAppCallback
                0x0000000004001ecc                au16TimerSettings.27458
 .bss           0x0000000004001ed8       0x14 C:\Users\sato\AppData\Local\Temp\ccq2MRFW.ltrans19.ltrans.o
                0x0000000004001ed8                s_sTimerList
                0x0000000004001ee8                u8AssocResponsesInProgress.15565
 .bss           0x0000000004001eec       0x1c C:\Users\sato\AppData\Local\Temp\ccq2MRFW.ltrans20.ltrans.o
                0x0000000004001eec                sCh_Context.5377
                0x0000000004001ef0                the_vhw
                0x0000000004001ef4                the_vnet2
                0x0000000004001ef8                the_vnet
                0x0000000004001efc                the_vapp
                0x0000000004001f00                asTx.28656
 .bss.dontinitinboot
                0x0000000004001f08       0x40 C:/Users/sato/Documents/MWSTAGE-2022-08_win10-1/MWSTAGE/MWSDK/ChipLib/SW4063V1416/Components/Library\libBoot_JN516x.a(ExceptionHandler.o)
                0x0000000004001f08                isr_handlers
 .bss           0x0000000004001f48       0x34 c:/users/sato/documents/mwstage-2022-08_win10-1/mwstage/tools/ba-elf-ba2-r36379.w10/bin/../lib/gcc/ba-elf/4.7.4/../../../../ba-elf/lib/mcpu_jn51xx_sizeopt\libc.a(lib_a-mallocr.o)
                0x0000000004001f48                __malloc_current_mallinfo
                0x0000000004001f70                __malloc_max_total_mem
                0x0000000004001f74                __malloc_max_sbrked_mem
                0x0000000004001f78                __malloc_top_pad
 .bss           0x0000000004001f7c        0x4 c:/users/sato/documents/mwstage-2022-08_win10-1/mwstage/tools/ba-elf-ba2-r36379.w10/bin/../lib/gcc/ba-elf/4.7.4/../../../../ba-elf/lib/mcpu_jn51xx_sizeopt\libc.a(lib_a-glue.o)
 *(.bss.*)
 *(.scommon*)
 .scommon       0x0000000004001f80        0x4 c:/users/sato/documents/mwstage-2022-08_win10-1/mwstage/tools/ba-elf-ba2-r36379.w10/bin/../lib/gcc/ba-elf/4.7.4/../../../../ba-elf/lib/mcpu_jn51xx_sizeopt\libc.a(lib_a-reent.o)
                0x0000000004001f80                errno
 *(.scommon.*)
 *(COMMON)
                0x0000000004001f84                . = ALIGN (0x4)
                0x0000000004001f84                _bss_end = ABSOLUTE (.)
                0x0000000004001f84                end = .

.heap           0x0000000004001f84      0xd16 load address 0x0000000000096220
                0x0000000004001f84                _heap_start = ABSOLUTE (.)
                0x0000000004002c9a                . = (. + __minimum_heap_size)
 *fill*         0x0000000004001f84      0xd16 00

.stack          0x0000000004007800      0x800 load address 0x000000000009ba9c
                0x0000000004007800                _heap_end = ABSOLUTE (.)
                0x0000000004007800                _stack_low_water_mark = ABSOLUTE (.)
                0x0000000004008000                . = (. + __stack_size)
 *fill*         0x0000000004007800      0x800 00
                0x0000000004008000                _stack = .

.test           0x0000000000094bb8        0x1
                0x0000000000094bb8        0x1 BYTE 0xff
                0x00000000000942e8                _flash_data_start = LOADADDR (.data)
                0x00000000000008d0                _ram_data_len = (((_ram_data_end - _ram_data_start) + 0x3) & 0xfffffffffffffffc)
                0x0000000000001668                _bss_len = (((_bss_end - _bss_start) + 0x3) & 0xfffffffffffffffc)
                0x0000000000014bb8                _image_len = ((((_flash_end - _flash_start) + _ram_data_len) + 0x3) & 0xfffffffffffffffc)
                0x0000000004008000                _ram_top = (ABSOLUTE (ORIGIN (ram)) + 0x7fb4)
                0x0000000004008000                ram_top = (ABSOLUTE (ORIGIN (ram)) + 0x7fb4)
                0x0000000001001580                _app_ram_start = 0x1001580
                0x000000000400004c                PROVIDE (_heap_location, u32HeapStart)
                0x000000000400004c                PROVIDE (heap_location, u32HeapStart)
                0x000000000008ae78                TSV_eOpenVector = TSV_eOpen
                0x000000000008a5fc                TSV_eStartVector = TSV_eStart
                0x000000000008d1f6                TSV_eStopVector = TSV_eStop
                0x0000000000084359                pvAppApiGetMacHandle = pvAppApiDefGetMacHandle
                0x000000000008737d                u32AppApiInit = u32AppApiDefInit
                0x000000000008432e                vAppApiMlmeRequest = vAppApiDefMlmeRequest
                0x000000000008d910                vAppApiMcpsRequest = vAppApiDefMcpsRequest
                0x000000000008b0dd                eAppApiPlmeSet = eAppApiDefPlmeSet
                0x000000000008b08b                eAppApiPlmeGet = eAppApiDefPlmeGet
                0x000000000008b082                pvAppApiGetMacAddrLocation = pvAppApiDefGetMacAddrLocation
                0x000000000008af67                vAppApiSaveMacSettings = vAppApiDefSaveMacSettings
                0x000000000008ae80                vAppApiRestoreMacSettings = vAppApiDefRestoreMacSettings
OUTPUT(objs_RED/Wireless_EM_Switch_RED_L1305_V0-1-0.elf elf32-ba)

.comment        0x0000000000000000       0x11
 .comment       0x0000000000000000       0x12 C:\Users\sato\AppData\Local\Temp\ccq2MRFW.ltrans0.ltrans.o
 .comment       0x0000000000000000       0x12 C:\Users\sato\AppData\Local\Temp\ccq2MRFW.ltrans1.ltrans.o
 .comment       0x0000000000000000       0x12 C:\Users\sato\AppData\Local\Temp\ccq2MRFW.ltrans2.ltrans.o
 .comment       0x0000000000000000       0x12 C:\Users\sato\AppData\Local\Temp\ccq2MRFW.ltrans3.ltrans.o
 .comment       0x0000000000000000       0x12 C:\Users\sato\AppData\Local\Temp\ccq2MRFW.ltrans4.ltrans.o
 .comment       0x0000000000000000       0x12 C:\Users\sato\AppData\Local\Temp\ccq2MRFW.ltrans5.ltrans.o
 .comment       0x0000000000000000       0x12 C:\Users\sato\AppData\Local\Temp\ccq2MRFW.ltrans6.ltrans.o
 .comment       0x0000000000000000       0x12 C:\Users\sato\AppData\Local\Temp\ccq2MRFW.ltrans7.ltrans.o
 .comment       0x0000000000000000       0x12 C:\Users\sato\AppData\Local\Temp\ccq2MRFW.ltrans8.ltrans.o
 .comment       0x0000000000000000       0x12 C:\Users\sato\AppData\Local\Temp\ccq2MRFW.ltrans9.ltrans.o
 .comment       0x0000000000000000       0x12 C:\Users\sato\AppData\Local\Temp\ccq2MRFW.ltrans10.ltrans.o
 .comment       0x0000000000000000       0x12 C:\Users\sato\AppData\Local\Temp\ccq2MRFW.ltrans11.ltrans.o
 .comment       0x0000000000000000       0x12 C:\Users\sato\AppData\Local\Temp\ccq2MRFW.ltrans12.ltrans.o
 .comment       0x0000000000000000       0x12 C:\Users\sato\AppData\Local\Temp\ccq2MRFW.ltrans13.ltrans.o
 .comment       0x0000000000000000       0x12 C:\Users\sato\AppData\Local\Temp\ccq2MRFW.ltrans14.ltrans.o
 .comment       0x0000000000000000       0x12 C:\Users\sato\AppData\Local\Temp\ccq2MRFW.ltrans15.ltrans.o
 .comment       0x0000000000000000       0x12 C:\Users\sato\AppData\Local\Temp\ccq2MRFW.ltrans16.ltrans.o
 .comment       0x0000000000000000       0x12 C:\Users\sato\AppData\Local\Temp\ccq2MRFW.ltrans17.ltrans.o
 .comment       0x0000000000000000       0x12 C:\Users\sato\AppData\Local\Temp\ccq2MRFW.ltrans18.ltrans.o
 .comment       0x0000000000000000       0x12 C:\Users\sato\AppData\Local\Temp\ccq2MRFW.ltrans19.ltrans.o
 .comment       0x0000000000000000       0x12 C:\Users\sato\AppData\Local\Temp\ccq2MRFW.ltrans20.ltrans.o
 .comment       0x0000000000000000       0x12 c:/users/sato/documents/mwstage-2022-08_win10-1/mwstage/tools/ba-elf-ba2-r36379.w10/bin/../lib/gcc/ba-elf/4.7.4/../../../../ba-elf/lib/mcpu_jn51xx_sizeopt\libc.a(lib_a-memcmp.o)
 .comment       0x0000000000000000       0x12 c:/users/sato/documents/mwstage-2022-08_win10-1/mwstage/tools/ba-elf-ba2-r36379.w10/bin/../lib/gcc/ba-elf/4.7.4/mcpu_jn51xx_sizeopt\libgcc.a(_fixunsdfsi.o)
 .comment       0x0000000000000000       0x12 c:/users/sato/documents/mwstage-2022-08_win10-1/mwstage/tools/ba-elf-ba2-r36379.w10/bin/../lib/gcc/ba-elf/4.7.4/mcpu_jn51xx_sizeopt\libgcc.a(_udivdi3.o)
 .comment       0x0000000000000000       0x12 c:/users/sato/documents/mwstage-2022-08_win10-1/mwstage/tools/ba-elf-ba2-r36379.w10/bin/../lib/gcc/ba-elf/4.7.4/mcpu_jn51xx_sizeopt\libgcc.a(_umoddi3.o)
 .comment       0x0000000000000000       0x11 C:/Users/sato/Documents/MWSTAGE-2022-08_win10-1/MWSTAGE/MWSDK/ChipLib/SW4063V1416/Components/Library\libMicroSpecific_JN516x.a(MicroSyscall_ba.o)
                                         0x12 (size before relaxing)
 .comment       0x0000000000000000       0x12 c:/users/sato/documents/mwstage-2022-08_win10-1/mwstage/tools/ba-elf-ba2-r36379.w10/bin/../lib/gcc/ba-elf/4.7.4/../../../../ba-elf/lib/mcpu_jn51xx_sizeopt\libc.a(lib_a-memset.o)
 .comment       0x0000000000000000       0x12 c:/users/sato/documents/mwstage-2022-08_win10-1/mwstage/tools/ba-elf-ba2-r36379.w10/bin/../lib/gcc/ba-elf/4.7.4/../../../../ba-elf/lib/mcpu_jn51xx_sizeopt\libc.a(lib_a-sprintf.o)
 .comment       0x0000000000000000       0x12 c:/users/sato/documents/mwstage-2022-08_win10-1/mwstage/tools/ba-elf-ba2-r36379.w10/bin/../lib/gcc/ba-elf/4.7.4/../../../../ba-elf/lib/mcpu_jn51xx_sizeopt\libc.a(lib_a-strcmp.o)
 .comment       0x0000000000000000       0x12 c:/users/sato/documents/mwstage-2022-08_win10-1/mwstage/tools/ba-elf-ba2-r36379.w10/bin/../lib/gcc/ba-elf/4.7.4/../../../../ba-elf/lib/mcpu_jn51xx_sizeopt\libc.a(lib_a-strcpy.o)
 .comment       0x0000000000000000       0x12 c:/users/sato/documents/mwstage-2022-08_win10-1/mwstage/tools/ba-elf-ba2-r36379.w10/bin/../lib/gcc/ba-elf/4.7.4/../../../../ba-elf/lib/mcpu_jn51xx_sizeopt\libc.a(lib_a-svfprintf.o)
 .comment       0x0000000000000000       0x12 c:/users/sato/documents/mwstage-2022-08_win10-1/mwstage/tools/ba-elf-ba2-r36379.w10/bin/../lib/gcc/ba-elf/4.7.4/../../../../ba-elf/lib/mcpu_jn51xx_sizeopt\libc.a(lib_a-dtoa.o)
 .comment       0x0000000000000000       0x12 c:/users/sato/documents/mwstage-2022-08_win10-1/mwstage/tools/ba-elf-ba2-r36379.w10/bin/../lib/gcc/ba-elf/4.7.4/../../../../ba-elf/lib/mcpu_jn51xx_sizeopt\libc.a(lib_a-impure.o)
 .comment       0x0000000000000000       0x12 c:/users/sato/documents/mwstage-2022-08_win10-1/mwstage/tools/ba-elf-ba2-r36379.w10/bin/../lib/gcc/ba-elf/4.7.4/../../../../ba-elf/lib/mcpu_jn51xx_sizeopt\libc.a(lib_a-locale.o)
 .comment       0x0000000000000000       0x12 c:/users/sato/documents/mwstage-2022-08_win10-1/mwstage/tools/ba-elf-ba2-r36379.w10/bin/../lib/gcc/ba-elf/4.7.4/../../../../ba-elf/lib/mcpu_jn51xx_sizeopt\libc.a(lib_a-mallocr.o)
 .comment       0x0000000000000000       0x12 c:/users/sato/documents/mwstage-2022-08_win10-1/mwstage/tools/ba-elf-ba2-r36379.w10/bin/../lib/gcc/ba-elf/4.7.4/../../../../ba-elf/lib/mcpu_jn51xx_sizeopt\libc.a(lib_a-memchr.o)
 .comment       0x0000000000000000       0x12 c:/users/sato/documents/mwstage-2022-08_win10-1/mwstage/tools/ba-elf-ba2-r36379.w10/bin/../lib/gcc/ba-elf/4.7.4/../../../../ba-elf/lib/mcpu_jn51xx_sizeopt\libc.a(lib_a-memcpy.o)
 .comment       0x0000000000000000       0x12 c:/users/sato/documents/mwstage-2022-08_win10-1/mwstage/tools/ba-elf-ba2-r36379.w10/bin/../lib/gcc/ba-elf/4.7.4/../../../../ba-elf/lib/mcpu_jn51xx_sizeopt\libc.a(lib_a-mlock.o)
 .comment       0x0000000000000000       0x12 c:/users/sato/documents/mwstage-2022-08_win10-1/mwstage/tools/ba-elf-ba2-r36379.w10/bin/../lib/gcc/ba-elf/4.7.4/../../../../ba-elf/lib/mcpu_jn51xx_sizeopt\libc.a(lib_a-mprec.o)
 .comment       0x0000000000000000       0x12 c:/users/sato/documents/mwstage-2022-08_win10-1/mwstage/tools/ba-elf-ba2-r36379.w10/bin/../lib/gcc/ba-elf/4.7.4/../../../../ba-elf/lib/mcpu_jn51xx_sizeopt\libc.a(lib_a-sbrkr.o)
 .comment       0x0000000000000000       0x12 c:/users/sato/documents/mwstage-2022-08_win10-1/mwstage/tools/ba-elf-ba2-r36379.w10/bin/../lib/gcc/ba-elf/4.7.4/../../../../ba-elf/lib/mcpu_jn51xx_sizeopt\libc.a(lib_a-s_fpclassify.o)
 .comment       0x0000000000000000       0x12 c:/users/sato/documents/mwstage-2022-08_win10-1/mwstage/tools/ba-elf-ba2-r36379.w10/bin/../lib/gcc/ba-elf/4.7.4/../../../../ba-elf/lib/mcpu_jn51xx_sizeopt\libc.a(lib_a-strlen.o)
 .comment       0x0000000000000000       0x12 c:/users/sato/documents/mwstage-2022-08_win10-1/mwstage/tools/ba-elf-ba2-r36379.w10/bin/../lib/gcc/ba-elf/4.7.4/../../../../ba-elf/lib/mcpu_jn51xx_sizeopt\libc.a(lib_a-svfiprintf.o)
 .comment       0x0000000000000000       0x12 c:/users/sato/documents/mwstage-2022-08_win10-1/mwstage/tools/ba-elf-ba2-r36379.w10/bin/../lib/gcc/ba-elf/4.7.4/../../../../ba-elf/lib/mcpu_jn51xx_sizeopt\libc.a(lib_a-callocr.o)
 .comment       0x0000000000000000       0x12 c:/users/sato/documents/mwstage-2022-08_win10-1/mwstage/tools/ba-elf-ba2-r36379.w10/bin/../lib/gcc/ba-elf/4.7.4/../../../../ba-elf/lib/mcpu_jn51xx_sizeopt\libc.a(lib_a-freer.o)
 .comment       0x0000000000000000       0x12 c:/users/sato/documents/mwstage-2022-08_win10-1/mwstage/tools/ba-elf-ba2-r36379.w10/bin/../lib/gcc/ba-elf/4.7.4/../../../../ba-elf/lib/mcpu_jn51xx_sizeopt\libc.a(lib_a-glue.o)
 .comment       0x0000000000000000       0x12 c:/users/sato/documents/mwstage-2022-08_win10-1/mwstage/tools/ba-elf-ba2-r36379.w10/bin/../lib/gcc/ba-elf/4.7.4/../../../../ba-elf/lib/mcpu_jn51xx_sizeopt\libc.a(lib_a-memmove.o)
 .comment       0x0000000000000000       0x12 c:/users/sato/documents/mwstage-2022-08_win10-1/mwstage/tools/ba-elf-ba2-r36379.w10/bin/../lib/gcc/ba-elf/4.7.4/../../../../ba-elf/lib/mcpu_jn51xx_sizeopt\libc.a(lib_a-reallocr.o)
 .comment       0x0000000000000000       0x12 c:/users/sato/documents/mwstage-2022-08_win10-1/mwstage/tools/ba-elf-ba2-r36379.w10/bin/../lib/gcc/ba-elf/4.7.4/../../../../ba-elf/lib/mcpu_jn51xx_sizeopt\libc.a(lib_a-reent.o)
 .comment       0x0000000000000000       0x12 c:/users/sato/documents/mwstage-2022-08_win10-1/mwstage/tools/ba-elf-ba2-r36379.w10/bin/../lib/gcc/ba-elf/4.7.4/../../../../ba-elf/lib/mcpu_jn51xx_sizeopt\libc.a(lib_a-errno.o)
 .comment       0x0000000000000000       0x12 c:/users/sato/documents/mwstage-2022-08_win10-1/mwstage/tools/ba-elf-ba2-r36379.w10/bin/../lib/gcc/ba-elf/4.7.4/mcpu_jn51xx_sizeopt\libgcc.a(adddf3.o)
 .comment       0x0000000000000000       0x12 c:/users/sato/documents/mwstage-2022-08_win10-1/mwstage/tools/ba-elf-ba2-r36379.w10/bin/../lib/gcc/ba-elf/4.7.4/mcpu_jn51xx_sizeopt\libgcc.a(divdf3.o)
 .comment       0x0000000000000000       0x12 c:/users/sato/documents/mwstage-2022-08_win10-1/mwstage/tools/ba-elf-ba2-r36379.w10/bin/../lib/gcc/ba-elf/4.7.4/mcpu_jn51xx_sizeopt\libgcc.a(eqdf2.o)
 .comment       0x0000000000000000       0x12 c:/users/sato/documents/mwstage-2022-08_win10-1/mwstage/tools/ba-elf-ba2-r36379.w10/bin/../lib/gcc/ba-elf/4.7.4/mcpu_jn51xx_sizeopt\libgcc.a(gedf2.o)
 .comment       0x0000000000000000       0x12 c:/users/sato/documents/mwstage-2022-08_win10-1/mwstage/tools/ba-elf-ba2-r36379.w10/bin/../lib/gcc/ba-elf/4.7.4/mcpu_jn51xx_sizeopt\libgcc.a(ledf2.o)
 .comment       0x0000000000000000       0x12 c:/users/sato/documents/mwstage-2022-08_win10-1/mwstage/tools/ba-elf-ba2-r36379.w10/bin/../lib/gcc/ba-elf/4.7.4/mcpu_jn51xx_sizeopt\libgcc.a(muldf3.o)
 .comment       0x0000000000000000       0x12 c:/users/sato/documents/mwstage-2022-08_win10-1/mwstage/tools/ba-elf-ba2-r36379.w10/bin/../lib/gcc/ba-elf/4.7.4/mcpu_jn51xx_sizeopt\libgcc.a(subdf3.o)
 .comment       0x0000000000000000       0x12 c:/users/sato/documents/mwstage-2022-08_win10-1/mwstage/tools/ba-elf-ba2-r36379.w10/bin/../lib/gcc/ba-elf/4.7.4/mcpu_jn51xx_sizeopt\libgcc.a(fixdfsi.o)
 .comment       0x0000000000000000       0x12 c:/users/sato/documents/mwstage-2022-08_win10-1/mwstage/tools/ba-elf-ba2-r36379.w10/bin/../lib/gcc/ba-elf/4.7.4/mcpu_jn51xx_sizeopt\libgcc.a(floatsidf.o)
 .comment       0x0000000000000000       0x12 c:/users/sato/documents/mwstage-2022-08_win10-1/mwstage/tools/ba-elf-ba2-r36379.w10/bin/../lib/gcc/ba-elf/4.7.4/mcpu_jn51xx_sizeopt\libgcc.a(floatunsidf.o)

.debug_info     0x0000000000000000    0x11520
 .debug_info    0x0000000000000000       0xf3 c:/users/sato/documents/mwstage-2022-08_win10-1/mwstage/tools/ba-elf-ba2-r36379.w10/bin/../lib/gcc/ba-elf/4.7.4/../../../../ba-elf/lib/mcpu_jn51xx_sizeopt\libc.a(lib_a-memcmp.o)
 .debug_info    0x00000000000000f3       0xd3 c:/users/sato/documents/mwstage-2022-08_win10-1/mwstage/tools/ba-elf-ba2-r36379.w10/bin/../lib/gcc/ba-elf/4.7.4/mcpu_jn51xx_sizeopt\libgcc.a(_fixunsdfsi.o)
 .debug_info    0x00000000000001c6      0x648 c:/users/sato/documents/mwstage-2022-08_win10-1/mwstage/tools/ba-elf-ba2-r36379.w10/bin/../lib/gcc/ba-elf/4.7.4/mcpu_jn51xx_sizeopt\libgcc.a(_udivdi3.o)
 .debug_info    0x000000000000080e      0x69d c:/users/sato/documents/mwstage-2022-08_win10-1/mwstage/tools/ba-elf-ba2-r36379.w10/bin/../lib/gcc/ba-elf/4.7.4/mcpu_jn51xx_sizeopt\libgcc.a(_umoddi3.o)
 .debug_info    0x0000000000000eab       0xaa C:/Users/sato/Documents/MWSTAGE-2022-08_win10-1/MWSTAGE/MWSDK/ChipLib/SW4063V1416/Components/Library\libBoot_JN516x.a(ExceptionHandler.o)
 .debug_info    0x0000000000000f55       0xd7 c:/users/sato/documents/mwstage-2022-08_win10-1/mwstage/tools/ba-elf-ba2-r36379.w10/bin/../lib/gcc/ba-elf/4.7.4/../../../../ba-elf/lib/mcpu_jn51xx_sizeopt\libc.a(lib_a-memset.o)
 .debug_info    0x000000000000102c      0xac6 c:/users/sato/documents/mwstage-2022-08_win10-1/mwstage/tools/ba-elf-ba2-r36379.w10/bin/../lib/gcc/ba-elf/4.7.4/../../../../ba-elf/lib/mcpu_jn51xx_sizeopt\libc.a(lib_a-sprintf.o)
 .debug_info    0x0000000000001af2       0xbb c:/users/sato/documents/mwstage-2022-08_win10-1/mwstage/tools/ba-elf-ba2-r36379.w10/bin/../lib/gcc/ba-elf/4.7.4/../../../../ba-elf/lib/mcpu_jn51xx_sizeopt\libc.a(lib_a-strcmp.o)
 .debug_info    0x0000000000001bad       0xce c:/users/sato/documents/mwstage-2022-08_win10-1/mwstage/tools/ba-elf-ba2-r36379.w10/bin/../lib/gcc/ba-elf/4.7.4/../../../../ba-elf/lib/mcpu_jn51xx_sizeopt\libc.a(lib_a-strcpy.o)
 .debug_info    0x0000000000001c7b     0x1797 c:/users/sato/documents/mwstage-2022-08_win10-1/mwstage/tools/ba-elf-ba2-r36379.w10/bin/../lib/gcc/ba-elf/4.7.4/../../../../ba-elf/lib/mcpu_jn51xx_sizeopt\libc.a(lib_a-svfprintf.o)
 .debug_info    0x0000000000003412     0x143b c:/users/sato/documents/mwstage-2022-08_win10-1/mwstage/tools/ba-elf-ba2-r36379.w10/bin/../lib/gcc/ba-elf/4.7.4/../../../../ba-elf/lib/mcpu_jn51xx_sizeopt\libc.a(lib_a-dtoa.o)
 .debug_info    0x000000000000484d      0x970 c:/users/sato/documents/mwstage-2022-08_win10-1/mwstage/tools/ba-elf-ba2-r36379.w10/bin/../lib/gcc/ba-elf/4.7.4/../../../../ba-elf/lib/mcpu_jn51xx_sizeopt\libc.a(lib_a-impure.o)
 .debug_info    0x00000000000051bd      0xd1a c:/users/sato/documents/mwstage-2022-08_win10-1/mwstage/tools/ba-elf-ba2-r36379.w10/bin/../lib/gcc/ba-elf/4.7.4/../../../../ba-elf/lib/mcpu_jn51xx_sizeopt\libc.a(lib_a-locale.o)
 .debug_info    0x0000000000005ed7      0xe1c c:/users/sato/documents/mwstage-2022-08_win10-1/mwstage/tools/ba-elf-ba2-r36379.w10/bin/../lib/gcc/ba-elf/4.7.4/../../../../ba-elf/lib/mcpu_jn51xx_sizeopt\libc.a(lib_a-mallocr.o)
 .debug_info    0x0000000000006cf3       0xfc c:/users/sato/documents/mwstage-2022-08_win10-1/mwstage/tools/ba-elf-ba2-r36379.w10/bin/../lib/gcc/ba-elf/4.7.4/../../../../ba-elf/lib/mcpu_jn51xx_sizeopt\libc.a(lib_a-memchr.o)
 .debug_info    0x0000000000006def      0x106 c:/users/sato/documents/mwstage-2022-08_win10-1/mwstage/tools/ba-elf-ba2-r36379.w10/bin/../lib/gcc/ba-elf/4.7.4/../../../../ba-elf/lib/mcpu_jn51xx_sizeopt\libc.a(lib_a-memcpy.o)
 .debug_info    0x0000000000006ef5      0x994 c:/users/sato/documents/mwstage-2022-08_win10-1/mwstage/tools/ba-elf-ba2-r36379.w10/bin/../lib/gcc/ba-elf/4.7.4/../../../../ba-elf/lib/mcpu_jn51xx_sizeopt\libc.a(lib_a-mlock.o)
 .debug_info    0x0000000000007889     0x1744 c:/users/sato/documents/mwstage-2022-08_win10-1/mwstage/tools/ba-elf-ba2-r36379.w10/bin/../lib/gcc/ba-elf/4.7.4/../../../../ba-elf/lib/mcpu_jn51xx_sizeopt\libc.a(lib_a-mprec.o)
 .debug_info    0x0000000000008fcd      0x9db c:/users/sato/documents/mwstage-2022-08_win10-1/mwstage/tools/ba-elf-ba2-r36379.w10/bin/../lib/gcc/ba-elf/4.7.4/../../../../ba-elf/lib/mcpu_jn51xx_sizeopt\libc.a(lib_a-sbrkr.o)
 .debug_info    0x00000000000099a8      0x149 c:/users/sato/documents/mwstage-2022-08_win10-1/mwstage/tools/ba-elf-ba2-r36379.w10/bin/../lib/gcc/ba-elf/4.7.4/../../../../ba-elf/lib/mcpu_jn51xx_sizeopt\libc.a(lib_a-s_fpclassify.o)
 .debug_info    0x0000000000009af1       0xc8 c:/users/sato/documents/mwstage-2022-08_win10-1/mwstage/tools/ba-elf-ba2-r36379.w10/bin/../lib/gcc/ba-elf/4.7.4/../../../../ba-elf/lib/mcpu_jn51xx_sizeopt\libc.a(lib_a-strlen.o)
 .debug_info    0x0000000000009bb9     0x111f c:/users/sato/documents/mwstage-2022-08_win10-1/mwstage/tools/ba-elf-ba2-r36379.w10/bin/../lib/gcc/ba-elf/4.7.4/../../../../ba-elf/lib/mcpu_jn51xx_sizeopt\libc.a(lib_a-svfiprintf.o)