Archive member included because of file (symbol)

C:/Users/sato/Documents/MWSTAGE-2022-08_win10-1/MWSTAGE/MWSDK/TWENET/current/lib/libTWENET_RED.a(ToCoNet_event.o)
                              objs_RED/communication.o (symbol from plugin) (PRSEV_u8RegisterEx)
C:/Users/sato/Documents/MWSTAGE-2022-08_win10-1/MWSTAGE/MWSDK/TWENET/current/lib/libTWENET_RED.a(ToCoNet_main.o)
                              objs_RED/lcd.o (symbol from plugin) (sToCoNet_Context)
C:/Users/sato/Documents/MWSTAGE-2022-08_win10-1/MWSTAGE/MWSDK/TWENET/current/lib/libTWENET_RED.a(ToCoNet_utils.o)
                              ToCoNet_main.o (symbol from plugin) (ToCoNet_u32GetVersion)
C:/Users/sato/Documents/MWSTAGE-2022-08_win10-1/MWSTAGE/MWSDK/TWENET/current/lib/libTWENET_RED.a(ToCoNet_mod_Nwk_Common.o)
                              ToCoNet_main.o (symbol from plugin) (ToCoNet_vRxProc_Mod)
C:/Users/sato/Documents/MWSTAGE-2022-08_win10-1/MWSTAGE/MWSDK/TWENET/current/lib/libTWENET_RED.a(ToCoNet_mod_Channel_Mgr.o)
                              ToCoNet_main.o (symbol from plugin) (ToCoNet_ChMgr_bCh_Reconfig)
C:/Users/sato/Documents/MWSTAGE-2022-08_win10-1/MWSTAGE/MWSDK/TWENET/current/lib/libTWENET_RED.a(Version.o)
                              ToCoNet_utils.o (symbol from plugin) (au8ToCoNetVersionInfo)
C:/Users/sato/Documents/MWSTAGE-2022-08_win10-1/MWSTAGE/MWSDK/TWENET/current/lib/libTWENET_RED.a(AppQueueApi_ToCoNet.o)
                              ToCoNet_main.o (symbol from plugin) (_u32_INT_ticktimer)
C:/Users/sato/Documents/MWSTAGE-2022-08_win10-1/MWSTAGE/MWSDK/TWENET/current/lib/libTWENEText_RED.a(AppStart.o)
                              (AppColdStart)
C:/Users/sato/Documents/MWSTAGE-2022-08_win10-1/MWSTAGE/MWSDK/TWENET/current/lib/libTWENEText_RED.a(getMacAddr.o)
                              ToCoNet_main.o (symbol from plugin) (ToCoNet_u32GetSerialOnBoot)
C:/Users/sato/Documents/MWSTAGE-2022-08_win10-1/MWSTAGE/MWSDK/TWENET/current/lib/libTWENEText_RED.a(mac.o)
                              ToCoNet_main.o (symbol from plugin) (Mac_vInit)
C:/Users/sato/Documents/MWSTAGE-2022-08_win10-1/MWSTAGE/MWSDK/TWENET/current/lib/libTWENEText_RED.a(AES_CCM.o)
                              AppStart.o (symbol from plugin) (bAES_CCM_KeyReg)
C:/Users/sato/Documents/MWSTAGE-2022-08_win10-1/MWSTAGE/MWSDK/TWENET/current/lib/libTWENEText_RED.a(no_ack_handler.o)
                              AppStart.o (symbol from plugin) (vInstallNoAckHandler)
C:/Users/sato/Documents/MWSTAGE-2022-08_win10-1/MWSTAGE/MWSDK/TWENET/current/lib/libTWENEText_RED.a(Version.o)
                              ToCoNet_utils.o (symbol from plugin) (au8ToCoNetExtVersionInfo)
C:/Users/sato/Documents/MWSTAGE-2022-08_win10-1/MWSTAGE/MWSDK/TWENET/current/lib/libTWENETutils_RED.a(serial.o)
                              objs_RED/Interrupt.o (symbol from plugin) (SERIAL_bTxChar)
C:/Users/sato/Documents/MWSTAGE-2022-08_win10-1/MWSTAGE/MWSDK/TWENET/current/lib/libTWENETutils_RED.a(uart.o)
                              serial.o (symbol from plugin) (UART_vInit)
C:/Users/sato/Documents/MWSTAGE-2022-08_win10-1/MWSTAGE/MWSDK/TWENET/current/lib/libTWENETutils_RED.a(ByteQueue.o)
                              ToCoNet_main.o (symbol from plugin) (QUEUE__vInit)
C:/Users/sato/Documents/MWSTAGE-2022-08_win10-1/MWSTAGE/MWSDK/TWENET/current/lib/libTWENETutils_RED.a(ccitt8.o)
                              AppStart.o (symbol from plugin) (u8CCITT8)
C:/Users/sato/Documents/MWSTAGE-2022-08_win10-1/MWSTAGE/MWSDK/TWENET/current/lib/libTWENETutils_RED.a(utils.o)
                              objs_RED/main.o (symbol from plugin) (vTimerConfig)
C:/Users/sato/Documents/MWSTAGE-2022-08_win10-1/MWSTAGE/MWSDK/TWENET/current/lib/libTWENETutils_RED.a(ccm.o)
                              AES_CCM.o (symbol from plugin) (ccm_init_and_key)
C:/Users/sato/Documents/MWSTAGE-2022-08_win10-1/MWSTAGE/MWSDK/TWENET/current/lib/libTWENETutils_RED.a(Version.o)
                              ToCoNet_utils.o (symbol from plugin) (au8ToCoNetUtilsVersionInfo)
C:/Users/sato/Documents/MWSTAGE-2022-08_win10-1/MWSTAGE/MWSDK/TWENET/current/lib/libTWENETutils_RED.a(aescrypt.o)
                              ccm.o (symbol from plugin) (aes_encrypt)
C:/Users/sato/Documents/MWSTAGE-2022-08_win10-1/MWSTAGE/MWSDK/TWENET/current/lib/libTWENETutils_RED.a(aeskey.o)
                              ccm.o (symbol from plugin) (aes_encrypt_key)
C:/Users/sato/Documents/MWSTAGE-2022-08_win10-1/MWSTAGE/MWSDK/TWENET/current/lib/libTWENETutils_RED.a(aestab.o)
                              aeskey.o (symbol from plugin) (t_im)
C:/Users/sato/Documents/MWSTAGE-2022-08_win10-1/MWSTAGE/MWSDK/TWENET/current/lib/libTWENETstgs_RED.a(tweinteractive.o)
                              objs_RED/Interrupt.o (symbol from plugin) (TWEINTRCT_bIsVerbose)
C:/Users/sato/Documents/MWSTAGE-2022-08_win10-1/MWSTAGE/MWSDK/TWENET/current/lib/libTWENETstgs_RED.a(tweprintf.o)
                              tweinteractive.o (symbol from plugin) (TWE_fprintf)
[...]
Memory Configuration

Name             Origin             Length             Attributes
flash            0x0000000000080000 0x0000000000080000
ram              0x000000000400004c 0x0000000000007fb4
*default*        0x0000000000000000 0xffffffffffffffff

Linker script and memory map

LOAD objs_RED/_mwx_version.o
LOAD C:\Users\sato\AppData\Local\Temp\ccGYkqVN.ltrans0.ltrans.o
LOAD C:\Users\sato\AppData\Local\Temp\ccGYkqVN.ltrans1.ltrans.o
LOAD C:\Users\sato\AppData\Local\Temp\ccGYkqVN.ltrans2.ltrans.o
LOAD C:\Users\sato\AppData\Local\Temp\ccGYkqVN.ltrans3.ltrans.o
LOAD C:\Users\sato\AppData\Local\Temp\ccGYkqVN.ltrans4.ltrans.o
LOAD C:\Users\sato\AppData\Local\Temp\ccGYkqVN.ltrans5.ltrans.o
LOAD C:\Users\sato\AppData\Local\Temp\ccGYkqVN.ltrans6.ltrans.o
LOAD C:\Users\sato\AppData\Local\Temp\ccGYkqVN.ltrans7.ltrans.o
LOAD C:\Users\sato\AppData\Local\Temp\ccGYkqVN.ltrans8.ltrans.o
LOAD C:\Users\sato\AppData\Local\Temp\ccGYkqVN.ltrans9.ltrans.o
LOAD C:\Users\sato\AppData\Local\Temp\ccGYkqVN.ltrans10.ltrans.o
LOAD C:\Users\sato\AppData\Local\Temp\ccGYkqVN.ltrans11.ltrans.o
LOAD C:\Users\sato\AppData\Local\Temp\ccGYkqVN.ltrans12.ltrans.o
LOAD C:\Users\sato\AppData\Local\Temp\ccGYkqVN.ltrans13.ltrans.o
LOAD C:\Users\sato\AppData\Local\Temp\ccGYkqVN.ltrans14.ltrans.o
LOAD C:\Users\sato\AppData\Local\Temp\ccGYkqVN.ltrans15.ltrans.o
LOAD C:\Users\sato\AppData\Local\Temp\ccGYkqVN.ltrans16.ltrans.o
LOAD C:\Users\sato\AppData\Local\Temp\ccGYkqVN.ltrans17.ltrans.o
LOAD C:\Users\sato\AppData\Local\Temp\ccGYkqVN.ltrans18.ltrans.o
LOAD C:\Users\sato\AppData\Local\Temp\ccGYkqVN.ltrans19.ltrans.o
LOAD C:\Users\sato\AppData\Local\Temp\ccGYkqVN.ltrans20.ltrans.o
LOAD C:\Users\sato\AppData\Local\Temp\ccGYkqVN.ltrans21.ltrans.o
LOAD C:\Users\sato\AppData\Local\Temp\ccGYkqVN.ltrans22.ltrans.o
LOAD c:/users/sato/documents/mwstage-2022-08_win10-1/mwstage/tools/ba-elf-ba2-r36379.w10/bin/../lib/gcc/ba-elf/4.7.4/../../../../ba-elf/lib/mcpu_jn51xx_sizeopt\libc.a
LOAD c:/users/sato/documents/mwstage-2022-08_win10-1/mwstage/tools/ba-elf-ba2-r36379.w10/bin/../lib/gcc/ba-elf/4.7.4/mcpu_jn51xx_sizeopt\libgcc.a
LOAD c:/users/sato/documents/mwstage-2022-08_win10-1/mwstage/tools/ba-elf-ba2-r36379.w10/bin/../lib/gcc/ba-elf/4.7.4/../../../../ba-elf/lib/mcpu_jn51xx_sizeopt\libc.a
LOAD objs_RED/Interrupt.o
LOAD objs_RED/LED.o
LOAD objs_RED/communication.o
LOAD objs_RED/lcd.o
LOAD objs_RED/main.o
LOAD objs_RED/mode.o
LOAD C:/Users/sato/Documents/MWSTAGE-2022-08_win10-1/MWSTAGE/MWSDK/TWENET/current/lib/libTWENET_RED.a
LOAD C:/Users/sato/Documents/MWSTAGE-2022-08_win10-1/MWSTAGE/MWSDK/TWENET/current/lib/libTWENEText_RED.a
LOAD C:/Users/sato/Documents/MWSTAGE-2022-08_win10-1/MWSTAGE/MWSDK/TWENET/current/lib/libTWENETutils_RED.a
LOAD C:/Users/sato/Documents/MWSTAGE-2022-08_win10-1/MWSTAGE/MWSDK/TWENET/current/lib/libTWENETstgs_RED.a
LOAD C:/Users/sato/Documents/MWSTAGE-2022-08_win10-1/MWSTAGE/MWSDK/TWENET/current/lib/libmwx_RED.a
LOAD C:/Users/sato/Documents/MWSTAGE-2022-08_win10-1/MWSTAGE/MWSDK/TWENET/current/lib/libEASTL_RED.a
START GROUP
LOAD C:/Users/sato/Documents/MWSTAGE-2022-08_win10-1/MWSTAGE/MWSDK/ChipLib/SW4063V1416/Components/Library\libAppApi_JN5169.a
LOAD C:/Users/sato/Documents/MWSTAGE-2022-08_win10-1/MWSTAGE/MWSDK/ChipLib/SW4063V1416/Components/Library\libMAC_JN5169.a
LOAD C:/Users/sato/Documents/MWSTAGE-2022-08_win10-1/MWSTAGE/MWSDK/ChipLib/SW4063V1416/Components/Library\libTimerServer_JN516x.a
LOAD C:/Users/sato/Documents/MWSTAGE-2022-08_win10-1/MWSTAGE/MWSDK/ChipLib/SW4063V1416/Components/Library\libTOF_JN516x.a
LOAD C:/Users/sato/Documents/MWSTAGE-2022-08_win10-1/MWSTAGE/MWSDK/ChipLib/SW4063V1416/Components/Library\libXcv_JN5169.a
LOAD C:/Users/sato/Documents/MWSTAGE-2022-08_win10-1/MWSTAGE/MWSDK/ChipLib/SW4063V1416/Components/Library\libMMAC_JN5169.a
LOAD C:/Users/sato/Documents/MWSTAGE-2022-08_win10-1/MWSTAGE/MWSDK/ChipLib/SW4063V1416/Components/Library\libJPT_JN5169.a
LOAD C:/Users/sato/Documents/MWSTAGE-2022-08_win10-1/MWSTAGE/MWSDK/ChipLib/SW4063V1416/Components/Library\libAes_JN516x.a
LOAD C:/Users/sato/Documents/MWSTAGE-2022-08_win10-1/MWSTAGE/MWSDK/ChipLib/SW4063V1416/Components/Library\libHardwareApi_JN5169.a
LOAD C:/Users/sato/Documents/MWSTAGE-2022-08_win10-1/MWSTAGE/MWSDK/ChipLib/SW4063V1416/Components/Library\libMicroSpecific_JN516x.a
LOAD C:/Users/sato/Documents/MWSTAGE-2022-08_win10-1/MWSTAGE/MWSDK/ChipLib/SW4063V1416/Components/Library\libBoot_JN516x.a
LOAD C:/Users/sato/Documents/MWSTAGE-2022-08_win10-1/MWSTAGE/MWSDK/ChipLib/SW4063V1416/Components/Library\libPDM_EEPROM_JN516x_NO_RTOS.a
LOAD C:/Users/sato/Documents/MWSTAGE-2022-08_win10-1/MWSTAGE/MWSDK/TWENET/current/lib/libTWENET_RED.a
LOAD C:/Users/sato/Documents/MWSTAGE-2022-08_win10-1/MWSTAGE/MWSDK/TWENET/current/lib/libTWENEText_RED.a
LOAD C:/Users/sato/Documents/MWSTAGE-2022-08_win10-1/MWSTAGE/MWSDK/TWENET/current/lib/libTWENETutils_RED.a
LOAD C:/Users/sato/Documents/MWSTAGE-2022-08_win10-1/MWSTAGE/MWSDK/TWENET/current/lib/libTWENETstgs_RED.a
LOAD C:/Users/sato/Documents/MWSTAGE-2022-08_win10-1/MWSTAGE/MWSDK/TWENET/current/lib/libmwx_RED.a
LOAD C:/Users/sato/Documents/MWSTAGE-2022-08_win10-1/MWSTAGE/MWSDK/TWENET/current/lib/libEASTL_RED.a
END GROUP
LOAD c:/users/sato/documents/mwstage-2022-08_win10-1/mwstage/tools/ba-elf-ba2-r36379.w10/bin/../lib/gcc/ba-elf/4.7.4/../../../../ba-elf/lib/mcpu_jn51xx_sizeopt\libstdc++.a
LOAD c:/users/sato/documents/mwstage-2022-08_win10-1/mwstage/tools/ba-elf-ba2-r36379.w10/bin/../lib/gcc/ba-elf/4.7.4/../../../../ba-elf/lib/mcpu_jn51xx_sizeopt\libm.a
LOAD c:/users/sato/documents/mwstage-2022-08_win10-1/mwstage/tools/ba-elf-ba2-r36379.w10/bin/../lib/gcc/ba-elf/4.7.4/../../../../ba-elf/lib/mcpu_jn51xx_sizeopt\libc.a
LOAD c:/users/sato/documents/mwstage-2022-08_win10-1/mwstage/tools/ba-elf-ba2-r36379.w10/bin/../lib/gcc/ba-elf/4.7.4/mcpu_jn51xx_sizeopt\libgcc.a
LOAD c:/users/sato/documents/mwstage-2022-08_win10-1/mwstage/tools/ba-elf-ba2-r36379.w10/bin/../lib/gcc/ba-elf/4.7.4/../../../../ba-elf/lib/mcpu_jn51xx_sizeopt\libc.a
                0x0000000000000800                _stack_size = 0x800
                0x0000000000080038                exception_vsr_table = 0x80038
                0x0000000004000000                pSPIflashFncTable = 0x4000000
                0x0000000000000044                restore_state = 0x44
                0x000000000000004a                bZSPIWaitWIPClear = 0x4a
                0x0000000000000050                u16ZSPIflashRDID = 0x50
                0x0000000000000056                u8SelectFlashChipType = 0x56
                0x000000000000005c                memcpy = 0x5c
                0x0000000000000066                vBootFlashProg = 0x66
                [0x0000000000000d16]                __minimum_heap_size = DEFINED (__minimum_heap_size)?__minimum_heap_size:0xd16
                [0x0000000000000800]                __stack_size = DEFINED (__stack_size)?__stack_size:0x800
                0x0000000000000000                _SwConfig = (DEFINED (g_bSWConf_Debug) | (DEFINED (g_bSWConf_AltDebugPort) << 0x1))

.version        0x000000000007fffc        0x4
                0x000000000007fffc        0x4 LONG 0xf03000b

.bir            0x0000000000080000       0x10
                0x0000000000080000                _flash_start = ABSOLUTE (.)
                0x0000000000080000                _flash_beg = ABSOLUTE (.)
                0x0000000000080000        0x4 LONG 0x12345678
                0x0000000000080004        0x4 LONG 0x11223344
                0x0000000000080008        0x4 LONG 0x55667788
                0x000000000008000c        0x1 BYTE 0x8
                0x000000000008000d        0x1 BYTE 0x1
                0x000000000008000e        0x2 SHORT 0x0

.flashheader    0x0000000000080010       0x28
                0x0000000000080010        0x4 LONG 0x0
                0x0000000000080014        0x4 LONG 0x0
                0x0000000000080018        0x4 LONG 0x0
                0x000000000008001c        0x2 SHORT 0x0
                0x000000000008001e        0x2 SHORT 0x0 ABSOLUTE (_SwConfig)
                0x0000000000080020                _enc_start = ABSOLUTE (.)
                0x0000000000080020        0x4 LONG 0x1544c ABSOLUTE (_image_len)
                0x0000000000080024        0x4 LONG 0x94b7c ABSOLUTE (_flash_data_start)
                0x0000000000080028        0x2 SHORT 0x13 ((ABSOLUTE (_ram_data_start) / 0x4) & 0xffff)
                0x000000000008002a        0x2 SHORT 0x234 ((ABSOLUTE (_ram_data_len) / 0x4) & 0xffff)
                0x000000000008002c        0x2 SHORT 0x247 ((ABSOLUTE (_bss_start) / 0x4) & 0xffff)
                0x000000000008002e        0x2 SHORT 0x5c7 ((ABSOLUTE (_bss_len) / 0x4) & 0xffff)
                0x0000000000080030        0x4 LONG 0x87b88 ABSOLUTE (AppWarmStart)
                0x0000000000080034        0x4 LONG 0x88538 ABSOLUTE (AppColdStart)
                0x0000000000000000                _enc_offset = (_enc_start & 0xf)
                0x0000000000000044                PROVIDE (vException_BusError, restore_state)
                0x0000000000000044                PROVIDE (vException_UnalignedAccess, restore_state)
                0x0000000000000044                PROVIDE (vException_IllegalInstruction, restore_state)
                0x0000000000000044                PROVIDE (vException_SysCall, restore_state)
                0x0000000000000044                PROVIDE (vException_Trap, restore_state)
                0x0000000000000044                PROVIDE (vException_StackOverflow, restore_state)
                0x0000000000080038                . = ABSOLUTE (exception_vsr_table)

.vsr_table      0x0000000000080038       0x18
                0x0000000000080038        0x4 LONG 0x44 ABSOLUTE (vException_BusError)
                0x000000000008003c        0x4 LONG 0x44 ABSOLUTE (vException_UnalignedAccess)
                0x0000000000080040        0x4 LONG 0x44 ABSOLUTE (vException_IllegalInstruction)
                0x0000000000080044        0x4 LONG 0x44 ABSOLUTE (vException_SysCall)
                0x0000000000080048        0x4 LONG 0x44 ABSOLUTE (vException_Trap)
                0x000000000008004c        0x4 LONG 0x44 ABSOLUTE (vException_StackOverflow)

.vsr_handlers   0x0000000000080050       0xaa
 *(.vsr_handlers)
 .vsr_handlers  0x0000000000080050       0xaa C:/Users/sato/Documents/MWSTAGE-2022-08_win10-1/MWSTAGE/MWSDK/ChipLib/SW4063V1416/Components/Library\libBoot_JN516x.a(ExceptionHandler.o)
                0x0000000000080050                _exception_external_interrupt
                0x00000000000800f8                _default_vsr_dummy

.rodata         0x0000000000080100      0x9d9
 *(.rodata*)
 .rodata.str1.1
                0x0000000000080100       0x11 C:\Users\sato\AppData\Local\Temp\ccGYkqVN.ltrans0.ltrans.o
 *fill*         0x0000000000080111        0x3 00
 .rodata        0x0000000000080114       0xd4 C:\Users\sato\AppData\Local\Temp\ccGYkqVN.ltrans1.ltrans.o
                0x0000000000080114                s_aprScanHandleEvt.17302
                0x0000000000080144                apvActionCalls
                0x00000000000801cc                aprLPBMacVectorRamTable
                0x00000000000801e0                psTamMacContext
                0x00000000000801e4                psTAMcontext
 .rodata        0x00000000000801e8       0x9a C:\Users\sato\AppData\Local\Temp\ccGYkqVN.ltrans2.ltrans.o
 *fill*         0x0000000000080282        0x2 00
 .rodata        0x0000000000080284       0x34 C:\Users\sato\AppData\Local\Temp\ccGYkqVN.ltrans3.ltrans.o
                0x0000000000080284                prHeap_AllocFunc
                0x0000000000080288                CSWTCH.35.27891.27891
 .rodata.str1.1
                0x00000000000802b8       0x41 C:\Users\sato\AppData\Local\Temp\ccGYkqVN.ltrans4.ltrans.o
                                         0x44 (size before relaxing)
 .rodata.str1.1
                0x00000000000802f9        0xd C:\Users\sato\AppData\Local\Temp\ccGYkqVN.ltrans5.ltrans.o
 .rodata        0x0000000000080306       0x14 C:\Users\sato\AppData\Local\Temp\ccGYkqVN.ltrans5.ltrans.o
 *fill*         0x000000000008031a        0x2 00
 .rodata        0x000000000008031c       0x1c C:\Users\sato\AppData\Local\Temp\ccGYkqVN.ltrans6.ltrans.o
                0x000000000008031c                au32TimerBaseAddress
 .rodata        0x0000000000080338        0x4 C:\Users\sato\AppData\Local\Temp\ccGYkqVN.ltrans7.ltrans.o
 .rodata.str1.1
                0x000000000008033c        0xe C:\Users\sato\AppData\Local\Temp\ccGYkqVN.ltrans8.ltrans.o
                                         0x12 (size before relaxing)
 *fill*         0x000000000008034a        0x6 00
 .rodata        0x0000000000080350       0xc0 C:\Users\sato\AppData\Local\Temp\ccGYkqVN.ltrans8.ltrans.o
 .rodata        0x0000000000080410       0x24 C:\Users\sato\AppData\Local\Temp\ccGYkqVN.ltrans9.ltrans.o
                0x0000000000080418                psTamXcvContext
 .rodata.str1.1
                0x0000000000080434       0x8b C:\Users\sato\AppData\Local\Temp\ccGYkqVN.ltrans9.ltrans.o
 .rodata        0x00000000000804bf        0x6 C:\Users\sato\AppData\Local\Temp\ccGYkqVN.ltrans10.ltrans.o
                0x00000000000804bf                aeXcvPhyEvtToScanEvt.5424.17305
 .rodata.str1.1
                0x00000000000804c5       0x11 C:\Users\sato\AppData\Local\Temp\ccGYkqVN.ltrans11.ltrans.o
 *fill*         0x00000000000804d6        0x2 00
 .rodata        0x00000000000804d8       0x7c C:\Users\sato\AppData\Local\Temp\ccGYkqVN.ltrans11.ltrans.o
                0x000000000008050c                u32MacLow_TOCOS
                0x0000000000080510                u32MacHigh_TOCOS
 .rodata.str1.1
                0x0000000000080554       0x12 C:\Users\sato\AppData\Local\Temp\ccGYkqVN.ltrans12.ltrans.o
 .rodata        0x0000000000080566        0xa C:\Users\sato\AppData\Local\Temp\ccGYkqVN.ltrans13.ltrans.o
                0x0000000000080566                CSWTCH.7.25278.25278
 .rodata.str1.1
                0x0000000000080570      0x155 C:\Users\sato\AppData\Local\Temp\ccGYkqVN.ltrans15.ltrans.o
                                        0x1cb (size before relaxing)
 *fill*         0x00000000000806c5        0x3 00
 .rodata        0x00000000000806c8       0x10 C:\Users\sato\AppData\Local\Temp\ccGYkqVN.ltrans15.ltrans.o
                0x00000000000806c8                EM_SW
 .rodata.str1.1
                0x00000000000806d8       0x88 C:\Users\sato\AppData\Local\Temp\ccGYkqVN.ltrans16.ltrans.o
 .rodata        0x0000000000080760        0x8 C:\Users\sato\AppData\Local\Temp\ccGYkqVN.ltrans16.ltrans.o
                0x0000000000080760                au32UartAddrOffset
 .rodata        0x0000000000080768      0x131 C:\Users\sato\AppData\Local\Temp\ccGYkqVN.ltrans18.ltrans.o
 .rodata.str1.1
                0x0000000000080899        0xe C:\Users\sato\AppData\Local\Temp\ccGYkqVN.ltrans19.ltrans.o
 .rodata        0x00000000000808a7        0x3 C:\Users\sato\AppData\Local\Temp\ccGYkqVN.ltrans19.ltrans.o
 .rodata.str1.1
                0x00000000000808aa       0x11 C:\Users\sato\AppData\Local\Temp\ccGYkqVN.ltrans20.ltrans.o
                                         0x22 (size before relaxing)
 *fill*         0x00000000000808bb        0x1 00
 .rodata        0x00000000000808bc       0x38 C:\Users\sato\AppData\Local\Temp\ccGYkqVN.ltrans20.ltrans.o
                0x00000000000808bc                asStateFuncTbl.29056
 .rodata.str1.1
                0x00000000000808f4       0x16 C:\Users\sato\AppData\Local\Temp\ccGYkqVN.ltrans22.ltrans.o
 .rodata.str1.1
                0x000000000008090a       0x32 c:/users/sato/documents/mwstage-2022-08_win10-1/mwstage/tools/ba-elf-ba2-r36379.w10/bin/../lib/gcc/ba-elf/4.7.4/../../../../ba-elf/lib/mcpu_jn51xx_sizeopt\libc.a(lib_a-svfprintf.o)
                                         0x34 (size before relaxing)
 .rodata        0x000000000008093c       0x20 c:/users/sato/documents/mwstage-2022-08_win10-1/mwstage/tools/ba-elf-ba2-r36379.w10/bin/../lib/gcc/ba-elf/4.7.4/../../../../ba-elf/lib/mcpu_jn51xx_sizeopt\libc.a(lib_a-svfprintf.o)
 .rodata.str1.1
                0x000000000008095c        0xd c:/users/sato/documents/mwstage-2022-08_win10-1/mwstage/tools/ba-elf-ba2-r36379.w10/bin/../lib/gcc/ba-elf/4.7.4/../../../../ba-elf/lib/mcpu_jn51xx_sizeopt\libc.a(lib_a-dtoa.o)
                                          0xf (size before relaxing)
 .rodata.str1.1
                0x0000000000080969        0x2 c:/users/sato/documents/mwstage-2022-08_win10-1/mwstage/tools/ba-elf-ba2-r36379.w10/bin/../lib/gcc/ba-elf/4.7.4/../../../../ba-elf/lib/mcpu_jn51xx_sizeopt\libc.a(lib_a-impure.o)
 .rodata.str1.1
                0x000000000008096b        0x6 c:/users/sato/documents/mwstage-2022-08_win10-1/mwstage/tools/ba-elf-ba2-r36379.w10/bin/../lib/gcc/ba-elf/4.7.4/../../../../ba-elf/lib/mcpu_jn51xx_sizeopt\libc.a(lib_a-locale.o)
                                          0xb (size before relaxing)
 *fill*         0x0000000000080971        0x7 00
 .rodata        0x0000000000080978      0x128 c:/users/sato/documents/mwstage-2022-08_win10-1/mwstage/tools/ba-elf-ba2-r36379.w10/bin/../lib/gcc/ba-elf/4.7.4/../../../../ba-elf/lib/mcpu_jn51xx_sizeopt\libc.a(lib_a-mprec.o)
                0x0000000000080978                __mprec_tinytens
                0x00000000000809a0                __mprec_bigtens
                0x00000000000809c8                __mprec_tens
 .rodata.str1.1
                0x0000000000000000       0x22 c:/users/sato/documents/mwstage-2022-08_win10-1/mwstage/tools/ba-elf-ba2-r36379.w10/bin/../lib/gcc/ba-elf/4.7.4/../../../../ba-elf/lib/mcpu_jn51xx_sizeopt\libc.a(lib_a-svfiprintf.o)
 .rodata        0x0000000000080aa0       0x20 c:/users/sato/documents/mwstage-2022-08_win10-1/mwstage/tools/ba-elf-ba2-r36379.w10/bin/../lib/gcc/ba-elf/4.7.4/../../../../ba-elf/lib/mcpu_jn51xx_sizeopt\libc.a(lib_a-svfiprintf.o)
 .rodata        0x0000000000080ac0       0x19 c:/users/sato/documents/mwstage-2022-08_win10-1/mwstage/tools/ba-elf-ba2-r36379.w10/bin/../lib/gcc/ba-elf/4.7.4/../../../../ba-elf/lib/mcpu_jn51xx_sizeopt\libc.a(lib_a-glue.o)

.text           0x0000000000080adc    0x1409f
 *(.text*)
 .text          0x0000000000080adc      0x998 C:\Users\sato\AppData\Local\Temp\ccGYkqVN.ltrans0.ltrans.o
                0x0000000000080adc                ToCoNet_vMain
 *fill*         0x0000000000081474        0x0 00
 .text          0x0000000000081474      0xbac C:\Users\sato\AppData\Local\Temp\ccGYkqVN.ltrans1.ltrans.o
                0x0000000000081474                eWBRTTxDone.16959
                0x0000000000081492                vTAMCOframeTXgoingIdle
                0x00000000000814ab                vTAMCOframeTXcap
                0x00000000000814d1                eWCoRRxDone.16950
                0x000000000008157b                eWBcnRxDone.16962
                0x0000000000081b66                vTAMCOframeRXcap
                0x0000000000081b79                vTAMCOframeRXgoingIdle
                0x0000000000081b8f                vTAMCOframeRXnobeacon
                0x0000000000081ba2                vTAMDEframeRX
                0x0000000000081bcb                vTAMDEframeRXtrackingDR
                0x0000000000081c0f                vTAMDEframePreSyncReq
                0x0000000000081c28                vTAMCOframeTXbeacon
                0x0000000000081cf0                vTAMDEframeRXsyncReq
                0x0000000000081f40                vTAMDEint1FiredTrackingCAPgts
                0x0000000000081ff1                eWONTTxDone.16956
 .text          0x0000000000082020      0xcda C:\Users\sato\AppData\Local\Temp\ccGYkqVN.ltrans2.ltrans.o
                0x0000000000082020                vTTIBLETimerExpired
                0x000000000008202b                vACI_CmdWaitBusy
                0x0000000000082038                vEcbEncodeStripe.27111
                0x000000000008208f                vTAIdisableInterrupt
                0x00000000000820a8                psRemove.part.0.26502
                0x00000000000820d7                vMAC_MISCpollConfirm
                0x0000000000082109                MAC_u8AclFindInfo
                0x0000000000082233                vTASretrieveSecurity
                0x0000000000082255                MAC_bLookUpKeyDescriptor.24054
                0x00000000000822cf                u8TSCframeIncrease
                0x0000000000082308                vCopyToDataFromMacAddr.23964
                0x000000000008233b                bTSCgetOutgoingInfo
                0x0000000000082444                psTAQsearchFifo
                0x000000000008248d                bTAQremoveFromFifo
                0x00000000000824ca                vTAMinsertEvent
                0x0000000000082530                vTTITimer2Expired
                0x0000000000082534                vTTITimer1Expired
                0x0000000000082538                vTAM_TxRetryTimeout
                0x000000000008253c                vTACsetTxFrameDefaults
                0x0000000000082562                u8TACgetHeaderSize
                0x000000000008259f                bUpdateTime.22282
                0x00000000000825da                u32TACpayloadToU32M
                0x00000000000825fb                vTACu32ToPayloadM
                0x0000000000082613                vTACbuildBeacon
                0x000000000008281b                bTACframeInProgress
                0x0000000000082845                bTACassessBeaconForPayload
                0x0000000000082896                bIsBbcSafeForTx
                0x00000000000828cb                vTATwriteAclMaterialToHardware
                0x00000000000828f0                vTATsetBLE
                0x0000000000082927                vTATgetFramePayload
                0x0000000000082944                eTATreadTXstatus
                0x000000000008298a                vTAHsetPhyStateDirect.part.0.21423
                0x00000000000829a6                vDoGoOff.23244
                0x00000000000829c0                vMLMErxEnableConfirm
                0x00000000000829f4                vMLMEcommStatus
                0x0000000000082a59                vMLMEcommStatusFromFrame
                0x0000000000082a9d                vTSCpostTransmitUpdate
                0x0000000000082acc                vMLMEsyncLoss
                0x0000000000082b01                vMEMreturn
                0x0000000000082b72                vTACinformOriginator
                0x0000000000082b94                vTTITransactionTimerExpired
                0x0000000000082bbc                pvMEMget
                0x0000000000082be8                vTAMDEdetermineNullState
                0x0000000000082c02                vTAMCOupdatePendingList
                0x0000000000082cd4                vTAMCOsetCoordinator
 *fill*         0x0000000000082cfa        0x2 00
 .text          0x0000000000082cfc      0xb58 C:\Users\sato\AppData\Local\Temp\ccGYkqVN.ltrans3.ltrans.o
                0x0000000000082d31                mac_vLPBStartTimer
                0x0000000000082e48                vACI_IntHandlerAes
                0x0000000000082e6d                vProcessEvCoreTx.28993
                0x0000000000082ef2                pvHeap_DefAlloc.28901
                0x0000000000082f5d                vMMAC_ConfigureRadio
                0x0000000000083108                bAHI_SetClockRate
                0x0000000000083213                vAHI_TimerEnable.part.1.27758.constprop.325
                0x000000000008327e                vAHI_SiMasterConfigure.constprop.316
                0x00000000000832b2                _ZN3mwx2L16twenet5beginEv.local.112.constprop.303
                0x00000000000832f7                pinMode(unsigned char, mwx::L1::enum_wapper<PIN_MODE::eMWX_DIO_MODE, unsigned char>)
                0x0000000000083479                _ZN3mwx2L115periph_analogue10_adc_startEv.local.43.constprop.293
                0x0000000000083562                mwx::L1::periph_analogue::ADC_handler(unsigned long, unsigned long)
                0x00000000000835a9                u8HwEventHandler.5035
                0x0000000000083651                bAES_CCMstar
                0x000000000008371d                bAES_CCM_DecodeKey
                0x00000000000837d9                operator new(unsigned long)
                0x00000000000837fe                _ZN3mwx2L112appdefs_virt5setupEv.part.1.3883
                0x0000000000083824                _ZN3mwx2L112periph_timer5setupEv.local.155
 .text.unlikely
                0x0000000000083854       0x45 C:\Users\sato\AppData\Local\Temp\ccGYkqVN.ltrans3.ltrans.o
                0x0000000000083854                vAHI_MemoryHold.27655
 *fill*         0x0000000000083899        0x3 00
 .text          0x000000000008389c      0xabc C:\Users\sato\AppData\Local\Temp\ccGYkqVN.ltrans4.ltrans.o
                0x0000000000083916                bAES_CCM_EncodeKey
                0x00000000000839c3                u8Write802_15_4HeaderIntoBuffer.25253
                0x0000000000083b23                bTAM_AES_CCMstarPatch2006
                0x0000000000083c2a                change_mode(char)
                0x0000000000083dec                _ZN3mwx2L112appdefs_crtpI9INTERRUPTE17_cbTweNet_u8HwIntEPvmm.local.180
                0x000000000008412b                cbAppWarmStart.part.28.9464
 .text          0x0000000000084358      0x96f C:\Users\sato\AppData\Local\Temp\ccGYkqVN.ltrans5.ltrans.o
                0x0000000000084358                UART_vHandleUartInterrupt.7381
                0x00000000000843df                vXCV_IntHandlerPhy
                0x0000000000084491                vScanHandleTimer.16559
                0x0000000000084497                _ZN3mwx2L114processev_crtpINS0_9NwkSimpleEE14vProcessEvCoreEP8_tsEvent7teEventm.local.227
                0x000000000008454a                vXCV_IntHandlerBbc
                0x000000000008468d                _ZN3mwx2L114periph_twowire14cmd_tx_no_stopEb.isra.3.3075.constprop.343
                0x000000000008469b                _ZN3mwx2L114periph_twowire5writeEPKhh.local.190.constprop.338
                0x00000000000846ec                _ZN3mwx2L114periph_twowire12cmd_tx_startEv.isra.2.3073
                0x00000000000846fa                vTAIsetCapTime
                0x000000000008471b                vTAIsetRxEnableTime
                0x000000000008473c                vDoGoActive.23246
                0x000000000008475e                vTAMRXEint2Fired
                0x0000000000084794                _ZN3mwx2L115periph_analogue5setupEbhPFvvE.local.124.constprop.264
                0x000000000008482e                _ZL5delaym.3063
                0x0000000000084859                _ZL5delaym.3851
                0x0000000000084884                _ZL5delaym.4507
                0x00000000000848af                _ZN3mwx2L114periph_twowireC1Eh.local.76
                0x00000000000848ec                vMLMEbeaconNotify
                0x0000000000084a4a                vMCPSframeReceived
                0x0000000000084b0d                bAHI_ReadMACID
                0x0000000000084b53                _ZL17delayMicrosecondsm.3066.constprop.339
                0x0000000000084bd6                vTAHsetPhyState
                0x0000000000084c07                vTAMCOint2Fired
                0x0000000000084c27                vSetPHYfromMacValue.20080
                0x0000000000084c59                vTAMDEint1FiredWaitDR
                0x0000000000084c66                vTACsetPHYfromMacValue
                0x0000000000084c87                vTAMRXEsetReceiveForPibChange
 .text          0x0000000000084cc7      0x74a C:\Users\sato\AppData\Local\Temp\ccGYkqVN.ltrans6.ltrans.o
                0x0000000000084cc7                vHnd_E_STATE_RUNNING.29032
                0x0000000000084f12                SERIAL_vTxReady
                0x0000000000084f9a                _ZN3mwx2L110serial_jen6_beginEv.part.25.9078
                0x000000000008521f                _MWX_periph_init()
                0x0000000000085319                _ZN3mwx2L112periph_timer5beginEtbb.local.152.constprop.322
                0x00000000000853ed                _ZN3mwx2L112periph_timer10_on_wakeupEv.local.131
 .text.unlikely
                0x0000000000085411      0x178 C:\Users\sato\AppData\Local\Temp\ccGYkqVN.ltrans6.ltrans.o
                0x0000000000085481                bStartXtal32k.27562
 .text          0x0000000000085589      0xa40 C:\Users\sato\AppData\Local\Temp\ccGYkqVN.ltrans7.ltrans.o
                0x0000000000085589                vTACintRXheader
                0x0000000000085d84                eGenRxHdrDone.16953
                0x0000000000085d94                UART_vSetTxInterrupt
                0x0000000000085ddf                cbAppColdStart.part.32.9685
 .text          0x0000000000085fc9     0x110f C:\Users\sato\AppData\Local\Temp\ccGYkqVN.ltrans8.ltrans.o
                0x00000000000861c1                _ntoa_long_long.8318.constprop.374
                0x0000000000086296                _ntoa_long.8306.constprop.379
                0x0000000000086363                _etoa.8364.constprop.375
                0x000000000008670e                _ftoa.8344.constprop.377
                0x0000000000086a67                vMicroIntEnableOnly.constprop.372
                0x0000000000086a93                vMMAC_SetChannelAndPower
                0x0000000000086c3c                vPhySetChannel
                0x0000000000086c5b                QUEUE__u8RemoveItem.part.1.7456
                0x0000000000086c96                QUEUE__vAddItem.constprop.371
                0x0000000000086cc8                _ZN3mwx2L110twenet_mac8transmitERNS0_9packet_txE.local.32.constprop.361
                0x0000000000086ecd                _ToCoNet_bRfChChannel
                0x0000000000086f62                ToCoNet_ChMgr_bCh_Reconfig
                0x0000000000086fca                ToCoNet_ChMgr_vCh_TxFin
                0x0000000000086ff6                vHnd_E_STATE_WAIT_TX.29024
                0x0000000000087066                vHnd_E_STATE_IDLE.29016
                0x00000000000870ca                vAHI_ProtocolPower.constprop.357
 *fill*         0x00000000000870d8        0x0 00
 .text          0x00000000000870d8      0x9dc C:\Users\sato\AppData\Local\Temp\ccGYkqVN.ltrans9.ltrans.o
                0x00000000000870d8                eTAMselect
                0x0000000000087218                MAC_pvCtor
                0x0000000000087641                u32AppApiDefInit
                0x000000000008770c                _ToCoNet_vMacInit
                0x0000000000087772                _ToCoNet_vRfConfig
                0x000000000008790d                mwx::L1::NwkSimple::on_create(unsigned long&)
                0x000000000008795d                _ZN3mwx2L123twenet_instance_manager3useINS0_9NwkSimpleEEERT_Rm.local.157.constprop.348
 .text          0x0000000000087ab4      0xa84 C:\Users\sato\AppData\Local\Temp\ccGYkqVN.ltrans10.ltrans.o
                0x0000000000087ab4                vPostDcfm.16946
                0x0000000000087b88                AppWarmStart
                0x0000000000087c58                vSetNextChannel.16994
                0x0000000000087cb1                MAC_vHandleMlmeReqRsp
                0x0000000000088461                vTAMDEint1FiredTracking
                0x00000000000884d1                vTAMDEint1FiredSyncReq
 .text          0x0000000000088538      0x55c C:\Users\sato\AppData\Local\Temp\ccGYkqVN.ltrans11.ltrans.o
                0x0000000000088538                AppColdStart
 .text.unlikely
                0x0000000000088a94      0x43b C:\Users\sato\AppData\Local\Temp\ccGYkqVN.ltrans11.ltrans.o
                0x0000000000088a94                ToCoNet_vStart
 .text          0x0000000000088ecf      0xc27 C:\Users\sato\AppData\Local\Temp\ccGYkqVN.ltrans12.ltrans.o
                0x0000000000088ecf                vTAMRXEsetPhy
                0x0000000000088f92                vTimerStart
                0x0000000000089065                ToCoNet_vInit
                0x00000000000893a8                vExpireHead.26507
                0x00000000000893d8                _vsnprintf.constprop.373
                0x0000000000089a0d                _ZN3mwx2L19_printobj8do_printEPFvcPvES2_.local.220.constprop.368
                0x0000000000089a3e                _ZN3mwx2L111_printobj_1IcE9_do_printEPvPFvcS3_ES3_.local.233
                0x0000000000089a55                _ZN3mwx2L111_printobj_2IhPKcE9_do_printEPvPFvcS5_ES5_.local.222
                0x0000000000089a6c                MWX_DebugMsg
                0x0000000000089aad                _ZN3mwx2L114periph_twowire9busy_waitEv.isra.0.3071
 .text.unlikely
                0x0000000000089af6        0xf C:\Users\sato\AppData\Local\Temp\ccGYkqVN.ltrans12.ltrans.o
                0x0000000000089af6                u32AppQApiInitInt_PATCH
 .text          0x0000000000089b05      0xb25 C:\Users\sato\AppData\Local\Temp\ccGYkqVN.ltrans13.ltrans.o
                0x0000000000089c48                vHnd_E_STATE_FINISH_TX_FAIL.29001
                0x0000000000089cfe                vHnd_E_STATE_FINISH_TX_SUCCESS.29006
                0x0000000000089d90                bTAM_AES_CCMstarPatch
                0x000000000008a0ac                bTATsendFrame
                0x000000000008a0ff                vTrySendFromDirectCAP.19537
                0x000000000008a11a                vTrySendFromDirectNoBeacon.19541
                0x000000000008a145                vTAMCOint1Fired
                0x000000000008a261                vTAMCOstartBeacon
                0x000000000008a29c                vStartStoreValues.19605
                0x000000000008a353                bStartCallback.19634
                0x000000000008a382                vTAMCOint1FiredCAP
                0x000000000008a3f5                vTAMCOreqTXnoBeacon
                0x000000000008a407                vTAMCOreqTXinCAP
                0x000000000008a42d                vTrySendUnslotted.20082
                0x000000000008a447                bSendDataRequest.20084
                0x000000000008a559                bProcessBeaconRX.20087
 .text          0x000000000008a62a      0xb52 C:\Users\sato\AppData\Local\Temp\ccGYkqVN.ltrans14.ltrans.o
                0x000000000008a62a                TSV_eStart
                0x000000000008a70e                vTAMDEstartSync
                0x000000000008a78c                vDeterminePowerState.20204
                0x000000000008a80f                vTAMDEint1FiredTrackingBeacon
                0x000000000008a8af                vTAMDEint2FiredTrackingDR
                0x000000000008a8d4                vTAMDEframeTXtrackingDR
                0x000000000008a92d                vTAMDEint2FiredPollActive
                0x000000000008a961                vTAMDEreqTXnullTrackingCAP
                0x000000000008a97a                vTAM_TxRetryTimer
                0x000000000008a987                eTAStransmitRequest
                0x000000000008ad22                vPMICassocReqTO_1.15383
                0x000000000008adaa                vTAM_MCPSdataRequest
                0x000000000008aded                bTACcheckPANconflict
                0x000000000008aea6                TSV_eOpen
                0x000000000008aeae                vAppApiDefRestoreMacSettings
                0x000000000008af95                vAppApiDefSaveMacSettings
                0x000000000008aff2                mac_vLPBSleep
                0x000000000008b0b0                pvAppApiDefGetMacAddrLocation
                0x000000000008b0b9                eAppApiDefPlmeGet
                0x000000000008b10b                eAppApiDefPlmeSet
 .text          0x000000000008b17c      0x6b8 C:\Users\sato\AppData\Local\Temp\ccGYkqVN.ltrans15.ltrans.o
                0x000000000008b17c                _Z9vTransmitmhh.constprop.346
                0x000000000008b599                setup()
 .text          0x000000000008b834      0x709 C:\Users\sato\AppData\Local\Temp\ccGYkqVN.ltrans16.ltrans.o
                0x000000000008b834                _ZN3mwx2L112appdefs_crtpINS0_9NwkSimpleEE18_cbTweNet_vRxEventEPvRNS0_9packet_rxE.local.225
                0x000000000008bd82                SERIAL_bTxChar
                0x000000000008be33                TWETERM_iPutS.29390
                0x000000000008be58                TWETERM_iPutC.29394
                0x000000000008be69                TWETERM_vFlush.29367
                0x000000000008bee7                _ZN3mwx2L110serial_jen5writeEi.local.146
                0x000000000008bef6                _ZN3mwx2L16streamINS0_10serial_jenEElsERNS0_18MWX_Stream_EndLineE.isra.32.4135.constprop.313
                0x000000000008bf1a                _ZN3mwx2L16streamINS0_10serial_jenEE6_printEPKc.local.164.constprop.308
 .text          0x000000000008bf3d      0x8be C:\Users\sato\AppData\Local\Temp\ccGYkqVN.ltrans17.ltrans.o
                0x000000000008c12c                vTimerCallback.27538
                0x000000000008c137                pvHeap_Alloc
                0x000000000008c13b                u32AHI_Init
                0x000000000008c1fd                vMicroIntRestoreState
                0x000000000008c209                vAHI_TickTimerIntEnable
                0x000000000008c264                vAHI_TickTimerConfigure
                0x000000000008c27f                vAHI_DoSetDataOut
                0x000000000008c293                bAHI_DoEnableOutputs
                0x000000000008c2bc                u8AHI_WakeTimerFiredStatus
                0x000000000008c2d0                vAHI_WakeTimerStop.part.3.28223
                0x000000000008c2f0                mac_vLPBStopTimer
                0x000000000008c2fa                vAHI_UartSetClocksPerBit.part.18.28019
                0x000000000008c321                vAHI_UartSetRTSCTS.part.15.28004
                0x000000000008c348                vAHI_UartReset.part.4.27977
                0x000000000008c380                vAHI_UartSetControl.part.2.27961
                0x000000000008c3d1                vAHI_UartSetBaudDivisor.part.1.27957
                0x000000000008c410                vAHI_TimerStop.part.7.27787
                0x000000000008c42e                vAHI_TimerDisable.part.2.27766
                0x000000000008c451                vAHI_WatchdogStop
                0x000000000008c468                _ZN3mwx2L120periph_pulse_counter10_on_wakeupEv.part.18.9059
                0x000000000008c4de                u32AHI_DioWakeStatus
                0x000000000008c4ef                vAHI_DioWakeEnable
                0x000000000008c50f                vAHI_DioWakeEdge
                0x000000000008c52f                attachIntDio(unsigned char, mwx::L1::enum_wapper<PIN_INT_MODE::eMWX_DIO_INTMODE, unsigned char>)
                0x000000000008c55f                vAHI_DioSetPullup
                0x000000000008c57f                vAHI_DioSetOutput
                0x000000000008c593                _ZL12digitalWritehN3mwx2L111enum_wapperIN9PIN_STATE16eMWX_DIO_HIGHLOWEhEE.isra.1.1826
                0x000000000008c5cf                vAHI_DioSetDirection
                0x000000000008c5e3                vACI_OptimisedCcmStar
 .text.unlikely
                0x000000000008c7fb       0x24 C:\Users\sato\AppData\Local\Temp\ccGYkqVN.ltrans17.ltrans.o
                0x000000000008c7fb                vAHI_CpuDoze
                0x000000000008c80e                vStartXtal32kExternalRc.27552
 .text          0x000000000008c81f      0x6ca C:\Users\sato\AppData\Local\Temp\ccGYkqVN.ltrans18.ltrans.o
                0x000000000008c81f                mac_vLPBAdjustBeaconOffset
                0x000000000008c87c                mac_u32LPBGetBeaconTimeout
                0x000000000008c885                eWEnDTmrExpiry.16943
                0x000000000008c890                eWEnDEdDone.16940
                0x000000000008c8eb                eGenlDontCare.16937
                0x000000000008c8f0                eGenlIllegal.16562
                0x000000000008c8f7                u32GetTimer0
                0x000000000008c8fe                vSetTimer0
                0x000000000008c90d                _ZN3mwx2L112appdefs_crtpINS0_9NwkSimpleEE18_cbTweNet_vHwEventEPvmm.local.224
                0x000000000008c910                _ZN3mwx2L112appdefs_crtpINS0_9NwkSimpleEE17_cbTweNet_u8HwIntEPvmm.local.223
                0x000000000008c915                _out_fct.8270
                0x000000000008c927                _out_null.8276
                0x000000000008c92a                vOutputStream.8141
                0x000000000008c936                _ZN3mwx2L110serial_jen7vOutputEcPv.local.232
                0x000000000008c95d                vHandlerPatch.7254
                0x000000000008c994                _ZN3mwx2L114processev_crtpI9INTERRUPTE14vProcessEvCoreEP8_tsEvent7teEventm.local.182
                0x000000000008c997                _ZN3mwx2L112appdefs_crtpI9INTERRUPTE9_on_eventEPvmRm.local.183
                0x000000000008c99a                _ZN3mwx2L112appdefs_crtpI9INTERRUPTE18_cbTweNet_vTxEventEPvRNS0_12packet_ev_txE.local.184
                0x000000000008c99d                _ZN3mwx2L112appdefs_crtpI9INTERRUPTE18_cbTweNet_vRxEventEPvRNS0_9packet_rxE.local.185
                0x000000000008c9a0                _ZN3mwx2L112appdefs_crtpI9INTERRUPTE19_cbTweNet_vNwkEventEPvRNS0_13packet_ev_nwkE.local.186
                0x000000000008c9a3                _ZN3mwx2L112appdefs_crtpI9INTERRUPTE15_cbTweNet_vMainEPv.local.187
                0x000000000008c9a6                _ZN3mwx2L112appdefs_crtpINS0_9NwkSimpleEE18_cbTweNet_vTxEventEPvRNS0_12packet_ev_txE.local.221
                0x000000000008c9c0                _ZN3mwx2L112appdefs_crtpINS0_9NwkSimpleEE19_cbTweNet_vNwkEventEPvRNS0_13packet_ev_nwkE.local.228
                0x000000000008c9c9                _ZN3mwx2L112appdefs_crtpINS0_9NwkSimpleEE15_cbTweNet_vMainEPv.local.229
                0x000000000008c9cc                eScanHandleEvt.part.0.16973
                0x000000000008c9f5                mac_eDcfmIndPost
                0x000000000008ca16                mac_psDcfmIndGetBuf
                0x000000000008ca37                vPMICpostFailedAssocDcfm
                0x000000000008ca6f                vPMICassocReqTO_2.15390
                0x000000000008ca86                MAC_vPibSetPanId
                0x000000000008caa1                vHandleTofRequest.13496
                0x000000000008caa4                vAppApiDefSetPrbsSeed
                0x000000000008cac8                mwx::L1::duplciate_checker::_node_ele_init(mwx::L1::duplciate_checker::_node_ele*)
                0x000000000008cae6                _ZN3mwx2L113serial_parserINS0_10alloc_heapIhEEEC1Ev.local.52
                0x000000000008cb08                _ZN3mwx2L16twenetC1Ev.local.58
                0x000000000008cb9f                _ZN3mwx2L110serial_jenC1Eh.local.107
                0x000000000008cbcf                _ZN3mwx2L115periph_analogueC1Ev.local.125
                0x000000000008cbfa                _ZN3mwx2L112appdefs_virt8on_eventEmRm.local.134
                0x000000000008cc12                _ZN3mwx2L112appdefs_virt18cbToCoNet_vHwEventEmm.local.136
                0x000000000008cc2a                _ZN3mwx2L112appdefs_virt18cbToCoNet_vTxEventERNS0_12packet_ev_txE.local.137
                0x000000000008cc42                _ZN3mwx2L112appdefs_virt19cbToCoNet_vNwkEventERNS0_13packet_ev_nwkE.local.139
                0x000000000008cc5a                s_div_by
                0x000000000008cc8b                vTimerChangeHzCore.part.0.7533
                0x000000000008ccbf                u8CCITT8
                0x000000000008cce5                bAES_CCM_KeyReg
                0x000000000008cd24                bFifoPush.5955
                0x000000000008cd5d                vAppQApiPostMlme.5941
                0x000000000008cd7c                vAppQApiPostMcps.5948
                0x000000000008cd97                pvFifoPull.5952
                0x000000000008cdbe                psAppQApiGetMlmeBuffer.5938
                0x000000000008cdc6                psAppQApiGetMcpsBuffer.5945
                0x000000000008cdce                PRSEV_vSetState
                0x000000000008cdde                PRSEV_vProcessEv_core.4825
                0x000000000008ce80                PRSEV_vProcessEvPost
                0x000000000008ceb2                _PRSEV_vProcessEvSingle
                0x000000000008cebf                ToCoNet_vMacStart
                0x000000000008cecc                _ZN3mwx2L18_smplbufIhNS0_12alloc_attachIhEEE9push_backEOh.local.209
 .text.unlikely
                0x000000000008cee9       0x65 C:\Users\sato\AppData\Local\Temp\ccGYkqVN.ltrans18.ltrans.o
                0x000000000008cee9                _ZN3mwx2L112appdefs_virt18cbToCoNet_vRxEventERNS0_9packet_rxE.local.138
                0x000000000008cf01                PRSEV_u8Register
                0x000000000008cf3f                _PRSEV_vProcessEvSingleH
 *fill*         0x000000000008cf4e        0x2 00
 .text          0x000000000008cf50      0x63c C:\Users\sato\AppData\Local\Temp\ccGYkqVN.ltrans19.ltrans.o
                0x000000000008cf89                vAppQApiPostHwIntT.5934
                0x000000000008d05c                TWETERM_iGetC.29398
                0x000000000008d0cd                vRxChar.7279
                0x000000000008d11e                vTimerConfig
                0x000000000008d2af                MWX_Panic
                0x000000000008d313                _ZN3lcd5printEPKc.constprop.332
                0x000000000008d378                _ZN3lcd7commandEh.constprop.335
                0x000000000008d3ca                _ZN3lcd5cleanEv.constprop.330
                0x000000000008d3db                _ZN3lcd9setCursorEhh.constprop.334
                0x000000000008d408                _ZN3mwx2L110serial_jen13_set_baudrateEt.isra.2.9025
                0x000000000008d4b9                u8TAM_AES_WriteAuxilliarySecurityHeaderIntoBuffer
                0x000000000008d52b                u32AHI_ReadIndexSectorBits.constprop.254
 .text          0x000000000008d58c      0x557 C:\Users\sato\AppData\Local\Temp\ccGYkqVN.ltrans20.ltrans.o
                0x000000000008d58c                vAppApiDefMcpsRequest
                0x000000000008d5b7                vHnd_E_STATE_PREPARE_TX.29011
                0x000000000008daaf                vAppApiDefMlmeRequest
                0x000000000008dada                pvAppApiDefGetMacHandle
 *fill*         0x000000000008dae3        0x1 00
 .text.unlikely
                0x000000000008dae4      0x310 C:\Users\sato\AppData\Local\Temp\ccGYkqVN.ltrans20.ltrans.o
                0x000000000008db01                vProcessIncomingHwEvent.5204
 .text          0x000000000008ddf4      0x780 C:\Users\sato\AppData\Local\Temp\ccGYkqVN.ltrans21.ltrans.o
                0x000000000008ddf4                eGenTmrExpiry.17255
                0x000000000008de36                eWEDTEdDone.17258
                0x000000000008de5a                TSV_eStop
                0x000000000008df19                bPMICdisassocReqSent.15379
                0x000000000008dfd3                MAC_vHandleMcpsReqRsp
                0x000000000008e060                bMCPSframeTXcomplete.17990
                0x000000000008e0b5                bSendSyncLoss.22217
                0x000000000008e0cd                bPollReqSent.25813
                0x000000000008e0e5                bTASsendCommStatusInd
                0x000000000008e0fa                bAssocRespSent.15375
                0x000000000008e10d                eTACprocessFrameTXcomplete
                0x000000000008e289                vTAMCOframeTXnobeacon
                0x000000000008e29e                vTAMCOframeStarting
                0x000000000008e2b7                vTAMDEframeTXDEnull
                0x000000000008e2da                vTAMDEframeTXtrackingCAPgts
                0x000000000008e307                bPMICassocReqSent.15371
                0x000000000008e389                bPMICassocReqPollSent.15386
                0x000000000008e3dd                eWChCChanChgd.16970
 .text          0x000000000008e574      0x156 C:\Users\sato\AppData\Local\Temp\ccGYkqVN.ltrans22.ltrans.o
                0x000000000008e574                _ZN3mwx2L112appdefs_crtpINS0_9NwkSimpleEE9_on_eventEPvmRm.local.226
                0x000000000008e663                vProcessEvCoreMac
 .text          0x000000000008e6ca       0x25 c:/users/sato/documents/mwstage-2022-08_win10-1/mwstage/tools/ba-elf-ba2-r36379.w10/bin/../lib/gcc/ba-elf/4.7.4/../../../../ba-elf/lib/mcpu_jn51xx_sizeopt\libc.a(lib_a-memcmp.o)
                0x000000000008e6ca                memcmp
 .text          0x000000000008e6ef       0x39 c:/users/sato/documents/mwstage-2022-08_win10-1/mwstage/tools/ba-elf-ba2-r36379.w10/bin/../lib/gcc/ba-elf/4.7.4/mcpu_jn51xx_sizeopt\libgcc.a(_fixunsdfsi.o)
                0x000000000008e6ef                __fixunsdfsi
 .text          0x000000000008e728      0x350 c:/users/sato/documents/mwstage-2022-08_win10-1/mwstage/tools/ba-elf-ba2-r36379.w10/bin/../lib/gcc/ba-elf/4.7.4/mcpu_jn51xx_sizeopt\libgcc.a(_udivdi3.o)
                0x000000000008e728                __udivdi3
 .text          0x000000000008ea78      0x312 c:/users/sato/documents/mwstage-2022-08_win10-1/mwstage/tools/ba-elf-ba2-r36379.w10/bin/../lib/gcc/ba-elf/4.7.4/mcpu_jn51xx_sizeopt\libgcc.a(_umoddi3.o)
                0x000000000008ea78                __umoddi3
 .text          0x000000000008ed8a       0x27 C:/Users/sato/Documents/MWSTAGE-2022-08_win10-1/MWSTAGE/MWSDK/ChipLib/SW4063V1416/Components/Library\libHardwareApi_JN5169.a(AHI_Interrupt.o)
                0x000000000008ed8a                vAHI_InterruptSetPriority
                0x000000000008eda8                vAHI_InterruptSetActivePriorityLevel
 .text.vMicroSyscall
                0x000000000008edb1       0x17 C:/Users/sato/Documents/MWSTAGE-2022-08_win10-1/MWSTAGE/MWSDK/ChipLib/SW4063V1416/Components/Library\libMicroSpecific_JN516x.a(MicroSyscall_ba.o)
                0x000000000008edb1                vMicroSyscall
 .text          0x000000000008edc8       0x12 c:/users/sato/documents/mwstage-2022-08_win10-1/mwstage/tools/ba-elf-ba2-r36379.w10/bin/../lib/gcc/ba-elf/4.7.4/../../../../ba-elf/lib/mcpu_jn51xx_sizeopt\libc.a(lib_a-memset.o)
                0x000000000008edc8                memset
 .text          0x000000000008edda       0x84 c:/users/sato/documents/mwstage-2022-08_win10-1/mwstage/tools/ba-elf-ba2-r36379.w10/bin/../lib/gcc/ba-elf/4.7.4/../../../../ba-elf/lib/mcpu_jn51xx_sizeopt\libc.a(lib_a-sprintf.o)
                0x000000000008edda                _sprintf_r
                0x000000000008ee18                sprintf
 .text          0x000000000008ee5e       0x25 c:/users/sato/documents/mwstage-2022-08_win10-1/mwstage/tools/ba-elf-ba2-r36379.w10/bin/../lib/gcc/ba-elf/4.7.4/../../../../ba-elf/lib/mcpu_jn51xx_sizeopt\libc.a(lib_a-strcmp.o)
                0x000000000008ee5e                strcmp
 .text          0x000000000008ee83       0x15 c:/users/sato/documents/mwstage-2022-08_win10-1/mwstage/tools/ba-elf-ba2-r36379.w10/bin/../lib/gcc/ba-elf/4.7.4/../../../../ba-elf/lib/mcpu_jn51xx_sizeopt\libc.a(lib_a-strcpy.o)
                0x000000000008ee83                strcpy
 .text          0x000000000008ee98       0x12 c:/users/sato/documents/mwstage-2022-08_win10-1/mwstage/tools/ba-elf-ba2-r36379.w10/bin/../lib/gcc/ba-elf/4.7.4/../../../../ba-elf/lib/mcpu_jn51xx_sizeopt\libc.a(lib_a-strlen.o)
                0x000000000008ee98                strlen
 *fill*         0x000000000008eeaa        0x2 00
 .text          0x000000000008eeac     0x10e4 c:/users/sato/documents/mwstage-2022-08_win10-1/mwstage/tools/ba-elf-ba2-r36379.w10/bin/../lib/gcc/ba-elf/4.7.4/../../../../ba-elf/lib/mcpu_jn51xx_sizeopt\libc.a(lib_a-svfprintf.o)
                0x000000000008eeac                _svfprintf_r
 .text          0x000000000008ff90      0xd83 c:/users/sato/documents/mwstage-2022-08_win10-1/mwstage/tools/ba-elf-ba2-r36379.w10/bin/../lib/gcc/ba-elf/4.7.4/../../../../ba-elf/lib/mcpu_jn51xx_sizeopt\libc.a(lib_a-dtoa.o)
                0x00000000000900db                _dtoa_r
 .text          0x0000000000090d13       0x86 c:/users/sato/documents/mwstage-2022-08_win10-1/mwstage/tools/ba-elf-ba2-r36379.w10/bin/../lib/gcc/ba-elf/4.7.4/../../../../ba-elf/lib/mcpu_jn51xx_sizeopt\libc.a(lib_a-locale.o)
                0x0000000000090d13                _setlocale_r
                0x0000000000090d59                __locale_charset
                0x0000000000090d62                __locale_mb_cur_max
                0x0000000000090d6b                __locale_msgcharset
                0x0000000000090d74                __locale_cjk_lang
                0x0000000000090d79                _localeconv_r
                0x0000000000090d82                setlocale
                0x0000000000090d90                localeconv
 .text          0x0000000000090d99      0x4ba c:/users/sato/documents/mwstage-2022-08_win10-1/mwstage/tools/ba-elf-ba2-r36379.w10/bin/../lib/gcc/ba-elf/4.7.4/../../../../ba-elf/lib/mcpu_jn51xx_sizeopt\libc.a(lib_a-mallocr.o)
                0x0000000000090d99                _malloc_r
 .text          0x0000000000091253       0x19 c:/users/sato/documents/mwstage-2022-08_win10-1/mwstage/tools/ba-elf-ba2-r36379.w10/bin/../lib/gcc/ba-elf/4.7.4/../../../../ba-elf/lib/mcpu_jn51xx_sizeopt\libc.a(lib_a-memchr.o)
                0x0000000000091253                memchr
 .text          0x000000000009126c       0x19 c:/users/sato/documents/mwstage-2022-08_win10-1/mwstage/tools/ba-elf-ba2-r36379.w10/bin/../lib/gcc/ba-elf/4.7.4/../../../../ba-elf/lib/mcpu_jn51xx_sizeopt\libc.a(lib_a-memcpy.o)
 .text          0x0000000000091285        0x6 c:/users/sato/documents/mwstage-2022-08_win10-1/mwstage/tools/ba-elf-ba2-r36379.w10/bin/../lib/gcc/ba-elf/4.7.4/../../../../ba-elf/lib/mcpu_jn51xx_sizeopt\libc.a(lib_a-mlock.o)
                0x0000000000091285                __malloc_lock
                0x0000000000091288                __malloc_unlock
 .text          0x000000000009128b      0x8bb c:/users/sato/documents/mwstage-2022-08_win10-1/mwstage/tools/ba-elf-ba2-r36379.w10/bin/../lib/gcc/ba-elf/4.7.4/../../../../ba-elf/lib/mcpu_jn51xx_sizeopt\libc.a(lib_a-mprec.o)
                0x000000000009128b                _Balloc
                0x00000000000912e3                _Bfree
                0x00000000000912fd                __multadd
                0x000000000009138a                __s2b
                0x0000000000091417                __hi0bits
                0x000000000009146c                __lo0bits
                0x00000000000914e5                __i2b
                0x00000000000914fa                __multiply
                0x000000000009163b                __pow5mult
                0x00000000000916ba                __lshift
                0x000000000009176e                __mcmp
                0x00000000000917ad                __mdiff
                0x000000000009188f                __ulp
                0x00000000000918d3                __b2d
                0x0000000000091976                __d2b
                0x0000000000091a35                __ratio
                0x0000000000091a85                _mprec_log10
                0x0000000000091ab9                __copybits
                0x0000000000091af2                __any_on
 .text          0x0000000000091b46       0x23 c:/users/sato/documents/mwstage-2022-08_win10-1/mwstage/tools/ba-elf-ba2-r36379.w10/bin/../lib/gcc/ba-elf/4.7.4/../../../../ba-elf/lib/mcpu_jn51xx_sizeopt\libc.a(lib_a-sbrkr.o)
                0x0000000000091b46                _sbrk_r
 .text          0x0000000000091b69       0x5c c:/users/sato/documents/mwstage-2022-08_win10-1/mwstage/tools/ba-elf-ba2-r36379.w10/bin/../lib/gcc/ba-elf/4.7.4/../../../../ba-elf/lib/mcpu_jn51xx_sizeopt\libc.a(lib_a-s_fpclassify.o)
                0x0000000000091b69                __fpclassifyd
 .text          0x0000000000091bc5      0x8f1 c:/users/sato/documents/mwstage-2022-08_win10-1/mwstage/tools/ba-elf-ba2-r36379.w10/bin/../lib/gcc/ba-elf/4.7.4/../../../../ba-elf/lib/mcpu_jn51xx_sizeopt\libc.a(lib_a-svfiprintf.o)
                0x0000000000091bc5                __ssprint_r
                0x0000000000091ce9                _svfiprintf_r
 .text          0x00000000000924b6       0x64 c:/users/sato/documents/mwstage-2022-08_win10-1/mwstage/tools/ba-elf-ba2-r36379.w10/bin/../lib/gcc/ba-elf/4.7.4/../../../../ba-elf/lib/mcpu_jn51xx_sizeopt\libc.a(lib_a-callocr.o)
                0x00000000000924b6                _calloc_r
 .text          0x000000000009251a      0x271 c:/users/sato/documents/mwstage-2022-08_win10-1/mwstage/tools/ba-elf-ba2-r36379.w10/bin/../lib/gcc/ba-elf/4.7.4/../../../../ba-elf/lib/mcpu_jn51xx_sizeopt\libc.a(lib_a-freer.o)
                0x000000000009251a                _malloc_trim_r
                0x00000000000925ce                _free_r
 .text          0x000000000009278b      0x1d0 c:/users/sato/documents/mwstage-2022-08_win10-1/mwstage/tools/ba-elf-ba2-r36379.w10/bin/../lib/gcc/ba-elf/4.7.4/../../../../ba-elf/lib/mcpu_jn51xx_sizeopt\libc.a(lib_a-glue.o)
                0x000000000009278b                _read
                0x00000000000927a5                _write
                0x00000000000927bf                _open
                0x00000000000927d9                _close
                0x00000000000927f3                _isatty
                0x000000000009280e                _lseek
                0x0000000000092829                _fstat
                0x0000000000092844                _times
                0x000000000009285f                _time
                0x000000000009287a                _creat
                0x0000000000092895                _link
                0x00000000000928b0                _unlink
                0x00000000000928cb                _fork
                0x00000000000928e5                isatty
                0x00000000000928e7                __unlink
                0x00000000000928e9                _exit
                0x00000000000928ed                _kill
                0x00000000000928f1                _getpid
                0x00000000000928f6                _sbrk
 .text          0x000000000009295b       0x44 c:/users/sato/documents/mwstage-2022-08_win10-1/mwstage/tools/ba-elf-ba2-r36379.w10/bin/../lib/gcc/ba-elf/4.7.4/../../../../ba-elf/lib/mcpu_jn51xx_sizeopt\libc.a(lib_a-memmove.o)
                0x000000000009295b                memmove
 .text          0x000000000009299f      0x33c c:/users/sato/documents/mwstage-2022-08_win10-1/mwstage/tools/ba-elf-ba2-r36379.w10/bin/../lib/gcc/ba-elf/4.7.4/../../../../ba-elf/lib/mcpu_jn51xx_sizeopt\libc.a(lib_a-reallocr.o)
                0x000000000009299f                _realloc_r
 .text          0x0000000000092cdb        0x9 c:/users/sato/documents/mwstage-2022-08_win10-1/mwstage/tools/ba-elf-ba2-r36379.w10/bin/../lib/gcc/ba-elf/4.7.4/../../../../ba-elf/lib/mcpu_jn51xx_sizeopt\libc.a(lib_a-errno.o)
                0x0000000000092cdb                __errno
 .text          0x0000000000092ce4      0x204 c:/users/sato/documents/mwstage-2022-08_win10-1/mwstage/tools/ba-elf-ba2-r36379.w10/bin/../lib/gcc/ba-elf/4.7.4/mcpu_jn51xx_sizeopt\libgcc.a(__udivsi3.o)
                0x0000000000092ce4                __udivsi3
 .text          0x0000000000092ee8       0x30 c:/users/sato/documents/mwstage-2022-08_win10-1/mwstage/tools/ba-elf-ba2-r36379.w10/bin/../lib/gcc/ba-elf/4.7.4/mcpu_jn51xx_sizeopt\libgcc.a(__divsi3.o)
                0x0000000000092ee8                __divsi3
 .text          0x0000000000092f18      0x1b0 c:/users/sato/documents/mwstage-2022-08_win10-1/mwstage/tools/ba-elf-ba2-r36379.w10/bin/../lib/gcc/ba-elf/4.7.4/mcpu_jn51xx_sizeopt\libgcc.a(__umodsi3.o)
                0x0000000000092f18                __umodsi3
 .text          0x00000000000930c8       0x24 c:/users/sato/documents/mwstage-2022-08_win10-1/mwstage/tools/ba-elf-ba2-r36379.w10/bin/../lib/gcc/ba-elf/4.7.4/mcpu_jn51xx_sizeopt\libgcc.a(__modsi3.o)
                0x00000000000930c8                __modsi3
 .text          0x00000000000930ec      0x682 c:/users/sato/documents/mwstage-2022-08_win10-1/mwstage/tools/ba-elf-ba2-r36379.w10/bin/../lib/gcc/ba-elf/4.7.4/mcpu_jn51xx_sizeopt\libgcc.a(adddf3.o)
                0x00000000000930ec                __adddf3
 *fill*         0x000000000009376e        0x2 00
 .text          0x0000000000093770      0x5c8 c:/users/sato/documents/mwstage-2022-08_win10-1/mwstage/tools/ba-elf-ba2-r36379.w10/bin/../lib/gcc/ba-elf/4.7.4/mcpu_jn51xx_sizeopt\libgcc.a(divdf3.o)
                0x0000000000093770                __divdf3
 .text          0x0000000000093d38       0x7f c:/users/sato/documents/mwstage-2022-08_win10-1/mwstage/tools/ba-elf-ba2-r36379.w10/bin/../lib/gcc/ba-elf/4.7.4/mcpu_jn51xx_sizeopt\libgcc.a(eqdf2.o)
                0x0000000000093d38                __nedf2
                0x0000000000093d38                __eqdf2
 .text          0x0000000000093db7       0xca c:/users/sato/documents/mwstage-2022-08_win10-1/mwstage/tools/ba-elf-ba2-r36379.w10/bin/../lib/gcc/ba-elf/4.7.4/mcpu_jn51xx_sizeopt\libgcc.a(gedf2.o)
                0x0000000000093db7                __gedf2
                0x0000000000093db7                __gtdf2
 .text          0x0000000000093e81       0xcb c:/users/sato/documents/mwstage-2022-08_win10-1/mwstage/tools/ba-elf-ba2-r36379.w10/bin/../lib/gcc/ba-elf/4.7.4/mcpu_jn51xx_sizeopt\libgcc.a(ledf2.o)
                0x0000000000093e81                __ledf2
                0x0000000000093e81                __ltdf2
 .text          0x0000000000093f4c      0x488 c:/users/sato/documents/mwstage-2022-08_win10-1/mwstage/tools/ba-elf-ba2-r36379.w10/bin/../lib/gcc/ba-elf/4.7.4/mcpu_jn51xx_sizeopt\libgcc.a(muldf3.o)
                0x0000000000093f4c                __muldf3
 .text          0x00000000000943d4      0x693 c:/users/sato/documents/mwstage-2022-08_win10-1/mwstage/tools/ba-elf-ba2-r36379.w10/bin/../lib/gcc/ba-elf/4.7.4/mcpu_jn51xx_sizeopt\libgcc.a(subdf3.o)
                0x00000000000943d4                __subdf3
 .text          0x0000000000094a67       0x64 c:/users/sato/documents/mwstage-2022-08_win10-1/mwstage/tools/ba-elf-ba2-r36379.w10/bin/../lib/gcc/ba-elf/4.7.4/mcpu_jn51xx_sizeopt\libgcc.a(fixdfsi.o)
                0x0000000000094a67                __fixdfsi
 .text          0x0000000000094acb       0x61 c:/users/sato/documents/mwstage-2022-08_win10-1/mwstage/tools/ba-elf-ba2-r36379.w10/bin/../lib/gcc/ba-elf/4.7.4/mcpu_jn51xx_sizeopt\libgcc.a(floatsidf.o)
                0x0000000000094acb                __floatsidf
 .text          0x0000000000094b2c       0x4f c:/users/sato/documents/mwstage-2022-08_win10-1/mwstage/tools/ba-elf-ba2-r36379.w10/bin/../lib/gcc/ba-elf/4.7.4/mcpu_jn51xx_sizeopt\libgcc.a(floatunsidf.o)
                0x0000000000094b2c                __floatunsidf
                0x0000000000094b7b                _flash_end = ABSOLUTE (.)

.rela.dyn       0x0000000000094b7c        0x0
 .rela.text     0x0000000000000000        0x0 c:/users/sato/documents/mwstage-2022-08_win10-1/mwstage/tools/ba-elf-ba2-r36379.w10/bin/../lib/gcc/ba-elf/4.7.4/../../../../ba-elf/lib/mcpu_jn51xx_sizeopt\libc.a(lib_a-sprintf.o)
 .rela.rodata   0x0000000000000000        0x0 c:/users/sato/documents/mwstage-2022-08_win10-1/mwstage/tools/ba-elf-ba2-r36379.w10/bin/../lib/gcc/ba-elf/4.7.4/../../../../ba-elf/lib/mcpu_jn51xx_sizeopt\libc.a(lib_a-sprintf.o)
 .rela.data     0x0000000000000000        0x0 c:/users/sato/documents/mwstage-2022-08_win10-1/mwstage/tools/ba-elf-ba2-r36379.w10/bin/../lib/gcc/ba-elf/4.7.4/../../../../ba-elf/lib/mcpu_jn51xx_sizeopt\libc.a(lib_a-sprintf.o)
 .rela.text.unlikely
                0x0000000000000000        0x0 c:/users/sato/documents/mwstage-2022-08_win10-1/mwstage/tools/ba-elf-ba2-r36379.w10/bin/../lib/gcc/ba-elf/4.7.4/../../../../ba-elf/lib/mcpu_jn51xx_sizeopt\libc.a(lib_a-sprintf.o)
                0x000000000400004c                . = ORIGIN (ram)

.data           0x000000000400004c      0x8d0 load address 0x0000000000094b7c
                0x000000000400004c                _ram_data_start = ABSOLUTE (.)
 *(.data*)
 .data          0x000000000400004c        0x2 C:\Users\sato\AppData\Local\Temp\ccGYkqVN.ltrans0.ltrans.o
 *fill*         0x000000000400004e        0x2 00
 .data          0x0000000004000050        0x8 C:\Users\sato\AppData\Local\Temp\ccGYkqVN.ltrans3.ltrans.o
                0x0000000004000050                u32HeapStart
 .data          0x0000000004000058        0x1 C:\Users\sato\AppData\Local\Temp\ccGYkqVN.ltrans6.ltrans.o
 .data          0x0000000004000059        0x1 C:\Users\sato\AppData\Local\Temp\ccGYkqVN.ltrans7.ltrans.o
                0x0000000004000059                _toconet_tx_u8_init_queue_flag
 .data          0x000000000400005a        0x1 C:\Users\sato\AppData\Local\Temp\ccGYkqVN.ltrans9.ltrans.o
 .data.initinboot
                0x000000000400005b        0x1 C:\Users\sato\AppData\Local\Temp\ccGYkqVN.ltrans9.ltrans.o
                0x000000000400005b                gMAC_u8MaxBuffers
 .data          0x000000000400005c        0x1 C:\Users\sato\AppData\Local\Temp\ccGYkqVN.ltrans20.ltrans.o
                0x000000000400005c                u8TxWkrNow.29134
 *fill*         0x000000000400005d        0x3 00
 .data          0x0000000004000060      0x430 c:/users/sato/documents/mwstage-2022-08_win10-1/mwstage/tools/ba-elf-ba2-r36379.w10/bin/../lib/gcc/ba-elf/4.7.4/../../../../ba-elf/lib/mcpu_jn51xx_sizeopt\libc.a(lib_a-impure.o)
                0x0000000004000060                _impure_ptr
 .data          0x0000000004000490       0x7c c:/users/sato/documents/mwstage-2022-08_win10-1/mwstage/tools/ba-elf-ba2-r36379.w10/bin/../lib/gcc/ba-elf/4.7.4/../../../../ba-elf/lib/mcpu_jn51xx_sizeopt\libc.a(lib_a-locale.o)
                0x0000000004000490                __mb_cur_max
 .data          0x000000000400050c      0x410 c:/users/sato/documents/mwstage-2022-08_win10-1/mwstage/tools/ba-elf-ba2-r36379.w10/bin/../lib/gcc/ba-elf/4.7.4/../../../../ba-elf/lib/mcpu_jn51xx_sizeopt\libc.a(lib_a-mallocr.o)
                0x000000000400050c                __malloc_sbrk_base
                0x0000000004000510                __malloc_trim_threshold
                0x0000000004000514                __malloc_av_
 *(.data.*)
                0x000000000400091c                . = ALIGN (0x4)
                0x000000000400091c                _ram_data_end = ABSOLUTE (.)

.bss            0x000000000400091c     0x171c load address 0x000000000009544c
                0x000000000400091c                _bss_start = ABSOLUTE (.)
 *(.bss*)
 .bss           0x000000000400091c       0xb0 C:\Users\sato\AppData\Local\Temp\ccGYkqVN.ltrans0.ltrans.o
                0x000000000400091c                sMcpsIndQueue.6173
                0x000000000400092c                sMcpsIndBufferQueue.6171
                0x000000000400093c                sMlmeIndQueue.6174
                0x000000000400094c                sMlmeIndBufferQueue.6172
                0x000000000400095c                sHwIndQueue.6175
                0x000000000400096c                sHwIndBufferQueue.6176
                0x000000000400097c                _u32_INT_adc_comp
                0x0000000004000980                _u32_INT_ticktimer
                0x0000000004000984                rx_timestamp
                0x0000000004000988                rx_volt2
                0x000000000400098a                rx_volt1
                0x000000000400098c                rx_status
                0x000000000400098d                communication_established_check_flg
                0x0000000004000990                the_vsettings
                0x0000000004000994                the_vhw
                0x0000000004000998                the_vapp
                0x000000000400099c                the_vnet2
                0x00000000040009a0                the_vnet
                0x00000000040009a4                EM_btn_wait_status
                0x00000000040009a5                current_mode
                0x00000000040009a6                next_mode
                0x00000000040009a8                Timer1
                0x00000000040009b0                release_signal_send_flg
                0x00000000040009b4                Timer4
                0x00000000040009bc                _periph_availmap
 .bss           0x00000000040009cc       0x40 C:\Users\sato\AppData\Local\Temp\ccGYkqVN.ltrans1.ltrans.o
                0x00000000040009cc                g_sLP
                0x0000000004000a08                g_pvMac
 .bss.initinboot
                0x0000000004000a0c      0x1c0 C:\Users\sato\AppData\Local\Temp\ccGYkqVN.ltrans1.ltrans.o
                0x0000000004000a0c                g_sMac
 .bss           0x0000000004000bcc        0x8 C:\Users\sato\AppData\Local\Temp\ccGYkqVN.ltrans2.ltrans.o
 .bss           0x0000000004000bd4        0x2 C:\Users\sato\AppData\Local\Temp\ccGYkqVN.ltrans3.ltrans.o
 *fill*         0x0000000004000bd6        0x2 00
 .bss.dontinitinboot
                0x0000000004000bd8        0x4 C:\Users\sato\AppData\Local\Temp\ccGYkqVN.ltrans3.ltrans.o
 .bss           0x0000000004000bdc       0xb6 C:\Users\sato\AppData\Local\Temp\ccGYkqVN.ltrans4.ltrans.o
 *fill*         0x0000000004000c92        0x2 00
 .bss           0x0000000004000c94       0x20 C:\Users\sato\AppData\Local\Temp\ccGYkqVN.ltrans5.ltrans.o
                0x0000000004000c94                sAppHousekeeping
                0x0000000004000cac                prApAppCallback.27292
                0x0000000004000cb0                bIntEnableFlag.27289
 .bss           0x0000000004000cb4       0x88 C:\Users\sato\AppData\Local\Temp\ccGYkqVN.ltrans6.ltrans.o
                0x0000000004000cb4                TxWorker_u8Num.29091
                0x0000000004000cb8                apfTimerAppCallback.27943
                0x0000000004000ccc                au16TimerSettings.27892
                0x0000000004000cd6                gbTimeOutFlag.27730
                0x0000000004000cd8                prUart1AppCallback.28198
                0x0000000004000cdc                prUart0AppCallback.28197
                0x0000000004000ce0                sOpt.7430
                0x0000000004000cf0                _psSerial
 .bss           0x0000000004000d3c      0x638 C:\Users\sato\AppData\Local\Temp\ccGYkqVN.ltrans7.ltrans.o
                0x0000000004000d3c                asUARTS.7423
 .bss           0x0000000004001374       0x24 C:\Users\sato\AppData\Local\Temp\ccGYkqVN.ltrans8.ltrans.o
                0x0000000004001374                pvPostFunc.4906
                0x0000000004001378                u32PostArg.4905
                0x000000000400137c                evPost.4904
 .bss           0x0000000004001398       0x24 C:\Users\sato\AppData\Local\Temp\ccGYkqVN.ltrans9.ltrans.o
                0x0000000004001398                i8TxPower.18790
                0x000000000400139c                g_sXcv
                0x00000000040013a0                prMcpsRequest.12384
                0x00000000040013a4                prMlmeRequest.12383
                0x00000000040013a8                prOriginalHandler.7258
 .bss.initinboot
                0x00000000040013bc        0x8 C:\Users\sato\AppData\Local\Temp\ccGYkqVN.ltrans9.ltrans.o
                0x00000000040013bc                g_u32MacAddrLocation
                0x00000000040013c0                prvUserTxStartedCallback
 .bss           0x00000000040013c4       0x90 C:\Users\sato\AppData\Local\Temp\ccGYkqVN.ltrans10.ltrans.o
                0x00000000040013c4                _ZL5_vcbs.9837
                0x00000000040013d8                sToCoNet_AppContext
                0x00000000040013f4                sToCoNet_Context
                0x000000000400143c                sAssocSecurity.16000
                0x0000000004001448                g_bJenieBackwardsCompatibilityMode
 .bss           0x0000000004001454      0x290 C:\Users\sato\AppData\Local\Temp\ccGYkqVN.ltrans11.ltrans.o
                0x0000000004001454                u8AppId_Pkt_head.7127
                0x0000000004001458                u32AppId.7124
                0x000000000400145c                u32MyAddr.7126
                0x0000000004001460                bRxQueue_Init.7125
                0x0000000004001464                psRxQueueList.7123
                0x0000000004001478                asEventHandler.4892
                0x0000000004001518                sEvVars
                0x0000000004001534                u32TickCount_ms
                0x0000000004001538                au8Txdatabuff_idx_sTxQueue
                0x000000000400153c                u8TxBuffSiz_sTxQueue
                0x0000000004001540                sTxdatabuff_sTxQueue
                0x0000000004001544                sTxQueue
                0x0000000004001560                au8Rxdatabuff_idx_sRxQueue
                0x0000000004001564                u8RxBuffSiz_sRxQueue
                0x0000000004001568                sRxdatabuff_sRxQueue
                0x000000000400156c                sRxQueue
                0x0000000004001588                au8Rxdatabuff_idx_sRxQueueCmd
                0x000000000400158c                u8RxBuffSiz_sRxQueueCmd
                0x0000000004001590                sRxdatabuff_sRxQueueCmd
                0x0000000004001594                sRxQueueCmd.5343
                0x00000000040015b0                sContext.7248
                0x00000000040015dc                the_twelite
                0x0000000004001674                TWENET_u8RFdevice_minor.6548
                0x0000000004001675                TWENET_u8RFdevice_major.6547
                0x0000000004001676                _TWENET_TX_POWER_MAX
                0x0000000004001678                sToCoNet_Modules
 .bss           0x00000000040016e4      0x71c C:\Users\sato\AppData\Local\Temp\ccGYkqVN.ltrans12.ltrans.o
                0x00000000040016e4                prSpiAppCallback.27526
                0x00000000040016e8                prSiAppCallback.28761
                0x00000000040016ec                prAppMcpsCallback.6177
                0x00000000040016f0                prAppMlmeCallback.6178
                0x00000000040016f4                bTxEventQueued.23112
                0x00000000040016f5                u8TxEventStatus.23113
 .bss.initinboot
                0x0000000004001e00        0x4 C:\Users\sato\AppData\Local\Temp\ccGYkqVN.ltrans12.ltrans.o
                0x0000000004001e00                prSysCtrlAppCallback.27734
 .bss.dontinitinboot
                0x0000000004001e04        0x1 C:\Users\sato\AppData\Local\Temp\ccGYkqVN.ltrans13.ltrans.o
                0x0000000004001e04                u8SecurityMode.25280
 *fill*         0x0000000004001e05        0x3 00
 .bss           0x0000000004001e08       0x1c C:\Users\sato\AppData\Local\Temp\ccGYkqVN.ltrans14.ltrans.o
 .bss.initinboot
                0x0000000004001e24        0x1 C:\Users\sato\AppData\Local\Temp\ccGYkqVN.ltrans14.ltrans.o
 *fill*         0x0000000004001e25        0x3 00
 .bss           0x0000000004001e28       0x94 C:\Users\sato\AppData\Local\Temp\ccGYkqVN.ltrans15.ltrans.o
                0x0000000004001e28                Wire
                0x0000000004001e40                Timer3
                0x0000000004001e48                Timer2
                0x0000000004001e50                Timer0
                0x0000000004001e58                the_mac
                0x0000000004001e74                Serial
                0x0000000004001e94                lcd_control
                0x0000000004001e98                lcd_data_buf1
 .bss           0x0000000004001ebc       0xc0 C:\Users\sato\AppData\Local\Temp\ccGYkqVN.ltrans16.ltrans.o
                0x0000000004001ebc                _SERIAL_bmTxIntEnabled
                0x0000000004001ec0                asSerialPorts
                0x0000000004001ef8                sSerCmd_P3.8093
                0x0000000004001f04                Analogue
                0x0000000004001f1c                SPI
                0x0000000004001f20                SerialParser
                0x0000000004001f5c                Serial1
 .bss           0x0000000004001f7c        0x4 C:\Users\sato\AppData\Local\Temp\ccGYkqVN.ltrans17.ltrans.o
 .bss           0x0000000004001f80        0x8 C:\Users\sato\AppData\Local\Temp\ccGYkqVN.ltrans19.ltrans.o
                0x0000000004001f80                prAppHwCallback.6179
                0x0000000004001f84                prTickTimeAppCallback
 .bss           0x0000000004001f88       0x20 C:\Users\sato\AppData\Local\Temp\ccGYkqVN.ltrans20.ltrans.o
                0x0000000004001f88                Buttons
                0x0000000004001f90                PulseCounter1
                0x0000000004001f94                PulseCounter0
                0x0000000004001f98                sCh_Context.5811
                0x0000000004001f9c                asTx.29090
 .bss           0x0000000004001fa8       0x14 C:\Users\sato\AppData\Local\Temp\ccGYkqVN.ltrans21.ltrans.o
                0x0000000004001fa8                s_sTimerList
                0x0000000004001fb8                u8AssocResponsesInProgress.15999
 .bss.dontinitinboot
                0x0000000004001fbc       0x40 C:/Users/sato/Documents/MWSTAGE-2022-08_win10-1/MWSTAGE/MWSDK/ChipLib/SW4063V1416/Components/Library\libBoot_JN516x.a(ExceptionHandler.o)
                0x0000000004001fbc                isr_handlers
 .bss           0x0000000004001ffc       0x34 c:/users/sato/documents/mwstage-2022-08_win10-1/mwstage/tools/ba-elf-ba2-r36379.w10/bin/../lib/gcc/ba-elf/4.7.4/../../../../ba-elf/lib/mcpu_jn51xx_sizeopt\libc.a(lib_a-mallocr.o)
                0x0000000004001ffc                __malloc_current_mallinfo
                0x0000000004002024                __malloc_max_total_mem
                0x0000000004002028                __malloc_max_sbrked_mem
                0x000000000400202c                __malloc_top_pad
 .bss           0x0000000004002030        0x4 c:/users/sato/documents/mwstage-2022-08_win10-1/mwstage/tools/ba-elf-ba2-r36379.w10/bin/../lib/gcc/ba-elf/4.7.4/../../../../ba-elf/lib/mcpu_jn51xx_sizeopt\libc.a(lib_a-glue.o)
 *(.bss.*)
 *(.scommon*)
 .scommon       0x0000000004002034        0x4 c:/users/sato/documents/mwstage-2022-08_win10-1/mwstage/tools/ba-elf-ba2-r36379.w10/bin/../lib/gcc/ba-elf/4.7.4/../../../../ba-elf/lib/mcpu_jn51xx_sizeopt\libc.a(lib_a-reent.o)
                0x0000000004002034                errno
 *(.scommon.*)
 *(COMMON)
                0x0000000004002038                . = ALIGN (0x4)
                0x0000000004002038                _bss_end = ABSOLUTE (.)
                0x0000000004002038                end = .

.heap           0x0000000004002038      0xd16 load address 0x0000000000096b68
                0x0000000004002038                _heap_start = ABSOLUTE (.)
                0x0000000004002d4e                . = (. + __minimum_heap_size)
 *fill*         0x0000000004002038      0xd16 00

.stack          0x0000000004007800      0x800 load address 0x000000000009c330
                0x0000000004007800                _heap_end = ABSOLUTE (.)
                0x0000000004007800                _stack_low_water_mark = ABSOLUTE (.)
                0x0000000004008000                . = (. + __stack_size)
 *fill*         0x0000000004007800      0x800 00
                0x0000000004008000                _stack = .

.test           0x000000000009544c        0x1
                0x000000000009544c        0x1 BYTE 0xff
                0x0000000000094b7c                _flash_data_start = LOADADDR (.data)
                0x00000000000008d0                _ram_data_len = (((_ram_data_end - _ram_data_start) + 0x3) & 0xfffffffffffffffc)
                0x000000000000171c                _bss_len = (((_bss_end - _bss_start) + 0x3) & 0xfffffffffffffffc)
                0x000000000001544c                _image_len = ((((_flash_end - _flash_start) + _ram_data_len) + 0x3) & 0xfffffffffffffffc)
                0x0000000004008000                _ram_top = (ABSOLUTE (ORIGIN (ram)) + 0x7fb4)
                0x0000000004008000                ram_top = (ABSOLUTE (ORIGIN (ram)) + 0x7fb4)
                0x0000000001001580                _app_ram_start = 0x1001580
                0x0000000004000050                PROVIDE (_heap_location, u32HeapStart)
                0x0000000004000050                PROVIDE (heap_location, u32HeapStart)
                0x000000000008aea6                TSV_eOpenVector = TSV_eOpen
                0x000000000008a62a                TSV_eStartVector = TSV_eStart
                0x000000000008de5a                TSV_eStopVector = TSV_eStop
                0x000000000008dada                pvAppApiGetMacHandle = pvAppApiDefGetMacHandle
                0x0000000000087641                u32AppApiInit = u32AppApiDefInit
                0x000000000008daaf                vAppApiMlmeRequest = vAppApiDefMlmeRequest
                0x000000000008d58c                vAppApiMcpsRequest = vAppApiDefMcpsRequest
                0x000000000008b10b                eAppApiPlmeSet = eAppApiDefPlmeSet
                0x000000000008b0b9                eAppApiPlmeGet = eAppApiDefPlmeGet
                0x000000000008b0b0                pvAppApiGetMacAddrLocation = pvAppApiDefGetMacAddrLocation
                0x000000000008af95                vAppApiSaveMacSettings = vAppApiDefSaveMacSettings
                0x000000000008aeae                vAppApiRestoreMacSettings = vAppApiDefRestoreMacSettings
OUTPUT(objs_RED/Wireless_EM_Switch_RED_L1305_V0-1-0.elf elf32-ba)

.comment        0x0000000000000000       0x11
 .comment       0x0000000000000000       0x12 C:\Users\sato\AppData\Local\Temp\ccGYkqVN.ltrans0.ltrans.o
 .comment       0x0000000000000000       0x12 C:\Users\sato\AppData\Local\Temp\ccGYkqVN.ltrans1.ltrans.o
 .comment       0x0000000000000000       0x12 C:\Users\sato\AppData\Local\Temp\ccGYkqVN.ltrans2.ltrans.o
 .comment       0x0000000000000000       0x12 C:\Users\sato\AppData\Local\Temp\ccGYkqVN.ltrans3.ltrans.o
 .comment       0x0000000000000000       0x12 C:\Users\sato\AppData\Local\Temp\ccGYkqVN.ltrans4.ltrans.o
 .comment       0x0000000000000000       0x12 C:\Users\sato\AppData\Local\Temp\ccGYkqVN.ltrans5.ltrans.o
 .comment       0x0000000000000000       0x12 C:\Users\sato\AppData\Local\Temp\ccGYkqVN.ltrans6.ltrans.o
 .comment       0x0000000000000000       0x12 C:\Users\sato\AppData\Local\Temp\ccGYkqVN.ltrans7.ltrans.o
 .comment       0x0000000000000000       0x12 C:\Users\sato\AppData\Local\Temp\ccGYkqVN.ltrans8.ltrans.o
 .comment       0x0000000000000000       0x12 C:\Users\sato\AppData\Local\Temp\ccGYkqVN.ltrans9.ltrans.o
 .comment       0x0000000000000000       0x12 C:\Users\sato\AppData\Local\Temp\ccGYkqVN.ltrans10.ltrans.o
 .comment       0x0000000000000000       0x12 C:\Users\sato\AppData\Local\Temp\ccGYkqVN.ltrans11.ltrans.o
 .comment       0x0000000000000000       0x12 C:\Users\sato\AppData\Local\Temp\ccGYkqVN.ltrans12.ltrans.o
 .comment       0x0000000000000000       0x12 C:\Users\sato\AppData\Local\Temp\ccGYkqVN.ltrans13.ltrans.o
 .comment       0x0000000000000000       0x12 C:\Users\sato\AppData\Local\Temp\ccGYkqVN.ltrans14.ltrans.o
 .comment       0x0000000000000000       0x12 C:\Users\sato\AppData\Local\Temp\ccGYkqVN.ltrans15.ltrans.o
 .comment       0x0000000000000000       0x12 C:\Users\sato\AppData\Local\Temp\ccGYkqVN.ltrans16.ltrans.o
 .comment       0x0000000000000000       0x12 C:\Users\sato\AppData\Local\Temp\ccGYkqVN.ltrans17.ltrans.o
 .comment       0x0000000000000000       0x12 C:\Users\sato\AppData\Local\Temp\ccGYkqVN.ltrans18.ltrans.o
 .comment       0x0000000000000000       0x12 C:\Users\sato\AppData\Local\Temp\ccGYkqVN.ltrans19.ltrans.o
 .comment       0x0000000000000000       0x12 C:\Users\sato\AppData\Local\Temp\ccGYkqVN.ltrans20.ltrans.o
 .comment       0x0000000000000000       0x12 C:\Users\sato\AppData\Local\Temp\ccGYkqVN.ltrans21.ltrans.o
 .comment       0x0000000000000000       0x12 C:\Users\sato\AppData\Local\Temp\ccGYkqVN.ltrans22.ltrans.o
 .comment       0x0000000000000000       0x12 c:/users/sato/documents/mwstage-2022-08_win10-1/mwstage/tools/ba-elf-ba2-r36379.w10/bin/../lib/gcc/ba-elf/4.7.4/../../../../ba-elf/lib/mcpu_jn51xx_sizeopt\libc.a(lib_a-memcmp.o)
 .comment       0x0000000000000000       0x12 c:/users/sato/documents/mwstage-2022-08_win10-1/mwstage/tools/ba-elf-ba2-r36379.w10/bin/../lib/gcc/ba-elf/4.7.4/mcpu_jn51xx_sizeopt\libgcc.a(_fixunsdfsi.o)
 .comment       0x0000000000000000       0x12 c:/users/sato/documents/mwstage-2022-08_win10-1/mwstage/tools/ba-elf-ba2-r36379.w10/bin/../lib/gcc/ba-elf/4.7.4/mcpu_jn51xx_sizeopt\libgcc.a(_udivdi3.o)
 .comment       0x0000000000000000       0x12 c:/users/sato/documents/mwstage-2022-08_win10-1/mwstage/tools/ba-elf-ba2-r36379.w10/bin/../lib/gcc/ba-elf/4.7.4/mcpu_jn51xx_sizeopt\libgcc.a(_umoddi3.o)
 .comment       0x0000000000000000       0x11 C:/Users/sato/Documents/MWSTAGE-2022-08_win10-1/MWSTAGE/MWSDK/ChipLib/SW4063V1416/Components/Library\libMicroSpecific_JN516x.a(MicroSyscall_ba.o)
                                         0x12 (size before relaxing)
 .comment       0x0000000000000000       0x12 c:/users/sato/documents/mwstage-2022-08_win10-1/mwstage/tools/ba-elf-ba2-r36379.w10/bin/../lib/gcc/ba-elf/4.7.4/../../../../ba-elf/lib/mcpu_jn51xx_sizeopt\libc.a(lib_a-memset.o)
 .comment       0x0000000000000000       0x12 c:/users/sato/documents/mwstage-2022-08_win10-1/mwstage/tools/ba-elf-ba2-r36379.w10/bin/../lib/gcc/ba-elf/4.7.4/../../../../ba-elf/lib/mcpu_jn51xx_sizeopt\libc.a(lib_a-sprintf.o)
 .comment       0x0000000000000000       0x12 c:/users/sato/documents/mwstage-2022-08_win10-1/mwstage/tools/ba-elf-ba2-r36379.w10/bin/../lib/gcc/ba-elf/4.7.4/../../../../ba-elf/lib/mcpu_jn51xx_sizeopt\libc.a(lib_a-strcmp.o)
 .comment       0x0000000000000000       0x12 c:/users/sato/documents/mwstage-2022-08_win10-1/mwstage/tools/ba-elf-ba2-r36379.w10/bin/../lib/gcc/ba-elf/4.7.4/../../../../ba-elf/lib/mcpu_jn51xx_sizeopt\libc.a(lib_a-strcpy.o)
 .comment       0x0000000000000000       0x12 c:/users/sato/documents/mwstage-2022-08_win10-1/mwstage/tools/ba-elf-ba2-r36379.w10/bin/../lib/gcc/ba-elf/4.7.4/../../../../ba-elf/lib/mcpu_jn51xx_sizeopt\libc.a(lib_a-strlen.o)
 .comment       0x0000000000000000       0x12 c:/users/sato/documents/mwstage-2022-08_win10-1/mwstage/tools/ba-elf-ba2-r36379.w10/bin/../lib/gcc/ba-elf/4.7.4/../../../../ba-elf/lib/mcpu_jn51xx_sizeopt\libc.a(lib_a-svfprintf.o)
 .comment       0x0000000000000000       0x12 c:/users/sato/documents/mwstage-2022-08_win10-1/mwstage/tools/ba-elf-ba2-r36379.w10/bin/../lib/gcc/ba-elf/4.7.4/../../../../ba-elf/lib/mcpu_jn51xx_sizeopt\libc.a(lib_a-dtoa.o)
 .comment       0x0000000000000000       0x12 c:/users/sato/documents/mwstage-2022-08_win10-1/mwstage/tools/ba-elf-ba2-r36379.w10/bin/../lib/gcc/ba-elf/4.7.4/../../../../ba-elf/lib/mcpu_jn51xx_sizeopt\libc.a(lib_a-impure.o)
 .comment       0x0000000000000000       0x12 c:/users/sato/documents/mwstage-2022-08_win10-1/mwstage/tools/ba-elf-ba2-r36379.w10/bin/../lib/gcc/ba-elf/4.7.4/../../../../ba-elf/lib/mcpu_jn51xx_sizeopt\libc.a(lib_a-locale.o)
 .comment       0x0000000000000000       0x12 c:/users/sato/documents/mwstage-2022-08_win10-1/mwstage/tools/ba-elf-ba2-r36379.w10/bin/../lib/gcc/ba-elf/4.7.4/../../../../ba-elf/lib/mcpu_jn51xx_sizeopt\libc.a(lib_a-mallocr.o)
 .comment       0x0000000000000000       0x12 c:/users/sato/documents/mwstage-2022-08_win10-1/mwstage/tools/ba-elf-ba2-r36379.w10/bin/../lib/gcc/ba-elf/4.7.4/../../../../ba-elf/lib/mcpu_jn51xx_sizeopt\libc.a(lib_a-memchr.o)
 .comment       0x0000000000000000       0x12 c:/users/sato/documents/mwstage-2022-08_win10-1/mwstage/tools/ba-elf-ba2-r36379.w10/bin/../lib/gcc/ba-elf/4.7.4/../../../../ba-elf/lib/mcpu_jn51xx_sizeopt\libc.a(lib_a-memcpy.o)
 .comment       0x0000000000000000       0x12 c:/users/sato/documents/mwstage-2022-08_win10-1/mwstage/tools/ba-elf-ba2-r36379.w10/bin/../lib/gcc/ba-elf/4.7.4/../../../../ba-elf/lib/mcpu_jn51xx_sizeopt\libc.a(lib_a-mlock.o)
 .comment       0x0000000000000000       0x12 c:/users/sato/documents/mwstage-2022-08_win10-1/mwstage/tools/ba-elf-ba2-r36379.w10/bin/../lib/gcc/ba-elf/4.7.4/../../../../ba-elf/lib/mcpu_jn51xx_sizeopt\libc.a(lib_a-mprec.o)
 .comment       0x0000000000000000       0x12 c:/users/sato/documents/mwstage-2022-08_win10-1/mwstage/tools/ba-elf-ba2-r36379.w10/bin/../lib/gcc/ba-elf/4.7.4/../../../../ba-elf/lib/mcpu_jn51xx_sizeopt\libc.a(lib_a-sbrkr.o)
 .comment       0x0000000000000000       0x12 c:/users/sato/documents/mwstage-2022-08_win10-1/mwstage/tools/ba-elf-ba2-r36379.w10/bin/../lib/gcc/ba-elf/4.7.4/../../../../ba-elf/lib/mcpu_jn51xx_sizeopt\libc.a(lib_a-s_fpclassify.o)
 .comment       0x0000000000000000       0x12 c:/users/sato/documents/mwstage-2022-08_win10-1/mwstage/tools/ba-elf-ba2-r36379.w10/bin/../lib/gcc/ba-elf/4.7.4/../../../../ba-elf/lib/mcpu_jn51xx_sizeopt\libc.a(lib_a-svfiprintf.o)
 .comment       0x0000000000000000       0x12 c:/users/sato/documents/mwstage-2022-08_win10-1/mwstage/tools/ba-elf-ba2-r36379.w10/bin/../lib/gcc/ba-elf/4.7.4/../../../../ba-elf/lib/mcpu_jn51xx_sizeopt\libc.a(lib_a-callocr.o)
 .comment       0x0000000000000000       0x12 c:/users/sato/documents/mwstage-2022-08_win10-1/mwstage/tools/ba-elf-ba2-r36379.w10/bin/../lib/gcc/ba-elf/4.7.4/../../../../ba-elf/lib/mcpu_jn51xx_sizeopt\libc.a(lib_a-freer.o)
 .comment       0x0000000000000000       0x12 c:/users/sato/documents/mwstage-2022-08_win10-1/mwstage/tools/ba-elf-ba2-r36379.w10/bin/../lib/gcc/ba-elf/4.7.4/../../../../ba-elf/lib/mcpu_jn51xx_sizeopt\libc.a(lib_a-glue.o)
 .comment       0x0000000000000000       0x12 c:/users/sato/documents/mwstage-2022-08_win10-1/mwstage/tools/ba-elf-ba2-r36379.w10/bin/../lib/gcc/ba-elf/4.7.4/../../../../ba-elf/lib/mcpu_jn51xx_sizeopt\libc.a(lib_a-memmove.o)
 .comment       0x0000000000000000       0x12 c:/users/sato/documents/mwstage-2022-08_win10-1/mwstage/tools/ba-elf-ba2-r36379.w10/bin/../lib/gcc/ba-elf/4.7.4/../../../../ba-elf/lib/mcpu_jn51xx_sizeopt\libc.a(lib_a-reallocr.o)
 .comment       0x0000000000000000       0x12 c:/users/sato/documents/mwstage-2022-08_win10-1/mwstage/tools/ba-elf-ba2-r36379.w10/bin/../lib/gcc/ba-elf/4.7.4/../../../../ba-elf/lib/mcpu_jn51xx_sizeopt\libc.a(lib_a-reent.o)
 .comment       0x0000000000000000       0x12 c:/users/sato/documents/mwstage-2022-08_win10-1/mwstage/tools/ba-elf-ba2-r36379.w10/bin/../lib/gcc/ba-elf/4.7.4/../../../../ba-elf/lib/mcpu_jn51xx_sizeopt\libc.a(lib_a-errno.o)
 .comment       0x0000000000000000       0x12 c:/users/sato/documents/mwstage-2022-08_win10-1/mwstage/tools/ba-elf-ba2-r36379.w10/bin/../lib/gcc/ba-elf/4.7.4/mcpu_jn51xx_sizeopt\libgcc.a(adddf3.o)
 .comment       0x0000000000000000       0x12 c:/users/sato/documents/mwstage-2022-08_win10-1/mwstage/tools/ba-elf-ba2-r36379.w10/bin/../lib/gcc/ba-elf/4.7.4/mcpu_jn51xx_sizeopt\libgcc.a(divdf3.o)
 .comment       0x0000000000000000       0x12 c:/users/sato/documents/mwstage-2022-08_win10-1/mwstage/tools/ba-elf-ba2-r36379.w10/bin/../lib/gcc/ba-elf/4.7.4/mcpu_jn51xx_sizeopt\libgcc.a(eqdf2.o)
 .comment       0x0000000000000000       0x12 c:/users/sato/documents/mwstage-2022-08_win10-1/mwstage/tools/ba-elf-ba2-r36379.w10/bin/../lib/gcc/ba-elf/4.7.4/mcpu_jn51xx_sizeopt\libgcc.a(gedf2.o)
 .comment       0x0000000000000000       0x12 c:/users/sato/documents/mwstage-2022-08_win10-1/mwstage/tools/ba-elf-ba2-r36379.w10/bin/../lib/gcc/ba-elf/4.7.4/mcpu_jn51xx_sizeopt\libgcc.a(ledf2.o)
 .comment       0x0000000000000000       0x12 c:/users/sato/documents/mwstage-2022-08_win10-1/mwstage/tools/ba-elf-ba2-r36379.w10/bin/../lib/gcc/ba-elf/4.7.4/mcpu_jn51xx_sizeopt\libgcc.a(muldf3.o)
 .comment       0x0000000000000000       0x12 c:/users/sato/documents/mwstage-2022-08_win10-1/mwstage/tools/ba-elf-ba2-r36379.w10/bin/../lib/gcc/ba-elf/4.7.4/mcpu_jn51xx_sizeopt\libgcc.a(subdf3.o)
 .comment       0x0000000000000000       0x12 c:/users/sato/documents/mwstage-2022-08_win10-1/mwstage/tools/ba-elf-ba2-r36379.w10/bin/../lib/gcc/ba-elf/4.7.4/mcpu_jn51xx_sizeopt\libgcc.a(fixdfsi.o)
 .comment       0x0000000000000000       0x12 c:/users/sato/documents/mwstage-2022-08_win10-1/mwstage/tools/ba-elf-ba2-r36379.w10/bin/../lib/gcc/ba-elf/4.7.4/mcpu_jn51xx_sizeopt\libgcc.a(floatsidf.o)
 .comment       0x0000000000000000       0x12 c:/users/sato/documents/mwstage-2022-08_win10-1/mwstage/tools/ba-elf-ba2-r36379.w10/bin/../lib/gcc/ba-elf/4.7.4/mcpu_jn51xx_sizeopt\libgcc.a(floatunsidf.o)

.debug_info     0x0000000000000000    0x11520
 .debug_info    0x0000000000000000       0xf3 c:/users/sato/documents/mwstage-2022-08_win10-1/mwstage/tools/ba-elf-ba2-r36379.w10/bin/../lib/gcc/ba-elf/4.7.4/../../../../ba-elf/lib/mcpu_jn51xx_sizeopt\libc.a(lib_a-memcmp.o)
 .debug_info    0x00000000000000f3       0xd3 c:/users/sato/documents/mwstage-2022-08_win10-1/mwstage/tools/ba-elf-ba2-r36379.w10/bin/../lib/gcc/ba-elf/4.7.4/mcpu_jn51xx_sizeopt\libgcc.a(_fixunsdfsi.o)
 .debug_info    0x00000000000001c6      0x648 c:/users/sato/documents/mwstage-2022-08_win10-1/mwstage/tools/ba-elf-ba2-r36379.w10/bin/../lib/gcc/ba-elf/4.7.4/mcpu_jn51xx_sizeopt\libgcc.a(_udivdi3.o)
 .debug_info    0x000000000000080e      0x69d c:/users/sato/documents/mwstage-2022-08_win10-1/mwstage/tools/ba-elf-ba2-r36379.w10/bin/../lib/gcc/ba-elf/4.7.4/mcpu_jn51xx_sizeopt\libgcc.a(_umoddi3.o)
 .debug_info    0x0000000000000eab       0xaa C:/Users/sato/Documents/MWSTAGE-2022-08_win10-1/MWSTAGE/MWSDK/ChipLib/SW4063V1416/Components/Library\libBoot_JN516x.a(ExceptionHandler.o)
 .debug_info    0x0000000000000f55       0xd7 c:/users/sato/documents/mwstage-2022-08_win10-1/mwstage/tools/ba-elf-ba2-r36379.w10/bin/../lib/gcc/ba-elf/4.7.4/../../../../ba-elf/lib/mcpu_jn51xx_sizeopt\libc.a(lib_a-memset.o)
 .debug_info    0x000000000000102c      0xac6 c:/users/sato/documents/mwstage-2022-08_win10-1/mwstage/tools/ba-elf-ba2-r36379.w10/bin/../lib/gcc/ba-elf/4.7.4/../../../../ba-elf/lib/mcpu_jn51xx_sizeopt\libc.a(lib_a-sprintf.o)
 .debug_info    0x0000000000001af2       0xbb c:/users/sato/documents/mwstage-2022-08_win10-1/mwstage/tools/ba-elf-ba2-r36379.w10/bin/../lib/gcc/ba-elf/4.7.4/../../../../ba-elf/lib/mcpu_jn51xx_sizeopt\libc.a(lib_a-strcmp.o)
 .debug_info    0x0000000000001bad       0xce c:/users/sato/documents/mwstage-2022-08_win10-1/mwstage/tools/ba-elf-ba2-r36379.w10/bin/../lib/gcc/ba-elf/4.7.4/../../../../ba-elf/lib/mcpu_jn51xx_sizeopt\libc.a(lib_a-strcpy.o)