Archive member included because of file (symbol)

C:/Users/sato/Documents/MWSTAGE-2022-08_win10-1/MWSTAGE/MWSDK/TWENET/current/lib/libTWENET_RED.a(ToCoNet_event.o)
                              objs_RED/communication.o (symbol from plugin) (PRSEV_u8RegisterEx)
C:/Users/sato/Documents/MWSTAGE-2022-08_win10-1/MWSTAGE/MWSDK/TWENET/current/lib/libTWENET_RED.a(ToCoNet_main.o)
                              objs_RED/lcd.o (symbol from plugin) (sToCoNet_Context)
C:/Users/sato/Documents/MWSTAGE-2022-08_win10-1/MWSTAGE/MWSDK/TWENET/current/lib/libTWENET_RED.a(ToCoNet_utils.o)
                              ToCoNet_main.o (symbol from plugin) (ToCoNet_u32GetVersion)
C:/Users/sato/Documents/MWSTAGE-2022-08_win10-1/MWSTAGE/MWSDK/TWENET/current/lib/libTWENET_RED.a(ToCoNet_mod_Nwk_Common.o)
                              ToCoNet_main.o (symbol from plugin) (ToCoNet_vRxProc_Mod)
C:/Users/sato/Documents/MWSTAGE-2022-08_win10-1/MWSTAGE/MWSDK/TWENET/current/lib/libTWENET_RED.a(ToCoNet_mod_Channel_Mgr.o)
                              ToCoNet_main.o (symbol from plugin) (ToCoNet_ChMgr_bCh_Reconfig)
C:/Users/sato/Documents/MWSTAGE-2022-08_win10-1/MWSTAGE/MWSDK/TWENET/current/lib/libTWENET_RED.a(Version.o)
                              ToCoNet_utils.o (symbol from plugin) (au8ToCoNetVersionInfo)
C:/Users/sato/Documents/MWSTAGE-2022-08_win10-1/MWSTAGE/MWSDK/TWENET/current/lib/libTWENET_RED.a(AppQueueApi_ToCoNet.o)
                              ToCoNet_main.o (symbol from plugin) (_u32_INT_ticktimer)
C:/Users/sato/Documents/MWSTAGE-2022-08_win10-1/MWSTAGE/MWSDK/TWENET/current/lib/libTWENEText_RED.a(AppStart.o)
                              (AppColdStart)
C:/Users/sato/Documents/MWSTAGE-2022-08_win10-1/MWSTAGE/MWSDK/TWENET/current/lib/libTWENEText_RED.a(getMacAddr.o)
                              ToCoNet_main.o (symbol from plugin) (ToCoNet_u32GetSerialOnBoot)
C:/Users/sato/Documents/MWSTAGE-2022-08_win10-1/MWSTAGE/MWSDK/TWENET/current/lib/libTWENEText_RED.a(mac.o)
                              ToCoNet_main.o (symbol from plugin) (Mac_vInit)
C:/Users/sato/Documents/MWSTAGE-2022-08_win10-1/MWSTAGE/MWSDK/TWENET/current/lib/libTWENEText_RED.a(AES_CCM.o)
                              AppStart.o (symbol from plugin) (bAES_CCM_KeyReg)
C:/Users/sato/Documents/MWSTAGE-2022-08_win10-1/MWSTAGE/MWSDK/TWENET/current/lib/libTWENEText_RED.a(no_ack_handler.o)
                              AppStart.o (symbol from plugin) (vInstallNoAckHandler)
C:/Users/sato/Documents/MWSTAGE-2022-08_win10-1/MWSTAGE/MWSDK/TWENET/current/lib/libTWENEText_RED.a(Version.o)
                              ToCoNet_utils.o (symbol from plugin) (au8ToCoNetExtVersionInfo)
C:/Users/sato/Documents/MWSTAGE-2022-08_win10-1/MWSTAGE/MWSDK/TWENET/current/lib/libTWENETutils_RED.a(serial.o)
                              objs_RED/Interrupt.o (symbol from plugin) (SERIAL_bTxChar)
C:/Users/sato/Documents/MWSTAGE-2022-08_win10-1/MWSTAGE/MWSDK/TWENET/current/lib/libTWENETutils_RED.a(uart.o)
                              serial.o (symbol from plugin) (UART_vInit)
C:/Users/sato/Documents/MWSTAGE-2022-08_win10-1/MWSTAGE/MWSDK/TWENET/current/lib/libTWENETutils_RED.a(ByteQueue.o)
                              ToCoNet_main.o (symbol from plugin) (QUEUE__vInit)
C:/Users/sato/Documents/MWSTAGE-2022-08_win10-1/MWSTAGE/MWSDK/TWENET/current/lib/libTWENETutils_RED.a(ccitt8.o)
                              AppStart.o (symbol from plugin) (u8CCITT8)
C:/Users/sato/Documents/MWSTAGE-2022-08_win10-1/MWSTAGE/MWSDK/TWENET/current/lib/libTWENETutils_RED.a(utils.o)
                              objs_RED/main.o (symbol from plugin) (vTimerConfig)
C:/Users/sato/Documents/MWSTAGE-2022-08_win10-1/MWSTAGE/MWSDK/TWENET/current/lib/libTWENETutils_RED.a(ccm.o)
                              AES_CCM.o (symbol from plugin) (ccm_init_and_key)
C:/Users/sato/Documents/MWSTAGE-2022-08_win10-1/MWSTAGE/MWSDK/TWENET/current/lib/libTWENETutils_RED.a(Version.o)
                              ToCoNet_utils.o (symbol from plugin) (au8ToCoNetUtilsVersionInfo)
C:/Users/sato/Documents/MWSTAGE-2022-08_win10-1/MWSTAGE/MWSDK/TWENET/current/lib/libTWENETutils_RED.a(aescrypt.o)
                              ccm.o (symbol from plugin) (aes_encrypt)
C:/Users/sato/Documents/MWSTAGE-2022-08_win10-1/MWSTAGE/MWSDK/TWENET/current/lib/libTWENETutils_RED.a(aeskey.o)
                              ccm.o (symbol from plugin) (aes_encrypt_key)
C:/Users/sato/Documents/MWSTAGE-2022-08_win10-1/MWSTAGE/MWSDK/TWENET/current/lib/libTWENETutils_RED.a(aestab.o)
                              aeskey.o (symbol from plugin) (t_im)
C:/Users/sato/Documents/MWSTAGE-2022-08_win10-1/MWSTAGE/MWSDK/TWENET/current/lib/libTWENETstgs_RED.a(tweinteractive.o)
                              objs_RED/Interrupt.o (symbol from plugin) (TWEINTRCT_bIsVerbose)
C:/Users/sato/Documents/MWSTAGE-2022-08_win10-1/MWSTAGE/MWSDK/TWENET/current/lib/libTWENETstgs_RED.a(tweprintf.o)
                              tweinteractive.o (symbol from plugin) (TWE_fprintf)
[...]
Memory Configuration

Name             Origin             Length             Attributes
flash            0x0000000000080000 0x0000000000080000
ram              0x000000000400004c 0x0000000000007fb4
*default*        0x0000000000000000 0xffffffffffffffff

Linker script and memory map

LOAD objs_RED/_mwx_version.o
LOAD C:\Users\sato\AppData\Local\Temp\ccLtMeER.ltrans0.ltrans.o
LOAD C:\Users\sato\AppData\Local\Temp\ccLtMeER.ltrans1.ltrans.o
LOAD C:\Users\sato\AppData\Local\Temp\ccLtMeER.ltrans2.ltrans.o
LOAD C:\Users\sato\AppData\Local\Temp\ccLtMeER.ltrans3.ltrans.o
LOAD C:\Users\sato\AppData\Local\Temp\ccLtMeER.ltrans4.ltrans.o
LOAD C:\Users\sato\AppData\Local\Temp\ccLtMeER.ltrans5.ltrans.o
LOAD C:\Users\sato\AppData\Local\Temp\ccLtMeER.ltrans6.ltrans.o
LOAD C:\Users\sato\AppData\Local\Temp\ccLtMeER.ltrans7.ltrans.o
LOAD C:\Users\sato\AppData\Local\Temp\ccLtMeER.ltrans8.ltrans.o
LOAD C:\Users\sato\AppData\Local\Temp\ccLtMeER.ltrans9.ltrans.o
LOAD C:\Users\sato\AppData\Local\Temp\ccLtMeER.ltrans10.ltrans.o
LOAD C:\Users\sato\AppData\Local\Temp\ccLtMeER.ltrans11.ltrans.o
LOAD C:\Users\sato\AppData\Local\Temp\ccLtMeER.ltrans12.ltrans.o
LOAD C:\Users\sato\AppData\Local\Temp\ccLtMeER.ltrans13.ltrans.o
LOAD C:\Users\sato\AppData\Local\Temp\ccLtMeER.ltrans14.ltrans.o
LOAD C:\Users\sato\AppData\Local\Temp\ccLtMeER.ltrans15.ltrans.o
LOAD C:\Users\sato\AppData\Local\Temp\ccLtMeER.ltrans16.ltrans.o
LOAD C:\Users\sato\AppData\Local\Temp\ccLtMeER.ltrans17.ltrans.o
LOAD C:\Users\sato\AppData\Local\Temp\ccLtMeER.ltrans18.ltrans.o
LOAD C:\Users\sato\AppData\Local\Temp\ccLtMeER.ltrans19.ltrans.o
LOAD C:\Users\sato\AppData\Local\Temp\ccLtMeER.ltrans20.ltrans.o
LOAD C:\Users\sato\AppData\Local\Temp\ccLtMeER.ltrans21.ltrans.o
LOAD C:\Users\sato\AppData\Local\Temp\ccLtMeER.ltrans22.ltrans.o
LOAD c:/users/sato/documents/mwstage-2022-08_win10-1/mwstage/tools/ba-elf-ba2-r36379.w10/bin/../lib/gcc/ba-elf/4.7.4/../../../../ba-elf/lib/mcpu_jn51xx_sizeopt\libc.a
LOAD c:/users/sato/documents/mwstage-2022-08_win10-1/mwstage/tools/ba-elf-ba2-r36379.w10/bin/../lib/gcc/ba-elf/4.7.4/mcpu_jn51xx_sizeopt\libgcc.a
LOAD c:/users/sato/documents/mwstage-2022-08_win10-1/mwstage/tools/ba-elf-ba2-r36379.w10/bin/../lib/gcc/ba-elf/4.7.4/../../../../ba-elf/lib/mcpu_jn51xx_sizeopt\libc.a
LOAD objs_RED/Interrupt.o
LOAD objs_RED/LED.o
LOAD objs_RED/communication.o
LOAD objs_RED/lcd.o
LOAD objs_RED/main.o
LOAD objs_RED/mode.o
LOAD C:/Users/sato/Documents/MWSTAGE-2022-08_win10-1/MWSTAGE/MWSDK/TWENET/current/lib/libTWENET_RED.a
LOAD C:/Users/sato/Documents/MWSTAGE-2022-08_win10-1/MWSTAGE/MWSDK/TWENET/current/lib/libTWENEText_RED.a
LOAD C:/Users/sato/Documents/MWSTAGE-2022-08_win10-1/MWSTAGE/MWSDK/TWENET/current/lib/libTWENETutils_RED.a
LOAD C:/Users/sato/Documents/MWSTAGE-2022-08_win10-1/MWSTAGE/MWSDK/TWENET/current/lib/libTWENETstgs_RED.a
LOAD C:/Users/sato/Documents/MWSTAGE-2022-08_win10-1/MWSTAGE/MWSDK/TWENET/current/lib/libmwx_RED.a
LOAD C:/Users/sato/Documents/MWSTAGE-2022-08_win10-1/MWSTAGE/MWSDK/TWENET/current/lib/libEASTL_RED.a
START GROUP
LOAD C:/Users/sato/Documents/MWSTAGE-2022-08_win10-1/MWSTAGE/MWSDK/ChipLib/SW4063V1416/Components/Library\libAppApi_JN5169.a
LOAD C:/Users/sato/Documents/MWSTAGE-2022-08_win10-1/MWSTAGE/MWSDK/ChipLib/SW4063V1416/Components/Library\libMAC_JN5169.a
LOAD C:/Users/sato/Documents/MWSTAGE-2022-08_win10-1/MWSTAGE/MWSDK/ChipLib/SW4063V1416/Components/Library\libTimerServer_JN516x.a
LOAD C:/Users/sato/Documents/MWSTAGE-2022-08_win10-1/MWSTAGE/MWSDK/ChipLib/SW4063V1416/Components/Library\libTOF_JN516x.a
LOAD C:/Users/sato/Documents/MWSTAGE-2022-08_win10-1/MWSTAGE/MWSDK/ChipLib/SW4063V1416/Components/Library\libXcv_JN5169.a
LOAD C:/Users/sato/Documents/MWSTAGE-2022-08_win10-1/MWSTAGE/MWSDK/ChipLib/SW4063V1416/Components/Library\libMMAC_JN5169.a
LOAD C:/Users/sato/Documents/MWSTAGE-2022-08_win10-1/MWSTAGE/MWSDK/ChipLib/SW4063V1416/Components/Library\libJPT_JN5169.a
LOAD C:/Users/sato/Documents/MWSTAGE-2022-08_win10-1/MWSTAGE/MWSDK/ChipLib/SW4063V1416/Components/Library\libAes_JN516x.a
LOAD C:/Users/sato/Documents/MWSTAGE-2022-08_win10-1/MWSTAGE/MWSDK/ChipLib/SW4063V1416/Components/Library\libHardwareApi_JN5169.a
LOAD C:/Users/sato/Documents/MWSTAGE-2022-08_win10-1/MWSTAGE/MWSDK/ChipLib/SW4063V1416/Components/Library\libMicroSpecific_JN516x.a
LOAD C:/Users/sato/Documents/MWSTAGE-2022-08_win10-1/MWSTAGE/MWSDK/ChipLib/SW4063V1416/Components/Library\libBoot_JN516x.a
LOAD C:/Users/sato/Documents/MWSTAGE-2022-08_win10-1/MWSTAGE/MWSDK/ChipLib/SW4063V1416/Components/Library\libPDM_EEPROM_JN516x_NO_RTOS.a
LOAD C:/Users/sato/Documents/MWSTAGE-2022-08_win10-1/MWSTAGE/MWSDK/TWENET/current/lib/libTWENET_RED.a
LOAD C:/Users/sato/Documents/MWSTAGE-2022-08_win10-1/MWSTAGE/MWSDK/TWENET/current/lib/libTWENEText_RED.a
LOAD C:/Users/sato/Documents/MWSTAGE-2022-08_win10-1/MWSTAGE/MWSDK/TWENET/current/lib/libTWENETutils_RED.a
LOAD C:/Users/sato/Documents/MWSTAGE-2022-08_win10-1/MWSTAGE/MWSDK/TWENET/current/lib/libTWENETstgs_RED.a
LOAD C:/Users/sato/Documents/MWSTAGE-2022-08_win10-1/MWSTAGE/MWSDK/TWENET/current/lib/libmwx_RED.a
LOAD C:/Users/sato/Documents/MWSTAGE-2022-08_win10-1/MWSTAGE/MWSDK/TWENET/current/lib/libEASTL_RED.a
END GROUP
LOAD c:/users/sato/documents/mwstage-2022-08_win10-1/mwstage/tools/ba-elf-ba2-r36379.w10/bin/../lib/gcc/ba-elf/4.7.4/../../../../ba-elf/lib/mcpu_jn51xx_sizeopt\libstdc++.a
LOAD c:/users/sato/documents/mwstage-2022-08_win10-1/mwstage/tools/ba-elf-ba2-r36379.w10/bin/../lib/gcc/ba-elf/4.7.4/../../../../ba-elf/lib/mcpu_jn51xx_sizeopt\libm.a
LOAD c:/users/sato/documents/mwstage-2022-08_win10-1/mwstage/tools/ba-elf-ba2-r36379.w10/bin/../lib/gcc/ba-elf/4.7.4/../../../../ba-elf/lib/mcpu_jn51xx_sizeopt\libc.a
LOAD c:/users/sato/documents/mwstage-2022-08_win10-1/mwstage/tools/ba-elf-ba2-r36379.w10/bin/../lib/gcc/ba-elf/4.7.4/mcpu_jn51xx_sizeopt\libgcc.a
LOAD c:/users/sato/documents/mwstage-2022-08_win10-1/mwstage/tools/ba-elf-ba2-r36379.w10/bin/../lib/gcc/ba-elf/4.7.4/../../../../ba-elf/lib/mcpu_jn51xx_sizeopt\libc.a
                0x0000000000000800                _stack_size = 0x800
                0x0000000000080038                exception_vsr_table = 0x80038
                0x0000000004000000                pSPIflashFncTable = 0x4000000
                0x0000000000000044                restore_state = 0x44
                0x000000000000004a                bZSPIWaitWIPClear = 0x4a
                0x0000000000000050                u16ZSPIflashRDID = 0x50
                0x0000000000000056                u8SelectFlashChipType = 0x56
                0x000000000000005c                memcpy = 0x5c
                0x0000000000000066                vBootFlashProg = 0x66
                [0x0000000000000d16]                __minimum_heap_size = DEFINED (__minimum_heap_size)?__minimum_heap_size:0xd16
                [0x0000000000000800]                __stack_size = DEFINED (__stack_size)?__stack_size:0x800
                0x0000000000000000                _SwConfig = (DEFINED (g_bSWConf_Debug) | (DEFINED (g_bSWConf_AltDebugPort) << 0x1))

.version        0x000000000007fffc        0x4
                0x000000000007fffc        0x4 LONG 0xf03000b

.bir            0x0000000000080000       0x10
                0x0000000000080000                _flash_start = ABSOLUTE (.)
                0x0000000000080000                _flash_beg = ABSOLUTE (.)
                0x0000000000080000        0x4 LONG 0x12345678
                0x0000000000080004        0x4 LONG 0x11223344
                0x0000000000080008        0x4 LONG 0x55667788
                0x000000000008000c        0x1 BYTE 0x8
                0x000000000008000d        0x1 BYTE 0x1
                0x000000000008000e        0x2 SHORT 0x0

.flashheader    0x0000000000080010       0x28
                0x0000000000080010        0x4 LONG 0x0
                0x0000000000080014        0x4 LONG 0x0
                0x0000000000080018        0x4 LONG 0x0
                0x000000000008001c        0x2 SHORT 0x0
                0x000000000008001e        0x2 SHORT 0x0 ABSOLUTE (_SwConfig)
                0x0000000000080020                _enc_start = ABSOLUTE (.)
                0x0000000000080020        0x4 LONG 0x15398 ABSOLUTE (_image_len)
                0x0000000000080024        0x4 LONG 0x94ac8 ABSOLUTE (_flash_data_start)
                0x0000000000080028        0x2 SHORT 0x13 ((ABSOLUTE (_ram_data_start) / 0x4) & 0xffff)
                0x000000000008002a        0x2 SHORT 0x234 ((ABSOLUTE (_ram_data_len) / 0x4) & 0xffff)
                0x000000000008002c        0x2 SHORT 0x247 ((ABSOLUTE (_bss_start) / 0x4) & 0xffff)
                0x000000000008002e        0x2 SHORT 0x5c8 ((ABSOLUTE (_bss_len) / 0x4) & 0xffff)
                0x0000000000080030        0x4 LONG 0x873a4 ABSOLUTE (AppWarmStart)
                0x0000000000080034        0x4 LONG 0x87d54 ABSOLUTE (AppColdStart)
                0x0000000000000000                _enc_offset = (_enc_start & 0xf)
                0x0000000000000044                PROVIDE (vException_BusError, restore_state)
                0x0000000000000044                PROVIDE (vException_UnalignedAccess, restore_state)
                0x0000000000000044                PROVIDE (vException_IllegalInstruction, restore_state)
                0x0000000000000044                PROVIDE (vException_SysCall, restore_state)
                0x0000000000000044                PROVIDE (vException_Trap, restore_state)
                0x0000000000000044                PROVIDE (vException_StackOverflow, restore_state)
                0x0000000000080038                . = ABSOLUTE (exception_vsr_table)

.vsr_table      0x0000000000080038       0x18
                0x0000000000080038        0x4 LONG 0x44 ABSOLUTE (vException_BusError)
                0x000000000008003c        0x4 LONG 0x44 ABSOLUTE (vException_UnalignedAccess)
                0x0000000000080040        0x4 LONG 0x44 ABSOLUTE (vException_IllegalInstruction)
                0x0000000000080044        0x4 LONG 0x44 ABSOLUTE (vException_SysCall)
                0x0000000000080048        0x4 LONG 0x44 ABSOLUTE (vException_Trap)
                0x000000000008004c        0x4 LONG 0x44 ABSOLUTE (vException_StackOverflow)

.vsr_handlers   0x0000000000080050       0xaa
 *(.vsr_handlers)
 .vsr_handlers  0x0000000000080050       0xaa C:/Users/sato/Documents/MWSTAGE-2022-08_win10-1/MWSTAGE/MWSDK/ChipLib/SW4063V1416/Components/Library\libBoot_JN516x.a(ExceptionHandler.o)
                0x0000000000080050                _exception_external_interrupt
                0x00000000000800f8                _default_vsr_dummy

.rodata         0x0000000000080100      0x9b9
 *(.rodata*)
 .rodata        0x0000000000080100      0x1cb C:\Users\sato\AppData\Local\Temp\ccLtMeER.ltrans0.ltrans.o
 *fill*         0x00000000000802cb        0x1 00
 .rodata        0x00000000000802cc       0xd4 C:\Users\sato\AppData\Local\Temp\ccLtMeER.ltrans1.ltrans.o
                0x00000000000802cc                s_aprScanHandleEvt.17296
                0x00000000000802fc                apvActionCalls
                0x0000000000080384                aprLPBMacVectorRamTable
                0x0000000000080398                psTamMacContext
                0x000000000008039c                psTAMcontext
 .rodata        0x00000000000803a0       0x30 C:\Users\sato\AppData\Local\Temp\ccLtMeER.ltrans2.ltrans.o
                0x00000000000803a0                CSWTCH.35.27885.27885
 .rodata.str1.1
                0x00000000000803d0       0x88 C:\Users\sato\AppData\Local\Temp\ccLtMeER.ltrans3.ltrans.o
 .rodata.str1.1
                0x0000000000080458        0xd C:\Users\sato\AppData\Local\Temp\ccLtMeER.ltrans4.ltrans.o
 .rodata        0x0000000000080465       0x14 C:\Users\sato\AppData\Local\Temp\ccLtMeER.ltrans4.ltrans.o
 .rodata.str1.1
                0x0000000000080479        0xe C:\Users\sato\AppData\Local\Temp\ccLtMeER.ltrans5.ltrans.o
                                         0x12 (size before relaxing)
 *fill*         0x0000000000080487        0x1 00
 .rodata        0x0000000000080488       0xc0 C:\Users\sato\AppData\Local\Temp\ccLtMeER.ltrans5.ltrans.o
 .rodata.str1.1
                0x0000000000080548       0x11 C:\Users\sato\AppData\Local\Temp\ccLtMeER.ltrans6.ltrans.o
 .rodata        0x0000000000080559        0x4 C:\Users\sato\AppData\Local\Temp\ccLtMeER.ltrans7.ltrans.o
 .rodata        0x000000000008055d        0x6 C:\Users\sato\AppData\Local\Temp\ccLtMeER.ltrans9.ltrans.o
                0x000000000008055d                aeXcvPhyEvtToScanEvt.5424.17299
 .rodata.str1.1
                0x0000000000080563       0x11 C:\Users\sato\AppData\Local\Temp\ccLtMeER.ltrans10.ltrans.o
 .rodata        0x0000000000080574       0x7c C:\Users\sato\AppData\Local\Temp\ccLtMeER.ltrans10.ltrans.o
                0x00000000000805a8                u32MacLow_TOCOS
                0x00000000000805ac                u32MacHigh_TOCOS
 .rodata.str1.1
                0x00000000000805f0       0x11 C:\Users\sato\AppData\Local\Temp\ccLtMeER.ltrans11.ltrans.o
                                         0x22 (size before relaxing)
 *fill*         0x0000000000080601        0x3 00
 .rodata        0x0000000000080604       0x38 C:\Users\sato\AppData\Local\Temp\ccLtMeER.ltrans11.ltrans.o
                0x0000000000080604                asStateFuncTbl.29050
 .rodata        0x000000000008063c       0x1c C:\Users\sato\AppData\Local\Temp\ccLtMeER.ltrans12.ltrans.o
                0x000000000008063c                au32TimerBaseAddress
 .rodata.str1.1
                0x0000000000080658       0x30 C:\Users\sato\AppData\Local\Temp\ccLtMeER.ltrans13.ltrans.o
 .rodata        0x0000000000080688       0x18 C:\Users\sato\AppData\Local\Temp\ccLtMeER.ltrans14.ltrans.o
 .rodata        0x00000000000806a0        0xa C:\Users\sato\AppData\Local\Temp\ccLtMeER.ltrans15.ltrans.o
 .rodata.str1.1
                0x00000000000806aa       0xc8 C:\Users\sato\AppData\Local\Temp\ccLtMeER.ltrans16.ltrans.o
                                         0xca (size before relaxing)
 *fill*         0x0000000000080772        0x2 00
 .rodata        0x0000000000080774       0x10 C:\Users\sato\AppData\Local\Temp\ccLtMeER.ltrans16.ltrans.o
                0x0000000000080774                EM_SW
 .rodata        0x0000000000080784        0xc C:\Users\sato\AppData\Local\Temp\ccLtMeER.ltrans17.ltrans.o
                0x000000000008078c                psTamXcvContext
 .rodata.str1.1
                0x0000000000080790      0x12e C:\Users\sato\AppData\Local\Temp\ccLtMeER.ltrans17.ltrans.o
 .rodata.str1.1
                0x00000000000808be        0xe C:\Users\sato\AppData\Local\Temp\ccLtMeER.ltrans18.ltrans.o
 .rodata        0x00000000000808cc        0x3 C:\Users\sato\AppData\Local\Temp\ccLtMeER.ltrans18.ltrans.o
 .rodata.str1.1
                0x00000000000808cf       0x12 C:\Users\sato\AppData\Local\Temp\ccLtMeER.ltrans19.ltrans.o
 *fill*         0x00000000000808e1        0x3 00
 .rodata        0x00000000000808e4        0x8 C:\Users\sato\AppData\Local\Temp\ccLtMeER.ltrans22.ltrans.o
                0x00000000000808e4                au32UartAddrOffset
 .rodata.str1.1
                0x00000000000808ec       0x32 c:/users/sato/documents/mwstage-2022-08_win10-1/mwstage/tools/ba-elf-ba2-r36379.w10/bin/../lib/gcc/ba-elf/4.7.4/../../../../ba-elf/lib/mcpu_jn51xx_sizeopt\libc.a(lib_a-svfprintf.o)
                                         0x34 (size before relaxing)
 .rodata        0x000000000008091e       0x20 c:/users/sato/documents/mwstage-2022-08_win10-1/mwstage/tools/ba-elf-ba2-r36379.w10/bin/../lib/gcc/ba-elf/4.7.4/../../../../ba-elf/lib/mcpu_jn51xx_sizeopt\libc.a(lib_a-svfprintf.o)
 .rodata.str1.1
                0x000000000008093e        0xd c:/users/sato/documents/mwstage-2022-08_win10-1/mwstage/tools/ba-elf-ba2-r36379.w10/bin/../lib/gcc/ba-elf/4.7.4/../../../../ba-elf/lib/mcpu_jn51xx_sizeopt\libc.a(lib_a-dtoa.o)
                                          0xf (size before relaxing)
 .rodata.str1.1
                0x000000000008094b        0x2 c:/users/sato/documents/mwstage-2022-08_win10-1/mwstage/tools/ba-elf-ba2-r36379.w10/bin/../lib/gcc/ba-elf/4.7.4/../../../../ba-elf/lib/mcpu_jn51xx_sizeopt\libc.a(lib_a-impure.o)
 .rodata.str1.1
                0x000000000008094d        0x6 c:/users/sato/documents/mwstage-2022-08_win10-1/mwstage/tools/ba-elf-ba2-r36379.w10/bin/../lib/gcc/ba-elf/4.7.4/../../../../ba-elf/lib/mcpu_jn51xx_sizeopt\libc.a(lib_a-locale.o)
                                          0xb (size before relaxing)
 *fill*         0x0000000000080953        0x5 00
 .rodata        0x0000000000080958      0x128 c:/users/sato/documents/mwstage-2022-08_win10-1/mwstage/tools/ba-elf-ba2-r36379.w10/bin/../lib/gcc/ba-elf/4.7.4/../../../../ba-elf/lib/mcpu_jn51xx_sizeopt\libc.a(lib_a-mprec.o)
                0x0000000000080958                __mprec_tinytens
                0x0000000000080980                __mprec_bigtens
                0x00000000000809a8                __mprec_tens
 .rodata.str1.1
                0x0000000000000000       0x22 c:/users/sato/documents/mwstage-2022-08_win10-1/mwstage/tools/ba-elf-ba2-r36379.w10/bin/../lib/gcc/ba-elf/4.7.4/../../../../ba-elf/lib/mcpu_jn51xx_sizeopt\libc.a(lib_a-svfiprintf.o)
 .rodata        0x0000000000080a80       0x20 c:/users/sato/documents/mwstage-2022-08_win10-1/mwstage/tools/ba-elf-ba2-r36379.w10/bin/../lib/gcc/ba-elf/4.7.4/../../../../ba-elf/lib/mcpu_jn51xx_sizeopt\libc.a(lib_a-svfiprintf.o)
 .rodata        0x0000000000080aa0       0x19 c:/users/sato/documents/mwstage-2022-08_win10-1/mwstage/tools/ba-elf-ba2-r36379.w10/bin/../lib/gcc/ba-elf/4.7.4/../../../../ba-elf/lib/mcpu_jn51xx_sizeopt\libc.a(lib_a-glue.o)

.text           0x0000000000080abc    0x1400b
 *(.text*)
 .text          0x0000000000080abc      0xf7c C:\Users\sato\AppData\Local\Temp\ccLtMeER.ltrans0.ltrans.o
                0x0000000000080abc                mac_vLPBAdjustBeaconOffset
                0x0000000000080b19                mac_u32LPBGetBeaconTimeout
                0x0000000000080b22                eWEnDTmrExpiry.16937
                0x0000000000080b2d                eWEnDEdDone.16934
                0x0000000000080b88                eGenlDontCare.16931
                0x0000000000080b8d                eGenlIllegal.16556
                0x0000000000080b94                u32GetTimer0
                0x0000000000080b9b                vSetTimer0
                0x0000000000080baa                _ZN3mwx2L112appdefs_crtpINS0_9NwkSimpleEE18_cbTweNet_vHwEventEPvmm.local.224
                0x0000000000080bad                _ZN3mwx2L112appdefs_crtpINS0_9NwkSimpleEE17_cbTweNet_u8HwIntEPvmm.local.223
                0x0000000000080bb2                _out_fct.8264
                0x0000000000080bc4                _out_null.8270
                0x0000000000080bc7                vOutputStream.8135
                0x0000000000080bd3                _ZN3mwx2L110serial_jen7vOutputEcPv.local.232
                0x0000000000080bfa                vHandlerPatch.7248
                0x0000000000080c31                _ZN3mwx2L114processev_crtpI9INTERRUPTE14vProcessEvCoreEP8_tsEvent7teEventm.local.182
                0x0000000000080c34                _ZN3mwx2L112appdefs_crtpI9INTERRUPTE9_on_eventEPvmRm.local.183
                0x0000000000080c37                _ZN3mwx2L112appdefs_crtpI9INTERRUPTE18_cbTweNet_vTxEventEPvRNS0_12packet_ev_txE.local.184
                0x0000000000080c3a                _ZN3mwx2L112appdefs_crtpI9INTERRUPTE18_cbTweNet_vRxEventEPvRNS0_9packet_rxE.local.185
                0x0000000000080c3d                _ZN3mwx2L112appdefs_crtpI9INTERRUPTE19_cbTweNet_vNwkEventEPvRNS0_13packet_ev_nwkE.local.186
                0x0000000000080c40                _ZN3mwx2L112appdefs_crtpI9INTERRUPTE15_cbTweNet_vMainEPv.local.187
                0x0000000000080c43                _ZN3mwx2L112appdefs_crtpINS0_9NwkSimpleEE18_cbTweNet_vTxEventEPvRNS0_12packet_ev_txE.local.221
                0x0000000000080c5d                _ZN3mwx2L112appdefs_crtpINS0_9NwkSimpleEE19_cbTweNet_vNwkEventEPvRNS0_13packet_ev_nwkE.local.228
                0x0000000000080c66                _ZN3mwx2L112appdefs_crtpINS0_9NwkSimpleEE15_cbTweNet_vMainEPv.local.229
                0x0000000000080c69                u8TSCframeIncrease
                0x0000000000080ca2                vCopyToDataFromMacAddr.23958
                0x0000000000080cd5                psTAQsearchFifo
                0x0000000000080d1e                bTAQremoveFromFifo
                0x0000000000080d5b                vTAMinsertEvent
                0x0000000000080dc1                vTAM_TxRetryTimeout
                0x0000000000080dc5                vTACsetTxFrameDefaults
                0x0000000000080deb                u8TACgetHeaderSize
                0x0000000000080e28                u32TACpayloadToU32M
                0x0000000000080e49                vTACu32ToPayloadM
                0x0000000000080e61                vTACbuildBeacon
                0x0000000000081069                bTACframeInProgress
                0x0000000000081093                bTACassessBeaconForPayload
                0x00000000000810e4                bIsBbcSafeForTx
                0x0000000000081119                vTATwriteAclMaterialToHardware
                0x000000000008113e                vTATsetBLE
                0x0000000000081175                vTATgetFramePayload
                0x0000000000081192                eTATreadTXstatus
                0x00000000000811d8                vTAHsetPhyStateDirect.part.0.21417
                0x00000000000811f4                vDoGoOff.23238
                0x000000000008120e                vMEMreturn
                0x000000000008127f                vTACinformOriginator
                0x00000000000812a1                pvMEMget
                0x00000000000812cd                vTAMDEdetermineNullState
                0x00000000000812e7                vTAMCOupdatePendingList
                0x00000000000813b9                vTAMCOsetCoordinator
                0x00000000000813df                eScanHandleEvt.part.0.16967
                0x0000000000081408                mac_eDcfmIndPost
                0x0000000000081429                mac_psDcfmIndGetBuf
                0x000000000008144a                vMLMErxEnableConfirm
                0x000000000008147c                vMLMEcommStatus
                0x00000000000814df                vMLMEcommStatusFromFrame
                0x0000000000081523                vTSCpostTransmitUpdate
                0x0000000000081552                vMLMEsyncLoss
                0x0000000000081585                vPMICpostFailedAssocDcfm
                0x00000000000815bd                vPMICassocReqTO_2.15384
                0x00000000000815d4                MAC_vPibSetPanId
                0x00000000000815ef                vHandleTofRequest.13490
                0x00000000000815f2                vAppApiDefSetPrbsSeed
                0x0000000000081616                mwx::L1::duplciate_checker::_node_ele_init(mwx::L1::duplciate_checker::_node_ele*)
                0x0000000000081635                _ZN3mwx2L113serial_parserINS0_10alloc_heapIhEEEC1Ev.local.52
                0x0000000000081657                _ZN3mwx2L16twenetC1Ev.local.58
                0x00000000000816ee                _ZN3mwx2L110serial_jenC1Eh.local.107
                0x000000000008171e                _ZN3mwx2L115periph_analogueC1Ev.local.125
                0x0000000000081749                _ZN3mwx2L112appdefs_virt8on_eventEmRm.local.134
                0x0000000000081761                _ZN3mwx2L112appdefs_virt18cbToCoNet_vHwEventEmm.local.136
                0x0000000000081779                _ZN3mwx2L112appdefs_virt18cbToCoNet_vTxEventERNS0_12packet_ev_txE.local.137
                0x0000000000081791                _ZN3mwx2L112appdefs_virt19cbToCoNet_vNwkEventERNS0_13packet_ev_nwkE.local.139
                0x00000000000817a9                s_div_by
                0x00000000000817da                vTimerChangeHzCore.part.0.7527
                0x000000000008180e                u8CCITT8
                0x0000000000081834                bAES_CCM_KeyReg
                0x0000000000081873                bFifoPush.5949
                0x00000000000818ac                vAppQApiPostMlme.5935
                0x00000000000818cb                vAppQApiPostMcps.5942
                0x00000000000818e6                pvFifoPull.5946
                0x000000000008190d                psAppQApiGetMlmeBuffer.5932
                0x0000000000081915                psAppQApiGetMcpsBuffer.5939
                0x000000000008191d                PRSEV_vSetState
                0x000000000008192d                PRSEV_vProcessEv_core.4819
                0x00000000000819cf                PRSEV_vProcessEvPost
                0x0000000000081a01                _PRSEV_vProcessEvSingle
                0x0000000000081a0e                ToCoNet_vMacStart
                0x0000000000081a1b                _ZN3mwx2L18_smplbufIhNS0_12alloc_attachIhEEE9push_backEOh.local.209
 .text.unlikely
                0x0000000000081a38       0x65 C:\Users\sato\AppData\Local\Temp\ccLtMeER.ltrans0.ltrans.o
                0x0000000000081a38                _ZN3mwx2L112appdefs_virt18cbToCoNet_vRxEventERNS0_9packet_rxE.local.138
                0x0000000000081a50                PRSEV_u8Register
                0x0000000000081a8e                _PRSEV_vProcessEvSingleH
 *fill*         0x0000000000081a9d        0x3 00
 .text          0x0000000000081aa0      0xbb4 C:\Users\sato\AppData\Local\Temp\ccLtMeER.ltrans1.ltrans.o
                0x0000000000081aa0                eWBRTTxDone.16953
                0x0000000000081abe                vTAMCOframeTXgoingIdle
                0x0000000000081ad8                vTAMCOframeTXcap
                0x0000000000081aff                eWCoRRxDone.16944
                0x0000000000081ba9                eWBcnRxDone.16956
                0x0000000000082196                vTAMCOframeRXcap
                0x00000000000821a9                vTAMCOframeRXgoingIdle
                0x00000000000821bf                vTAMCOframeRXnobeacon
                0x00000000000821d2                vTAMDEframeRX
                0x00000000000821fc                vTAMDEframeRXtrackingDR
                0x0000000000082240                vTAMDEframePreSyncReq
                0x0000000000082259                vTAMCOframeTXbeacon
                0x0000000000082321                vTAMDEframeRXsyncReq
                0x0000000000082572                vTAMDEint1FiredTrackingCAPgts
                0x0000000000082625                eWONTTxDone.16950
 .text          0x0000000000082654      0xb7c C:\Users\sato\AppData\Local\Temp\ccLtMeER.ltrans2.ltrans.o
                0x0000000000082689                mac_vLPBStartTimer
                0x000000000008281b                vProcessEvCoreTx.28987
                0x000000000008290b                bAHI_SetClockRate
                0x0000000000082a16                vAHI_TimerEnable.part.1.27752.constprop.326
                0x0000000000082a81                vAHI_SiMasterConfigure.constprop.316
                0x0000000000082ab5                _ZN3mwx2L16twenet5beginEv.local.112.constprop.303
                0x0000000000082afa                pinMode(unsigned char, mwx::L1::enum_wapper<PIN_MODE::eMWX_DIO_MODE, unsigned char>)
                0x0000000000082c74                _ZN3mwx2L115periph_analogue10_adc_startEv.local.43.constprop.293
                0x0000000000082d5d                mwx::L1::periph_analogue::ADC_handler(unsigned long, unsigned long)
                0x0000000000082da4                u8HwEventHandler.5029
                0x0000000000082e4c                bAES_CCMstar
                0x0000000000082f18                bAES_CCM_DecodeKey
                0x0000000000082fd4                pvHeap_Alloc
                0x0000000000082fd7                operator new(unsigned long)
                0x0000000000082ffa                _ZN3mwx2L112appdefs_virt5setupEv.part.1.3882
                0x0000000000083020                _ZN3mwx2L112periph_timer5setupEv.local.155
                0x000000000008304f                u32AHI_Init
                0x0000000000083111                vMicroIntRestoreState
                0x000000000008311d                vAHI_TickTimerIntEnable
                0x0000000000083178                vAHI_TickTimerConfigure
                0x0000000000083193                _ZL12digitalWritehN3mwx2L111enum_wapperIN9PIN_STATE16eMWX_DIO_HIGHLOWEhEE.isra.1.1826
 .text.unlikely
                0x00000000000831d0       0x45 C:\Users\sato\AppData\Local\Temp\ccLtMeER.ltrans2.ltrans.o
                0x00000000000831d0                vAHI_MemoryHold.27649
 .text          0x0000000000083215      0x60e C:\Users\sato\AppData\Local\Temp\ccLtMeER.ltrans3.ltrans.o
                0x0000000000083215                _ZN3mwx2L112appdefs_crtpINS0_9NwkSimpleEE18_cbTweNet_vRxEventEPvRNS0_9packet_rxE.local.225
                0x0000000000083763                TWETERM_iPutS.29384
                0x0000000000083788                TWETERM_iPutC.29388
                0x0000000000083799                vAppApiDefMlmeRequest
                0x00000000000837c4                pvAppApiDefGetMacHandle
                0x00000000000837cd                _ZN3mwx2L110serial_jen5writeEi.local.146
                0x00000000000837dc                _ZN3mwx2L16streamINS0_10serial_jenEElsERNS0_18MWX_Stream_EndLineE.isra.33.4136.constprop.313
                0x0000000000083800                _ZN3mwx2L16streamINS0_10serial_jenEE6_printEPKc.local.164.constprop.308
 *fill*         0x0000000000083823        0x1 00
 .text.unlikely
                0x0000000000083824      0x310 C:\Users\sato\AppData\Local\Temp\ccLtMeER.ltrans3.ltrans.o
                0x0000000000083841                vProcessIncomingHwEvent.5198
 .text          0x0000000000083b34      0x7b6 C:\Users\sato\AppData\Local\Temp\ccLtMeER.ltrans4.ltrans.o
                0x0000000000083b34                UART_vHandleUartInterrupt.7375
                0x0000000000083bbb                vXCV_IntHandlerPhy
                0x0000000000083c6d                vScanHandleTimer.16553
                0x0000000000083c72                _ZN3mwx2L114processev_crtpINS0_9NwkSimpleEE14vProcessEvCoreEP8_tsEvent7teEventm.local.227
                0x0000000000083d25                vXCV_IntHandlerBbc
                0x0000000000083e68                _ZN3mwx2L114periph_twowire14cmd_tx_no_stopEb.isra.3.3074.constprop.344
                0x0000000000083e77                _ZN3mwx2L114periph_twowire5writeEPKhh.local.190.constprop.339
                0x0000000000083ec8                _ZN3mwx2L114periph_twowire12cmd_tx_startEv.isra.2.3072
                0x0000000000083ed7                vTAIsetCapTime
                0x0000000000083ef8                vTAIsetRxEnableTime
                0x0000000000083f19                vDoGoActive.23240
                0x0000000000083f3b                vTAMRXEint2Fired
                0x0000000000083f71                _ZN3mwx2L115periph_analogue5setupEbhPFvvE.local.124.constprop.264
                0x000000000008400b                _ZL5delaym.3062
                0x0000000000084036                _ZL5delaym.3850
                0x0000000000084061                _ZL5delaym.4504
                0x000000000008408c                _ZN3mwx2L114periph_twowireC1Eh.local.76
                0x00000000000840c9                vMLMEbeaconNotify
                0x0000000000084227                vMCPSframeReceived
 .text.unlikely
                0x00000000000842ea      0x178 C:\Users\sato\AppData\Local\Temp\ccLtMeER.ltrans4.ltrans.o
                0x000000000008435a                bStartXtal32k.27556
 .text          0x0000000000084462      0xf0f C:\Users\sato\AppData\Local\Temp\ccLtMeER.ltrans5.ltrans.o
                0x000000000008465a                _ftoa.8338.constprop.378
                0x00000000000849b3                _ntoa_long_long.8312.constprop.375
                0x0000000000084a88                _ntoa_long.8300.constprop.380
                0x0000000000084b55                vMicroIntEnableOnly.constprop.373
                0x0000000000084b81                vMMAC_SetChannelAndPower
                0x0000000000084d2a                vPhySetChannel
                0x0000000000084d49                QUEUE__u8RemoveItem.part.1.7450
                0x0000000000084d84                QUEUE__vAddItem.constprop.372
                0x0000000000084db6                _ZN3mwx2L110twenet_mac8transmitERNS0_9packet_txE.local.32.constprop.362
                0x0000000000084fbb                _ToCoNet_bRfChChannel
                0x0000000000085050                ToCoNet_ChMgr_bCh_Reconfig
                0x00000000000850b8                ToCoNet_ChMgr_vCh_TxFin
                0x00000000000850e4                vHnd_E_STATE_WAIT_TX.29018
                0x0000000000085154                vHnd_E_STATE_IDLE.29010
                0x00000000000851b8                vAHI_ProtocolPower.constprop.358
                0x00000000000851c6                vMMAC_ConfigureRadio
 .text          0x0000000000085371      0x97d C:\Users\sato\AppData\Local\Temp\ccLtMeER.ltrans6.ltrans.o
                0x0000000000085371                ToCoNet_vMain
 .text          0x0000000000085cee      0xab5 C:\Users\sato\AppData\Local\Temp\ccLtMeER.ltrans7.ltrans.o
                0x0000000000085cee                vTACintRXheader
                0x000000000008662c                vHnd_E_STATE_FINISH_TX_FAIL.28995
                0x00000000000866e2                vHnd_E_STATE_FINISH_TX_SUCCESS.29000
                0x0000000000086774                bStartCallback.19628
 .text          0x00000000000867a3      0xb09 C:\Users\sato\AppData\Local\Temp\ccLtMeER.ltrans8.ltrans.o
                0x00000000000867a3                vAHI_IntHandlerTimer2
                0x00000000000867c3                vAHI_IntHandlerSysCtrl
                0x000000000008681d                vAHI_IntHandlerUart1
                0x0000000000086848                vAHI_IntHandlerUart0
                0x0000000000086873                vAHI_IntHandlerTimer4
                0x0000000000086894                vAHI_IntHandlerTimer3
                0x00000000000868b5                vAHI_IntHandlerTimer1
                0x00000000000868d5                vAHI_IntHandlerTimer0
                0x00000000000868f6                vTimerCallback.27532
                0x0000000000086901                vAHI_IntHandlerSpiMaster
                0x0000000000086927                vAHI_IntHandlerAnalogPeriph
                0x0000000000086947                vTTIBLETimerExpired
                0x0000000000086952                vTTITimer2Expired
                0x0000000000086957                vTTITimer1Expired
                0x000000000008695c                vTTITransactionTimerExpired
                0x0000000000086985                bUpdateTime.22276
                0x00000000000869c0                vAHI_DoSetDataOut
                0x00000000000869d4                bAHI_DoEnableOutputs
                0x00000000000869fd                u8AHI_WakeTimerFiredStatus
                0x0000000000086a11                vAHI_WakeTimerStop.part.3.28217
                0x0000000000086a31                mac_vLPBStopTimer
                0x0000000000086a3b                vAHI_UartSetClocksPerBit.part.18.28013
                0x0000000000086a62                vAHI_UartSetRTSCTS.part.15.27998
                0x0000000000086a89                vAHI_UartReset.part.4.27971
                0x0000000000086ac1                vAHI_UartSetControl.part.2.27955
                0x0000000000086b12                vAHI_UartSetBaudDivisor.part.1.27951
                0x0000000000086b51                vAHI_TimerStop.part.7.27781
                0x0000000000086b6f                vAHI_TimerDisable.part.2.27760
                0x0000000000086b92                vAHI_WatchdogStop
                0x0000000000086ba9                _ZN3mwx2L120periph_pulse_counter10_on_wakeupEv.part.18.9053
                0x0000000000086c1f                u32AHI_DioWakeStatus
                0x0000000000086c30                vAHI_DioWakeEnable
                0x0000000000086c50                vAHI_DioWakeEdge
                0x0000000000086c70                attachIntDio(unsigned char, mwx::L1::enum_wapper<PIN_INT_MODE::eMWX_DIO_INTMODE, unsigned char>)
                0x0000000000086ca0                vAHI_DioSetPullup
                0x0000000000086cc0                vAHI_DioSetOutput
                0x0000000000086cd4                vAHI_DioSetDirection
                0x0000000000086ce8                vACI_CmdWaitBusy
                0x0000000000086d4c                vACI_OptimisedCcmStar
                0x0000000000086f64                vTAIdisableInterrupt
                0x0000000000086f7d                psRemove.part.0.26496
                0x0000000000086fac                vMAC_MISCpollConfirm
                0x0000000000086fdd                MAC_u8AclFindInfo
                0x0000000000087107                vTASretrieveSecurity
                0x0000000000087129                MAC_bLookUpKeyDescriptor.24048
                0x00000000000871a3                bTSCgetOutgoingInfo
 .text.unlikely
                0x00000000000872ac       0x24 C:\Users\sato\AppData\Local\Temp\ccLtMeER.ltrans8.ltrans.o
                0x00000000000872ac                vAHI_CpuDoze
                0x00000000000872bf                vStartXtal32kExternalRc.27546
 *fill*         0x00000000000872d0        0x0 00
 .text          0x00000000000872d0      0xa84 C:\Users\sato\AppData\Local\Temp\ccLtMeER.ltrans9.ltrans.o
                0x00000000000872d0                vPostDcfm.16940
                0x00000000000873a4                AppWarmStart
                0x0000000000087474                vSetNextChannel.16988
                0x00000000000874cd                MAC_vHandleMlmeReqRsp
                0x0000000000087c7d                vTAMDEint1FiredTracking
                0x0000000000087ced                vTAMDEint1FiredSyncReq
 .text          0x0000000000087d54      0x55c C:\Users\sato\AppData\Local\Temp\ccLtMeER.ltrans10.ltrans.o
                0x0000000000087d54                AppColdStart
 .text.unlikely
                0x00000000000882b0      0x43b C:\Users\sato\AppData\Local\Temp\ccLtMeER.ltrans10.ltrans.o
                0x00000000000882b0                ToCoNet_vStart
 .text          0x00000000000886eb      0xc78 C:\Users\sato\AppData\Local\Temp\ccLtMeER.ltrans11.ltrans.o
                0x00000000000886eb                TSV_eStart
                0x00000000000887cf                eTAStransmitRequest
                0x0000000000088b6a                TSV_eOpen
                0x0000000000088b72                vAppApiDefRestoreMacSettings
                0x0000000000088c59                vAppApiDefSaveMacSettings
                0x0000000000088cb6                mac_vLPBSleep
                0x0000000000088d74                pvAppApiDefGetMacAddrLocation
                0x0000000000088d7d                eAppApiDefPlmeGet
                0x0000000000088dcf                eAppApiDefPlmeSet
                0x0000000000088e40                vAppApiDefMcpsRequest
                0x0000000000088e6b                vHnd_E_STATE_PREPARE_TX.29005
 .text          0x0000000000089363      0x81a C:\Users\sato\AppData\Local\Temp\ccLtMeER.ltrans12.ltrans.o
                0x0000000000089363                vHnd_E_STATE_RUNNING.29026
                0x00000000000895ad                SERIAL_vTxReady
                0x000000000008960e                _ZN3mwx2L110serial_jen6_beginEv.part.25.9072
                0x0000000000089893                _MWX_periph_init()
                0x000000000008998d                vTimerStart
                0x0000000000089a87                _ZN3mwx2L112periph_timer5beginEtbb.local.152.constprop.323
                0x0000000000089b5a                _ZN3mwx2L112periph_timer10_on_wakeupEv.local.131
 *fill*         0x0000000000089b7d        0x3 00
 .text          0x0000000000089b80      0x948 C:\Users\sato\AppData\Local\Temp\ccLtMeER.ltrans13.ltrans.o
                0x0000000000089bfa                bAES_CCM_EncodeKey
                0x0000000000089ca7                u8Write802_15_4HeaderIntoBuffer.25247
                0x0000000000089e07                change_mode(char)
                0x0000000000089f75                _ZN3mwx2L112appdefs_crtpI9INTERRUPTE17_cbTweNet_u8HwIntEPvmm.local.180
                0x000000000008a299                cbAppWarmStart.part.28.9458
 .text          0x000000000008a4c8      0x96c C:\Users\sato\AppData\Local\Temp\ccLtMeER.ltrans14.ltrans.o
                0x000000000008a4c8                vPMICassocReqTO_1.15377
                0x000000000008a550                vTAM_MCPSdataRequest
                0x000000000008a593                bTACcheckPANconflict
                0x000000000008a64c                vTAMDEstartSync
                0x000000000008a6cb                eTAMselect
                0x000000000008a80c                MAC_pvCtor
                0x000000000008ac35                vDeterminePowerState.20198
                0x000000000008acb9                vTAMDEint1FiredTrackingBeacon
                0x000000000008ad59                vTAMDEint2FiredTrackingDR
                0x000000000008ad7e                vTAMDEframeTXtrackingDR
                0x000000000008add7                vTAMDEint2FiredPollActive
                0x000000000008ae0b                vTAMDEreqTXnullTrackingCAP
                0x000000000008ae24                vTAM_TxRetryTimer
 .text          0x000000000008ae34      0x972 C:\Users\sato\AppData\Local\Temp\ccLtMeER.ltrans15.ltrans.o
                0x000000000008ae34                bTAM_AES_CCMstarPatch
                0x000000000008af78                bTAM_AES_CCMstarPatch2006
                0x000000000008b257                bTATsendFrame
                0x000000000008b2aa                vTrySendFromDirectCAP.19531
                0x000000000008b2c5                vTrySendFromDirectNoBeacon.19535
                0x000000000008b2f0                vTAMCOint1Fired
                0x000000000008b40c                vTAMCOstartBeacon
                0x000000000008b447                vStartStoreValues.19599
                0x000000000008b4fe                vTAMCOint1FiredCAP
                0x000000000008b571                vTAMCOreqTXnoBeacon
                0x000000000008b583                vTAMCOreqTXinCAP
                0x000000000008b5a9                vTrySendUnslotted.20076
                0x000000000008b5c3                bSendDataRequest.20078
                0x000000000008b6d5                bProcessBeaconRX.20081
 .text          0x000000000008b7a6      0x56f C:\Users\sato\AppData\Local\Temp\ccLtMeER.ltrans16.ltrans.o
                0x000000000008b7a6                _ZN3mwx2L112appdefs_crtpINS0_9NwkSimpleEE9_on_eventEPvmRm.local.226
                0x000000000008b895                vProcessEvCoreMac
                0x000000000008bbd9                _ZN3mwx2L112appdefs_crtpI9INTERRUPTE18_cbTweNet_vHwEventEPvmm.local.181
 .text          0x000000000008bd15      0x707 C:\Users\sato\AppData\Local\Temp\ccLtMeER.ltrans17.ltrans.o
                0x000000000008bd15                u32AppApiDefInit
                0x000000000008bde0                _ToCoNet_vMacInit
                0x000000000008be46                _ToCoNet_vRfConfig
                0x000000000008bfe1                mwx::L1::NwkSimple::on_create(unsigned long&)
                0x000000000008c031                _ZN3mwx2L123twenet_instance_manager3useINS0_9NwkSimpleEEERT_Rm.local.157.constprop.349
                0x000000000008c185                setup()
 *fill*         0x000000000008c41c        0x0 00
 .text          0x000000000008c41c      0x63c C:\Users\sato\AppData\Local\Temp\ccLtMeER.ltrans18.ltrans.o
                0x000000000008c455                vAppQApiPostHwIntT.5928
                0x000000000008c529                TWETERM_iGetC.29392
                0x000000000008c59a                vRxChar.7273
                0x000000000008c5eb                vTimerConfig
                0x000000000008c77b                MWX_Panic
                0x000000000008c7df                _ZN3lcd5printEPKc.constprop.333
                0x000000000008c844                _ZN3lcd7commandEh.constprop.336
                0x000000000008c896                _ZN3lcd5cleanEv.constprop.331
                0x000000000008c8a7                _ZN3lcd9setCursorEhh.constprop.335
                0x000000000008c8d4                _ZN3mwx2L110serial_jen13_set_baudrateEt.isra.2.9019
                0x000000000008c985                u8TAM_AES_WriteAuxilliarySecurityHeaderIntoBuffer
                0x000000000008c9f7                u32AHI_ReadIndexSectorBits.constprop.254
 .text          0x000000000008ca58      0x6fb C:\Users\sato\AppData\Local\Temp\ccLtMeER.ltrans19.ltrans.o
                0x000000000008ca7a                _ZN3mwx2L111_printobj_1IcE9_do_printEPvPFvcS3_ES3_.local.233
                0x000000000008ca91                _ZN3mwx2L111_printobj_2IhPKcE9_do_printEPvPFvcS5_ES5_.local.222
                0x000000000008caa8                bAHI_ReadMACID
                0x000000000008caee                _ZL17delayMicrosecondsm.3065.constprop.340
                0x000000000008cb71                vTAMRXEsetPhy
                0x000000000008cc34                vTAHsetPhyState
                0x000000000008cc64                vTAMCOint2Fired
                0x000000000008cc84                vSetPHYfromMacValue.20074
                0x000000000008ccb6                vTAMDEint1FiredWaitDR
                0x000000000008ccc3                vTACsetPHYfromMacValue
                0x000000000008cce4                vTAMRXEsetReceiveForPibChange
                0x000000000008cd24                ToCoNet_vInit
                0x000000000008d067                vExpireHead.26501
                0x000000000008d097                _ZN3mwx2L19_printobj8do_printEPFvcPvES2_.local.220.constprop.369
                0x000000000008d0c9                MWX_DebugMsg
                0x000000000008d10a                _ZN3mwx2L114periph_twowire9busy_waitEv.isra.0.3070
 .text.unlikely
                0x000000000008d153        0xf C:\Users\sato\AppData\Local\Temp\ccLtMeER.ltrans19.ltrans.o
                0x000000000008d153                u32AppQApiInitInt_PATCH
 *fill*         0x000000000008d162        0x2 00
 .text          0x000000000008d164      0x780 C:\Users\sato\AppData\Local\Temp\ccLtMeER.ltrans20.ltrans.o
                0x000000000008d164                eGenTmrExpiry.17249
                0x000000000008d1a6                eWEDTEdDone.17252
                0x000000000008d1ca                TSV_eStop
                0x000000000008d289                bPMICdisassocReqSent.15373
                0x000000000008d343                MAC_vHandleMcpsReqRsp
                0x000000000008d3d0                bMCPSframeTXcomplete.17984
                0x000000000008d425                bSendSyncLoss.22211
                0x000000000008d43d                bPollReqSent.25807
                0x000000000008d455                bTASsendCommStatusInd
                0x000000000008d46a                bAssocRespSent.15369
                0x000000000008d47d                eTACprocessFrameTXcomplete
                0x000000000008d5f9                vTAMCOframeTXnobeacon
                0x000000000008d60e                vTAMCOframeStarting
                0x000000000008d627                vTAMDEframeTXDEnull
                0x000000000008d64a                vTAMDEframeTXtrackingCAPgts
                0x000000000008d676                bPMICassocReqSent.15365
                0x000000000008d6f8                bPMICassocReqPollSent.15380
                0x000000000008d74c                eWChCChanChgd.16964
 .text          0x000000000008d8e4      0x9bf C:\Users\sato\AppData\Local\Temp\ccLtMeER.ltrans21.ltrans.o
                0x000000000008d8e4                _etoa.8358.constprop.376
                0x000000000008dc90                _vsnprintf.constprop.374
 .text          0x000000000008e2a3      0x374 C:\Users\sato\AppData\Local\Temp\ccLtMeER.ltrans22.ltrans.o
                0x000000000008e2ee                SERIAL_bTxChar
                0x000000000008e39f                TWETERM_vFlush.29361
                0x000000000008e41d                eGenRxHdrDone.16947
                0x000000000008e42d                cbAppColdStart.part.32.9679
 .text          0x000000000008e617       0x25 c:/users/sato/documents/mwstage-2022-08_win10-1/mwstage/tools/ba-elf-ba2-r36379.w10/bin/../lib/gcc/ba-elf/4.7.4/../../../../ba-elf/lib/mcpu_jn51xx_sizeopt\libc.a(lib_a-memcmp.o)
                0x000000000008e617                memcmp
 .text          0x000000000008e63c       0x39 c:/users/sato/documents/mwstage-2022-08_win10-1/mwstage/tools/ba-elf-ba2-r36379.w10/bin/../lib/gcc/ba-elf/4.7.4/mcpu_jn51xx_sizeopt\libgcc.a(_fixunsdfsi.o)
                0x000000000008e63c                __fixunsdfsi
 .text          0x000000000008e675      0x350 c:/users/sato/documents/mwstage-2022-08_win10-1/mwstage/tools/ba-elf-ba2-r36379.w10/bin/../lib/gcc/ba-elf/4.7.4/mcpu_jn51xx_sizeopt\libgcc.a(_udivdi3.o)
                0x000000000008e675                __udivdi3
 .text          0x000000000008e9c5      0x312 c:/users/sato/documents/mwstage-2022-08_win10-1/mwstage/tools/ba-elf-ba2-r36379.w10/bin/../lib/gcc/ba-elf/4.7.4/mcpu_jn51xx_sizeopt\libgcc.a(_umoddi3.o)
                0x000000000008e9c5                __umoddi3
 .text          0x000000000008ecd7       0x27 C:/Users/sato/Documents/MWSTAGE-2022-08_win10-1/MWSTAGE/MWSDK/ChipLib/SW4063V1416/Components/Library\libHardwareApi_JN5169.a(AHI_Interrupt.o)
                0x000000000008ecd7                vAHI_InterruptSetPriority
                0x000000000008ecf5                vAHI_InterruptSetActivePriorityLevel
 .text.vMicroSyscall
                0x000000000008ecfe       0x17 C:/Users/sato/Documents/MWSTAGE-2022-08_win10-1/MWSTAGE/MWSDK/ChipLib/SW4063V1416/Components/Library\libMicroSpecific_JN516x.a(MicroSyscall_ba.o)
                0x000000000008ecfe                vMicroSyscall
 .text          0x000000000008ed15       0x12 c:/users/sato/documents/mwstage-2022-08_win10-1/mwstage/tools/ba-elf-ba2-r36379.w10/bin/../lib/gcc/ba-elf/4.7.4/../../../../ba-elf/lib/mcpu_jn51xx_sizeopt\libc.a(lib_a-memset.o)
                0x000000000008ed15                memset
 .text          0x000000000008ed27       0x84 c:/users/sato/documents/mwstage-2022-08_win10-1/mwstage/tools/ba-elf-ba2-r36379.w10/bin/../lib/gcc/ba-elf/4.7.4/../../../../ba-elf/lib/mcpu_jn51xx_sizeopt\libc.a(lib_a-sprintf.o)
                0x000000000008ed27                _sprintf_r
                0x000000000008ed65                sprintf
 .text          0x000000000008edab       0x25 c:/users/sato/documents/mwstage-2022-08_win10-1/mwstage/tools/ba-elf-ba2-r36379.w10/bin/../lib/gcc/ba-elf/4.7.4/../../../../ba-elf/lib/mcpu_jn51xx_sizeopt\libc.a(lib_a-strcmp.o)
                0x000000000008edab                strcmp
 .text          0x000000000008edd0       0x15 c:/users/sato/documents/mwstage-2022-08_win10-1/mwstage/tools/ba-elf-ba2-r36379.w10/bin/../lib/gcc/ba-elf/4.7.4/../../../../ba-elf/lib/mcpu_jn51xx_sizeopt\libc.a(lib_a-strcpy.o)
                0x000000000008edd0                strcpy
 .text          0x000000000008ede5       0x12 c:/users/sato/documents/mwstage-2022-08_win10-1/mwstage/tools/ba-elf-ba2-r36379.w10/bin/../lib/gcc/ba-elf/4.7.4/../../../../ba-elf/lib/mcpu_jn51xx_sizeopt\libc.a(lib_a-strlen.o)
                0x000000000008ede5                strlen
 *fill*         0x000000000008edf7        0x1 00
 .text          0x000000000008edf8     0x10e4 c:/users/sato/documents/mwstage-2022-08_win10-1/mwstage/tools/ba-elf-ba2-r36379.w10/bin/../lib/gcc/ba-elf/4.7.4/../../../../ba-elf/lib/mcpu_jn51xx_sizeopt\libc.a(lib_a-svfprintf.o)
                0x000000000008edf8                _svfprintf_r
 .text          0x000000000008fedc      0xd83 c:/users/sato/documents/mwstage-2022-08_win10-1/mwstage/tools/ba-elf-ba2-r36379.w10/bin/../lib/gcc/ba-elf/4.7.4/../../../../ba-elf/lib/mcpu_jn51xx_sizeopt\libc.a(lib_a-dtoa.o)
                0x0000000000090027                _dtoa_r
 .text          0x0000000000090c5f       0x86 c:/users/sato/documents/mwstage-2022-08_win10-1/mwstage/tools/ba-elf-ba2-r36379.w10/bin/../lib/gcc/ba-elf/4.7.4/../../../../ba-elf/lib/mcpu_jn51xx_sizeopt\libc.a(lib_a-locale.o)
                0x0000000000090c5f                _setlocale_r
                0x0000000000090ca5                __locale_charset
                0x0000000000090cae                __locale_mb_cur_max
                0x0000000000090cb7                __locale_msgcharset
                0x0000000000090cc0                __locale_cjk_lang
                0x0000000000090cc5                _localeconv_r
                0x0000000000090cce                setlocale
                0x0000000000090cdc                localeconv
 .text          0x0000000000090ce5      0x4ba c:/users/sato/documents/mwstage-2022-08_win10-1/mwstage/tools/ba-elf-ba2-r36379.w10/bin/../lib/gcc/ba-elf/4.7.4/../../../../ba-elf/lib/mcpu_jn51xx_sizeopt\libc.a(lib_a-mallocr.o)
                0x0000000000090ce5                _malloc_r
 .text          0x000000000009119f       0x19 c:/users/sato/documents/mwstage-2022-08_win10-1/mwstage/tools/ba-elf-ba2-r36379.w10/bin/../lib/gcc/ba-elf/4.7.4/../../../../ba-elf/lib/mcpu_jn51xx_sizeopt\libc.a(lib_a-memchr.o)
                0x000000000009119f                memchr
 .text          0x00000000000911b8       0x19 c:/users/sato/documents/mwstage-2022-08_win10-1/mwstage/tools/ba-elf-ba2-r36379.w10/bin/../lib/gcc/ba-elf/4.7.4/../../../../ba-elf/lib/mcpu_jn51xx_sizeopt\libc.a(lib_a-memcpy.o)
 .text          0x00000000000911d1        0x6 c:/users/sato/documents/mwstage-2022-08_win10-1/mwstage/tools/ba-elf-ba2-r36379.w10/bin/../lib/gcc/ba-elf/4.7.4/../../../../ba-elf/lib/mcpu_jn51xx_sizeopt\libc.a(lib_a-mlock.o)
                0x00000000000911d1                __malloc_lock
                0x00000000000911d4                __malloc_unlock
 .text          0x00000000000911d7      0x8bb c:/users/sato/documents/mwstage-2022-08_win10-1/mwstage/tools/ba-elf-ba2-r36379.w10/bin/../lib/gcc/ba-elf/4.7.4/../../../../ba-elf/lib/mcpu_jn51xx_sizeopt\libc.a(lib_a-mprec.o)
                0x00000000000911d7                _Balloc
                0x000000000009122f                _Bfree
                0x0000000000091249                __multadd
                0x00000000000912d6                __s2b
                0x0000000000091363                __hi0bits
                0x00000000000913b8                __lo0bits
                0x0000000000091431                __i2b
                0x0000000000091446                __multiply
                0x0000000000091587                __pow5mult
                0x0000000000091606                __lshift
                0x00000000000916ba                __mcmp
                0x00000000000916f9                __mdiff
                0x00000000000917db                __ulp
                0x000000000009181f                __b2d
                0x00000000000918c2                __d2b
                0x0000000000091981                __ratio
                0x00000000000919d1                _mprec_log10
                0x0000000000091a05                __copybits
                0x0000000000091a3e                __any_on
 .text          0x0000000000091a92       0x23 c:/users/sato/documents/mwstage-2022-08_win10-1/mwstage/tools/ba-elf-ba2-r36379.w10/bin/../lib/gcc/ba-elf/4.7.4/../../../../ba-elf/lib/mcpu_jn51xx_sizeopt\libc.a(lib_a-sbrkr.o)
                0x0000000000091a92                _sbrk_r
 .text          0x0000000000091ab5       0x5c c:/users/sato/documents/mwstage-2022-08_win10-1/mwstage/tools/ba-elf-ba2-r36379.w10/bin/../lib/gcc/ba-elf/4.7.4/../../../../ba-elf/lib/mcpu_jn51xx_sizeopt\libc.a(lib_a-s_fpclassify.o)
                0x0000000000091ab5                __fpclassifyd
 .text          0x0000000000091b11      0x8f1 c:/users/sato/documents/mwstage-2022-08_win10-1/mwstage/tools/ba-elf-ba2-r36379.w10/bin/../lib/gcc/ba-elf/4.7.4/../../../../ba-elf/lib/mcpu_jn51xx_sizeopt\libc.a(lib_a-svfiprintf.o)
                0x0000000000091b11                __ssprint_r
                0x0000000000091c35                _svfiprintf_r
 .text          0x0000000000092402       0x64 c:/users/sato/documents/mwstage-2022-08_win10-1/mwstage/tools/ba-elf-ba2-r36379.w10/bin/../lib/gcc/ba-elf/4.7.4/../../../../ba-elf/lib/mcpu_jn51xx_sizeopt\libc.a(lib_a-callocr.o)
                0x0000000000092402                _calloc_r
 .text          0x0000000000092466      0x271 c:/users/sato/documents/mwstage-2022-08_win10-1/mwstage/tools/ba-elf-ba2-r36379.w10/bin/../lib/gcc/ba-elf/4.7.4/../../../../ba-elf/lib/mcpu_jn51xx_sizeopt\libc.a(lib_a-freer.o)
                0x0000000000092466                _malloc_trim_r
                0x000000000009251a                _free_r
 .text          0x00000000000926d7      0x1d0 c:/users/sato/documents/mwstage-2022-08_win10-1/mwstage/tools/ba-elf-ba2-r36379.w10/bin/../lib/gcc/ba-elf/4.7.4/../../../../ba-elf/lib/mcpu_jn51xx_sizeopt\libc.a(lib_a-glue.o)
                0x00000000000926d7                _read
                0x00000000000926f1                _write
                0x000000000009270b                _open
                0x0000000000092725                _close
                0x000000000009273f                _isatty
                0x000000000009275a                _lseek
                0x0000000000092775                _fstat
                0x0000000000092790                _times
                0x00000000000927ab                _time
                0x00000000000927c6                _creat
                0x00000000000927e1                _link
                0x00000000000927fc                _unlink
                0x0000000000092817                _fork
                0x0000000000092831                isatty
                0x0000000000092833                __unlink
                0x0000000000092835                _exit
                0x0000000000092839                _kill
                0x000000000009283d                _getpid
                0x0000000000092842                _sbrk
 .text          0x00000000000928a7       0x44 c:/users/sato/documents/mwstage-2022-08_win10-1/mwstage/tools/ba-elf-ba2-r36379.w10/bin/../lib/gcc/ba-elf/4.7.4/../../../../ba-elf/lib/mcpu_jn51xx_sizeopt\libc.a(lib_a-memmove.o)
                0x00000000000928a7                memmove
 .text          0x00000000000928eb      0x33c c:/users/sato/documents/mwstage-2022-08_win10-1/mwstage/tools/ba-elf-ba2-r36379.w10/bin/../lib/gcc/ba-elf/4.7.4/../../../../ba-elf/lib/mcpu_jn51xx_sizeopt\libc.a(lib_a-reallocr.o)
                0x00000000000928eb                _realloc_r
 .text          0x0000000000092c27        0x9 c:/users/sato/documents/mwstage-2022-08_win10-1/mwstage/tools/ba-elf-ba2-r36379.w10/bin/../lib/gcc/ba-elf/4.7.4/../../../../ba-elf/lib/mcpu_jn51xx_sizeopt\libc.a(lib_a-errno.o)
                0x0000000000092c27                __errno
 .text          0x0000000000092c30      0x204 c:/users/sato/documents/mwstage-2022-08_win10-1/mwstage/tools/ba-elf-ba2-r36379.w10/bin/../lib/gcc/ba-elf/4.7.4/mcpu_jn51xx_sizeopt\libgcc.a(__udivsi3.o)
                0x0000000000092c30                __udivsi3
 .text          0x0000000000092e34       0x30 c:/users/sato/documents/mwstage-2022-08_win10-1/mwstage/tools/ba-elf-ba2-r36379.w10/bin/../lib/gcc/ba-elf/4.7.4/mcpu_jn51xx_sizeopt\libgcc.a(__divsi3.o)
                0x0000000000092e34                __divsi3
 .text          0x0000000000092e64      0x1b0 c:/users/sato/documents/mwstage-2022-08_win10-1/mwstage/tools/ba-elf-ba2-r36379.w10/bin/../lib/gcc/ba-elf/4.7.4/mcpu_jn51xx_sizeopt\libgcc.a(__umodsi3.o)
                0x0000000000092e64                __umodsi3
 .text          0x0000000000093014       0x24 c:/users/sato/documents/mwstage-2022-08_win10-1/mwstage/tools/ba-elf-ba2-r36379.w10/bin/../lib/gcc/ba-elf/4.7.4/mcpu_jn51xx_sizeopt\libgcc.a(__modsi3.o)
                0x0000000000093014                __modsi3
 .text          0x0000000000093038      0x682 c:/users/sato/documents/mwstage-2022-08_win10-1/mwstage/tools/ba-elf-ba2-r36379.w10/bin/../lib/gcc/ba-elf/4.7.4/mcpu_jn51xx_sizeopt\libgcc.a(adddf3.o)
                0x0000000000093038                __adddf3
 *fill*         0x00000000000936ba        0x2 00
 .text          0x00000000000936bc      0x5c8 c:/users/sato/documents/mwstage-2022-08_win10-1/mwstage/tools/ba-elf-ba2-r36379.w10/bin/../lib/gcc/ba-elf/4.7.4/mcpu_jn51xx_sizeopt\libgcc.a(divdf3.o)
                0x00000000000936bc                __divdf3
 .text          0x0000000000093c84       0x7f c:/users/sato/documents/mwstage-2022-08_win10-1/mwstage/tools/ba-elf-ba2-r36379.w10/bin/../lib/gcc/ba-elf/4.7.4/mcpu_jn51xx_sizeopt\libgcc.a(eqdf2.o)
                0x0000000000093c84                __nedf2
                0x0000000000093c84                __eqdf2
 .text          0x0000000000093d03       0xca c:/users/sato/documents/mwstage-2022-08_win10-1/mwstage/tools/ba-elf-ba2-r36379.w10/bin/../lib/gcc/ba-elf/4.7.4/mcpu_jn51xx_sizeopt\libgcc.a(gedf2.o)
                0x0000000000093d03                __gedf2
                0x0000000000093d03                __gtdf2
 .text          0x0000000000093dcd       0xcb c:/users/sato/documents/mwstage-2022-08_win10-1/mwstage/tools/ba-elf-ba2-r36379.w10/bin/../lib/gcc/ba-elf/4.7.4/mcpu_jn51xx_sizeopt\libgcc.a(ledf2.o)
                0x0000000000093dcd                __ledf2
                0x0000000000093dcd                __ltdf2
 .text          0x0000000000093e98      0x488 c:/users/sato/documents/mwstage-2022-08_win10-1/mwstage/tools/ba-elf-ba2-r36379.w10/bin/../lib/gcc/ba-elf/4.7.4/mcpu_jn51xx_sizeopt\libgcc.a(muldf3.o)
                0x0000000000093e98                __muldf3
 .text          0x0000000000094320      0x693 c:/users/sato/documents/mwstage-2022-08_win10-1/mwstage/tools/ba-elf-ba2-r36379.w10/bin/../lib/gcc/ba-elf/4.7.4/mcpu_jn51xx_sizeopt\libgcc.a(subdf3.o)
                0x0000000000094320                __subdf3
 .text          0x00000000000949b3       0x64 c:/users/sato/documents/mwstage-2022-08_win10-1/mwstage/tools/ba-elf-ba2-r36379.w10/bin/../lib/gcc/ba-elf/4.7.4/mcpu_jn51xx_sizeopt\libgcc.a(fixdfsi.o)
                0x00000000000949b3                __fixdfsi
 .text          0x0000000000094a17       0x61 c:/users/sato/documents/mwstage-2022-08_win10-1/mwstage/tools/ba-elf-ba2-r36379.w10/bin/../lib/gcc/ba-elf/4.7.4/mcpu_jn51xx_sizeopt\libgcc.a(floatsidf.o)
                0x0000000000094a17                __floatsidf
 .text          0x0000000000094a78       0x4f c:/users/sato/documents/mwstage-2022-08_win10-1/mwstage/tools/ba-elf-ba2-r36379.w10/bin/../lib/gcc/ba-elf/4.7.4/mcpu_jn51xx_sizeopt\libgcc.a(floatunsidf.o)
                0x0000000000094a78                __floatunsidf
                0x0000000000094ac7                _flash_end = ABSOLUTE (.)

.rela.dyn       0x0000000000094ac8        0x0
 .rela.text     0x0000000000000000        0x0 c:/users/sato/documents/mwstage-2022-08_win10-1/mwstage/tools/ba-elf-ba2-r36379.w10/bin/../lib/gcc/ba-elf/4.7.4/../../../../ba-elf/lib/mcpu_jn51xx_sizeopt\libc.a(lib_a-sprintf.o)
 .rela.text.unlikely
                0x0000000000000000        0x0 c:/users/sato/documents/mwstage-2022-08_win10-1/mwstage/tools/ba-elf-ba2-r36379.w10/bin/../lib/gcc/ba-elf/4.7.4/../../../../ba-elf/lib/mcpu_jn51xx_sizeopt\libc.a(lib_a-sprintf.o)
 .rela.rodata   0x0000000000000000        0x0 c:/users/sato/documents/mwstage-2022-08_win10-1/mwstage/tools/ba-elf-ba2-r36379.w10/bin/../lib/gcc/ba-elf/4.7.4/../../../../ba-elf/lib/mcpu_jn51xx_sizeopt\libc.a(lib_a-sprintf.o)
 .rela.data     0x0000000000000000        0x0 c:/users/sato/documents/mwstage-2022-08_win10-1/mwstage/tools/ba-elf-ba2-r36379.w10/bin/../lib/gcc/ba-elf/4.7.4/../../../../ba-elf/lib/mcpu_jn51xx_sizeopt\libc.a(lib_a-sprintf.o)
                0x000000000400004c                . = ORIGIN (ram)

.data           0x000000000400004c      0x8d0 load address 0x0000000000094ac8
                0x000000000400004c                _ram_data_start = ABSOLUTE (.)
 *(.data*)
 .data          0x000000000400004c        0x4 C:\Users\sato\AppData\Local\Temp\ccLtMeER.ltrans2.ltrans.o
                0x000000000400004c                u32HeapStart
 .data          0x0000000004000050        0x1 C:\Users\sato\AppData\Local\Temp\ccLtMeER.ltrans5.ltrans.o
 *fill*         0x0000000004000051        0x1 00
 .data          0x0000000004000052        0x2 C:\Users\sato\AppData\Local\Temp\ccLtMeER.ltrans6.ltrans.o
 .data          0x0000000004000054        0x1 C:\Users\sato\AppData\Local\Temp\ccLtMeER.ltrans11.ltrans.o
                0x0000000004000054                u8TxWkrNow.29128
 .data          0x0000000004000055        0x1 C:\Users\sato\AppData\Local\Temp\ccLtMeER.ltrans12.ltrans.o
 .data          0x0000000004000056        0x1 C:\Users\sato\AppData\Local\Temp\ccLtMeER.ltrans14.ltrans.o
 .data.initinboot
                0x0000000004000057        0x1 C:\Users\sato\AppData\Local\Temp\ccLtMeER.ltrans14.ltrans.o
                0x0000000004000057                gMAC_u8MaxBuffers
 .data          0x0000000004000058        0x1 C:\Users\sato\AppData\Local\Temp\ccLtMeER.ltrans22.ltrans.o
                0x0000000004000058                _toconet_tx_u8_init_queue_flag
 *fill*         0x0000000004000059        0x7 00
 .data          0x0000000004000060      0x430 c:/users/sato/documents/mwstage-2022-08_win10-1/mwstage/tools/ba-elf-ba2-r36379.w10/bin/../lib/gcc/ba-elf/4.7.4/../../../../ba-elf/lib/mcpu_jn51xx_sizeopt\libc.a(lib_a-impure.o)
                0x0000000004000060                _impure_ptr
 .data          0x0000000004000490       0x7c c:/users/sato/documents/mwstage-2022-08_win10-1/mwstage/tools/ba-elf-ba2-r36379.w10/bin/../lib/gcc/ba-elf/4.7.4/../../../../ba-elf/lib/mcpu_jn51xx_sizeopt\libc.a(lib_a-locale.o)
                0x0000000004000490                __mb_cur_max
 .data          0x000000000400050c      0x410 c:/users/sato/documents/mwstage-2022-08_win10-1/mwstage/tools/ba-elf-ba2-r36379.w10/bin/../lib/gcc/ba-elf/4.7.4/../../../../ba-elf/lib/mcpu_jn51xx_sizeopt\libc.a(lib_a-mallocr.o)
                0x000000000400050c                __malloc_sbrk_base
                0x0000000004000510                __malloc_trim_threshold
                0x0000000004000514                __malloc_av_
 *(.data.*)
                0x000000000400091c                . = ALIGN (0x4)
                0x000000000400091c                _ram_data_end = ABSOLUTE (.)

.bss            0x000000000400091c     0x1720 load address 0x0000000000095398
                0x000000000400091c                _bss_start = ABSOLUTE (.)
 *(.bss*)
 .bss           0x000000000400091c        0xc C:\Users\sato\AppData\Local\Temp\ccLtMeER.ltrans0.ltrans.o
 .bss           0x0000000004000928       0x40 C:\Users\sato\AppData\Local\Temp\ccLtMeER.ltrans1.ltrans.o
                0x0000000004000928                g_sLP
                0x0000000004000964                g_pvMac
 .bss.initinboot
                0x0000000004000968      0x1c0 C:\Users\sato\AppData\Local\Temp\ccLtMeER.ltrans1.ltrans.o
                0x0000000004000968                g_sMac
 .bss           0x0000000004000b28        0x2 C:\Users\sato\AppData\Local\Temp\ccLtMeER.ltrans2.ltrans.o
 *fill*         0x0000000004000b2a        0x2 00
 .bss.dontinitinboot
                0x0000000004000b2c        0x4 C:\Users\sato\AppData\Local\Temp\ccLtMeER.ltrans2.ltrans.o
 .bss           0x0000000004000b30       0x98 C:\Users\sato\AppData\Local\Temp\ccLtMeER.ltrans3.ltrans.o
                0x0000000004000b30                sSerCmd_P3.8087
                0x0000000004000b3c                Analogue
                0x0000000004000b54                SPI
                0x0000000004000b58                SerialParser
                0x0000000004000b94                Serial1
                0x0000000004000bb4                Buttons
                0x0000000004000bbc                PulseCounter1
                0x0000000004000bc0                PulseCounter0
 .bss           0x0000000004000bc8       0x24 C:\Users\sato\AppData\Local\Temp\ccLtMeER.ltrans4.ltrans.o
                0x0000000004000bc8                gbTimeOutFlag.27724
                0x0000000004000bcc                sAppHousekeeping
                0x0000000004000be4                prApAppCallback.27286
                0x0000000004000be8                bIntEnableFlag.27283
 .bss           0x0000000004000bec       0x24 C:\Users\sato\AppData\Local\Temp\ccLtMeER.ltrans5.ltrans.o
                0x0000000004000bec                pvPostFunc.4900
                0x0000000004000bf0                u32PostArg.4899
                0x0000000004000bf4                evPost.4898
 .bss           0x0000000004000c10       0x8c C:\Users\sato\AppData\Local\Temp\ccLtMeER.ltrans6.ltrans.o
                0x0000000004000c10                sMcpsIndQueue.6167
                0x0000000004000c20                sMcpsIndBufferQueue.6165
                0x0000000004000c30                sMlmeIndQueue.6168
                0x0000000004000c40                sMlmeIndBufferQueue.6166
                0x0000000004000c50                sHwIndQueue.6169
                0x0000000004000c60                sHwIndBufferQueue.6170
                0x0000000004000c70                _u32_INT_adc_comp
                0x0000000004000c74                _u32_INT_ticktimer
                0x0000000004000c78                communication_established_check_flg
                0x0000000004000c7c                the_vsettings
                0x0000000004000c80                next_mode
                0x0000000004000c84                _periph_availmap
 .bss           0x0000000004000c9c        0x8 C:\Users\sato\AppData\Local\Temp\ccLtMeER.ltrans7.ltrans.o
 .bss           0x0000000004000ca4        0x4 C:\Users\sato\AppData\Local\Temp\ccLtMeER.ltrans8.ltrans.o
 .bss           0x0000000004000ca8       0x90 C:\Users\sato\AppData\Local\Temp\ccLtMeER.ltrans9.ltrans.o
                0x0000000004000ca8                _ZL5_vcbs.9831
                0x0000000004000cbc                sToCoNet_AppContext
                0x0000000004000cd8                sToCoNet_Context
                0x0000000004000d20                sAssocSecurity.15994
                0x0000000004000d2c                g_bJenieBackwardsCompatibilityMode
 .bss           0x0000000004000d38      0x290 C:\Users\sato\AppData\Local\Temp\ccLtMeER.ltrans10.ltrans.o
                0x0000000004000d38                u8AppId_Pkt_head.7121
                0x0000000004000d3c                u32AppId.7118
                0x0000000004000d40                u32MyAddr.7120
                0x0000000004000d44                bRxQueue_Init.7119
                0x0000000004000d48                psRxQueueList.7117
                0x0000000004000d5c                asEventHandler.4886
                0x0000000004000dfc                sEvVars
                0x0000000004000e18                u32TickCount_ms
                0x0000000004000e1c                au8Txdatabuff_idx_sTxQueue
                0x0000000004000e20                u8TxBuffSiz_sTxQueue
                0x0000000004000e24                sTxdatabuff_sTxQueue
                0x0000000004000e28                sTxQueue
                0x0000000004000e44                au8Rxdatabuff_idx_sRxQueue
                0x0000000004000e48                u8RxBuffSiz_sRxQueue
                0x0000000004000e4c                sRxdatabuff_sRxQueue
                0x0000000004000e50                sRxQueue
                0x0000000004000e6c                au8Rxdatabuff_idx_sRxQueueCmd
                0x0000000004000e70                u8RxBuffSiz_sRxQueueCmd
                0x0000000004000e74                sRxdatabuff_sRxQueueCmd
                0x0000000004000e78                sRxQueueCmd.5337
                0x0000000004000e94                sContext.7242
                0x0000000004000ec0                the_twelite
                0x0000000004000f58                TWENET_u8RFdevice_minor.6542
                0x0000000004000f59                TWENET_u8RFdevice_major.6541
                0x0000000004000f5a                _TWENET_TX_POWER_MAX
                0x0000000004000f5c                sToCoNet_Modules
 .bss           0x0000000004000fc8       0x38 C:\Users\sato\AppData\Local\Temp\ccLtMeER.ltrans11.ltrans.o
                0x0000000004000fc8                sCh_Context.5805
                0x0000000004000fcc                the_vhw
                0x0000000004000fd0                the_vnet2
                0x0000000004000fd4                the_vnet
                0x0000000004000fd8                the_vapp
                0x0000000004000fdc                asTx.29084
 .bss.initinboot
                0x0000000004001000        0x1 C:\Users\sato\AppData\Local\Temp\ccLtMeER.ltrans11.ltrans.o
 *fill*         0x0000000004001001        0x3 00
 .bss           0x0000000004001004       0x70 C:\Users\sato\AppData\Local\Temp\ccLtMeER.ltrans12.ltrans.o
                0x0000000004001004                TxWorker_u8Num.29085
                0x0000000004001006                au16TimerSettings.27886
                0x0000000004001010                prUart1AppCallback.28192
                0x0000000004001014                prUart0AppCallback.28191
                0x0000000004001018                sOpt.7424
                0x0000000004001028                _psSerial
 .bss           0x0000000004001074       0xb6 C:\Users\sato\AppData\Local\Temp\ccLtMeER.ltrans13.ltrans.o
 *fill*         0x000000000400112a        0x2 00
 .bss           0x000000000400112c        0x4 C:\Users\sato\AppData\Local\Temp\ccLtMeER.ltrans14.ltrans.o
                0x000000000400112c                i8TxPower.18784
 .bss.initinboot
                0x0000000004001130        0x8 C:\Users\sato\AppData\Local\Temp\ccLtMeER.ltrans14.ltrans.o
                0x0000000004001130                g_u32MacAddrLocation
                0x0000000004001134                prvUserTxStartedCallback
 .bss.dontinitinboot
                0x0000000004001138        0x1 C:\Users\sato\AppData\Local\Temp\ccLtMeER.ltrans15.ltrans.o
                0x0000000004001138                u8SecurityMode.25274
 *fill*         0x0000000004001139        0x3 00
 .bss           0x000000000400113c       0x68 C:\Users\sato\AppData\Local\Temp\ccLtMeER.ltrans16.ltrans.o
                0x000000000400113c                the_mac
                0x0000000004001158                Serial
                0x0000000004001178                release_signal_send_flg
                0x000000000400117c                lcd_control
                0x0000000004001180                lcd_data_buf1
                0x00000000040011a0                current_mode
                0x00000000040011a1                EM_btn_wait_status
 .bss           0x00000000040011a4       0x60 C:\Users\sato\AppData\Local\Temp\ccLtMeER.ltrans17.ltrans.o
                0x00000000040011a4                g_sXcv
                0x00000000040011a8                prMcpsRequest.12378
                0x00000000040011ac                prMlmeRequest.12377
                0x00000000040011b0                prOriginalHandler.7252
                0x00000000040011b4                Wire
                0x00000000040011cc                Timer4
                0x00000000040011d4                Timer3
                0x00000000040011dc                Timer2
                0x00000000040011e4                Timer1
                0x00000000040011ec                Timer0
 .bss           0x0000000004001204       0x1c C:\Users\sato\AppData\Local\Temp\ccLtMeER.ltrans18.ltrans.o
                0x0000000004001204                prAppHwCallback.6173
                0x0000000004001208                apfTimerAppCallback.27937
                0x000000000400121c                prTickTimeAppCallback
 .bss           0x0000000004001220      0x71c C:\Users\sato\AppData\Local\Temp\ccLtMeER.ltrans19.ltrans.o
                0x0000000004001220                prSpiAppCallback.27520
                0x0000000004001224                prSiAppCallback.28755
                0x0000000004001228                prAppMcpsCallback.6171
                0x000000000400122c                prAppMlmeCallback.6172
                0x0000000004001230                bTxEventQueued.23106
                0x0000000004001231                u8TxEventStatus.23107
 .bss.initinboot
                0x000000000400193c        0x4 C:\Users\sato\AppData\Local\Temp\ccLtMeER.ltrans19.ltrans.o
                0x000000000400193c                prSysCtrlAppCallback.27728
 .bss           0x0000000004001940       0x14 C:\Users\sato\AppData\Local\Temp\ccLtMeER.ltrans20.ltrans.o
                0x0000000004001940                s_sTimerList
                0x0000000004001950                u8AssocResponsesInProgress.15993
 .bss           0x0000000004001954      0x66c C:\Users\sato\AppData\Local\Temp\ccLtMeER.ltrans22.ltrans.o
                0x0000000004001954                asUARTS.7417
                0x0000000004001974                _SERIAL_bmTxIntEnabled
                0x0000000004001978                asSerialPorts
 .bss.dontinitinboot
                0x0000000004001fc0       0x40 C:/Users/sato/Documents/MWSTAGE-2022-08_win10-1/MWSTAGE/MWSDK/ChipLib/SW4063V1416/Components/Library\libBoot_JN516x.a(ExceptionHandler.o)
                0x0000000004001fc0                isr_handlers
 .bss           0x0000000004002000       0x34 c:/users/sato/documents/mwstage-2022-08_win10-1/mwstage/tools/ba-elf-ba2-r36379.w10/bin/../lib/gcc/ba-elf/4.7.4/../../../../ba-elf/lib/mcpu_jn51xx_sizeopt\libc.a(lib_a-mallocr.o)
                0x0000000004002000                __malloc_current_mallinfo
                0x0000000004002028                __malloc_max_total_mem
                0x000000000400202c                __malloc_max_sbrked_mem
                0x0000000004002030                __malloc_top_pad
 .bss           0x0000000004002034        0x4 c:/users/sato/documents/mwstage-2022-08_win10-1/mwstage/tools/ba-elf-ba2-r36379.w10/bin/../lib/gcc/ba-elf/4.7.4/../../../../ba-elf/lib/mcpu_jn51xx_sizeopt\libc.a(lib_a-glue.o)
 *(.bss.*)
 *(.scommon*)
 .scommon       0x0000000004002038        0x4 c:/users/sato/documents/mwstage-2022-08_win10-1/mwstage/tools/ba-elf-ba2-r36379.w10/bin/../lib/gcc/ba-elf/4.7.4/../../../../ba-elf/lib/mcpu_jn51xx_sizeopt\libc.a(lib_a-reent.o)
                0x0000000004002038                errno
 *(.scommon.*)
 *(COMMON)
                0x000000000400203c                . = ALIGN (0x4)
                0x000000000400203c                _bss_end = ABSOLUTE (.)
                0x000000000400203c                end = .

.heap           0x000000000400203c      0xd16 load address 0x0000000000096ab8
                0x000000000400203c                _heap_start = ABSOLUTE (.)
                0x0000000004002d52                . = (. + __minimum_heap_size)
 *fill*         0x000000000400203c      0xd16 00

.stack          0x0000000004007800      0x800 load address 0x000000000009c27c
                0x0000000004007800                _heap_end = ABSOLUTE (.)
                0x0000000004007800                _stack_low_water_mark = ABSOLUTE (.)
                0x0000000004008000                . = (. + __stack_size)
 *fill*         0x0000000004007800      0x800 00
                0x0000000004008000                _stack = .

.test           0x0000000000095398        0x1
                0x0000000000095398        0x1 BYTE 0xff
                0x0000000000094ac8                _flash_data_start = LOADADDR (.data)
                0x00000000000008d0                _ram_data_len = (((_ram_data_end - _ram_data_start) + 0x3) & 0xfffffffffffffffc)
                0x0000000000001720                _bss_len = (((_bss_end - _bss_start) + 0x3) & 0xfffffffffffffffc)
                0x0000000000015398                _image_len = ((((_flash_end - _flash_start) + _ram_data_len) + 0x3) & 0xfffffffffffffffc)
                0x0000000004008000                _ram_top = (ABSOLUTE (ORIGIN (ram)) + 0x7fb4)
                0x0000000004008000                ram_top = (ABSOLUTE (ORIGIN (ram)) + 0x7fb4)
                0x0000000001001580                _app_ram_start = 0x1001580
                0x000000000400004c                PROVIDE (_heap_location, u32HeapStart)
                0x000000000400004c                PROVIDE (heap_location, u32HeapStart)
                0x0000000000088b6a                TSV_eOpenVector = TSV_eOpen
                0x00000000000886eb                TSV_eStartVector = TSV_eStart
                0x000000000008d1ca                TSV_eStopVector = TSV_eStop
                0x00000000000837c4                pvAppApiGetMacHandle = pvAppApiDefGetMacHandle
                0x000000000008bd15                u32AppApiInit = u32AppApiDefInit
                0x0000000000083799                vAppApiMlmeRequest = vAppApiDefMlmeRequest
                0x0000000000088e40                vAppApiMcpsRequest = vAppApiDefMcpsRequest
                0x0000000000088dcf                eAppApiPlmeSet = eAppApiDefPlmeSet
                0x0000000000088d7d                eAppApiPlmeGet = eAppApiDefPlmeGet
                0x0000000000088d74                pvAppApiGetMacAddrLocation = pvAppApiDefGetMacAddrLocation
                0x0000000000088c59                vAppApiSaveMacSettings = vAppApiDefSaveMacSettings
                0x0000000000088b72                vAppApiRestoreMacSettings = vAppApiDefRestoreMacSettings
OUTPUT(objs_RED/Wireless_EM_Switch_RED_L1305_V0-1-0.elf elf32-ba)

.comment        0x0000000000000000       0x11
 .comment       0x0000000000000000       0x12 C:\Users\sato\AppData\Local\Temp\ccLtMeER.ltrans0.ltrans.o
 .comment       0x0000000000000000       0x12 C:\Users\sato\AppData\Local\Temp\ccLtMeER.ltrans1.ltrans.o
 .comment       0x0000000000000000       0x12 C:\Users\sato\AppData\Local\Temp\ccLtMeER.ltrans2.ltrans.o
 .comment       0x0000000000000000       0x12 C:\Users\sato\AppData\Local\Temp\ccLtMeER.ltrans3.ltrans.o
 .comment       0x0000000000000000       0x12 C:\Users\sato\AppData\Local\Temp\ccLtMeER.ltrans4.ltrans.o
 .comment       0x0000000000000000       0x12 C:\Users\sato\AppData\Local\Temp\ccLtMeER.ltrans5.ltrans.o
 .comment       0x0000000000000000       0x12 C:\Users\sato\AppData\Local\Temp\ccLtMeER.ltrans6.ltrans.o
 .comment       0x0000000000000000       0x12 C:\Users\sato\AppData\Local\Temp\ccLtMeER.ltrans7.ltrans.o
 .comment       0x0000000000000000       0x12 C:\Users\sato\AppData\Local\Temp\ccLtMeER.ltrans8.ltrans.o
 .comment       0x0000000000000000       0x12 C:\Users\sato\AppData\Local\Temp\ccLtMeER.ltrans9.ltrans.o
 .comment       0x0000000000000000       0x12 C:\Users\sato\AppData\Local\Temp\ccLtMeER.ltrans10.ltrans.o
 .comment       0x0000000000000000       0x12 C:\Users\sato\AppData\Local\Temp\ccLtMeER.ltrans11.ltrans.o
 .comment       0x0000000000000000       0x12 C:\Users\sato\AppData\Local\Temp\ccLtMeER.ltrans12.ltrans.o
 .comment       0x0000000000000000       0x12 C:\Users\sato\AppData\Local\Temp\ccLtMeER.ltrans13.ltrans.o
 .comment       0x0000000000000000       0x12 C:\Users\sato\AppData\Local\Temp\ccLtMeER.ltrans14.ltrans.o
 .comment       0x0000000000000000       0x12 C:\Users\sato\AppData\Local\Temp\ccLtMeER.ltrans15.ltrans.o
 .comment       0x0000000000000000       0x12 C:\Users\sato\AppData\Local\Temp\ccLtMeER.ltrans16.ltrans.o
 .comment       0x0000000000000000       0x12 C:\Users\sato\AppData\Local\Temp\ccLtMeER.ltrans17.ltrans.o
 .comment       0x0000000000000000       0x12 C:\Users\sato\AppData\Local\Temp\ccLtMeER.ltrans18.ltrans.o
 .comment       0x0000000000000000       0x12 C:\Users\sato\AppData\Local\Temp\ccLtMeER.ltrans19.ltrans.o
 .comment       0x0000000000000000       0x12 C:\Users\sato\AppData\Local\Temp\ccLtMeER.ltrans20.ltrans.o
 .comment       0x0000000000000000       0x12 C:\Users\sato\AppData\Local\Temp\ccLtMeER.ltrans21.ltrans.o
 .comment       0x0000000000000000       0x12 C:\Users\sato\AppData\Local\Temp\ccLtMeER.ltrans22.ltrans.o
 .comment       0x0000000000000000       0x12 c:/users/sato/documents/mwstage-2022-08_win10-1/mwstage/tools/ba-elf-ba2-r36379.w10/bin/../lib/gcc/ba-elf/4.7.4/../../../../ba-elf/lib/mcpu_jn51xx_sizeopt\libc.a(lib_a-memcmp.o)
 .comment       0x0000000000000000       0x12 c:/users/sato/documents/mwstage-2022-08_win10-1/mwstage/tools/ba-elf-ba2-r36379.w10/bin/../lib/gcc/ba-elf/4.7.4/mcpu_jn51xx_sizeopt\libgcc.a(_fixunsdfsi.o)
 .comment       0x0000000000000000       0x12 c:/users/sato/documents/mwstage-2022-08_win10-1/mwstage/tools/ba-elf-ba2-r36379.w10/bin/../lib/gcc/ba-elf/4.7.4/mcpu_jn51xx_sizeopt\libgcc.a(_udivdi3.o)
 .comment       0x0000000000000000       0x12 c:/users/sato/documents/mwstage-2022-08_win10-1/mwstage/tools/ba-elf-ba2-r36379.w10/bin/../lib/gcc/ba-elf/4.7.4/mcpu_jn51xx_sizeopt\libgcc.a(_umoddi3.o)
 .comment       0x0000000000000000       0x11 C:/Users/sato/Documents/MWSTAGE-2022-08_win10-1/MWSTAGE/MWSDK/ChipLib/SW4063V1416/Components/Library\libMicroSpecific_JN516x.a(MicroSyscall_ba.o)
                                         0x12 (size before relaxing)
 .comment       0x0000000000000000       0x12 c:/users/sato/documents/mwstage-2022-08_win10-1/mwstage/tools/ba-elf-ba2-r36379.w10/bin/../lib/gcc/ba-elf/4.7.4/../../../../ba-elf/lib/mcpu_jn51xx_sizeopt\libc.a(lib_a-memset.o)
 .comment       0x0000000000000000       0x12 c:/users/sato/documents/mwstage-2022-08_win10-1/mwstage/tools/ba-elf-ba2-r36379.w10/bin/../lib/gcc/ba-elf/4.7.4/../../../../ba-elf/lib/mcpu_jn51xx_sizeopt\libc.a(lib_a-sprintf.o)
 .comment       0x0000000000000000       0x12 c:/users/sato/documents/mwstage-2022-08_win10-1/mwstage/tools/ba-elf-ba2-r36379.w10/bin/../lib/gcc/ba-elf/4.7.4/../../../../ba-elf/lib/mcpu_jn51xx_sizeopt\libc.a(lib_a-strcmp.o)
 .comment       0x0000000000000000       0x12 c:/users/sato/documents/mwstage-2022-08_win10-1/mwstage/tools/ba-elf-ba2-r36379.w10/bin/../lib/gcc/ba-elf/4.7.4/../../../../ba-elf/lib/mcpu_jn51xx_sizeopt\libc.a(lib_a-strcpy.o)
 .comment       0x0000000000000000       0x12 c:/users/sato/documents/mwstage-2022-08_win10-1/mwstage/tools/ba-elf-ba2-r36379.w10/bin/../lib/gcc/ba-elf/4.7.4/../../../../ba-elf/lib/mcpu_jn51xx_sizeopt\libc.a(lib_a-strlen.o)
 .comment       0x0000000000000000       0x12 c:/users/sato/documents/mwstage-2022-08_win10-1/mwstage/tools/ba-elf-ba2-r36379.w10/bin/../lib/gcc/ba-elf/4.7.4/../../../../ba-elf/lib/mcpu_jn51xx_sizeopt\libc.a(lib_a-svfprintf.o)
 .comment       0x0000000000000000       0x12 c:/users/sato/documents/mwstage-2022-08_win10-1/mwstage/tools/ba-elf-ba2-r36379.w10/bin/../lib/gcc/ba-elf/4.7.4/../../../../ba-elf/lib/mcpu_jn51xx_sizeopt\libc.a(lib_a-dtoa.o)
 .comment       0x0000000000000000       0x12 c:/users/sato/documents/mwstage-2022-08_win10-1/mwstage/tools/ba-elf-ba2-r36379.w10/bin/../lib/gcc/ba-elf/4.7.4/../../../../ba-elf/lib/mcpu_jn51xx_sizeopt\libc.a(lib_a-impure.o)
 .comment       0x0000000000000000       0x12 c:/users/sato/documents/mwstage-2022-08_win10-1/mwstage/tools/ba-elf-ba2-r36379.w10/bin/../lib/gcc/ba-elf/4.7.4/../../../../ba-elf/lib/mcpu_jn51xx_sizeopt\libc.a(lib_a-locale.o)
 .comment       0x0000000000000000       0x12 c:/users/sato/documents/mwstage-2022-08_win10-1/mwstage/tools/ba-elf-ba2-r36379.w10/bin/../lib/gcc/ba-elf/4.7.4/../../../../ba-elf/lib/mcpu_jn51xx_sizeopt\libc.a(lib_a-mallocr.o)
 .comment       0x0000000000000000       0x12 c:/users/sato/documents/mwstage-2022-08_win10-1/mwstage/tools/ba-elf-ba2-r36379.w10/bin/../lib/gcc/ba-elf/4.7.4/../../../../ba-elf/lib/mcpu_jn51xx_sizeopt\libc.a(lib_a-memchr.o)
 .comment       0x0000000000000000       0x12 c:/users/sato/documents/mwstage-2022-08_win10-1/mwstage/tools/ba-elf-ba2-r36379.w10/bin/../lib/gcc/ba-elf/4.7.4/../../../../ba-elf/lib/mcpu_jn51xx_sizeopt\libc.a(lib_a-memcpy.o)
 .comment       0x0000000000000000       0x12 c:/users/sato/documents/mwstage-2022-08_win10-1/mwstage/tools/ba-elf-ba2-r36379.w10/bin/../lib/gcc/ba-elf/4.7.4/../../../../ba-elf/lib/mcpu_jn51xx_sizeopt\libc.a(lib_a-mlock.o)
 .comment       0x0000000000000000       0x12 c:/users/sato/documents/mwstage-2022-08_win10-1/mwstage/tools/ba-elf-ba2-r36379.w10/bin/../lib/gcc/ba-elf/4.7.4/../../../../ba-elf/lib/mcpu_jn51xx_sizeopt\libc.a(lib_a-mprec.o)
 .comment       0x0000000000000000       0x12 c:/users/sato/documents/mwstage-2022-08_win10-1/mwstage/tools/ba-elf-ba2-r36379.w10/bin/../lib/gcc/ba-elf/4.7.4/../../../../ba-elf/lib/mcpu_jn51xx_sizeopt\libc.a(lib_a-sbrkr.o)
 .comment       0x0000000000000000       0x12 c:/users/sato/documents/mwstage-2022-08_win10-1/mwstage/tools/ba-elf-ba2-r36379.w10/bin/../lib/gcc/ba-elf/4.7.4/../../../../ba-elf/lib/mcpu_jn51xx_sizeopt\libc.a(lib_a-s_fpclassify.o)
 .comment       0x0000000000000000       0x12 c:/users/sato/documents/mwstage-2022-08_win10-1/mwstage/tools/ba-elf-ba2-r36379.w10/bin/../lib/gcc/ba-elf/4.7.4/../../../../ba-elf/lib/mcpu_jn51xx_sizeopt\libc.a(lib_a-svfiprintf.o)
 .comment       0x0000000000000000       0x12 c:/users/sato/documents/mwstage-2022-08_win10-1/mwstage/tools/ba-elf-ba2-r36379.w10/bin/../lib/gcc/ba-elf/4.7.4/../../../../ba-elf/lib/mcpu_jn51xx_sizeopt\libc.a(lib_a-callocr.o)
 .comment       0x0000000000000000       0x12 c:/users/sato/documents/mwstage-2022-08_win10-1/mwstage/tools/ba-elf-ba2-r36379.w10/bin/../lib/gcc/ba-elf/4.7.4/../../../../ba-elf/lib/mcpu_jn51xx_sizeopt\libc.a(lib_a-freer.o)
 .comment       0x0000000000000000       0x12 c:/users/sato/documents/mwstage-2022-08_win10-1/mwstage/tools/ba-elf-ba2-r36379.w10/bin/../lib/gcc/ba-elf/4.7.4/../../../../ba-elf/lib/mcpu_jn51xx_sizeopt\libc.a(lib_a-glue.o)
 .comment       0x0000000000000000       0x12 c:/users/sato/documents/mwstage-2022-08_win10-1/mwstage/tools/ba-elf-ba2-r36379.w10/bin/../lib/gcc/ba-elf/4.7.4/../../../../ba-elf/lib/mcpu_jn51xx_sizeopt\libc.a(lib_a-memmove.o)
 .comment       0x0000000000000000       0x12 c:/users/sato/documents/mwstage-2022-08_win10-1/mwstage/tools/ba-elf-ba2-r36379.w10/bin/../lib/gcc/ba-elf/4.7.4/../../../../ba-elf/lib/mcpu_jn51xx_sizeopt\libc.a(lib_a-reallocr.o)
 .comment       0x0000000000000000       0x12 c:/users/sato/documents/mwstage-2022-08_win10-1/mwstage/tools/ba-elf-ba2-r36379.w10/bin/../lib/gcc/ba-elf/4.7.4/../../../../ba-elf/lib/mcpu_jn51xx_sizeopt\libc.a(lib_a-reent.o)
 .comment       0x0000000000000000       0x12 c:/users/sato/documents/mwstage-2022-08_win10-1/mwstage/tools/ba-elf-ba2-r36379.w10/bin/../lib/gcc/ba-elf/4.7.4/../../../../ba-elf/lib/mcpu_jn51xx_sizeopt\libc.a(lib_a-errno.o)
 .comment       0x0000000000000000       0x12 c:/users/sato/documents/mwstage-2022-08_win10-1/mwstage/tools/ba-elf-ba2-r36379.w10/bin/../lib/gcc/ba-elf/4.7.4/mcpu_jn51xx_sizeopt\libgcc.a(adddf3.o)
 .comment       0x0000000000000000       0x12 c:/users/sato/documents/mwstage-2022-08_win10-1/mwstage/tools/ba-elf-ba2-r36379.w10/bin/../lib/gcc/ba-elf/4.7.4/mcpu_jn51xx_sizeopt\libgcc.a(divdf3.o)
 .comment       0x0000000000000000       0x12 c:/users/sato/documents/mwstage-2022-08_win10-1/mwstage/tools/ba-elf-ba2-r36379.w10/bin/../lib/gcc/ba-elf/4.7.4/mcpu_jn51xx_sizeopt\libgcc.a(eqdf2.o)
 .comment       0x0000000000000000       0x12 c:/users/sato/documents/mwstage-2022-08_win10-1/mwstage/tools/ba-elf-ba2-r36379.w10/bin/../lib/gcc/ba-elf/4.7.4/mcpu_jn51xx_sizeopt\libgcc.a(gedf2.o)
 .comment       0x0000000000000000       0x12 c:/users/sato/documents/mwstage-2022-08_win10-1/mwstage/tools/ba-elf-ba2-r36379.w10/bin/../lib/gcc/ba-elf/4.7.4/mcpu_jn51xx_sizeopt\libgcc.a(ledf2.o)
 .comment       0x0000000000000000       0x12 c:/users/sato/documents/mwstage-2022-08_win10-1/mwstage/tools/ba-elf-ba2-r36379.w10/bin/../lib/gcc/ba-elf/4.7.4/mcpu_jn51xx_sizeopt\libgcc.a(muldf3.o)
 .comment       0x0000000000000000       0x12 c:/users/sato/documents/mwstage-2022-08_win10-1/mwstage/tools/ba-elf-ba2-r36379.w10/bin/../lib/gcc/ba-elf/4.7.4/mcpu_jn51xx_sizeopt\libgcc.a(subdf3.o)
 .comment       0x0000000000000000       0x12 c:/users/sato/documents/mwstage-2022-08_win10-1/mwstage/tools/ba-elf-ba2-r36379.w10/bin/../lib/gcc/ba-elf/4.7.4/mcpu_jn51xx_sizeopt\libgcc.a(fixdfsi.o)
 .comment       0x0000000000000000       0x12 c:/users/sato/documents/mwstage-2022-08_win10-1/mwstage/tools/ba-elf-ba2-r36379.w10/bin/../lib/gcc/ba-elf/4.7.4/mcpu_jn51xx_sizeopt\libgcc.a(floatsidf.o)
 .comment       0x0000000000000000       0x12 c:/users/sato/documents/mwstage-2022-08_win10-1/mwstage/tools/ba-elf-ba2-r36379.w10/bin/../lib/gcc/ba-elf/4.7.4/mcpu_jn51xx_sizeopt\libgcc.a(floatunsidf.o)

.debug_info     0x0000000000000000    0x11520
 .debug_info    0x0000000000000000       0xf3 c:/users/sato/documents/mwstage-2022-08_win10-1/mwstage/tools/ba-elf-ba2-r36379.w10/bin/../lib/gcc/ba-elf/4.7.4/../../../../ba-elf/lib/mcpu_jn51xx_sizeopt\libc.a(lib_a-memcmp.o)
 .debug_info    0x00000000000000f3       0xd3 c:/users/sato/documents/mwstage-2022-08_win10-1/mwstage/tools/ba-elf-ba2-r36379.w10/bin/../lib/gcc/ba-elf/4.7.4/mcpu_jn51xx_sizeopt\libgcc.a(_fixunsdfsi.o)
 .debug_info    0x00000000000001c6      0x648 c:/users/sato/documents/mwstage-2022-08_win10-1/mwstage/tools/ba-elf-ba2-r36379.w10/bin/../lib/gcc/ba-elf/4.7.4/mcpu_jn51xx_sizeopt\libgcc.a(_udivdi3.o)
 .debug_info    0x000000000000080e      0x69d c:/users/sato/documents/mwstage-2022-08_win10-1/mwstage/tools/ba-elf-ba2-r36379.w10/bin/../lib/gcc/ba-elf/4.7.4/mcpu_jn51xx_sizeopt\libgcc.a(_umoddi3.o)
 .debug_info    0x0000000000000eab       0xaa C:/Users/sato/Documents/MWSTAGE-2022-08_win10-1/MWSTAGE/MWSDK/ChipLib/SW4063V1416/Components/Library\libBoot_JN516x.a(ExceptionHandler.o)
 .debug_info    0x0000000000000f55       0xd7 c:/users/sato/documents/mwstage-2022-08_win10-1/mwstage/tools/ba-elf-ba2-r36379.w10/bin/../lib/gcc/ba-elf/4.7.4/../../../../ba-elf/lib/mcpu_jn51xx_sizeopt\libc.a(lib_a-memset.o)
 .debug_info    0x000000000000102c      0xac6 c:/users/sato/documents/mwstage-2022-08_win10-1/mwstage/tools/ba-elf-ba2-r36379.w10/bin/../lib/gcc/ba-elf/4.7.4/../../../../ba-elf/lib/mcpu_jn51xx_sizeopt\libc.a(lib_a-sprintf.o)
 .debug_info    0x0000000000001af2       0xbb c:/users/sato/documents/mwstage-2022-08_win10-1/mwstage/tools/ba-elf-ba2-r36379.w10/bin/../lib/gcc/ba-elf/4.7.4/../../../../ba-elf/lib/mcpu_jn51xx_sizeopt\libc.a(lib_a-strcmp.o)
 .debug_info    0x0000000000001bad       0xce c:/users/sato/documents/mwstage-2022-08_win10-1/mwstage/tools/ba-elf-ba2-r36379.w10/bin/../lib/gcc/ba-elf/4.7.4/../../../../ba-elf/lib/mcpu_jn51xx_sizeopt\libc.a(lib_a-strcpy.o)