Archive member included because of file (symbol)

/Users/tomohiro/Documents/MWSTAGE/MWSDK/TWENET/current/lib/libTWENET_RED.a(ToCoNet_event.o)
                              objs_RED/communication.o (PRSEV_u8RegisterEx)
/Users/tomohiro/Documents/MWSTAGE/MWSDK/TWENET/current/lib/libTWENET_RED.a(ToCoNet_main.o)
                              objs_RED/lcd.o (sToCoNet_Context)
/Users/tomohiro/Documents/MWSTAGE/MWSDK/TWENET/current/lib/libTWENET_RED.a(ToCoNet_utils.o)
                              /Users/tomohiro/Documents/MWSTAGE/MWSDK/TWENET/current/lib/libTWENET_RED.a(ToCoNet_main.o) (ToCoNet_u32GetVersion)
/Users/tomohiro/Documents/MWSTAGE/MWSDK/TWENET/current/lib/libTWENET_RED.a(ToCoNet_mod_Nwk_Common.o)
                              /Users/tomohiro/Documents/MWSTAGE/MWSDK/TWENET/current/lib/libTWENET_RED.a(ToCoNet_main.o) (ToCoNet_vRxProc_Mod)
/Users/tomohiro/Documents/MWSTAGE/MWSDK/TWENET/current/lib/libTWENET_RED.a(ToCoNet_mod_Channel_Mgr.o)
                              /Users/tomohiro/Documents/MWSTAGE/MWSDK/TWENET/current/lib/libTWENET_RED.a(ToCoNet_main.o) (ToCoNet_ChMgr_bCh_Reconfig)
/Users/tomohiro/Documents/MWSTAGE/MWSDK/TWENET/current/lib/libTWENET_RED.a(Version.o)
                              /Users/tomohiro/Documents/MWSTAGE/MWSDK/TWENET/current/lib/libTWENET_RED.a(ToCoNet_utils.o) (au8ToCoNetVersionInfo)
/Users/tomohiro/Documents/MWSTAGE/MWSDK/TWENET/current/lib/libTWENET_RED.a(AppQueueApi_ToCoNet.o)
                              /Users/tomohiro/Documents/MWSTAGE/MWSDK/TWENET/current/lib/libTWENET_RED.a(ToCoNet_main.o) (_u32_INT_ticktimer)
/Users/tomohiro/Documents/MWSTAGE/MWSDK/TWENET/current/lib/libTWENEText_RED.a(AppStart.o)
                              (AppColdStart)
/Users/tomohiro/Documents/MWSTAGE/MWSDK/TWENET/current/lib/libTWENEText_RED.a(getMacAddr.o)
                              /Users/tomohiro/Documents/MWSTAGE/MWSDK/TWENET/current/lib/libTWENET_RED.a(ToCoNet_main.o) (ToCoNet_u32GetSerialOnBoot)
/Users/tomohiro/Documents/MWSTAGE/MWSDK/TWENET/current/lib/libTWENEText_RED.a(mac.o)
                              /Users/tomohiro/Documents/MWSTAGE/MWSDK/TWENET/current/lib/libTWENET_RED.a(ToCoNet_main.o) (Mac_vInit)
/Users/tomohiro/Documents/MWSTAGE/MWSDK/TWENET/current/lib/libTWENEText_RED.a(AES_CCM.o)
                              /Users/tomohiro/Documents/MWSTAGE/MWSDK/TWENET/current/lib/libTWENEText_RED.a(AppStart.o) (bAES_CCM_KeyReg)
/Users/tomohiro/Documents/MWSTAGE/MWSDK/TWENET/current/lib/libTWENEText_RED.a(no_ack_handler.o)
                              /Users/tomohiro/Documents/MWSTAGE/MWSDK/TWENET/current/lib/libTWENEText_RED.a(AppStart.o) (vInstallNoAckHandler)
/Users/tomohiro/Documents/MWSTAGE/MWSDK/TWENET/current/lib/libTWENEText_RED.a(Version.o)
                              /Users/tomohiro/Documents/MWSTAGE/MWSDK/TWENET/current/lib/libTWENET_RED.a(ToCoNet_utils.o) (au8ToCoNetExtVersionInfo)
/Users/tomohiro/Documents/MWSTAGE/MWSDK/TWENET/current/lib/libTWENETutils_RED.a(serial.o)
                              objs_RED/Interrupt.o (SERIAL_bTxChar)
/Users/tomohiro/Documents/MWSTAGE/MWSDK/TWENET/current/lib/libTWENETutils_RED.a(uart.o)
                              /Users/tomohiro/Documents/MWSTAGE/MWSDK/TWENET/current/lib/libTWENETutils_RED.a(serial.o) (UART_vInit)
/Users/tomohiro/Documents/MWSTAGE/MWSDK/TWENET/current/lib/libTWENETutils_RED.a(ByteQueue.o)
                              /Users/tomohiro/Documents/MWSTAGE/MWSDK/TWENET/current/lib/libTWENET_RED.a(ToCoNet_main.o) (QUEUE__vInit)
/Users/tomohiro/Documents/MWSTAGE/MWSDK/TWENET/current/lib/libTWENETutils_RED.a(ccitt8.o)
                              /Users/tomohiro/Documents/MWSTAGE/MWSDK/TWENET/current/lib/libTWENEText_RED.a(AppStart.o) (u8CCITT8)
/Users/tomohiro/Documents/MWSTAGE/MWSDK/TWENET/current/lib/libTWENETutils_RED.a(utils.o)
                              objs_RED/main.o (vTimerConfig)
/Users/tomohiro/Documents/MWSTAGE/MWSDK/TWENET/current/lib/libTWENETutils_RED.a(ccm.o)
                              /Users/tomohiro/Documents/MWSTAGE/MWSDK/TWENET/current/lib/libTWENEText_RED.a(AES_CCM.o) (ccm_init_and_key)
/Users/tomohiro/Documents/MWSTAGE/MWSDK/TWENET/current/lib/libTWENETutils_RED.a(Version.o)
                              /Users/tomohiro/Documents/MWSTAGE/MWSDK/TWENET/current/lib/libTWENET_RED.a(ToCoNet_utils.o) (au8ToCoNetUtilsVersionInfo)
/Users/tomohiro/Documents/MWSTAGE/MWSDK/TWENET/current/lib/libTWENETutils_RED.a(aescrypt.o)
                              /Users/tomohiro/Documents/MWSTAGE/MWSDK/TWENET/current/lib/libTWENETutils_RED.a(ccm.o) (aes_encrypt)
/Users/tomohiro/Documents/MWSTAGE/MWSDK/TWENET/current/lib/libTWENETutils_RED.a(aeskey.o)
                              /Users/tomohiro/Documents/MWSTAGE/MWSDK/TWENET/current/lib/libTWENETutils_RED.a(ccm.o) (aes_encrypt_key)
/Users/tomohiro/Documents/MWSTAGE/MWSDK/TWENET/current/lib/libTWENETutils_RED.a(aestab.o)
                              /Users/tomohiro/Documents/MWSTAGE/MWSDK/TWENET/current/lib/libTWENETutils_RED.a(aeskey.o) (t_im)
[...]
Memory Configuration

Name             Origin             Length             Attributes
flash            0x0000000000080000 0x0000000000080000
ram              0x000000000400004c 0x0000000000007fb4
*default*        0x0000000000000000 0xffffffffffffffff

Linker script and memory map

LOAD objs_RED/_mwx_version.o
LOAD objs_RED/Interrupt.o
LOAD objs_RED/LED.o
LOAD objs_RED/communication.o
LOAD objs_RED/lcd.o
LOAD objs_RED/main.o
LOAD objs_RED/mode.o
LOAD /Users/tomohiro/Documents/MWSTAGE/MWSDK/TWENET/current/lib/libTWENET_RED.a
LOAD /Users/tomohiro/Documents/MWSTAGE/MWSDK/TWENET/current/lib/libTWENEText_RED.a
LOAD /Users/tomohiro/Documents/MWSTAGE/MWSDK/TWENET/current/lib/libTWENETutils_RED.a
LOAD /Users/tomohiro/Documents/MWSTAGE/MWSDK/TWENET/current/lib/libTWENETstgs_RED.a
LOAD /Users/tomohiro/Documents/MWSTAGE/MWSDK/TWENET/current/lib/libmwx_RED.a
LOAD /Users/tomohiro/Documents/MWSTAGE/MWSDK/TWENET/current/lib/libEASTL_RED.a
START GROUP
LOAD /Users/tomohiro/Documents/MWSTAGE/MWSDK/ChipLib/SW4063V1416/Components/Library/libAppApi_JN5169.a
LOAD /Users/tomohiro/Documents/MWSTAGE/MWSDK/ChipLib/SW4063V1416/Components/Library/libMAC_JN5169.a
LOAD /Users/tomohiro/Documents/MWSTAGE/MWSDK/ChipLib/SW4063V1416/Components/Library/libTimerServer_JN516x.a
LOAD /Users/tomohiro/Documents/MWSTAGE/MWSDK/ChipLib/SW4063V1416/Components/Library/libTOF_JN516x.a
LOAD /Users/tomohiro/Documents/MWSTAGE/MWSDK/ChipLib/SW4063V1416/Components/Library/libXcv_JN5169.a
LOAD /Users/tomohiro/Documents/MWSTAGE/MWSDK/ChipLib/SW4063V1416/Components/Library/libMMAC_JN5169.a
LOAD /Users/tomohiro/Documents/MWSTAGE/MWSDK/ChipLib/SW4063V1416/Components/Library/libJPT_JN5169.a
LOAD /Users/tomohiro/Documents/MWSTAGE/MWSDK/ChipLib/SW4063V1416/Components/Library/libAes_JN516x.a
LOAD /Users/tomohiro/Documents/MWSTAGE/MWSDK/ChipLib/SW4063V1416/Components/Library/libHardwareApi_JN5169.a
LOAD /Users/tomohiro/Documents/MWSTAGE/MWSDK/ChipLib/SW4063V1416/Components/Library/libMicroSpecific_JN516x.a
LOAD /Users/tomohiro/Documents/MWSTAGE/MWSDK/ChipLib/SW4063V1416/Components/Library/libBoot_JN516x.a
LOAD /Users/tomohiro/Documents/MWSTAGE/MWSDK/ChipLib/SW4063V1416/Components/Library/libPDM_EEPROM_JN516x_NO_RTOS.a
LOAD /Users/tomohiro/Documents/MWSTAGE/MWSDK/TWENET/current/lib/libTWENET_RED.a
LOAD /Users/tomohiro/Documents/MWSTAGE/MWSDK/TWENET/current/lib/libTWENEText_RED.a
LOAD /Users/tomohiro/Documents/MWSTAGE/MWSDK/TWENET/current/lib/libTWENETutils_RED.a
LOAD /Users/tomohiro/Documents/MWSTAGE/MWSDK/TWENET/current/lib/libTWENETstgs_RED.a
LOAD /Users/tomohiro/Documents/MWSTAGE/MWSDK/TWENET/current/lib/libmwx_RED.a
LOAD /Users/tomohiro/Documents/MWSTAGE/MWSDK/TWENET/current/lib/libEASTL_RED.a
END GROUP
LOAD /Users/tomohiro/Documents/MWSTAGE/Tools/ba-elf-ba2-r36379/bin/../lib/gcc/ba-elf/4.7.4/../../../../ba-elf/lib/libstdc++.a
LOAD /Users/tomohiro/Documents/MWSTAGE/Tools/ba-elf-ba2-r36379/bin/../lib/gcc/ba-elf/4.7.4/../../../../ba-elf/lib/libm.a
LOAD /Users/tomohiro/Documents/MWSTAGE/Tools/ba-elf-ba2-r36379/bin/../lib/gcc/ba-elf/4.7.4/../../../../ba-elf/lib/libc.a
LOAD /Users/tomohiro/Documents/MWSTAGE/Tools/ba-elf-ba2-r36379/bin/../lib/gcc/ba-elf/4.7.4/libgcc.a
LOAD /Users/tomohiro/Documents/MWSTAGE/Tools/ba-elf-ba2-r36379/bin/../lib/gcc/ba-elf/4.7.4/../../../../ba-elf/lib/libc.a
                0x0000000000000800                _stack_size = 0x800
                0x0000000000080038                exception_vsr_table = 0x80038
                0x0000000004000000                pSPIflashFncTable = 0x4000000
                0x0000000000000044                restore_state = 0x44
                0x000000000000004a                bZSPIWaitWIPClear = 0x4a
                0x0000000000000050                u16ZSPIflashRDID = 0x50
                0x0000000000000056                u8SelectFlashChipType = 0x56
                0x000000000000005c                memcpy = 0x5c
                0x0000000000000066                vBootFlashProg = 0x66
                [0x0000000000000d16]                __minimum_heap_size = DEFINED (__minimum_heap_size)?__minimum_heap_size:0xd16
                [0x0000000000000800]                __stack_size = DEFINED (__stack_size)?__stack_size:0x800
                0x0000000000000000                _SwConfig = (DEFINED (g_bSWConf_Debug) | (DEFINED (g_bSWConf_AltDebugPort) << 0x1))

.version        0x000000000007fffc        0x4
                0x000000000007fffc        0x4 LONG 0xf03000b

.bir            0x0000000000080000       0x10
                0x0000000000080000                _flash_start = ABSOLUTE (.)
                0x0000000000080000                _flash_beg = ABSOLUTE (.)
                0x0000000000080000        0x4 LONG 0x12345678
                0x0000000000080004        0x4 LONG 0x11223344
                0x0000000000080008        0x4 LONG 0x55667788
                0x000000000008000c        0x1 BYTE 0x8
                0x000000000008000d        0x1 BYTE 0x1
                0x000000000008000e        0x2 SHORT 0x0

.flashheader    0x0000000000080010       0x28
                0x0000000000080010        0x4 LONG 0x0
                0x0000000000080014        0x4 LONG 0x0
                0x0000000000080018        0x4 LONG 0x0
                0x000000000008001c        0x2 SHORT 0x0
                0x000000000008001e        0x2 SHORT 0x0 ABSOLUTE (_SwConfig)
                0x0000000000080020                _enc_start = ABSOLUTE (.)
                0x0000000000080020        0x4 LONG 0x16c3c ABSOLUTE (_image_len)
                0x0000000000080024        0x4 LONG 0x9632c ABSOLUTE (_flash_data_start)
                0x0000000000080028        0x2 SHORT 0x13 ((ABSOLUTE (_ram_data_start) / 0x4) & 0xffff)
                0x000000000008002a        0x2 SHORT 0x244 ((ABSOLUTE (_ram_data_len) / 0x4) & 0xffff)
                0x000000000008002c        0x2 SHORT 0x257 ((ABSOLUTE (_bss_start) / 0x4) & 0xffff)
                0x000000000008002e        0x2 SHORT 0x5cb ((ABSOLUTE (_bss_len) / 0x4) & 0xffff)
                0x0000000000080030        0x4 LONG 0x837de ABSOLUTE (AppWarmStart)
                0x0000000000080034        0x4 LONG 0x832ba ABSOLUTE (AppColdStart)
                0x0000000000000000                _enc_offset = (_enc_start & 0xf)
                0x0000000000000044                PROVIDE (vException_BusError, restore_state)
                0x0000000000000044                PROVIDE (vException_UnalignedAccess, restore_state)
                0x0000000000000044                PROVIDE (vException_IllegalInstruction, restore_state)
                0x0000000000000044                PROVIDE (vException_SysCall, restore_state)
                0x0000000000000044                PROVIDE (vException_Trap, restore_state)
                0x0000000000000044                PROVIDE (vException_StackOverflow, restore_state)
                0x0000000000080038                . = ABSOLUTE (exception_vsr_table)

.vsr_table      0x0000000000080038       0x18
                0x0000000000080038        0x4 LONG 0x44 ABSOLUTE (vException_BusError)
                0x000000000008003c        0x4 LONG 0x44 ABSOLUTE (vException_UnalignedAccess)
                0x0000000000080040        0x4 LONG 0x44 ABSOLUTE (vException_IllegalInstruction)
                0x0000000000080044        0x4 LONG 0x44 ABSOLUTE (vException_SysCall)
                0x0000000000080048        0x4 LONG 0x44 ABSOLUTE (vException_Trap)
                0x000000000008004c        0x4 LONG 0x44 ABSOLUTE (vException_StackOverflow)

.vsr_handlers   0x0000000000080050       0xaa
 *(.vsr_handlers)
 .vsr_handlers  0x0000000000080050       0xaa /Users/tomohiro/Documents/MWSTAGE/MWSDK/ChipLib/SW4063V1416/Components/Library/libBoot_JN516x.a(ExceptionHandler.o)
                0x0000000000080050                _exception_external_interrupt
                0x00000000000800f8                _default_vsr_dummy

.rodata         0x0000000000080100      0x9a9
 *(.rodata*)
 .rodata.str1.1
                0x0000000000080100       0x21 objs_RED/Interrupt.o
 .rodata.str1.1
                0x0000000000080121       0xc8 objs_RED/communication.o
 .rodata.CHANNEL
                0x00000000000801e9        0x1 objs_RED/communication.o
                0x00000000000801e9                CHANNEL
 *fill*         0x00000000000801ea        0x2 00
 .rodata.APP_ID
                0x00000000000801ec        0x4 objs_RED/communication.o
                0x00000000000801ec                APP_ID
 .rodata.str1.1
                0x00000000000801f0       0x1b objs_RED/lcd.o
 .rodata.str1.1
                0x000000000008020b       0xb4 objs_RED/main.o
                                        0x128 (size before relaxing)
 .rodata.EM_SW  0x00000000000802bf        0x1 objs_RED/main.o
                0x00000000000802bf                EM_SW
 .rodata.LED_G  0x00000000000802c0        0x1 objs_RED/main.o
                0x00000000000802c0                LED_G
 .rodata.LED_R  0x00000000000802c1        0x1 objs_RED/main.o
                0x00000000000802c1                LED_R
 .rodata.str1.1
                0x00000000000802c2       0x21 objs_RED/mode.o
 .rodata.au8ToCoNetVersionInfo
                0x00000000000802e3        0xc /Users/tomohiro/Documents/MWSTAGE/MWSDK/TWENET/current/lib/libTWENET_RED.a(Version.o)
                0x00000000000802e3                au8ToCoNetVersionInfo
 .rodata.str1.1
                0x00000000000802ef       0x11 /Users/tomohiro/Documents/MWSTAGE/MWSDK/TWENET/current/lib/libTWENEText_RED.a(AppStart.o)
 .rodata        0x0000000000080300       0x39 /Users/tomohiro/Documents/MWSTAGE/MWSDK/TWENET/current/lib/libTWENEText_RED.a(AppStart.o)
 *fill*         0x0000000000080339        0x3 00
 .rodata.au8k.5820
                0x000000000008033c       0x20 /Users/tomohiro/Documents/MWSTAGE/MWSDK/TWENET/current/lib/libTWENEText_RED.a(AppStart.o)
 .rodata.au8k.5801
                0x000000000008035c       0x20 /Users/tomohiro/Documents/MWSTAGE/MWSDK/TWENET/current/lib/libTWENEText_RED.a(AppStart.o)
 .rodata.str1.1
                0x000000000008037c       0x11 /Users/tomohiro/Documents/MWSTAGE/MWSDK/TWENET/current/lib/libTWENEText_RED.a(mac.o)
 *fill*         0x000000000008038d        0x3 00
 .rodata.u32MacLow_TOCOS
                0x0000000000080390        0x4 /Users/tomohiro/Documents/MWSTAGE/MWSDK/TWENET/current/lib/libTWENEText_RED.a(mac.o)
                0x0000000000080390                u32MacLow_TOCOS
 .rodata.u32MacHigh_TOCOS
                0x0000000000080394        0x4 /Users/tomohiro/Documents/MWSTAGE/MWSDK/TWENET/current/lib/libTWENEText_RED.a(mac.o)
                0x0000000000080394                u32MacHigh_TOCOS
 .rodata.u8CRCTable
                0x0000000000080398      0x100 /Users/tomohiro/Documents/MWSTAGE/MWSDK/TWENET/current/lib/libTWENETutils_RED.a(ccitt8.o)
 .rodata.str1.1
                0x0000000000080498       0x12 /Users/tomohiro/Documents/MWSTAGE/MWSDK/TWENET/current/lib/libTWENETstgs_RED.a(printf.o)
 *fill*         0x00000000000804aa        0x6 00
 .rodata.pow10.1520
                0x00000000000804b0       0x50 /Users/tomohiro/Documents/MWSTAGE/MWSDK/TWENET/current/lib/libTWENETstgs_RED.a(printf.o)
 .rodata.str1.1
                0x0000000000080500        0xe /Users/tomohiro/Documents/MWSTAGE/MWSDK/TWENET/current/lib/libmwx_RED.a(mwx_debug.o)
 .rodata._ZN3mwx2L1L19_ADC_PIN_TO_AHI_DEFE
                0x000000000008050e        0x5 /Users/tomohiro/Documents/MWSTAGE/MWSDK/TWENET/current/lib/libmwx_RED.a(mwx_appcore.o)
 .rodata._ZN3mwx2L112periph_timer14_au8_timer_idsE
                0x0000000000080513        0x5 /Users/tomohiro/Documents/MWSTAGE/MWSDK/TWENET/current/lib/libmwx_RED.a(mwx_periph_dio.o)
                0x0000000000080513                mwx::L1::periph_timer::_au8_timer_ids
 .rodata._ZN3mwx2L1L19_ADC_PIN_TO_AHI_DEFE
                0x0000000000080518        0x5 /Users/tomohiro/Documents/MWSTAGE/MWSDK/TWENET/current/lib/libmwx_RED.a(mwx_periph_analogue.o)
 .rodata.str1.1
                0x000000000008051d       0xe0 /Users/tomohiro/Documents/MWSTAGE/MWSDK/TWENET/current/lib/libmwx_RED.a(mwx_nwk_simple.o)
                                         0xe2 (size before relaxing)
 .rodata.str1.1
                0x00000000000805fd       0x1f /Users/tomohiro/Documents/MWSTAGE/MWSDK/TWENET/current/lib/libmwx_RED.a(mwx_duplicate_checker.o)
 .rodata.s_sPibInit
                0x000000000008061c       0x18 /Users/tomohiro/Documents/MWSTAGE/MWSDK/ChipLib/SW4063V1416/Components/Library/libMAC_JN5169.a(mac_pib_mlme.o)
 .rodata.s_atScanEvtST
                0x0000000000080634       0x31 /Users/tomohiro/Documents/MWSTAGE/MWSDK/ChipLib/SW4063V1416/Components/Library/libMAC_JN5169.a(mac_scan.o)
 *fill*         0x0000000000080665        0x3 00
 .rodata.s_aprScanHandleEvt
                0x0000000000080668       0x30 /Users/tomohiro/Documents/MWSTAGE/MWSDK/ChipLib/SW4063V1416/Components/Library/libMAC_JN5169.a(mac_scan.o)
 .rodata.aeXcvBbcEvtToScanEvt.5419
                0x0000000000080698        0xa /Users/tomohiro/Documents/MWSTAGE/MWSDK/ChipLib/SW4063V1416/Components/Library/libMAC_JN5169.a(mac_scan.o)
 .rodata.aeXcvPhyEvtToScanEvt.5424
                0x00000000000806a2        0x6 /Users/tomohiro/Documents/MWSTAGE/MWSDK/ChipLib/SW4063V1416/Components/Library/libMAC_JN5169.a(mac_scan.o)
 .rodata.psTamXcvContext
                0x00000000000806a8        0x4 /Users/tomohiro/Documents/MWSTAGE/MWSDK/ChipLib/SW4063V1416/Components/Library/libMAC_JN5169.a(TAM.o)
                0x00000000000806a8                psTamXcvContext
 .rodata.psTamMacContext
                0x00000000000806ac        0x4 /Users/tomohiro/Documents/MWSTAGE/MWSDK/ChipLib/SW4063V1416/Components/Library/libMAC_JN5169.a(TAM.o)
                0x00000000000806ac                psTamMacContext
 .rodata.psTAMcontext
                0x00000000000806b0        0x4 /Users/tomohiro/Documents/MWSTAGE/MWSDK/ChipLib/SW4063V1416/Components/Library/libMAC_JN5169.a(TAM.o)
                0x00000000000806b0                psTAMcontext
 .rodata.au8XcvToTAMevent.5169
                0x00000000000806b4        0xa /Users/tomohiro/Documents/MWSTAGE/MWSDK/ChipLib/SW4063V1416/Components/Library/libMAC_JN5169.a(TAM.o)
 .rodata        0x00000000000806be        0xe /Users/tomohiro/Documents/MWSTAGE/MWSDK/ChipLib/SW4063V1416/Components/Library/libMAC_JN5169.a(TAMcommon.o)
 .rodata.au8StateActions
                0x00000000000806cc       0x8c /Users/tomohiro/Documents/MWSTAGE/MWSDK/ChipLib/SW4063V1416/Components/Library/libMAC_JN5169.a(TAMevent.o)
                0x00000000000806cc                au8StateActions
 .rodata.apvActionCalls
                0x0000000000080758       0x88 /Users/tomohiro/Documents/MWSTAGE/MWSDK/ChipLib/SW4063V1416/Components/Library/libMAC_JN5169.a(TAMevent.o)
                0x0000000000080758                apvActionCalls
 .rodata.au8MICLenLUT.4350
                0x00000000000807e0        0x4 /Users/tomohiro/Documents/MWSTAGE/MWSDK/ChipLib/SW4063V1416/Components/Library/libMAC_JN5169.a(TAMsecurity.o)
 .rodata.CSWTCH.31
                0x00000000000807e4        0x3 /Users/tomohiro/Documents/MWSTAGE/MWSDK/ChipLib/SW4063V1416/Components/Library/libMAC_JN5169.a(TAMsecurity.o)
 .rodata.CSWTCH.7
                0x00000000000807e7        0x7 /Users/tomohiro/Documents/MWSTAGE/MWSDK/ChipLib/SW4063V1416/Components/Library/libMAC_JN5169.a(TAM_AES.o)
 .rodata.CSWTCH.12
                0x00000000000807ee        0x3 /Users/tomohiro/Documents/MWSTAGE/MWSDK/ChipLib/SW4063V1416/Components/Library/libMAC_JN5169.a(TAM_AES.o)
 .rodata.asPowerSettings.4033
                0x00000000000807f1       0x2b /Users/tomohiro/Documents/MWSTAGE/MWSDK/ChipLib/SW4063V1416/Components/Library/libMMAC_JN5169.a(MMAC.o)
 .rodata.TST_mod_def
                0x000000000008081c       0x40 /Users/tomohiro/Documents/MWSTAGE/MWSDK/ChipLib/SW4063V1416/Components/Library/libJPT_JN5169.a(JPT_RadioTxPowerTests.o)
 .rodata.au8dataSizeTable
                0x000000000008085c        0xd /Users/tomohiro/Documents/MWSTAGE/MWSDK/ChipLib/SW4063V1416/Components/Library/libAes_JN516x.a(AEScoprocessorAPI.o)
                0x000000000008085c                au8dataSizeTable
 .rodata.au8FlashWaitStates32MXO
                0x0000000000080869        0x8 /Users/tomohiro/Documents/MWSTAGE/MWSDK/ChipLib/SW4063V1416/Components/Library/libHardwareApi_JN5169.a(AHI_System.o)
 .rodata.au8FlashWaitStatesHSRCO
                0x0000000000080871        0x8 /Users/tomohiro/Documents/MWSTAGE/MWSDK/ChipLib/SW4063V1416/Components/Library/libHardwareApi_JN5169.a(AHI_System.o)
 *fill*         0x0000000000080879        0x3 00
 .rodata.CSWTCH.35
                0x000000000008087c       0x14 /Users/tomohiro/Documents/MWSTAGE/MWSDK/ChipLib/SW4063V1416/Components/Library/libHardwareApi_JN5169.a(AHI_Timer.o)
 .rodata.au32UartAddrOffset
                0x0000000000080890        0x8 /Users/tomohiro/Documents/MWSTAGE/MWSDK/ChipLib/SW4063V1416/Components/Library/libHardwareApi_JN5169.a(AHI_Uart.o)
                0x0000000000080890                au32UartAddrOffset
 .rodata.str1.1
                0x0000000000080898       0x11 /Users/tomohiro/Documents/MWSTAGE/MWSDK/TWENET/current/lib/libTWENET_RED.a(ToCoNet_mod_Tx.o)
 *fill*         0x00000000000808a9        0x3 00
 .rodata.asStateFuncTbl
                0x00000000000808ac       0x38 /Users/tomohiro/Documents/MWSTAGE/MWSDK/TWENET/current/lib/libTWENET_RED.a(ToCoNet_mod_Tx.o)
 .rodata.str1.1
                0x00000000000808e4       0x2e /Users/tomohiro/Documents/MWSTAGE/Tools/ba-elf-ba2-r36379/bin/../lib/gcc/ba-elf/4.7.4/../../../../ba-elf/lib/libc.a(lib_a-svfprintf.o)
                                         0x34 (size before relaxing)
 .rodata        0x0000000000080912       0x20 /Users/tomohiro/Documents/MWSTAGE/Tools/ba-elf-ba2-r36379/bin/../lib/gcc/ba-elf/4.7.4/../../../../ba-elf/lib/libc.a(lib_a-svfprintf.o)
 .rodata.str1.1
                0x0000000000080932        0xd /Users/tomohiro/Documents/MWSTAGE/Tools/ba-elf-ba2-r36379/bin/../lib/gcc/ba-elf/4.7.4/../../../../ba-elf/lib/libc.a(lib_a-dtoa.o)
                                          0xf (size before relaxing)
 .rodata.str1.1
                0x000000000008093f        0x2 /Users/tomohiro/Documents/MWSTAGE/Tools/ba-elf-ba2-r36379/bin/../lib/gcc/ba-elf/4.7.4/../../../../ba-elf/lib/libc.a(lib_a-impure.o)
 .rodata.str1.1
                0x0000000000080941        0x6 /Users/tomohiro/Documents/MWSTAGE/Tools/ba-elf-ba2-r36379/bin/../lib/gcc/ba-elf/4.7.4/../../../../ba-elf/lib/libc.a(lib_a-locale.o)
                                          0xb (size before relaxing)
 *fill*         0x0000000000080947        0x1 00
 .rodata        0x0000000000080948      0x128 /Users/tomohiro/Documents/MWSTAGE/Tools/ba-elf-ba2-r36379/bin/../lib/gcc/ba-elf/4.7.4/../../../../ba-elf/lib/libc.a(lib_a-mprec.o)
                0x0000000000080948                __mprec_tinytens
                0x0000000000080970                __mprec_bigtens
                0x0000000000080998                __mprec_tens
 .rodata.str1.1
                0x0000000000000000       0x22 /Users/tomohiro/Documents/MWSTAGE/Tools/ba-elf-ba2-r36379/bin/../lib/gcc/ba-elf/4.7.4/../../../../ba-elf/lib/libc.a(lib_a-svfiprintf.o)
 .rodata        0x0000000000080a70       0x20 /Users/tomohiro/Documents/MWSTAGE/Tools/ba-elf-ba2-r36379/bin/../lib/gcc/ba-elf/4.7.4/../../../../ba-elf/lib/libc.a(lib_a-svfiprintf.o)
 .rodata        0x0000000000080a90       0x19 /Users/tomohiro/Documents/MWSTAGE/Tools/ba-elf-ba2-r36379/bin/../lib/gcc/ba-elf/4.7.4/../../../../ba-elf/lib/libc.a(lib_a-glue.o)

.text           0x0000000000080aac    0x1587f
 *(.text*)
 .text._ZN3mwx2L111_printobj_1IcE9_do_printEPvPFvcS3_ES3_
                0x0000000000080aac       0x18 objs_RED/Interrupt.o
                0x0000000000080aac                mwx::L1::_printobj_1<char>::_do_print(void*, void (*)(char, void*), void*)
 .text._ZN3mwx2L110serial_jen7vOutputEcPv
                0x0000000000080ac4       0x31 objs_RED/Interrupt.o
                0x0000000000080ac4                mwx::L1::serial_jen::vOutput(char, void*)
 .text._ZN3mwx2L110serial_jen5writeEi
                0x0000000000080af5       0x33 objs_RED/Interrupt.o
                0x0000000000080af5                mwx::L1::serial_jen::write(int)
 .text._ZN9INTERRUPT17event_dio_handlerILi18EEEvm
                0x0000000000080b28       0x25 objs_RED/Interrupt.o
                0x0000000000080b28                void INTERRUPT::event_dio_handler<18>(unsigned long)
 .text._ZN9INTERRUPT19event_timer_handlerILi0EEEvm
                0x0000000000080b4d       0x61 objs_RED/Interrupt.o
                0x0000000000080b4d                void INTERRUPT::event_timer_handler<0>(unsigned long)
 .text._ZN9INTERRUPT19event_timer_handlerILi2EEEvm
                0x0000000000080bae       0x31 objs_RED/Interrupt.o
                0x0000000000080bae                void INTERRUPT::event_timer_handler<2>(unsigned long)
 .text._ZN9INTERRUPT17int_timer_handlerILi3EEEvmRh
                0x0000000000080bdf       0x46 objs_RED/Interrupt.o
                0x0000000000080bdf                void INTERRUPT::int_timer_handler<3>(unsigned long, unsigned char&)
 .text._ZN9INTERRUPT19event_timer_handlerILi3EEEvm
                0x0000000000080c25       0xcc objs_RED/Interrupt.o
                0x0000000000080c25                void INTERRUPT::event_timer_handler<3>(unsigned long)
 .text._ZN9INTERRUPT16cbTweNet_u8HwIntEmm
                0x0000000000080cf1       0x37 objs_RED/Interrupt.o
                0x0000000000080cf1                INTERRUPT::cbTweNet_u8HwInt(unsigned long, unsigned long)
 .text._ZN9INTERRUPT17cbTweNet_vHwEventEmm
                0x0000000000080d28       0x37 objs_RED/Interrupt.o
                0x0000000000080d28                INTERRUPT::cbTweNet_vHwEvent(unsigned long, unsigned long)
 .text._ZN9INTERRUPT19processStateMachineEP8_tsEvent7teEventm
                0x0000000000080d5f        0x3 objs_RED/Interrupt.o
                0x0000000000080d5f                INTERRUPT::processStateMachine(_tsEvent*, teEvent, unsigned long)
 .text._ZL12digitalWritehN3mwx2L111enum_wapperIN9PIN_STATE16eMWX_DIO_HIGHLOWEhEE.isra.1
                0x0000000000080d62       0x3f objs_RED/LED.o
 .text._Z17Timer_LED_Controlv
                0x0000000000080da1       0x6b objs_RED/LED.o
                0x0000000000080da1                Timer_LED_Control()
 .text._ZN3mwx2L112appdefs_crtpINS0_9NwkSimpleEE15_cbTweNet_vMainEPv
                0x0000000000080e0c        0x3 objs_RED/communication.o
                0x0000000000080e0c                mwx::L1::appdefs_crtp<mwx::L1::NwkSimple>::_cbTweNet_vMain(void*)
 .text._ZN3mwx2L112appdefs_crtpINS0_9NwkSimpleEE19_cbTweNet_vNwkEventEPvRNS0_13packet_ev_nwkE
                0x0000000000080e0f        0x9 objs_RED/communication.o
                0x0000000000080e0f                mwx::L1::appdefs_crtp<mwx::L1::NwkSimple>::_cbTweNet_vNwkEvent(void*, mwx::L1::packet_ev_nwk&)
 .text._ZN3mwx2L114processev_crtpINS0_9NwkSimpleEE14vProcessEvCoreEP8_tsEvent7teEventm
                0x0000000000080e18       0x16 objs_RED/communication.o
                0x0000000000080e18                mwx::L1::processev_crtp<mwx::L1::NwkSimple>::vProcessEvCore(_tsEvent*, teEvent, unsigned long)
 .text._ZN3mwx2L112appdefs_crtpINS0_9NwkSimpleEE9_on_eventEPvmRm
                0x0000000000080e2e       0x18 objs_RED/communication.o
                0x0000000000080e2e                mwx::L1::appdefs_crtp<mwx::L1::NwkSimple>::_on_event(void*, unsigned long, unsigned long&)
 .text._ZN3mwx2L112appdefs_crtpINS0_9NwkSimpleEE18_cbTweNet_vRxEventEPvRNS0_9packet_rxE
                0x0000000000080e46        0x9 objs_RED/communication.o
                0x0000000000080e46                mwx::L1::appdefs_crtp<mwx::L1::NwkSimple>::_cbTweNet_vRxEvent(void*, mwx::L1::packet_rx&)
 .text._ZN3mwx2L112appdefs_crtpINS0_9NwkSimpleEE18_cbTweNet_vHwEventEPvmm
                0x0000000000080e4f        0x9 objs_RED/communication.o
                0x0000000000080e4f                mwx::L1::appdefs_crtp<mwx::L1::NwkSimple>::_cbTweNet_vHwEvent(void*, unsigned long, unsigned long)
 .text._ZN3mwx2L112appdefs_crtpINS0_9NwkSimpleEE17_cbTweNet_u8HwIntEPvmm
                0x0000000000080e58        0x9 objs_RED/communication.o
                0x0000000000080e58                mwx::L1::appdefs_crtp<mwx::L1::NwkSimple>::_cbTweNet_u8HwInt(void*, unsigned long, unsigned long)
 .text._ZN3mwx2L111_printobj_2IhPKcE9_do_printEPvPFvcS5_ES5_
                0x0000000000080e61       0x18 objs_RED/communication.o
                0x0000000000080e61                mwx::L1::_printobj_2<unsigned char, char const*>::_do_print(void*, void (*)(char, void*), void*)
 .text._ZN3mwx2L112appdefs_crtpINS0_9NwkSimpleEE18_cbTweNet_vTxEventEPvRNS0_12packet_ev_txE
                0x0000000000080e79       0x1a objs_RED/communication.o
                0x0000000000080e79                mwx::L1::appdefs_crtp<mwx::L1::NwkSimple>::_cbTweNet_vTxEvent(void*, mwx::L1::packet_ev_tx&)
 .text._ZN3mwx2L19_printobj8do_printEPFvcPvES2_
                0x0000000000080e93       0x2a objs_RED/communication.o
                0x0000000000080e93                mwx::L1::_printobj::do_print(void (*)(char, void*), void*)
 .text._ZN3mwx2L19packet_txC2Ev
                0x0000000000080ebd       0x33 objs_RED/communication.o
                0x0000000000080ebd                mwx::L1::packet_tx::packet_tx()
                0x0000000000080ebd                mwx::L1::packet_tx::packet_tx()
 .text._ZN3mwx2L19NwkSimpleC2Ev
                0x0000000000080ef0       0x44 objs_RED/communication.o
                0x0000000000080ef0                mwx::L1::NwkSimple::NwkSimple()
                0x0000000000080ef0                mwx::L1::NwkSimple::NwkSimple()
 .text._ZN3mwx2L18_smplbufIhNS0_12alloc_attachIhEEE9push_backEOh
                0x0000000000080f34       0x1d objs_RED/communication.o
                0x0000000000080f34                mwx::L1::_smplbuf<unsigned char, mwx::L1::alloc_attach<unsigned char> >::push_back(unsigned char&&)
 .text._ZN3mwx2L113_expand_bytesIIRtRmEEEiPKhS5_S2_DpOT_
                0x0000000000080f51       0x68 objs_RED/communication.o
                0x0000000000080f51                _ZN3mwx2L113_expand_bytesIJRtRmEEEiPKhS5_S2_DpOT_
                0x0000000000080f51                int mwx::L1::_expand_bytes<unsigned short&, unsigned long&>(unsigned char const*, unsigned char const*, unsigned short&, unsigned short&, unsigned long&)
 .text._Z12on_rx_packetRN3mwx2L19packet_rxERh
                0x0000000000080fb9       0x37 objs_RED/communication.o
                0x0000000000080fb9                on_rx_packet(mwx::L1::packet_rx&, unsigned char&)
 .text._ZN3mwx2L114_pack_bytes_pbINS0_8_smplbufIhNS0_12alloc_attachIhEEEEImEEEiRT_RKtDpOT0_
                0x0000000000080ff0       0x66 objs_RED/communication.o
                0x0000000000080ff0                _ZN3mwx2L114_pack_bytes_pbINS0_8_smplbufIhNS0_12alloc_attachIhEEEEJmEEEiRT_RKtDpOT0_
                0x0000000000080ff0                int mwx::L1::_pack_bytes_pb<mwx::L1::_smplbuf<unsigned char, mwx::L1::alloc_attach<unsigned char> >, unsigned long>(mwx::L1::_smplbuf<unsigned char, mwx::L1::alloc_attach<unsigned char> >&, unsigned short const&, unsigned long&&)
 .text._Z9vTransmitmh
                0x0000000000081056      0x212 objs_RED/communication.o
                0x0000000000081056                vTransmit(unsigned long, unsigned char)
 .text._ZL5delaym
                0x0000000000081268       0x2b objs_RED/lcd.o
 .text._ZN3mwx2L114periph_twowire9busy_waitEv.isra.0
                0x0000000000081293       0x3c objs_RED/lcd.o
 .text._ZL17delayMicrosecondsm.constprop.6
                0x00000000000812cf       0x2a objs_RED/lcd.o
 .text._ZN3mwx2L114periph_twowire14cmd_tx_no_stopEb.isra.3.constprop.8
                0x00000000000812f9       0x17 objs_RED/lcd.o
 .text._ZN3mwx2L114periph_twowire5writeEPKhh
                0x0000000000081310       0x51 objs_RED/lcd.o
                0x0000000000081310                mwx::L1::periph_twowire::write(unsigned char const*, unsigned char)
 .text._ZN3mwx2L114periph_twowire17beginTransmissionEh
                0x0000000000081361       0x31 objs_RED/lcd.o
                0x0000000000081361                mwx::L1::periph_twowire::beginTransmission(unsigned char)
 .text._ZN3lcd7commandEh
                0x0000000000081392       0x51 objs_RED/lcd.o
                0x0000000000081392                lcd::command(unsigned char)
 .text._ZN3lcd4dataEh
                0x00000000000813e3       0x54 objs_RED/lcd.o
                0x00000000000813e3                lcd::data(unsigned char)
 .text._ZN3lcd5setupEv
                0x0000000000081437       0x61 objs_RED/lcd.o
                0x0000000000081437                lcd::setup()
 .text._ZN3lcd5printEPKc
                0x0000000000081498       0x1f objs_RED/lcd.o
                0x0000000000081498                lcd::print(char const*)
 .text._ZN3lcd9setCursorEhh
                0x00000000000814b7       0x2f objs_RED/lcd.o
                0x00000000000814b7                lcd::setCursor(unsigned char, unsigned char)
 .text._ZN3lcd5cleanEv
                0x00000000000814e6       0x10 objs_RED/lcd.o
                0x00000000000814e6                lcd::clean()
 .text._Z17LCD_Timer_Controlv
                0x00000000000814f6      0x276 objs_RED/lcd.o
                0x00000000000814f6                LCD_Timer_Control()
 .text._ZN3mwx2L112appdefs_crtpI9INTERRUPTE15_cbTweNet_vMainEPv
                0x000000000008176c        0x3 objs_RED/main.o
                0x000000000008176c                mwx::L1::appdefs_crtp<INTERRUPT>::_cbTweNet_vMain(void*)
 .text._ZN3mwx2L112appdefs_crtpI9INTERRUPTE19_cbTweNet_vNwkEventEPvRNS0_13packet_ev_nwkE
                0x000000000008176f        0x3 objs_RED/main.o
                0x000000000008176f                mwx::L1::appdefs_crtp<INTERRUPT>::_cbTweNet_vNwkEvent(void*, mwx::L1::packet_ev_nwk&)
 .text._ZN3mwx2L112appdefs_crtpI9INTERRUPTE18_cbTweNet_vRxEventEPvRNS0_9packet_rxE
                0x0000000000081772        0x3 objs_RED/main.o
                0x0000000000081772                mwx::L1::appdefs_crtp<INTERRUPT>::_cbTweNet_vRxEvent(void*, mwx::L1::packet_rx&)
 .text._ZN3mwx2L112appdefs_crtpI9INTERRUPTE18_cbTweNet_vTxEventEPvRNS0_12packet_ev_txE
                0x0000000000081775        0x3 objs_RED/main.o
                0x0000000000081775                mwx::L1::appdefs_crtp<INTERRUPT>::_cbTweNet_vTxEvent(void*, mwx::L1::packet_ev_tx&)
 .text._ZN3mwx2L112appdefs_crtpI9INTERRUPTE9_on_eventEPvmRm
                0x0000000000081778        0x3 objs_RED/main.o
                0x0000000000081778                mwx::L1::appdefs_crtp<INTERRUPT>::_on_event(void*, unsigned long, unsigned long&)
 .text._ZL5delaym
                0x000000000008177b       0x2b objs_RED/main.o
 .text._ZN3mwx2L114processev_crtpI9INTERRUPTE14vProcessEvCoreEP8_tsEvent7teEventm
                0x00000000000817a6       0x16 objs_RED/main.o
                0x00000000000817a6                mwx::L1::processev_crtp<INTERRUPT>::vProcessEvCore(_tsEvent*, teEvent, unsigned long)
 .text._ZN3mwx2L112appdefs_crtpI9INTERRUPTE18_cbTweNet_vHwEventEPvmm
                0x00000000000817bc        0x9 objs_RED/main.o
                0x00000000000817bc                mwx::L1::appdefs_crtp<INTERRUPT>::_cbTweNet_vHwEvent(void*, unsigned long, unsigned long)
 .text._ZN3mwx2L112appdefs_crtpI9INTERRUPTE17_cbTweNet_u8HwIntEPvmm
                0x00000000000817c5        0x9 objs_RED/main.o
                0x00000000000817c5                mwx::L1::appdefs_crtp<INTERRUPT>::_cbTweNet_u8HwInt(void*, unsigned long, unsigned long)
 .text._ZN3mwx2L112appdefs_virt5setupEv.part.1
                0x00000000000817ce       0x26 objs_RED/main.o
 .text._ZN3mwx2L16streamINS0_10serial_jenEElsERNS0_18MWX_Stream_EndLineE.isra.30.constprop.32
                0x00000000000817f4       0x24 objs_RED/main.o
 .text._ZN3mwx2L112periph_timer5setupEv
                0x0000000000081818       0x2f objs_RED/main.o
                0x0000000000081818                mwx::L1::periph_timer::setup()
 .text._ZN3mwx2L112periph_timer5beginEtbb
                0x0000000000081847      0x15c objs_RED/main.o
                0x0000000000081847                mwx::L1::periph_timer::begin(unsigned short, bool, bool)
 .text._Z4loopv
                0x00000000000819a3       0xc5 objs_RED/main.o
                0x00000000000819a3                loop()
 .text._ZN3mwx2L114processev_crtpI9INTERRUPTEC2Ev
                0x0000000000081a68       0x33 objs_RED/main.o
                0x0000000000081a68                mwx::L1::processev_crtp<INTERRUPT>::processev_crtp()
                0x0000000000081a68                mwx::L1::processev_crtp<INTERRUPT>::processev_crtp()
 .text._ZN3mwx2L16streamINS0_10serial_jenEE6_printEPKc
                0x0000000000081a9b       0x21 objs_RED/main.o
                0x0000000000081a9b                mwx::L1::stream<mwx::L1::serial_jen>::_print(char const*)
 .text._Z5setupv
                0x0000000000081abc      0x31d objs_RED/main.o
                0x0000000000081abc                setup()
 .text._ZL5delaym
                0x0000000000081dd9       0x2b objs_RED/mode.o
 *fill*         0x0000000000081e04        0x0 00
 .text._Z11change_modec
                0x0000000000081e04      0x270 objs_RED/mode.o
                0x0000000000081e04                change_mode(char)
 .text.PRSEV_vProcessEv_core
                0x0000000000082074       0xa2 /Users/tomohiro/Documents/MWSTAGE/MWSDK/TWENET/current/lib/libTWENET_RED.a(ToCoNet_event.o)
 .text.PRSEV_vInit
                0x0000000000082116       0x4a /Users/tomohiro/Documents/MWSTAGE/MWSDK/TWENET/current/lib/libTWENET_RED.a(ToCoNet_event.o)
                0x0000000000082116                PRSEV_vInit
 .text.PRSEV_u8Register
                0x0000000000082160       0x3e /Users/tomohiro/Documents/MWSTAGE/MWSDK/TWENET/current/lib/libTWENET_RED.a(ToCoNet_event.o)
                0x0000000000082160                PRSEV_u8Register
 .text.PRSEV_u8RegisterEx
                0x000000000008219e       0x3e /Users/tomohiro/Documents/MWSTAGE/MWSDK/TWENET/current/lib/libTWENET_RED.a(ToCoNet_event.o)
                0x000000000008219e                PRSEV_u8RegisterEx
 .text.PRSEV_peGetContextH
                0x00000000000821dc       0x1c /Users/tomohiro/Documents/MWSTAGE/MWSDK/TWENET/current/lib/libTWENET_RED.a(ToCoNet_event.o)
                0x00000000000821dc                PRSEV_peGetContextH
 .text.PRSEV_vSetStateAll
                0x00000000000821f8       0x3b /Users/tomohiro/Documents/MWSTAGE/MWSDK/TWENET/current/lib/libTWENET_RED.a(ToCoNet_event.o)
                0x00000000000821f8                PRSEV_vSetStateAll
 .text.PRSEV_vSetState
                0x0000000000082233       0x10 /Users/tomohiro/Documents/MWSTAGE/MWSDK/TWENET/current/lib/libTWENET_RED.a(ToCoNet_event.o)
                0x0000000000082233                PRSEV_vSetState
 .text.PRSEV_vProcessEvPost
                0x0000000000082243       0x32 /Users/tomohiro/Documents/MWSTAGE/MWSDK/TWENET/current/lib/libTWENET_RED.a(ToCoNet_event.o)
                0x0000000000082243                PRSEV_vProcessEvPost
 .text._PRSEV_vProcessEv
                0x0000000000082275        0xf /Users/tomohiro/Documents/MWSTAGE/MWSDK/TWENET/current/lib/libTWENET_RED.a(ToCoNet_event.o)
                0x0000000000082275                _PRSEV_vProcessEv
 .text._PRSEV_vProcessEvSingle
                0x0000000000082284        0xd /Users/tomohiro/Documents/MWSTAGE/MWSDK/TWENET/current/lib/libTWENET_RED.a(ToCoNet_event.o)
                0x0000000000082284                _PRSEV_vProcessEvSingle
 .text._PRSEV_vProcessEvSingleH
                0x0000000000082291        0xf /Users/tomohiro/Documents/MWSTAGE/MWSDK/TWENET/current/lib/libTWENET_RED.a(ToCoNet_event.o)
                0x0000000000082291                _PRSEV_vProcessEvSingleH
 .text.PRSEV_bPostEvent
                0x00000000000822a0       0x24 /Users/tomohiro/Documents/MWSTAGE/MWSDK/TWENET/current/lib/libTWENET_RED.a(ToCoNet_event.o)
                0x00000000000822a0                PRSEV_bPostEvent
 .text.ToCoNet_Event_StateExec
                0x00000000000822c4       0x34 /Users/tomohiro/Documents/MWSTAGE/MWSDK/TWENET/current/lib/libTWENET_RED.a(ToCoNet_event.o)
                0x00000000000822c4                ToCoNet_Event_StateExec
 .text.vProcessIncomingHwEvent
                0x00000000000822f8       0xc5 /Users/tomohiro/Documents/MWSTAGE/MWSDK/TWENET/current/lib/libTWENET_RED.a(ToCoNet_main.o)
 .text.u8HwEventHandler
                0x00000000000823bd       0x1d /Users/tomohiro/Documents/MWSTAGE/MWSDK/TWENET/current/lib/libTWENET_RED.a(ToCoNet_main.o)
 .text.vProcessEvCoreMac
                0x00000000000823da       0x67 /Users/tomohiro/Documents/MWSTAGE/MWSDK/TWENET/current/lib/libTWENET_RED.a(ToCoNet_main.o)
                0x00000000000823da                vProcessEvCoreMac
 .text.ToCoNet_vDebugInit
                0x0000000000082441        0x9 /Users/tomohiro/Documents/MWSTAGE/MWSDK/TWENET/current/lib/libTWENET_RED.a(ToCoNet_main.o)
                0x0000000000082441                ToCoNet_vDebugInit
 .text.ToCoNet_vDebugLevel
                0x000000000008244a        0x9 /Users/tomohiro/Documents/MWSTAGE/MWSDK/TWENET/current/lib/libTWENET_RED.a(ToCoNet_main.o)
                0x000000000008244a                ToCoNet_vDebugLevel
 .text.ToCoNet_vInit
                0x0000000000082453      0x131 /Users/tomohiro/Documents/MWSTAGE/MWSDK/TWENET/current/lib/libTWENET_RED.a(ToCoNet_main.o)
                0x0000000000082453                ToCoNet_vInit
 .text.ToCoNet_vStart
                0x0000000000082584      0x3be /Users/tomohiro/Documents/MWSTAGE/MWSDK/TWENET/current/lib/libTWENET_RED.a(ToCoNet_main.o)
                0x0000000000082584                ToCoNet_vStart
 .text.ToCoNet_vMacStart
                0x0000000000082942        0xe /Users/tomohiro/Documents/MWSTAGE/MWSDK/TWENET/current/lib/libTWENET_RED.a(ToCoNet_main.o)
                0x0000000000082942                ToCoNet_vMacStart
 .text.ToCoNet_vMain
                0x0000000000082950      0x214 /Users/tomohiro/Documents/MWSTAGE/MWSDK/TWENET/current/lib/libTWENET_RED.a(ToCoNet_main.o)
                0x0000000000082950                ToCoNet_vMain
 .text.ToCoNet_vRfConfig
                0x0000000000082b64        0x3 /Users/tomohiro/Documents/MWSTAGE/MWSDK/TWENET/current/lib/libTWENET_RED.a(ToCoNet_main.o)
                0x0000000000082b64                ToCoNet_vRfConfig
 .text.ToCoNet_bMaxTxQueueAvailable
                0x0000000000082b67       0x1b /Users/tomohiro/Documents/MWSTAGE/MWSDK/TWENET/current/lib/libTWENET_RED.a(ToCoNet_main.o)
                0x0000000000082b67                ToCoNet_bMaxTxQueueAvailable
 .text.ToCoNet_bMacTxReq
                0x0000000000082b82      0x123 /Users/tomohiro/Documents/MWSTAGE/MWSDK/TWENET/current/lib/libTWENET_RED.a(ToCoNet_main.o)
                0x0000000000082b82                ToCoNet_bMacTxReq
 .text._ToCoNet_bRaisePanic
                0x0000000000082ca5       0x31 /Users/tomohiro/Documents/MWSTAGE/MWSDK/TWENET/current/lib/libTWENET_RED.a(ToCoNet_main.o)
                0x0000000000082ca5                _ToCoNet_bRaisePanic
 .text.ToCoNet_u32GetVersion
                0x0000000000082cd6       0x21 /Users/tomohiro/Documents/MWSTAGE/MWSDK/TWENET/current/lib/libTWENET_RED.a(ToCoNet_utils.o)
                0x0000000000082cd6                ToCoNet_u32GetVersion
 .text.ToCoNet_u16GetPanId
                0x0000000000082cf7        0x9 /Users/tomohiro/Documents/MWSTAGE/MWSDK/TWENET/current/lib/libTWENET_RED.a(ToCoNet_utils.o)
                0x0000000000082cf7                ToCoNet_u16GetPanId
 .text.ToCoNet_u32GetSerial
                0x0000000000082d00        0x9 /Users/tomohiro/Documents/MWSTAGE/MWSDK/TWENET/current/lib/libTWENET_RED.a(ToCoNet_utils.o)
                0x0000000000082d00                ToCoNet_u32GetSerial
 .text.ToCoNet_u32GetRand
                0x0000000000082d09       0x62 /Users/tomohiro/Documents/MWSTAGE/MWSDK/TWENET/current/lib/libTWENET_RED.a(ToCoNet_utils.o)
                0x0000000000082d09                ToCoNet_u32GetRand
 .text.ToCoNet_vRxProc_Mod
                0x0000000000082d6b       0x41 /Users/tomohiro/Documents/MWSTAGE/MWSDK/TWENET/current/lib/libTWENET_RED.a(ToCoNet_mod_Nwk_Common.o)
                0x0000000000082d6b                ToCoNet_vRxProc_Mod
 .text.ToCoNet_vRxProc_App
                0x0000000000082dac       0x8c /Users/tomohiro/Documents/MWSTAGE/MWSDK/TWENET/current/lib/libTWENET_RED.a(ToCoNet_mod_Nwk_Common.o)
                0x0000000000082dac                ToCoNet_vRxProc_App
 .text.ToCoNet_ChMgr_bCh_OnTx
                0x0000000000082e38       0x69 /Users/tomohiro/Documents/MWSTAGE/MWSDK/TWENET/current/lib/libTWENET_RED.a(ToCoNet_mod_Channel_Mgr.o)
                0x0000000000082e38                ToCoNet_ChMgr_bCh_OnTx
 .text.ToCoNet_ChMgr_bCh_Reconfig
                0x0000000000082ea1       0x69 /Users/tomohiro/Documents/MWSTAGE/MWSDK/TWENET/current/lib/libTWENET_RED.a(ToCoNet_mod_Channel_Mgr.o)
                0x0000000000082ea1                ToCoNet_ChMgr_bCh_Reconfig
 .text.ToCoNet_ChMgr_vCh_TxFin
                0x0000000000082f0a       0x2c /Users/tomohiro/Documents/MWSTAGE/MWSDK/TWENET/current/lib/libTWENET_RED.a(ToCoNet_mod_Channel_Mgr.o)
                0x0000000000082f0a                ToCoNet_ChMgr_vCh_TxFin
 .text.pvFifoPull
                0x0000000000082f36       0x27 /Users/tomohiro/Documents/MWSTAGE/MWSDK/TWENET/current/lib/libTWENET_RED.a(AppQueueApi_ToCoNet.o)
 .text.psAppQApiGetMcpsBuffer
                0x0000000000082f5d        0x8 /Users/tomohiro/Documents/MWSTAGE/MWSDK/TWENET/current/lib/libTWENET_RED.a(AppQueueApi_ToCoNet.o)
 .text.psAppQApiGetMlmeBuffer
                0x0000000000082f65        0x8 /Users/tomohiro/Documents/MWSTAGE/MWSDK/TWENET/current/lib/libTWENET_RED.a(AppQueueApi_ToCoNet.o)
 .text.bFifoPush
                0x0000000000082f6d       0x39 /Users/tomohiro/Documents/MWSTAGE/MWSDK/TWENET/current/lib/libTWENET_RED.a(AppQueueApi_ToCoNet.o)
 .text.vAppQApiPostMcps
                0x0000000000082fa6       0x1b /Users/tomohiro/Documents/MWSTAGE/MWSDK/TWENET/current/lib/libTWENET_RED.a(AppQueueApi_ToCoNet.o)
 .text.vAppQApiPostMlme
                0x0000000000082fc1       0x1f /Users/tomohiro/Documents/MWSTAGE/MWSDK/TWENET/current/lib/libTWENET_RED.a(AppQueueApi_ToCoNet.o)
 .text.vAppQApiPostHwIntT
                0x0000000000082fe0       0xbd /Users/tomohiro/Documents/MWSTAGE/MWSDK/TWENET/current/lib/libTWENET_RED.a(AppQueueApi_ToCoNet.o)
 .text.u32AppQApiInitInt_PATCH
                0x000000000008309d        0xa /Users/tomohiro/Documents/MWSTAGE/MWSDK/TWENET/current/lib/libTWENET_RED.a(AppQueueApi_ToCoNet.o)
                0x000000000008309d                u32AppQApiInitInt_PATCH
 .text.u32AppQApiInitNetwork
                0x00000000000830a7       0x1f /Users/tomohiro/Documents/MWSTAGE/MWSDK/TWENET/current/lib/libTWENET_RED.a(AppQueueApi_ToCoNet.o)
                0x00000000000830a7                u32AppQApiInitNetwork
 .text.u32AppQApiInitT
                0x00000000000830c6      0x1b8 /Users/tomohiro/Documents/MWSTAGE/MWSDK/TWENET/current/lib/libTWENET_RED.a(AppQueueApi_ToCoNet.o)
                0x00000000000830c6                u32AppQApiInitT
 .text.psAppQApiReadMlmeIndT
                0x000000000008327e        0x9 /Users/tomohiro/Documents/MWSTAGE/MWSDK/TWENET/current/lib/libTWENET_RED.a(AppQueueApi_ToCoNet.o)
                0x000000000008327e                psAppQApiReadMlmeIndT
 .text.psAppQApiReadMcpsIndT
                0x0000000000083287        0x9 /Users/tomohiro/Documents/MWSTAGE/MWSDK/TWENET/current/lib/libTWENET_RED.a(AppQueueApi_ToCoNet.o)
                0x0000000000083287                psAppQApiReadMcpsIndT
 .text.psAppQApiReadHwIndT
                0x0000000000083290        0x9 /Users/tomohiro/Documents/MWSTAGE/MWSDK/TWENET/current/lib/libTWENET_RED.a(AppQueueApi_ToCoNet.o)
                0x0000000000083290                psAppQApiReadHwIndT
 .text.vAppQApiReturnMlmeIndBufferT
                0x0000000000083299        0xb /Users/tomohiro/Documents/MWSTAGE/MWSDK/TWENET/current/lib/libTWENET_RED.a(AppQueueApi_ToCoNet.o)
                0x0000000000083299                vAppQApiReturnMlmeIndBufferT
 .text.vAppQApiReturnMcpsIndBufferT
                0x00000000000832a4        0xb /Users/tomohiro/Documents/MWSTAGE/MWSDK/TWENET/current/lib/libTWENET_RED.a(AppQueueApi_ToCoNet.o)
                0x00000000000832a4                vAppQApiReturnMcpsIndBufferT
 .text.vAppQApiReturnHwIndBufferT
                0x00000000000832af        0xb /Users/tomohiro/Documents/MWSTAGE/MWSDK/TWENET/current/lib/libTWENET_RED.a(AppQueueApi_ToCoNet.o)
                0x00000000000832af                vAppQApiReturnHwIndBufferT
 .text.AppColdStart
                0x00000000000832ba      0x4fe /Users/tomohiro/Documents/MWSTAGE/MWSDK/TWENET/current/lib/libTWENEText_RED.a(AppStart.o)
                0x00000000000832ba                AppColdStart
 .text._ToCoNet_vMacInit
                0x00000000000837b8       0x26 /Users/tomohiro/Documents/MWSTAGE/MWSDK/TWENET/current/lib/libTWENEText_RED.a(AppStart.o)
                0x00000000000837b8                _ToCoNet_vMacInit
 .text.AppWarmStart
                0x00000000000837de       0x93 /Users/tomohiro/Documents/MWSTAGE/MWSDK/TWENET/current/lib/libTWENEText_RED.a(AppStart.o)
                0x00000000000837de                AppWarmStart
 .text._ToCoNet_bRfChChannel
                0x0000000000083871       0x97 /Users/tomohiro/Documents/MWSTAGE/MWSDK/TWENET/current/lib/libTWENEText_RED.a(AppStart.o)
                0x0000000000083871                _ToCoNet_bRfChChannel
 .text._ToCoNet_vRfConfig
                0x0000000000083908      0x113 /Users/tomohiro/Documents/MWSTAGE/MWSDK/TWENET/current/lib/libTWENEText_RED.a(AppStart.o)
                0x0000000000083908                _ToCoNet_vRfConfig
 .text.ToCoNet_u32GetSerialOnBoot
                0x0000000000083a1b       0x43 /Users/tomohiro/Documents/MWSTAGE/MWSDK/TWENET/current/lib/libTWENEText_RED.a(getMacAddr.o)
                0x0000000000083a1b                ToCoNet_u32GetSerialOnBoot
 .text.Mac_vInit
                0x0000000000083a5e       0x4c /Users/tomohiro/Documents/MWSTAGE/MWSDK/TWENET/current/lib/libTWENEText_RED.a(mac.o)
                0x0000000000083a5e                Mac_vInit
 .text.Mac_bRxQueueReg
                0x0000000000083aaa       0x38 /Users/tomohiro/Documents/MWSTAGE/MWSDK/TWENET/current/lib/libTWENEText_RED.a(mac.o)
                0x0000000000083aaa                Mac_bRxQueueReg
 .text.bEncodeAES
                0x0000000000083ae2       0xae /Users/tomohiro/Documents/MWSTAGE/MWSDK/TWENET/current/lib/libTWENEText_RED.a(mac.o)
                0x0000000000083ae2                bEncodeAES
 .text.Mac_bTransmit
                0x0000000000083b90      0x21c /Users/tomohiro/Documents/MWSTAGE/MWSDK/TWENET/current/lib/libTWENEText_RED.a(mac.o)
                0x0000000000083b90                Mac_bTransmit
 .text.bDecodeAES
                0x0000000000083dac       0xc9 /Users/tomohiro/Documents/MWSTAGE/MWSDK/TWENET/current/lib/libTWENEText_RED.a(mac.o)
                0x0000000000083dac                bDecodeAES
 .text.Mac_vHandleMcpsDataInd
                0x0000000000083e75      0x2de /Users/tomohiro/Documents/MWSTAGE/MWSDK/TWENET/current/lib/libTWENEText_RED.a(mac.o)
                0x0000000000083e75                Mac_vHandleMcpsDataInd
 .text.Mac_vReset
                0x0000000000084153       0x1d /Users/tomohiro/Documents/MWSTAGE/MWSDK/TWENET/current/lib/libTWENEText_RED.a(mac.o)
                0x0000000000084153                Mac_vReset
 .text.Mac_vSetRetry
                0x0000000000084170       0x18 /Users/tomohiro/Documents/MWSTAGE/MWSDK/TWENET/current/lib/libTWENEText_RED.a(mac.o)
                0x0000000000084170                Mac_vSetRetry
 .text.Mac_vSetCCA
                0x0000000000084188       0x29 /Users/tomohiro/Documents/MWSTAGE/MWSDK/TWENET/current/lib/libTWENEText_RED.a(mac.o)
                0x0000000000084188                Mac_vSetCCA
 .text.bAES_CCM_DecodeKey
                0x00000000000841b1       0x8e /Users/tomohiro/Documents/MWSTAGE/MWSDK/TWENET/current/lib/libTWENEText_RED.a(AES_CCM.o)
                0x00000000000841b1                bAES_CCM_DecodeKey
 .text.bAES_CCM_EncodeKey
                0x000000000008423f       0x7f /Users/tomohiro/Documents/MWSTAGE/MWSDK/TWENET/current/lib/libTWENEText_RED.a(AES_CCM.o)
                0x000000000008423f                bAES_CCM_EncodeKey
 .text.bAES_CCM_KeyReg
                0x00000000000842be       0x3f /Users/tomohiro/Documents/MWSTAGE/MWSDK/TWENET/current/lib/libTWENEText_RED.a(AES_CCM.o)
                0x00000000000842be                bAES_CCM_KeyReg
 .text.bAES_CCM_Encode
                0x00000000000842fd       0x1e /Users/tomohiro/Documents/MWSTAGE/MWSDK/TWENET/current/lib/libTWENEText_RED.a(AES_CCM.o)
                0x00000000000842fd                bAES_CCM_Encode
 .text.bAES_CCM_Decode
                0x000000000008431b       0x1e /Users/tomohiro/Documents/MWSTAGE/MWSDK/TWENET/current/lib/libTWENEText_RED.a(AES_CCM.o)
                0x000000000008431b                bAES_CCM_Decode
 .text.vHandlerPatch
                0x0000000000084339       0x37 /Users/tomohiro/Documents/MWSTAGE/MWSDK/TWENET/current/lib/libTWENEText_RED.a(no_ack_handler.o)
 .text.vInstallNoAckHandler
                0x0000000000084370       0x2a /Users/tomohiro/Documents/MWSTAGE/MWSDK/TWENET/current/lib/libTWENEText_RED.a(no_ack_handler.o)
                0x0000000000084370                vInstallNoAckHandler
 .text.SERIAL_vTxReady
                0x000000000008439a       0x2f /Users/tomohiro/Documents/MWSTAGE/MWSDK/TWENET/current/lib/libTWENETutils_RED.a(serial.o)
                0x000000000008439a                SERIAL_vTxReady
 .text.vRxChar  0x00000000000843c9       0x35 /Users/tomohiro/Documents/MWSTAGE/MWSDK/TWENET/current/lib/libTWENETutils_RED.a(serial.o)
 .text.SERIAL_vInitEx
                0x00000000000843fe       0x78 /Users/tomohiro/Documents/MWSTAGE/MWSDK/TWENET/current/lib/libTWENETutils_RED.a(serial.o)
                0x00000000000843fe                SERIAL_vInitEx
 .text.SERIAL_bTxChar
                0x0000000000084476       0x8e /Users/tomohiro/Documents/MWSTAGE/MWSDK/TWENET/current/lib/libTWENETutils_RED.a(serial.o)
                0x0000000000084476                SERIAL_bTxChar
 .text.SERIAL_i16RxChar
                0x0000000000084504       0x41 /Users/tomohiro/Documents/MWSTAGE/MWSDK/TWENET/current/lib/libTWENETutils_RED.a(serial.o)
                0x0000000000084504                SERIAL_i16RxChar
 .text.SERIAL_bRxQueueEmpty
                0x0000000000084545       0x17 /Users/tomohiro/Documents/MWSTAGE/MWSDK/TWENET/current/lib/libTWENETutils_RED.a(serial.o)
                0x0000000000084545                SERIAL_bRxQueueEmpty
 .text.SERIAL_vFlush
                0x000000000008455c       0x49 /Users/tomohiro/Documents/MWSTAGE/MWSDK/TWENET/current/lib/libTWENETutils_RED.a(serial.o)
                0x000000000008455c                SERIAL_vFlush
 .text.UART_vHandleUartInterrupt
                0x00000000000845a5       0x70 /Users/tomohiro/Documents/MWSTAGE/MWSDK/TWENET/current/lib/libTWENETutils_RED.a(uart.o)
 .text.UART_vInit
                0x0000000000084615      0x1a9 /Users/tomohiro/Documents/MWSTAGE/MWSDK/TWENET/current/lib/libTWENETutils_RED.a(uart.o)
                0x0000000000084615                UART_vInit
 .text.UART_vRtsStopFlow
                0x00000000000847be       0x20 /Users/tomohiro/Documents/MWSTAGE/MWSDK/TWENET/current/lib/libTWENETutils_RED.a(uart.o)
                0x00000000000847be                UART_vRtsStopFlow
 .text.UART_vRtsStartFlow
                0x00000000000847de       0x20 /Users/tomohiro/Documents/MWSTAGE/MWSDK/TWENET/current/lib/libTWENETutils_RED.a(uart.o)
                0x00000000000847de                UART_vRtsStartFlow
 .text.UART_vTxChar
                0x00000000000847fe        0x4 /Users/tomohiro/Documents/MWSTAGE/MWSDK/TWENET/current/lib/libTWENETutils_RED.a(uart.o)
                0x00000000000847fe                UART_vTxChar
 .text.UART_bTxReady
                0x0000000000084802        0xc /Users/tomohiro/Documents/MWSTAGE/MWSDK/TWENET/current/lib/libTWENETutils_RED.a(uart.o)
                0x0000000000084802                UART_bTxReady
 .text.UART_vSetTxInterrupt
                0x000000000008480e       0x18 /Users/tomohiro/Documents/MWSTAGE/MWSDK/TWENET/current/lib/libTWENETutils_RED.a(uart.o)
                0x000000000008480e                UART_vSetTxInterrupt
 .text.QUEUE__vInit
                0x0000000000084826       0x12 /Users/tomohiro/Documents/MWSTAGE/MWSDK/TWENET/current/lib/libTWENETutils_RED.a(ByteQueue.o)
                0x0000000000084826                QUEUE__vInit
 .text.QUEUE__vAddItem
                0x0000000000084838       0x71 /Users/tomohiro/Documents/MWSTAGE/MWSDK/TWENET/current/lib/libTWENETutils_RED.a(ByteQueue.o)
                0x0000000000084838                QUEUE__vAddItem
 .text.QUEUE__u8RemoveItem
                0x00000000000848a9       0x6c /Users/tomohiro/Documents/MWSTAGE/MWSDK/TWENET/current/lib/libTWENETutils_RED.a(ByteQueue.o)
                0x00000000000848a9                QUEUE__u8RemoveItem
 .text.QUEUE__vFlush
                0x0000000000084915       0x1f /Users/tomohiro/Documents/MWSTAGE/MWSDK/TWENET/current/lib/libTWENETutils_RED.a(ByteQueue.o)
                0x0000000000084915                QUEUE__vFlush
 .text.QUEUE__u16Count
                0x0000000000084934        0x6 /Users/tomohiro/Documents/MWSTAGE/MWSDK/TWENET/current/lib/libTWENETutils_RED.a(ByteQueue.o)
                0x0000000000084934                QUEUE__u16Count
 .text.u8CCITT8
                0x000000000008493a       0x26 /Users/tomohiro/Documents/MWSTAGE/MWSDK/TWENET/current/lib/libTWENETutils_RED.a(ccitt8.o)
                0x000000000008493a                u8CCITT8
 .text.s_div_by
                0x0000000000084960       0x31 /Users/tomohiro/Documents/MWSTAGE/MWSDK/TWENET/current/lib/libTWENETutils_RED.a(utils.o)
                0x0000000000084960                s_div_by
 .text.vTimerChangeHzCore.part.0
                0x0000000000084991       0x34 /Users/tomohiro/Documents/MWSTAGE/MWSDK/TWENET/current/lib/libTWENETutils_RED.a(utils.o)
 *fill*         0x00000000000849c5        0x3 00
 .text.vTimerConfig
                0x00000000000849c8      0x168 /Users/tomohiro/Documents/MWSTAGE/MWSDK/TWENET/current/lib/libTWENETutils_RED.a(utils.o)
                0x00000000000849c8                vTimerConfig
 .text.vTimerStart
                0x0000000000084b30       0x8c /Users/tomohiro/Documents/MWSTAGE/MWSDK/TWENET/current/lib/libTWENETutils_RED.a(utils.o)
                0x0000000000084b30                vTimerStart
 .text.vTimerChangeHzEx
                0x0000000000084bbc       0x25 /Users/tomohiro/Documents/MWSTAGE/MWSDK/TWENET/current/lib/libTWENETutils_RED.a(utils.o)
                0x0000000000084bbc                vTimerChangeHzEx
 .text.vTimerStop
                0x0000000000084be1       0x2f /Users/tomohiro/Documents/MWSTAGE/MWSDK/TWENET/current/lib/libTWENETutils_RED.a(utils.o)
                0x0000000000084be1                vTimerStop
 .text.vTimerDisable
                0x0000000000084c10       0x2a /Users/tomohiro/Documents/MWSTAGE/MWSDK/TWENET/current/lib/libTWENETutils_RED.a(utils.o)
                0x0000000000084c10                vTimerDisable
 .text.TWEINTRCT_bIsVerbose
                0x0000000000084c3a        0x9 /Users/tomohiro/Documents/MWSTAGE/MWSDK/TWENET/current/lib/libTWENETstgs_RED.a(tweinteractive.o)
                0x0000000000084c3a                TWEINTRCT_bIsVerbose
 .text.vOutputStream
                0x0000000000084c43        0xc /Users/tomohiro/Documents/MWSTAGE/MWSDK/TWENET/current/lib/libTWENETstgs_RED.a(tweprintf.o)
 .text.TWE_fprintf
                0x0000000000084c4f       0x31 /Users/tomohiro/Documents/MWSTAGE/MWSDK/TWENET/current/lib/libTWENETstgs_RED.a(tweprintf.o)
                0x0000000000084c4f                TWE_fprintf
 .text.TWE_vfprintf
                0x0000000000084c80       0x21 /Users/tomohiro/Documents/MWSTAGE/MWSDK/TWENET/current/lib/libTWENETstgs_RED.a(tweprintf.o)
                0x0000000000084c80                TWE_vfprintf
 .text.TWESYSUTL_vWaitPoll
                0x0000000000084ca1       0xa0 /Users/tomohiro/Documents/MWSTAGE/MWSDK/TWENET/current/lib/libTWENETstgs_RED.a(twesysutils.o)
                0x0000000000084ca1                TWESYSUTL_vWaitPoll
 .text.TWESYSUTL_vWaitPollMicro
                0x0000000000084d41       0x67 /Users/tomohiro/Documents/MWSTAGE/MWSDK/TWENET/current/lib/libTWENETstgs_RED.a(twesysutils.o)
                0x0000000000084d41                TWESYSUTL_vWaitPollMicro
 .text._out_null
                0x0000000000084da8        0x3 /Users/tomohiro/Documents/MWSTAGE/MWSDK/TWENET/current/lib/libTWENETstgs_RED.a(printf.o)
 .text._out_rev
                0x0000000000084dab       0xbc /Users/tomohiro/Documents/MWSTAGE/MWSDK/TWENET/current/lib/libTWENETstgs_RED.a(printf.o)
 .text._ntoa_format
                0x0000000000084e67      0x1b2 /Users/tomohiro/Documents/MWSTAGE/MWSDK/TWENET/current/lib/libTWENETstgs_RED.a(printf.o)
 .text._ntoa_long
                0x0000000000085019       0xb6 /Users/tomohiro/Documents/MWSTAGE/MWSDK/TWENET/current/lib/libTWENETstgs_RED.a(printf.o)
 .text._ntoa_long_long
                0x00000000000850cf       0xcf /Users/tomohiro/Documents/MWSTAGE/MWSDK/TWENET/current/lib/libTWENETstgs_RED.a(printf.o)
 .text._out_fct
                0x000000000008519e       0x15 /Users/tomohiro/Documents/MWSTAGE/MWSDK/TWENET/current/lib/libTWENETstgs_RED.a(printf.o)
 .text._ftoa    0x00000000000851b3      0x417 /Users/tomohiro/Documents/MWSTAGE/MWSDK/TWENET/current/lib/libTWENETstgs_RED.a(printf.o)
 .text._etoa    0x00000000000855ca      0x3e6 /Users/tomohiro/Documents/MWSTAGE/MWSDK/TWENET/current/lib/libTWENETstgs_RED.a(printf.o)
 *fill*         0x00000000000859b0        0x0 00
 .text._vsnprintf
                0x00000000000859b0      0x98c /Users/tomohiro/Documents/MWSTAGE/MWSDK/TWENET/current/lib/libTWENETstgs_RED.a(printf.o)
                0x00000000000859b0                _vsnprintf
 .text.fctprintf
                0x000000000008633c       0x2a /Users/tomohiro/Documents/MWSTAGE/MWSDK/TWENET/current/lib/libTWENETstgs_RED.a(printf.o)
                0x000000000008633c                fctprintf
 .text.fctvprintf
                0x0000000000086366       0x1f /Users/tomohiro/Documents/MWSTAGE/MWSDK/TWENET/current/lib/libTWENETstgs_RED.a(printf.o)
                0x0000000000086366                fctvprintf
 .text.MWX_DebugMsg
                0x0000000000086385       0x43 /Users/tomohiro/Documents/MWSTAGE/MWSDK/TWENET/current/lib/libmwx_RED.a(mwx_debug.o)
                0x0000000000086385                MWX_DebugMsg
 .text.MWX_Panic
                0x00000000000863c8       0x4f /Users/tomohiro/Documents/MWSTAGE/MWSDK/TWENET/current/lib/libmwx_RED.a(mwx_debug.o)
                0x00000000000863c8                MWX_Panic
 .text._ZN3mwx2L110serial_jen13_set_baudrateEt.isra.2
                0x0000000000086417       0xa7 /Users/tomohiro/Documents/MWSTAGE/MWSDK/TWENET/current/lib/libmwx_RED.a(mwx_appcore.o)
 .text._ZN3mwx2L110serial_jen6_beginEv.part.25
                0x00000000000864be       0x5a /Users/tomohiro/Documents/MWSTAGE/MWSDK/TWENET/current/lib/libmwx_RED.a(mwx_appcore.o)
 .text._ZN3mwx2L110serial_jen10_on_wakeupEv.part.27
                0x0000000000086518       0x79 /Users/tomohiro/Documents/MWSTAGE/MWSDK/TWENET/current/lib/libmwx_RED.a(mwx_appcore.o)
 .text._ZN3mwx2L110serial_jenC2Eh
                0x0000000000086591       0x30 /Users/tomohiro/Documents/MWSTAGE/MWSDK/TWENET/current/lib/libmwx_RED.a(mwx_appcore.o)
                0x0000000000086591                mwx::L1::serial_jen::serial_jen(unsigned char)
                0x0000000000086591                mwx::L1::serial_jen::serial_jen(unsigned char)
 .text._ZN3mwx2L112appdefs_virt19cbToCoNet_vNwkEventERNS0_13packet_ev_nwkE
                0x00000000000865c1       0x18 /Users/tomohiro/Documents/MWSTAGE/MWSDK/TWENET/current/lib/libmwx_RED.a(mwx_appcore.o)
                0x00000000000865c1                mwx::L1::appdefs_virt::cbToCoNet_vNwkEvent(mwx::L1::packet_ev_nwk&)
 .text._ZN3mwx2L112appdefs_virt18cbToCoNet_vRxEventERNS0_9packet_rxE
                0x00000000000865d9       0x18 /Users/tomohiro/Documents/MWSTAGE/MWSDK/TWENET/current/lib/libmwx_RED.a(mwx_appcore.o)
                0x00000000000865d9                mwx::L1::appdefs_virt::cbToCoNet_vRxEvent(mwx::L1::packet_rx&)
 .text._ZN3mwx2L112appdefs_virt18cbToCoNet_vTxEventERNS0_12packet_ev_txE
                0x00000000000865f1       0x18 /Users/tomohiro/Documents/MWSTAGE/MWSDK/TWENET/current/lib/libmwx_RED.a(mwx_appcore.o)
                0x00000000000865f1                mwx::L1::appdefs_virt::cbToCoNet_vTxEvent(mwx::L1::packet_ev_tx&)
 .text._ZN3mwx2L112appdefs_virt18cbToCoNet_vHwEventEmm
                0x0000000000086609       0x18 /Users/tomohiro/Documents/MWSTAGE/MWSDK/TWENET/current/lib/libmwx_RED.a(mwx_appcore.o)
                0x0000000000086609                mwx::L1::appdefs_virt::cbToCoNet_vHwEvent(unsigned long, unsigned long)
 .text._ZN3mwx2L112appdefs_virt8on_eventEmRm
                0x0000000000086621       0x18 /Users/tomohiro/Documents/MWSTAGE/MWSDK/TWENET/current/lib/libmwx_RED.a(mwx_appcore.o)
                0x0000000000086621                mwx::L1::appdefs_virt::on_event(unsigned long, unsigned long&)
 .text._ZN3mwx2L114periph_twowireC2Eh
                0x0000000000086639       0x3d /Users/tomohiro/Documents/MWSTAGE/MWSDK/TWENET/current/lib/libmwx_RED.a(mwx_appcore.o)
                0x0000000000086639                mwx::L1::periph_twowire::periph_twowire(unsigned char)
                0x0000000000086639                mwx::L1::periph_twowire::periph_twowire(unsigned char)
 .text._ZN3mwx2L112periph_timer10_on_wakeupEv
                0x0000000000086676       0x44 /Users/tomohiro/Documents/MWSTAGE/MWSDK/TWENET/current/lib/libmwx_RED.a(mwx_appcore.o)
                0x0000000000086676                mwx::L1::periph_timer::_on_wakeup()
 .text._ZN3mwx2L115periph_analogueC2Ev
                0x00000000000866ba       0x2b /Users/tomohiro/Documents/MWSTAGE/MWSDK/TWENET/current/lib/libmwx_RED.a(mwx_appcore.o)
                0x00000000000866ba                mwx::L1::periph_analogue::periph_analogue()
                0x00000000000866ba                mwx::L1::periph_analogue::periph_analogue()
 .text._ZN3mwx2L115periph_analogue5setupEbhPFvvE
                0x00000000000866e5       0x5f /Users/tomohiro/Documents/MWSTAGE/MWSDK/TWENET/current/lib/libmwx_RED.a(mwx_appcore.o)
                0x00000000000866e5                mwx::L1::periph_analogue::setup(bool, unsigned char, void (*)())
 .text._ZN3mwx2L115periph_analogue10_adc_startEv
                0x0000000000086744       0x55 /Users/tomohiro/Documents/MWSTAGE/MWSDK/TWENET/current/lib/libmwx_RED.a(mwx_appcore.o)
                0x0000000000086744                mwx::L1::periph_analogue::_adc_start()
 .text._ZN3mwx2L123twenet_tx_cb_managementC2Ev
                0x0000000000086799       0x1e /Users/tomohiro/Documents/MWSTAGE/MWSDK/TWENET/current/lib/libmwx_RED.a(mwx_appcore.o)
                0x0000000000086799                mwx::L1::twenet_tx_cb_management::twenet_tx_cb_management()
                0x0000000000086799                mwx::L1::twenet_tx_cb_management::twenet_tx_cb_management()
 .text._ZN3mwx2L122twenet_rx_packet_queue5_pushERNS0_9packet_rxE
                0x00000000000867b7       0x96 /Users/tomohiro/Documents/MWSTAGE/MWSDK/TWENET/current/lib/libmwx_RED.a(mwx_appcore.o)
                0x00000000000867b7                mwx::L1::twenet_rx_packet_queue::_push(mwx::L1::packet_rx&)
 .text._Z13init_coldbootv
                0x000000000008684d        0x3 /Users/tomohiro/Documents/MWSTAGE/MWSDK/TWENET/current/lib/libmwx_RED.a(mwx_appcore.o)
                0x000000000008684d                init_coldboot()
 .text._Z13init_warmbootv
                0x0000000000086850        0x3 /Users/tomohiro/Documents/MWSTAGE/MWSDK/TWENET/current/lib/libmwx_RED.a(mwx_appcore.o)
                0x0000000000086850                init_warmboot()
 .text._Z6wakeupv
                0x0000000000086853        0x3 /Users/tomohiro/Documents/MWSTAGE/MWSDK/TWENET/current/lib/libmwx_RED.a(mwx_appcore.o)
                0x0000000000086853                wakeup()
 .text._Z5beginv
                0x0000000000086856        0x3 /Users/tomohiro/Documents/MWSTAGE/MWSDK/TWENET/current/lib/libmwx_RED.a(mwx_appcore.o)
                0x0000000000086856                begin()
 .text.cbToCoNet_vMain
                0x0000000000086859       0xb4 /Users/tomohiro/Documents/MWSTAGE/MWSDK/TWENET/current/lib/libmwx_RED.a(mwx_appcore.o)
                0x0000000000086859                cbToCoNet_vMain
 .text.cbToCoNet_vNwkEvent
                0x000000000008690d       0x90 /Users/tomohiro/Documents/MWSTAGE/MWSDK/TWENET/current/lib/libmwx_RED.a(mwx_appcore.o)
                0x000000000008690d                cbToCoNet_vNwkEvent
 *fill*         0x000000000008699d        0x3 00
 .text.cbToCoNet_vHwEvent
                0x00000000000869a0      0x160 /Users/tomohiro/Documents/MWSTAGE/MWSDK/TWENET/current/lib/libmwx_RED.a(mwx_appcore.o)
                0x00000000000869a0                cbToCoNet_vHwEvent
 .text.cbToCoNet_u8HwInt
                0x0000000000086b00       0x94 /Users/tomohiro/Documents/MWSTAGE/MWSDK/TWENET/current/lib/libmwx_RED.a(mwx_appcore.o)
                0x0000000000086b00                cbToCoNet_u8HwInt
 .text._Z16_MWX_periph_initv
                0x0000000000086b94       0xef /Users/tomohiro/Documents/MWSTAGE/MWSDK/TWENET/current/lib/libmwx_RED.a(mwx_appcore.o)
                0x0000000000086b94                _MWX_periph_init()
 .text._Z14_MWX_vOnWakeupv
                0x0000000000086c83      0x1b6 /Users/tomohiro/Documents/MWSTAGE/MWSDK/TWENET/current/lib/libmwx_RED.a(mwx_appcore.o)
                0x0000000000086c83                _MWX_vOnWakeup()
 .text.cbAppWarmStart
                0x0000000000086e39       0xe6 /Users/tomohiro/Documents/MWSTAGE/MWSDK/TWENET/current/lib/libmwx_RED.a(mwx_appcore.o)
                0x0000000000086e39                cbAppWarmStart
 .text.cbToCoNet_vRxEvent
                0x0000000000086f1f       0xc1 /Users/tomohiro/Documents/MWSTAGE/MWSDK/TWENET/current/lib/libmwx_RED.a(mwx_appcore.o)
                0x0000000000086f1f                cbToCoNet_vRxEvent
 .text._Z10on_tx_compRN3mwx2L112packet_ev_txERh
                0x0000000000086fe0        0x6 /Users/tomohiro/Documents/MWSTAGE/MWSDK/TWENET/current/lib/libmwx_RED.a(mwx_appcore.o)
                0x0000000000086fe0                on_tx_comp(mwx::L1::packet_ev_tx&, unsigned char&)
 .text.cbToCoNet_vTxEvent
                0x0000000000086fe6      0x157 /Users/tomohiro/Documents/MWSTAGE/MWSDK/TWENET/current/lib/libmwx_RED.a(mwx_appcore.o)
                0x0000000000086fe6                cbToCoNet_vTxEvent
 .text._ZN3mwx2L113serial_parserINS0_10alloc_heapIhEEEC2Ev
                0x000000000008713d       0x22 /Users/tomohiro/Documents/MWSTAGE/MWSDK/TWENET/current/lib/libmwx_RED.a(mwx_appcore.o)
                0x000000000008713d                mwx::L1::serial_parser<mwx::L1::alloc_heap<unsigned char> >::serial_parser()
                0x000000000008713d                mwx::L1::serial_parser<mwx::L1::alloc_heap<unsigned char> >::serial_parser()
 .text._ZN3mwx2L111alloc_localISt4pairINS0_9packet_rxE11tsRxDataAppELi2EEC2Ev
                0x000000000008715f       0x47 /Users/tomohiro/Documents/MWSTAGE/MWSDK/TWENET/current/lib/libmwx_RED.a(mwx_appcore.o)
                0x000000000008715f                mwx::L1::alloc_local<std::pair<mwx::L1::packet_rx, tsRxDataApp>, 2>::alloc_local()
                0x000000000008715f                mwx::L1::alloc_local<std::pair<mwx::L1::packet_rx, tsRxDataApp>, 2>::alloc_local()
 .text._ZN3mwx2L16twenetC2Ev
                0x00000000000871a6       0x71 /Users/tomohiro/Documents/MWSTAGE/MWSDK/TWENET/current/lib/libmwx_RED.a(mwx_appcore.o)
                0x00000000000871a6                mwx::L1::twenet::twenet()
                0x00000000000871a6                mwx::L1::twenet::twenet()
 .text.cbAppColdStart
                0x0000000000087217      0x19f /Users/tomohiro/Documents/MWSTAGE/MWSDK/TWENET/current/lib/libmwx_RED.a(mwx_appcore.o)
                0x0000000000087217                cbAppColdStart
 .text._Znwm    0x00000000000873b6       0x25 /Users/tomohiro/Documents/MWSTAGE/MWSDK/TWENET/current/lib/libmwx_RED.a(mwx_memory.o)
                0x00000000000873b6                operator new(unsigned long)
 .text._Znam    0x00000000000873db        0x2 /Users/tomohiro/Documents/MWSTAGE/MWSDK/TWENET/current/lib/libmwx_RED.a(mwx_memory.o)
                0x00000000000873db                operator new[](unsigned long)
 *fill*         0x00000000000873dd        0x3 00
 .text._Z7pinModehN3mwx2L111enum_wapperIN8PIN_MODE13eMWX_DIO_MODEEhEE
                0x00000000000873e0      0x184 /Users/tomohiro/Documents/MWSTAGE/MWSDK/TWENET/current/lib/libmwx_RED.a(mwx_periph_dio.o)
                0x00000000000873e0                pinMode(unsigned char, mwx::L1::enum_wapper<PIN_MODE::eMWX_DIO_MODE, unsigned char>)
 .text._Z12attachIntDiohN3mwx2L111enum_wapperIN12PIN_INT_MODE16eMWX_DIO_INTMODEEhEE
                0x0000000000087564       0x31 /Users/tomohiro/Documents/MWSTAGE/MWSDK/TWENET/current/lib/libmwx_RED.a(mwx_periph_dio.o)
                0x0000000000087564                attachIntDio(unsigned char, mwx::L1::enum_wapper<PIN_INT_MODE::eMWX_DIO_INTMODE, unsigned char>)
 .text._Z12detachIntDioh
                0x0000000000087595        0xa /Users/tomohiro/Documents/MWSTAGE/MWSDK/TWENET/current/lib/libmwx_RED.a(mwx_periph_dio.o)
                0x0000000000087595                detachIntDio(unsigned char)
 .text._ZN3mwx2L114periph_buttons5beginEmht
                0x000000000008759f       0x70 /Users/tomohiro/Documents/MWSTAGE/MWSDK/TWENET/current/lib/libmwx_RED.a(mwx_periph_buttons.o)
                0x000000000008759f                mwx::L1::periph_buttons::begin(unsigned long, unsigned char, unsigned short)
 .text._ZN3mwx2L114periph_buttons6_checkEv
                0x000000000008760f       0xf8 /Users/tomohiro/Documents/MWSTAGE/MWSDK/TWENET/current/lib/libmwx_RED.a(mwx_periph_buttons.o)
                0x000000000008760f                mwx::L1::periph_buttons::_check()
 .text._ZN3mwx2L115periph_analogue11ADC_handlerEmm
                0x0000000000087707       0x9a /Users/tomohiro/Documents/MWSTAGE/MWSDK/TWENET/current/lib/libmwx_RED.a(mwx_periph_analogue.o)
                0x0000000000087707                mwx::L1::periph_analogue::ADC_handler(unsigned long, unsigned long)
 .text._ZN3mwx2L110twenet_mac8transmitERNS0_9packet_txE
                0x00000000000877a1       0xb6 /Users/tomohiro/Documents/MWSTAGE/MWSDK/TWENET/current/lib/libmwx_RED.a(mwx_nwk_simple.o)
                0x00000000000877a1                mwx::L1::twenet_mac::transmit(mwx::L1::packet_tx&)
 .text._ZN3mwx2L19NwkSimple9on_createERm
                0x0000000000087857       0x50 /Users/tomohiro/Documents/MWSTAGE/MWSDK/TWENET/current/lib/libmwx_RED.a(mwx_nwk_simple.o)
                0x0000000000087857                mwx::L1::NwkSimple::on_create(unsigned long&)
 .text._ZN3mwx2L19NwkSimple8on_beginERm
                0x00000000000878a7       0x3e /Users/tomohiro/Documents/MWSTAGE/MWSDK/TWENET/current/lib/libmwx_RED.a(mwx_nwk_simple.o)
                0x00000000000878a7                mwx::L1::NwkSimple::on_begin(unsigned long&)
 .text._ZN3mwx2L19NwkSimple8transmitERNS0_20packet_tx_nwk_simpleIS1_EE
                0x00000000000878e5      0x158 /Users/tomohiro/Documents/MWSTAGE/MWSDK/TWENET/current/lib/libmwx_RED.a(mwx_nwk_simple.o)
                0x00000000000878e5                mwx::L1::NwkSimple::transmit(mwx::L1::packet_tx_nwk_simple<mwx::L1::NwkSimple>&)
 .text._ZN3mwx2L19NwkSimple16cbTweNet_u8HwIntEmm
                0x0000000000087a3d        0x5 /Users/tomohiro/Documents/MWSTAGE/MWSDK/TWENET/current/lib/libmwx_RED.a(mwx_nwk_simple.o)
                0x0000000000087a3d                mwx::L1::NwkSimple::cbTweNet_u8HwInt(unsigned long, unsigned long)
 .text._ZN3mwx2L19NwkSimple17cbTweNet_vHwEventEmm
                0x0000000000087a42        0x3 /Users/tomohiro/Documents/MWSTAGE/MWSDK/TWENET/current/lib/libmwx_RED.a(mwx_nwk_simple.o)
                0x0000000000087a42                mwx::L1::NwkSimple::cbTweNet_vHwEvent(unsigned long, unsigned long)
 .text._ZN3mwx2L19NwkSimple19processStateMachineEP8_tsEvent7teEventm
                0x0000000000087a45       0x26 /Users/tomohiro/Documents/MWSTAGE/MWSDK/TWENET/current/lib/libmwx_RED.a(mwx_nwk_simple.o)
                0x0000000000087a45                mwx::L1::NwkSimple::processStateMachine(_tsEvent*, teEvent, unsigned long)
 .text._ZN3mwx2L113_expand_bytesIIRmRhEEEiPKhS5_S2_DpOT_
                0x0000000000087a6b       0x71 /Users/tomohiro/Documents/MWSTAGE/MWSDK/TWENET/current/lib/libmwx_RED.a(mwx_nwk_simple.o)
                0x0000000000087a6b                _ZN3mwx2L113_expand_bytesIJRmRhEEEiPKhS5_S2_DpOT_
                0x0000000000087a6b                int mwx::L1::_expand_bytes<unsigned long&, unsigned char&>(unsigned char const*, unsigned char const*, unsigned long&, unsigned long&, unsigned char&)
 .text._ZN3mwx2L19NwkSimple7receiveERNS0_9packet_rxE
                0x0000000000087adc      0x294 /Users/tomohiro/Documents/MWSTAGE/MWSDK/TWENET/current/lib/libmwx_RED.a(mwx_nwk_simple.o)
                0x0000000000087adc                mwx::L1::NwkSimple::receive(mwx::L1::packet_rx&)
 .text._ZN3mwx2L117duplciate_checker14_node_ele_initEPNS1_9_node_eleE
                0x0000000000087d70       0x1f /Users/tomohiro/Documents/MWSTAGE/MWSDK/TWENET/current/lib/libmwx_RED.a(mwx_duplicate_checker.o)
                0x0000000000087d70                mwx::L1::duplciate_checker::_node_ele_init(mwx::L1::duplciate_checker::_node_ele*)
 .text._ZN3mwx2L117duplciate_checker5beginEv
                0x0000000000087d8f       0xab /Users/tomohiro/Documents/MWSTAGE/MWSDK/TWENET/current/lib/libmwx_RED.a(mwx_duplicate_checker.o)
                0x0000000000087d8f                mwx::L1::duplciate_checker::begin()
 .text._ZN3mwx2L117duplciate_checker15_node_ele_cleanEPNS1_9_node_eleE
                0x0000000000087e3a       0x52 /Users/tomohiro/Documents/MWSTAGE/MWSDK/TWENET/current/lib/libmwx_RED.a(mwx_duplicate_checker.o)
                0x0000000000087e3a                mwx::L1::duplciate_checker::_node_ele_clean(mwx::L1::duplciate_checker::_node_ele*)
 .text._ZN3mwx2L117duplciate_checker5cleanEv
                0x0000000000087e8c       0x51 /Users/tomohiro/Documents/MWSTAGE/MWSDK/TWENET/current/lib/libmwx_RED.a(mwx_duplicate_checker.o)
                0x0000000000087e8c                mwx::L1::duplciate_checker::clean()
 .text._ZN3mwx2L117duplciate_checker13_node_ele_addEPNS1_9_node_eleEh
                0x0000000000087edd       0x38 /Users/tomohiro/Documents/MWSTAGE/MWSDK/TWENET/current/lib/libmwx_RED.a(mwx_duplicate_checker.o)
                0x0000000000087edd                mwx::L1::duplciate_checker::_node_ele_add(mwx::L1::duplciate_checker::_node_ele*, unsigned char)
 .text._ZN3mwx2L117duplciate_checker3addEmh
                0x0000000000087f15      0x1e6 /Users/tomohiro/Documents/MWSTAGE/MWSDK/TWENET/current/lib/libmwx_RED.a(mwx_duplicate_checker.o)
                0x0000000000087f15                mwx::L1::duplciate_checker::add(unsigned long, unsigned char)
 .text.pvAppApiDefGetMacHandle
                0x00000000000880fb        0x9 /Users/tomohiro/Documents/MWSTAGE/MWSDK/ChipLib/SW4063V1416/Components/Library/libAppApi_JN5169.a(AppApi.o)
                0x00000000000880fb                pvAppApiDefGetMacHandle
 .text.vAppApiDefMlmeRequest
                0x0000000000088104       0x2f /Users/tomohiro/Documents/MWSTAGE/MWSDK/ChipLib/SW4063V1416/Components/Library/libAppApi_JN5169.a(AppApi.o)
                0x0000000000088104                vAppApiDefMlmeRequest
 .text.vAppApiDefMcpsRequest
                0x0000000000088133       0x2f /Users/tomohiro/Documents/MWSTAGE/MWSDK/ChipLib/SW4063V1416/Components/Library/libAppApi_JN5169.a(AppApi.o)
                0x0000000000088133                vAppApiDefMcpsRequest
 .text.eAppApiDefPlmeSet
                0x0000000000088162       0x2d /Users/tomohiro/Documents/MWSTAGE/MWSDK/ChipLib/SW4063V1416/Components/Library/libAppApi_JN5169.a(AppApi.o)
                0x0000000000088162                eAppApiDefPlmeSet
 .text.eAppApiDefPlmeGet
                0x000000000008818f       0x2d /Users/tomohiro/Documents/MWSTAGE/MWSDK/ChipLib/SW4063V1416/Components/Library/libAppApi_JN5169.a(AppApi.o)
                0x000000000008818f                eAppApiDefPlmeGet
 .text.vAppApiDefPowerUp
                0x00000000000881bc       0x1d /Users/tomohiro/Documents/MWSTAGE/MWSDK/ChipLib/SW4063V1416/Components/Library/libAppApi_JN5169.a(AppApi.o)
                0x00000000000881bc                vAppApiDefPowerUp
 .text.vAppApiDefStartStack
                0x00000000000881d9       0x51 /Users/tomohiro/Documents/MWSTAGE/MWSDK/ChipLib/SW4063V1416/Components/Library/libAppApi_JN5169.a(AppApi.o)
                0x00000000000881d9                vAppApiDefStartStack
 .text.vAppApiDefSetPrbsSeed
                0x000000000008822a       0x24 /Users/tomohiro/Documents/MWSTAGE/MWSDK/ChipLib/SW4063V1416/Components/Library/libAppApi_JN5169.a(AppApi.o)
                0x000000000008822a                vAppApiDefSetPrbsSeed
 .text.vAppApiDefSetInterrupts
                0x000000000008824e       0x34 /Users/tomohiro/Documents/MWSTAGE/MWSDK/ChipLib/SW4063V1416/Components/Library/libAppApi_JN5169.a(AppApi.o)
                0x000000000008824e                vAppApiDefSetInterrupts
 .text.u32AppApiDefInit
                0x0000000000088282       0x5a /Users/tomohiro/Documents/MWSTAGE/MWSDK/ChipLib/SW4063V1416/Components/Library/libAppApi_JN5169.a(AppApi.o)
                0x0000000000088282                u32AppApiDefInit
 .text.pvAppApiDefGetMacAddrLocation
                0x00000000000882dc        0x9 /Users/tomohiro/Documents/MWSTAGE/MWSDK/ChipLib/SW4063V1416/Components/Library/libAppApi_JN5169.a(AppApi.o)
                0x00000000000882dc                pvAppApiDefGetMacAddrLocation
 .text.vAppApiDefSaveMacSettings
                0x00000000000882e5       0x5d /Users/tomohiro/Documents/MWSTAGE/MWSDK/ChipLib/SW4063V1416/Components/Library/libAppApi_JN5169.a(AppApiSleep.o)
                0x00000000000882e5                vAppApiDefSaveMacSettings
 .text.vMAC_RestoreSettings
                0x0000000000088342       0xbc /Users/tomohiro/Documents/MWSTAGE/MWSDK/ChipLib/SW4063V1416/Components/Library/libAppApi_JN5169.a(AppApiSleep.o)
                0x0000000000088342                vMAC_RestoreSettings
 .text.vAppApiDefRestoreMacSettings
                0x00000000000883fe       0x1c /Users/tomohiro/Documents/MWSTAGE/MWSDK/ChipLib/SW4063V1416/Components/Library/libAppApi_JN5169.a(AppApiSleep.o)
                0x00000000000883fe                vAppApiDefRestoreMacSettings
 .text.vSetTimer0
                0x000000000008841a        0xf /Users/tomohiro/Documents/MWSTAGE/MWSDK/ChipLib/SW4063V1416/Components/Library/libMAC_JN5169.a(mac_main.o)
                0x000000000008841a                vSetTimer0
 .text.u32GetTimer0
                0x0000000000088429        0x7 /Users/tomohiro/Documents/MWSTAGE/MWSDK/ChipLib/SW4063V1416/Components/Library/libMAC_JN5169.a(mac_main.o)
                0x0000000000088429                u32GetTimer0
 .text.mac_vInitTimer0
                0x0000000000088430       0x1d /Users/tomohiro/Documents/MWSTAGE/MWSDK/ChipLib/SW4063V1416/Components/Library/libMAC_JN5169.a(mac_main.o)
                0x0000000000088430                mac_vInitTimer0
 .text.MAC_pvCtor
                0x000000000008844d       0x6d /Users/tomohiro/Documents/MWSTAGE/MWSDK/ChipLib/SW4063V1416/Components/Library/libMAC_JN5169.a(mac_main.o)
                0x000000000008844d                MAC_pvCtor
 .text.MAC_vXcvBbcEvtHandler
                0x00000000000884ba       0x16 /Users/tomohiro/Documents/MWSTAGE/MWSDK/ChipLib/SW4063V1416/Components/Library/libMAC_JN5169.a(mac_main.o)
                0x00000000000884ba                MAC_vXcvBbcEvtHandler
 .text.MAC_vXcvPhyEvtHandler
                0x00000000000884d0        0xd /Users/tomohiro/Documents/MWSTAGE/MWSDK/ChipLib/SW4063V1416/Components/Library/libMAC_JN5169.a(mac_main.o)
                0x00000000000884d0                MAC_vXcvPhyEvtHandler
 .text.MAC_vHandleMcpsReqRsp
                0x00000000000884dd       0x28 /Users/tomohiro/Documents/MWSTAGE/MWSDK/ChipLib/SW4063V1416/Components/Library/libMAC_JN5169.a(mac_mcps.o)
                0x00000000000884dd                MAC_vHandleMcpsReqRsp
 .text.vHandleTofRequest
                0x0000000000088505       0x12 /Users/tomohiro/Documents/MWSTAGE/MWSDK/ChipLib/SW4063V1416/Components/Library/libMAC_JN5169.a(mac_mlme.o)
 *fill*         0x0000000000088517        0x1 00
 .text.MAC_vHandleMlmeReqRsp
                0x0000000000088518       0x8c /Users/tomohiro/Documents/MWSTAGE/MWSDK/ChipLib/SW4063V1416/Components/Library/libMAC_JN5169.a(mac_mlme.o)
                0x0000000000088518                MAC_vHandleMlmeReqRsp
 .text.MAC_psPibGetHandle
                0x00000000000885a4        0x7 /Users/tomohiro/Documents/MWSTAGE/MWSDK/ChipLib/SW4063V1416/Components/Library/libMAC_JN5169.a(mac_pib.o)
                0x00000000000885a4                MAC_psPibGetHandle
 .text.MAC_vPibSetShortAddr
                0x00000000000885ab        0xe /Users/tomohiro/Documents/MWSTAGE/MWSDK/ChipLib/SW4063V1416/Components/Library/libMAC_JN5169.a(mac_pib.o)
                0x00000000000885ab                MAC_vPibSetShortAddr
 .text.MAC_vPibSetPanId
                0x00000000000885b9       0x1b /Users/tomohiro/Documents/MWSTAGE/MWSDK/ChipLib/SW4063V1416/Components/Library/libMAC_JN5169.a(mac_pib.o)
                0x00000000000885b9                MAC_vPibSetPanId
 .text.MAC_vPibSetMinBe
                0x00000000000885d4       0x1e /Users/tomohiro/Documents/MWSTAGE/MWSDK/ChipLib/SW4063V1416/Components/Library/libMAC_JN5169.a(mac_pib.o)
                0x00000000000885d4                MAC_vPibSetMinBe
 .text.MAC_vPibSetMaxCsmaBackoffs
                0x00000000000885f2       0x21 /Users/tomohiro/Documents/MWSTAGE/MWSDK/ChipLib/SW4063V1416/Components/Library/libMAC_JN5169.a(mac_pib.o)
                0x00000000000885f2                MAC_vPibSetMaxCsmaBackoffs
 .text.MAC_vPibSetRxOnWhenIdle
                0x0000000000088613       0x10 /Users/tomohiro/Documents/MWSTAGE/MWSDK/ChipLib/SW4063V1416/Components/Library/libMAC_JN5169.a(mac_pib.o)
                0x0000000000088613                MAC_vPibSetRxOnWhenIdle
 .text.MAC_vPibSetPromiscuousMode
                0x0000000000088623       0x3e /Users/tomohiro/Documents/MWSTAGE/MWSDK/ChipLib/SW4063V1416/Components/Library/libMAC_JN5169.a(mac_pib.o)
                0x0000000000088623                MAC_vPibSetPromiscuousMode
 .text.MAC_vSetExtAddr
                0x0000000000088661       0x1f /Users/tomohiro/Documents/MWSTAGE/MWSDK/ChipLib/SW4063V1416/Components/Library/libMAC_JN5169.a(mac_pib.o)
                0x0000000000088661                MAC_vSetExtAddr
 .text.mac_vPibSetDefaults
                0x0000000000088680      0x11b /Users/tomohiro/Documents/MWSTAGE/MWSDK/ChipLib/SW4063V1416/Components/Library/libMAC_JN5169.a(mac_pib_mlme.o)
                0x0000000000088680                mac_vPibSetDefaults
 .text.mac_vPibReset
                0x000000000008879b       0x91 /Users/tomohiro/Documents/MWSTAGE/MWSDK/ChipLib/SW4063V1416/Components/Library/libMAC_JN5169.a(mac_pib_mlme.o)
                0x000000000008879b                mac_vPibReset
 .text.mac_vPibCmpCoordExtAddr
                0x000000000008882c       0x24 /Users/tomohiro/Documents/MWSTAGE/MWSDK/ChipLib/SW4063V1416/Components/Library/libMAC_JN5169.a(mac_pib_mlme.o)
                0x000000000008882c                mac_vPibCmpCoordExtAddr
 .text.bPMICdisassocReqSent
                0x0000000000088850       0x78 /Users/tomohiro/Documents/MWSTAGE/MWSDK/ChipLib/SW4063V1416/Components/Library/libMAC_JN5169.a(mac_pmic.o)
 .text.bAssocRespSent
                0x00000000000888c8       0x14 /Users/tomohiro/Documents/MWSTAGE/MWSDK/ChipLib/SW4063V1416/Components/Library/libMAC_JN5169.a(mac_pmic.o)
 .text.vPMICreset
                0x00000000000888dc        0xd /Users/tomohiro/Documents/MWSTAGE/MWSDK/ChipLib/SW4063V1416/Components/Library/libMAC_JN5169.a(mac_pmic.o)
                0x00000000000888dc                vPMICreset
 .text.vPMICassociateRequest
                0x00000000000888e9       0xcf /Users/tomohiro/Documents/MWSTAGE/MWSDK/ChipLib/SW4063V1416/Components/Library/libMAC_JN5169.a(mac_pmic.o)
                0x00000000000888e9                vPMICassociateRequest
 .text.vPMICassociateResponse
                0x00000000000889b8       0xcb /Users/tomohiro/Documents/MWSTAGE/MWSDK/ChipLib/SW4063V1416/Components/Library/libMAC_JN5169.a(mac_pmic.o)
                0x00000000000889b8                vPMICassociateResponse
 .text.vPMICdisassociateRequest
                0x0000000000088a83       0xd1 /Users/tomohiro/Documents/MWSTAGE/MWSDK/ChipLib/SW4063V1416/Components/Library/libMAC_JN5169.a(mac_pmic.o)
                0x0000000000088a83                vPMICdisassociateRequest
 .text.vPMICassocRespFrameReceived
                0x0000000000088b54       0x7d /Users/tomohiro/Documents/MWSTAGE/MWSDK/ChipLib/SW4063V1416/Components/Library/libMAC_JN5169.a(mac_pmic.o)
                0x0000000000088b54                vPMICassocRespFrameReceived
 .text.vPMICdisassocReceived
                0x0000000000088bd1       0x84 /Users/tomohiro/Documents/MWSTAGE/MWSDK/ChipLib/SW4063V1416/Components/Library/libMAC_JN5169.a(mac_pmic.o)
                0x0000000000088bd1                vPMICdisassocReceived
 .text.vPMICassocReqFrameReceived
                0x0000000000088c55       0x6a /Users/tomohiro/Documents/MWSTAGE/MWSDK/ChipLib/SW4063V1416/Components/Library/libMAC_JN5169.a(mac_pmic.o)
                0x0000000000088c55                vPMICassocReqFrameReceived
 .text.vPMICpostFailedAssocDcfm
                0x0000000000088cbf       0x36 /Users/tomohiro/Documents/MWSTAGE/MWSDK/ChipLib/SW4063V1416/Components/Library/libMAC_JN5169.a(mac_pmic.o)
                0x0000000000088cbf                vPMICpostFailedAssocDcfm
 .text.bPMICassocReqSent
                0x0000000000088cf5       0x7e /Users/tomohiro/Documents/MWSTAGE/MWSDK/ChipLib/SW4063V1416/Components/Library/libMAC_JN5169.a(mac_pmic.o)
 .text.vPMICassocReqTO_1
                0x0000000000088d73       0x7e /Users/tomohiro/Documents/MWSTAGE/MWSDK/ChipLib/SW4063V1416/Components/Library/libMAC_JN5169.a(mac_pmic.o)
 .text.bPMICassocReqPollSent
                0x0000000000088df1       0x4f /Users/tomohiro/Documents/MWSTAGE/MWSDK/ChipLib/SW4063V1416/Components/Library/libMAC_JN5169.a(mac_pmic.o)
 .text.vPMICassocReqTO_2
                0x0000000000088e40       0x19 /Users/tomohiro/Documents/MWSTAGE/MWSDK/ChipLib/SW4063V1416/Components/Library/libMAC_JN5169.a(mac_pmic.o)
 .text.MAC_vRegisterMlmeDcfmIndCallbacks
                0x0000000000088e59        0x6 /Users/tomohiro/Documents/MWSTAGE/MWSDK/ChipLib/SW4063V1416/Components/Library/libMAC_JN5169.a(mac_ind.o)
                0x0000000000088e59                MAC_vRegisterMlmeDcfmIndCallbacks
 .text.MAC_vRegisterMcpsDcfmIndCallbacks
                0x0000000000088e5f        0x6 /Users/tomohiro/Documents/MWSTAGE/MWSDK/ChipLib/SW4063V1416/Components/Library/libMAC_JN5169.a(mac_ind.o)
                0x0000000000088e5f                MAC_vRegisterMcpsDcfmIndCallbacks
 .text.mac_psDcfmIndGetBuf
                0x0000000000088e65       0x21 /Users/tomohiro/Documents/MWSTAGE/MWSDK/ChipLib/SW4063V1416/Components/Library/libMAC_JN5169.a(mac_ind.o)
                0x0000000000088e65                mac_psDcfmIndGetBuf
 .text.mac_eDcfmIndPost
                0x0000000000088e86       0x21 /Users/tomohiro/Documents/MWSTAGE/MWSDK/ChipLib/SW4063V1416/Components/Library/libMAC_JN5169.a(mac_ind.o)
                0x0000000000088e86                mac_eDcfmIndPost
 .text.eGenlIllegal
                0x0000000000088ea7        0x7 /Users/tomohiro/Documents/MWSTAGE/MWSDK/ChipLib/SW4063V1416/Components/Library/libMAC_JN5169.a(mac_scan.o)
 .text.eGenlDontCare
                0x0000000000088eae        0x5 /Users/tomohiro/Documents/MWSTAGE/MWSDK/ChipLib/SW4063V1416/Components/Library/libMAC_JN5169.a(mac_scan.o)
 .text.eWEnDEdDone
                0x0000000000088eb3       0x5b /Users/tomohiro/Documents/MWSTAGE/MWSDK/ChipLib/SW4063V1416/Components/Library/libMAC_JN5169.a(mac_scan.o)
 .text.eWEnDTmrExpiry
                0x0000000000088f0e        0xb /Users/tomohiro/Documents/MWSTAGE/MWSDK/ChipLib/SW4063V1416/Components/Library/libMAC_JN5169.a(mac_scan.o)
 .text.vPostDcfm
                0x0000000000088f19       0xd4 /Users/tomohiro/Documents/MWSTAGE/MWSDK/ChipLib/SW4063V1416/Components/Library/libMAC_JN5169.a(mac_scan.o)
 .text.eWCoRRxDone
                0x0000000000088fed       0x97 /Users/tomohiro/Documents/MWSTAGE/MWSDK/ChipLib/SW4063V1416/Components/Library/libMAC_JN5169.a(mac_scan.o)
 .text.eGenRxHdrDone
                0x0000000000089084       0x10 /Users/tomohiro/Documents/MWSTAGE/MWSDK/ChipLib/SW4063V1416/Components/Library/libMAC_JN5169.a(mac_scan.o)
 .text.eWONTTxDone
                0x0000000000089094       0x2e /Users/tomohiro/Documents/MWSTAGE/MWSDK/ChipLib/SW4063V1416/Components/Library/libMAC_JN5169.a(mac_scan.o)
 .text.eWBRTTxDone
                0x00000000000890c2       0x1e /Users/tomohiro/Documents/MWSTAGE/MWSDK/ChipLib/SW4063V1416/Components/Library/libMAC_JN5169.a(mac_scan.o)
 .text.eWBcnRxDone
                0x00000000000890e0      0x194 /Users/tomohiro/Documents/MWSTAGE/MWSDK/ChipLib/SW4063V1416/Components/Library/libMAC_JN5169.a(mac_scan.o)
 .text.eWChCChanChgd
                0x0000000000089274      0x197 /Users/tomohiro/Documents/MWSTAGE/MWSDK/ChipLib/SW4063V1416/Components/Library/libMAC_JN5169.a(mac_scan.o)
 .text.eScanHandleEvt
                0x000000000008940b       0x32 /Users/tomohiro/Documents/MWSTAGE/MWSDK/ChipLib/SW4063V1416/Components/Library/libMAC_JN5169.a(mac_scan.o)
                0x000000000008940b                eScanHandleEvt
 .text.vScanHandleTimer
                0x000000000008943d        0x4 /Users/tomohiro/Documents/MWSTAGE/MWSDK/ChipLib/SW4063V1416/Components/Library/libMAC_JN5169.a(mac_scan.o)
 .text.mac_eScanInit
                0x0000000000089441       0x16 /Users/tomohiro/Documents/MWSTAGE/MWSDK/ChipLib/SW4063V1416/Components/Library/libMAC_JN5169.a(mac_scan.o)
                0x0000000000089441                mac_eScanInit
 .text.mac_eScanHandleXcvBbcEvt
                0x0000000000089457        0xb /Users/tomohiro/Documents/MWSTAGE/MWSDK/ChipLib/SW4063V1416/Components/Library/libMAC_JN5169.a(mac_scan.o)
                0x0000000000089457                mac_eScanHandleXcvBbcEvt
 .text.mac_eScanHandleXcvPhyEvt
                0x0000000000089462        0xb /Users/tomohiro/Documents/MWSTAGE/MWSDK/ChipLib/SW4063V1416/Components/Library/libMAC_JN5169.a(mac_scan.o)
                0x0000000000089462                mac_eScanHandleXcvPhyEvt
 .text.vSetNextChannel
                0x000000000008946d       0x58 /Users/tomohiro/Documents/MWSTAGE/MWSDK/ChipLib/SW4063V1416/Components/Library/libMAC_JN5169.a(mac_scan.o)
 .text.mac_vScanHandleMlmeReq
                0x00000000000894c5       0xaa /Users/tomohiro/Documents/MWSTAGE/MWSDK/ChipLib/SW4063V1416/Components/Library/libMAC_JN5169.a(mac_scan.o)
                0x00000000000894c5                mac_vScanHandleMlmeReq
 .text.eGenTmrExpiry
                0x000000000008956f       0x42 /Users/tomohiro/Documents/MWSTAGE/MWSDK/ChipLib/SW4063V1416/Components/Library/libMAC_JN5169.a(mac_scan.o)
 .text.eWEDTEdDone
                0x00000000000895b1       0x24 /Users/tomohiro/Documents/MWSTAGE/MWSDK/ChipLib/SW4063V1416/Components/Library/libMAC_JN5169.a(mac_scan.o)
 .text.mac_u32LPBGetBeaconTimeout
                0x00000000000895d5        0x9 /Users/tomohiro/Documents/MWSTAGE/MWSDK/ChipLib/SW4063V1416/Components/Library/libMAC_JN5169.a(mac_lp.o)
                0x00000000000895d5                mac_u32LPBGetBeaconTimeout
 .text.mac_vLPBStopTimer
                0x00000000000895de        0xb /Users/tomohiro/Documents/MWSTAGE/MWSDK/ChipLib/SW4063V1416/Components/Library/libMAC_JN5169.a(mac_lp.o)
                0x00000000000895de                mac_vLPBStopTimer
 .text.mac_vLPBAdjustBeaconOffset
                0x00000000000895e9       0x5d /Users/tomohiro/Documents/MWSTAGE/MWSDK/ChipLib/SW4063V1416/Components/Library/libMAC_JN5169.a(mac_lp.o)
                0x00000000000895e9                mac_vLPBAdjustBeaconOffset
 .text.mac_vLPBSleep
                0x0000000000089646       0x4c /Users/tomohiro/Documents/MWSTAGE/MWSDK/ChipLib/SW4063V1416/Components/Library/libMAC_JN5169.a(mac_lp.o)
                0x0000000000089646                mac_vLPBSleep
 .text.MAC_u32ConvertFrom16uS
                0x0000000000089692       0x3a /Users/tomohiro/Documents/MWSTAGE/MWSDK/ChipLib/SW4063V1416/Components/Library/libMAC_JN5169.a(mac_lp.o)
                0x0000000000089692                MAC_u32ConvertFrom16uS
 .text.mac_vLPBStartTimer
                0x00000000000896cc       0x7f /Users/tomohiro/Documents/MWSTAGE/MWSDK/ChipLib/SW4063V1416/Components/Library/libMAC_JN5169.a(mac_lp.o)
                0x00000000000896cc                mac_vLPBStartTimer
 .text.bSearchQueue
                0x000000000008974b       0x2f /Users/tomohiro/Documents/MWSTAGE/MWSDK/ChipLib/SW4063V1416/Components/Library/libMAC_JN5169.a(MCPS.o)
 .text.bMCPSframeTXcomplete
                0x000000000008977a       0x53 /Users/tomohiro/Documents/MWSTAGE/MWSDK/ChipLib/SW4063V1416/Components/Library/libMAC_JN5169.a(MCPS.o)
 .text.vTAM_MCPSdataRequest
                0x00000000000897cd       0x43 /Users/tomohiro/Documents/MWSTAGE/MWSDK/ChipLib/SW4063V1416/Components/Library/libMAC_JN5169.a(MCPS.o)
                0x00000000000897cd                vTAM_MCPSdataRequest
 .text.vTAM_MCPSpurgeRequest
                0x0000000000089810       0x5d /Users/tomohiro/Documents/MWSTAGE/MWSDK/ChipLib/SW4063V1416/Components/Library/libMAC_JN5169.a(MCPS.o)
                0x0000000000089810                vTAM_MCPSpurgeRequest
 .text.vMCPSframeReceived
                0x000000000008986d       0x4e /Users/tomohiro/Documents/MWSTAGE/MWSDK/ChipLib/SW4063V1416/Components/Library/libMAC_JN5169.a(MCPS.o)
                0x000000000008986d                vMCPSframeReceived
 .text.phy_ePibGet