Archive member included because of file (symbol)

C:/Users/sato/Documents/MWSTAGE-2022-08_win10-1/MWSTAGE/MWSDK/TWENET/current/lib/libTWENET_RED.a(ToCoNet_main.o)
                              objs_RED/Interrupt.o (symbol from plugin) (sToCoNet_Context)
C:/Users/sato/Documents/MWSTAGE-2022-08_win10-1/MWSTAGE/MWSDK/TWENET/current/lib/libTWENET_RED.a(ToCoNet_utils.o)
                              ToCoNet_main.o (symbol from plugin) (ToCoNet_u32GetVersion)
C:/Users/sato/Documents/MWSTAGE-2022-08_win10-1/MWSTAGE/MWSDK/TWENET/current/lib/libTWENET_RED.a(ToCoNet_mod_Nwk_Common.o)
                              ToCoNet_main.o (symbol from plugin) (ToCoNet_vRxProc_Mod)
C:/Users/sato/Documents/MWSTAGE-2022-08_win10-1/MWSTAGE/MWSDK/TWENET/current/lib/libTWENET_RED.a(ToCoNet_mod_Channel_Mgr.o)
                              ToCoNet_main.o (symbol from plugin) (ToCoNet_ChMgr_bCh_Reconfig)
C:/Users/sato/Documents/MWSTAGE-2022-08_win10-1/MWSTAGE/MWSDK/TWENET/current/lib/libTWENET_RED.a(Version.o)
                              ToCoNet_utils.o (symbol from plugin) (au8ToCoNetVersionInfo)
C:/Users/sato/Documents/MWSTAGE-2022-08_win10-1/MWSTAGE/MWSDK/TWENET/current/lib/libTWENET_RED.a(AppQueueApi_ToCoNet.o)
                              ToCoNet_main.o (symbol from plugin) (_u32_INT_ticktimer)
C:/Users/sato/Documents/MWSTAGE-2022-08_win10-1/MWSTAGE/MWSDK/TWENET/current/lib/libTWENET_RED.a(ToCoNet_event.o)
                              ToCoNet_main.o (symbol from plugin) (PRSEV_vInit)
C:/Users/sato/Documents/MWSTAGE-2022-08_win10-1/MWSTAGE/MWSDK/TWENET/current/lib/libTWENEText_RED.a(AppStart.o)
                              (AppColdStart)
C:/Users/sato/Documents/MWSTAGE-2022-08_win10-1/MWSTAGE/MWSDK/TWENET/current/lib/libTWENEText_RED.a(getMacAddr.o)
                              ToCoNet_main.o (symbol from plugin) (ToCoNet_u32GetSerialOnBoot)
C:/Users/sato/Documents/MWSTAGE-2022-08_win10-1/MWSTAGE/MWSDK/TWENET/current/lib/libTWENEText_RED.a(mac.o)
                              ToCoNet_main.o (symbol from plugin) (Mac_vInit)
C:/Users/sato/Documents/MWSTAGE-2022-08_win10-1/MWSTAGE/MWSDK/TWENET/current/lib/libTWENEText_RED.a(AES_CCM.o)
                              AppStart.o (symbol from plugin) (bAES_CCM_KeyReg)
C:/Users/sato/Documents/MWSTAGE-2022-08_win10-1/MWSTAGE/MWSDK/TWENET/current/lib/libTWENEText_RED.a(no_ack_handler.o)
                              AppStart.o (symbol from plugin) (vInstallNoAckHandler)
C:/Users/sato/Documents/MWSTAGE-2022-08_win10-1/MWSTAGE/MWSDK/TWENET/current/lib/libTWENEText_RED.a(Version.o)
                              ToCoNet_utils.o (symbol from plugin) (au8ToCoNetExtVersionInfo)
C:/Users/sato/Documents/MWSTAGE-2022-08_win10-1/MWSTAGE/MWSDK/TWENET/current/lib/libTWENETutils_RED.a(serial.o)
                              objs_RED/Wireless_EM_Switch.o (symbol from plugin) (SERIAL_bTxChar)
C:/Users/sato/Documents/MWSTAGE-2022-08_win10-1/MWSTAGE/MWSDK/TWENET/current/lib/libTWENETutils_RED.a(uart.o)
                              serial.o (symbol from plugin) (UART_vInit)
C:/Users/sato/Documents/MWSTAGE-2022-08_win10-1/MWSTAGE/MWSDK/TWENET/current/lib/libTWENETutils_RED.a(ByteQueue.o)
                              ToCoNet_main.o (symbol from plugin) (QUEUE__vInit)
C:/Users/sato/Documents/MWSTAGE-2022-08_win10-1/MWSTAGE/MWSDK/TWENET/current/lib/libTWENETutils_RED.a(ccitt8.o)
                              AppStart.o (symbol from plugin) (u8CCITT8)
C:/Users/sato/Documents/MWSTAGE-2022-08_win10-1/MWSTAGE/MWSDK/TWENET/current/lib/libTWENETutils_RED.a(utils.o)
                              objs_RED/Wireless_EM_Switch.o (symbol from plugin) (vTimerConfig)
C:/Users/sato/Documents/MWSTAGE-2022-08_win10-1/MWSTAGE/MWSDK/TWENET/current/lib/libTWENETutils_RED.a(ccm.o)
                              AES_CCM.o (symbol from plugin) (ccm_init_and_key)
C:/Users/sato/Documents/MWSTAGE-2022-08_win10-1/MWSTAGE/MWSDK/TWENET/current/lib/libTWENETutils_RED.a(Version.o)
                              ToCoNet_utils.o (symbol from plugin) (au8ToCoNetUtilsVersionInfo)
C:/Users/sato/Documents/MWSTAGE-2022-08_win10-1/MWSTAGE/MWSDK/TWENET/current/lib/libTWENETutils_RED.a(aescrypt.o)
                              ccm.o (symbol from plugin) (aes_encrypt)
C:/Users/sato/Documents/MWSTAGE-2022-08_win10-1/MWSTAGE/MWSDK/TWENET/current/lib/libTWENETutils_RED.a(aeskey.o)
                              ccm.o (symbol from plugin) (aes_encrypt_key)
C:/Users/sato/Documents/MWSTAGE-2022-08_win10-1/MWSTAGE/MWSDK/TWENET/current/lib/libTWENETutils_RED.a(aestab.o)
                              aeskey.o (symbol from plugin) (t_im)
C:/Users/sato/Documents/MWSTAGE-2022-08_win10-1/MWSTAGE/MWSDK/TWENET/current/lib/libTWENETstgs_RED.a(tweinteractive.o)
                              objs_RED/Wireless_EM_Switch.o (symbol from plugin) (TWEINTRCT_bIsVerbose)
C:/Users/sato/Documents/MWSTAGE-2022-08_win10-1/MWSTAGE/MWSDK/TWENET/current/lib/libTWENETstgs_RED.a(tweprintf.o)
                              tweinteractive.o (symbol from plugin) (TWE_fprintf)
[...]
Memory Configuration

Name             Origin             Length             Attributes
flash            0x0000000000080000 0x0000000000080000
ram              0x000000000400004c 0x0000000000007fb4
*default*        0x0000000000000000 0xffffffffffffffff

Linker script and memory map

LOAD objs_RED/_mwx_version.o
LOAD C:\Users\sato\AppData\Local\Temp\cc3Tj1PY.ltrans0.ltrans.o
LOAD C:\Users\sato\AppData\Local\Temp\cc3Tj1PY.ltrans1.ltrans.o
LOAD C:\Users\sato\AppData\Local\Temp\cc3Tj1PY.ltrans2.ltrans.o
LOAD C:\Users\sato\AppData\Local\Temp\cc3Tj1PY.ltrans3.ltrans.o
LOAD C:\Users\sato\AppData\Local\Temp\cc3Tj1PY.ltrans4.ltrans.o
LOAD C:\Users\sato\AppData\Local\Temp\cc3Tj1PY.ltrans5.ltrans.o
LOAD C:\Users\sato\AppData\Local\Temp\cc3Tj1PY.ltrans6.ltrans.o
LOAD C:\Users\sato\AppData\Local\Temp\cc3Tj1PY.ltrans7.ltrans.o
LOAD C:\Users\sato\AppData\Local\Temp\cc3Tj1PY.ltrans8.ltrans.o
LOAD C:\Users\sato\AppData\Local\Temp\cc3Tj1PY.ltrans9.ltrans.o
LOAD C:\Users\sato\AppData\Local\Temp\cc3Tj1PY.ltrans10.ltrans.o
LOAD C:\Users\sato\AppData\Local\Temp\cc3Tj1PY.ltrans11.ltrans.o
LOAD C:\Users\sato\AppData\Local\Temp\cc3Tj1PY.ltrans12.ltrans.o
LOAD C:\Users\sato\AppData\Local\Temp\cc3Tj1PY.ltrans13.ltrans.o
LOAD C:\Users\sato\AppData\Local\Temp\cc3Tj1PY.ltrans14.ltrans.o
LOAD C:\Users\sato\AppData\Local\Temp\cc3Tj1PY.ltrans15.ltrans.o
LOAD C:\Users\sato\AppData\Local\Temp\cc3Tj1PY.ltrans16.ltrans.o
LOAD C:\Users\sato\AppData\Local\Temp\cc3Tj1PY.ltrans17.ltrans.o
LOAD C:\Users\sato\AppData\Local\Temp\cc3Tj1PY.ltrans18.ltrans.o
LOAD C:\Users\sato\AppData\Local\Temp\cc3Tj1PY.ltrans19.ltrans.o
LOAD c:/users/sato/documents/mwstage-2022-08_win10-1/mwstage/tools/ba-elf-ba2-r36379.w10/bin/../lib/gcc/ba-elf/4.7.4/../../../../ba-elf/lib/mcpu_jn51xx_sizeopt\libc.a
LOAD c:/users/sato/documents/mwstage-2022-08_win10-1/mwstage/tools/ba-elf-ba2-r36379.w10/bin/../lib/gcc/ba-elf/4.7.4/mcpu_jn51xx_sizeopt\libgcc.a
LOAD c:/users/sato/documents/mwstage-2022-08_win10-1/mwstage/tools/ba-elf-ba2-r36379.w10/bin/../lib/gcc/ba-elf/4.7.4/../../../../ba-elf/lib/mcpu_jn51xx_sizeopt\libc.a
LOAD objs_RED/Interrupt.o
LOAD objs_RED/Wireless_EM_Switch.o
LOAD C:/Users/sato/Documents/MWSTAGE-2022-08_win10-1/MWSTAGE/MWSDK/TWENET/current/lib/libTWENET_RED.a
LOAD C:/Users/sato/Documents/MWSTAGE-2022-08_win10-1/MWSTAGE/MWSDK/TWENET/current/lib/libTWENEText_RED.a
LOAD C:/Users/sato/Documents/MWSTAGE-2022-08_win10-1/MWSTAGE/MWSDK/TWENET/current/lib/libTWENETutils_RED.a
LOAD C:/Users/sato/Documents/MWSTAGE-2022-08_win10-1/MWSTAGE/MWSDK/TWENET/current/lib/libTWENETstgs_RED.a
LOAD C:/Users/sato/Documents/MWSTAGE-2022-08_win10-1/MWSTAGE/MWSDK/TWENET/current/lib/libmwx_RED.a
LOAD C:/Users/sato/Documents/MWSTAGE-2022-08_win10-1/MWSTAGE/MWSDK/TWENET/current/lib/libEASTL_RED.a
START GROUP
LOAD C:/Users/sato/Documents/MWSTAGE-2022-08_win10-1/MWSTAGE/MWSDK/ChipLib/SW4063V1416/Components/Library\libAppApi_JN5169.a
LOAD C:/Users/sato/Documents/MWSTAGE-2022-08_win10-1/MWSTAGE/MWSDK/ChipLib/SW4063V1416/Components/Library\libMAC_JN5169.a
LOAD C:/Users/sato/Documents/MWSTAGE-2022-08_win10-1/MWSTAGE/MWSDK/ChipLib/SW4063V1416/Components/Library\libTimerServer_JN516x.a
LOAD C:/Users/sato/Documents/MWSTAGE-2022-08_win10-1/MWSTAGE/MWSDK/ChipLib/SW4063V1416/Components/Library\libTOF_JN516x.a
LOAD C:/Users/sato/Documents/MWSTAGE-2022-08_win10-1/MWSTAGE/MWSDK/ChipLib/SW4063V1416/Components/Library\libXcv_JN5169.a
LOAD C:/Users/sato/Documents/MWSTAGE-2022-08_win10-1/MWSTAGE/MWSDK/ChipLib/SW4063V1416/Components/Library\libMMAC_JN5169.a
LOAD C:/Users/sato/Documents/MWSTAGE-2022-08_win10-1/MWSTAGE/MWSDK/ChipLib/SW4063V1416/Components/Library\libJPT_JN5169.a
LOAD C:/Users/sato/Documents/MWSTAGE-2022-08_win10-1/MWSTAGE/MWSDK/ChipLib/SW4063V1416/Components/Library\libAes_JN516x.a
LOAD C:/Users/sato/Documents/MWSTAGE-2022-08_win10-1/MWSTAGE/MWSDK/ChipLib/SW4063V1416/Components/Library\libHardwareApi_JN5169.a
LOAD C:/Users/sato/Documents/MWSTAGE-2022-08_win10-1/MWSTAGE/MWSDK/ChipLib/SW4063V1416/Components/Library\libMicroSpecific_JN516x.a
LOAD C:/Users/sato/Documents/MWSTAGE-2022-08_win10-1/MWSTAGE/MWSDK/ChipLib/SW4063V1416/Components/Library\libBoot_JN516x.a
LOAD C:/Users/sato/Documents/MWSTAGE-2022-08_win10-1/MWSTAGE/MWSDK/ChipLib/SW4063V1416/Components/Library\libPDM_EEPROM_JN516x_NO_RTOS.a
LOAD C:/Users/sato/Documents/MWSTAGE-2022-08_win10-1/MWSTAGE/MWSDK/TWENET/current/lib/libTWENET_RED.a
LOAD C:/Users/sato/Documents/MWSTAGE-2022-08_win10-1/MWSTAGE/MWSDK/TWENET/current/lib/libTWENEText_RED.a
LOAD C:/Users/sato/Documents/MWSTAGE-2022-08_win10-1/MWSTAGE/MWSDK/TWENET/current/lib/libTWENETutils_RED.a
LOAD C:/Users/sato/Documents/MWSTAGE-2022-08_win10-1/MWSTAGE/MWSDK/TWENET/current/lib/libTWENETstgs_RED.a
LOAD C:/Users/sato/Documents/MWSTAGE-2022-08_win10-1/MWSTAGE/MWSDK/TWENET/current/lib/libmwx_RED.a
LOAD C:/Users/sato/Documents/MWSTAGE-2022-08_win10-1/MWSTAGE/MWSDK/TWENET/current/lib/libEASTL_RED.a
END GROUP
LOAD c:/users/sato/documents/mwstage-2022-08_win10-1/mwstage/tools/ba-elf-ba2-r36379.w10/bin/../lib/gcc/ba-elf/4.7.4/../../../../ba-elf/lib/mcpu_jn51xx_sizeopt\libstdc++.a
LOAD c:/users/sato/documents/mwstage-2022-08_win10-1/mwstage/tools/ba-elf-ba2-r36379.w10/bin/../lib/gcc/ba-elf/4.7.4/../../../../ba-elf/lib/mcpu_jn51xx_sizeopt\libm.a
LOAD c:/users/sato/documents/mwstage-2022-08_win10-1/mwstage/tools/ba-elf-ba2-r36379.w10/bin/../lib/gcc/ba-elf/4.7.4/../../../../ba-elf/lib/mcpu_jn51xx_sizeopt\libc.a
LOAD c:/users/sato/documents/mwstage-2022-08_win10-1/mwstage/tools/ba-elf-ba2-r36379.w10/bin/../lib/gcc/ba-elf/4.7.4/mcpu_jn51xx_sizeopt\libgcc.a
LOAD c:/users/sato/documents/mwstage-2022-08_win10-1/mwstage/tools/ba-elf-ba2-r36379.w10/bin/../lib/gcc/ba-elf/4.7.4/../../../../ba-elf/lib/mcpu_jn51xx_sizeopt\libc.a
                0x0000000000000800                _stack_size = 0x800
                0x0000000000080038                exception_vsr_table = 0x80038
                0x0000000004000000                pSPIflashFncTable = 0x4000000
                0x0000000000000044                restore_state = 0x44
                0x000000000000004a                bZSPIWaitWIPClear = 0x4a
                0x0000000000000050                u16ZSPIflashRDID = 0x50
                0x0000000000000056                u8SelectFlashChipType = 0x56
                0x000000000000005c                memcpy = 0x5c
                0x0000000000000066                vBootFlashProg = 0x66
                [0x0000000000000d16]                __minimum_heap_size = DEFINED (__minimum_heap_size)?__minimum_heap_size:0xd16
                [0x0000000000000800]                __stack_size = DEFINED (__stack_size)?__stack_size:0x800
                0x0000000000000000                _SwConfig = (DEFINED (g_bSWConf_Debug) | (DEFINED (g_bSWConf_AltDebugPort) << 0x1))

.version        0x000000000007fffc        0x4
                0x000000000007fffc        0x4 LONG 0xf03000b

.bir            0x0000000000080000       0x10
                0x0000000000080000                _flash_start = ABSOLUTE (.)
                0x0000000000080000                _flash_beg = ABSOLUTE (.)
                0x0000000000080000        0x4 LONG 0x12345678
                0x0000000000080004        0x4 LONG 0x11223344
                0x0000000000080008        0x4 LONG 0x55667788
                0x000000000008000c        0x1 BYTE 0x8
                0x000000000008000d        0x1 BYTE 0x1
                0x000000000008000e        0x2 SHORT 0x0

.flashheader    0x0000000000080010       0x28
                0x0000000000080010        0x4 LONG 0x0
                0x0000000000080014        0x4 LONG 0x0
                0x0000000000080018        0x4 LONG 0x0
                0x000000000008001c        0x2 SHORT 0x0
                0x000000000008001e        0x2 SHORT 0x0 ABSOLUTE (_SwConfig)
                0x0000000000080020                _enc_start = ABSOLUTE (.)
                0x0000000000080020        0x4 LONG 0x1321c ABSOLUTE (_image_len)
                0x0000000000080024        0x4 LONG 0x9294c ABSOLUTE (_flash_data_start)
                0x0000000000080028        0x2 SHORT 0x13 ((ABSOLUTE (_ram_data_start) / 0x4) & 0xffff)
                0x000000000008002a        0x2 SHORT 0x234 ((ABSOLUTE (_ram_data_len) / 0x4) & 0xffff)
                0x000000000008002c        0x2 SHORT 0x247 ((ABSOLUTE (_bss_start) / 0x4) & 0xffff)
                0x000000000008002e        0x2 SHORT 0x591 ((ABSOLUTE (_bss_len) / 0x4) & 0xffff)
                0x0000000000080030        0x4 LONG 0x86b88 ABSOLUTE (AppWarmStart)
                0x0000000000080034        0x4 LONG 0x836ba ABSOLUTE (AppColdStart)
                0x0000000000000000                _enc_offset = (_enc_start & 0xf)
                0x0000000000000044                PROVIDE (vException_BusError, restore_state)
                0x0000000000000044                PROVIDE (vException_UnalignedAccess, restore_state)
                0x0000000000000044                PROVIDE (vException_IllegalInstruction, restore_state)
                0x0000000000000044                PROVIDE (vException_SysCall, restore_state)
                0x0000000000000044                PROVIDE (vException_Trap, restore_state)
                0x0000000000000044                PROVIDE (vException_StackOverflow, restore_state)
                0x0000000000080038                . = ABSOLUTE (exception_vsr_table)

.vsr_table      0x0000000000080038       0x18
                0x0000000000080038        0x4 LONG 0x44 ABSOLUTE (vException_BusError)
                0x000000000008003c        0x4 LONG 0x44 ABSOLUTE (vException_UnalignedAccess)
                0x0000000000080040        0x4 LONG 0x44 ABSOLUTE (vException_IllegalInstruction)
                0x0000000000080044        0x4 LONG 0x44 ABSOLUTE (vException_SysCall)
                0x0000000000080048        0x4 LONG 0x44 ABSOLUTE (vException_Trap)
                0x000000000008004c        0x4 LONG 0x44 ABSOLUTE (vException_StackOverflow)

.vsr_handlers   0x0000000000080050       0xaa
 *(.vsr_handlers)
 .vsr_handlers  0x0000000000080050       0xaa C:/Users/sato/Documents/MWSTAGE-2022-08_win10-1/MWSTAGE/MWSDK/ChipLib/SW4063V1416/Components/Library\libBoot_JN516x.a(ExceptionHandler.o)
                0x0000000000080050                _exception_external_interrupt
                0x00000000000800f8                _default_vsr_dummy

.rodata         0x0000000000080100      0x729
 *(.rodata*)
 .rodata        0x0000000000080100       0x20 C:\Users\sato\AppData\Local\Temp\cc3Tj1PY.ltrans0.ltrans.o
                0x0000000000080100                aeTimerInterruptDeviceIDlut.24172
 .rodata        0x0000000000080120       0xd4 C:\Users\sato\AppData\Local\Temp\cc3Tj1PY.ltrans1.ltrans.o
                0x0000000000080120                s_aprScanHandleEvt.13530
                0x0000000000080150                apvActionCalls
                0x00000000000801d8                aprLPBMacVectorRamTable
                0x00000000000801ec                psTamMacContext
                0x00000000000801f0                psTAMcontext
 .rodata        0x00000000000801f4        0x4 C:\Users\sato\AppData\Local\Temp\cc3Tj1PY.ltrans2.ltrans.o
 .rodata.str1.1
                0x00000000000801f8       0x11 C:\Users\sato\AppData\Local\Temp\cc3Tj1PY.ltrans4.ltrans.o
 *fill*         0x0000000000080209        0x3 00
 .rodata        0x000000000008020c       0x7c C:\Users\sato\AppData\Local\Temp\cc3Tj1PY.ltrans4.ltrans.o
                0x0000000000080240                u32MacLow_TOCOS
                0x0000000000080244                u32MacHigh_TOCOS
 .rodata.str1.1
                0x0000000000080288       0x22 C:\Users\sato\AppData\Local\Temp\cc3Tj1PY.ltrans5.ltrans.o
 .rodata        0x00000000000802aa        0x5 C:\Users\sato\AppData\Local\Temp\cc3Tj1PY.ltrans5.ltrans.o
 .rodata.str1.1
                0x00000000000802af       0x12 C:\Users\sato\AppData\Local\Temp\cc3Tj1PY.ltrans6.ltrans.o
 .rodata        0x00000000000802c1       0x14 C:\Users\sato\AppData\Local\Temp\cc3Tj1PY.ltrans6.ltrans.o
 .rodata.str1.1
                0x00000000000802d5        0xe C:\Users\sato\AppData\Local\Temp\cc3Tj1PY.ltrans7.ltrans.o
                                         0x12 (size before relaxing)
 *fill*         0x00000000000802e3        0x5 00
 .rodata        0x00000000000802e8       0xc0 C:\Users\sato\AppData\Local\Temp\cc3Tj1PY.ltrans7.ltrans.o
 .rodata.str1.1
                0x00000000000803a8       0x1f C:\Users\sato\AppData\Local\Temp\cc3Tj1PY.ltrans8.ltrans.o
 .rodata        0x00000000000803c7        0x6 C:\Users\sato\AppData\Local\Temp\cc3Tj1PY.ltrans9.ltrans.o
                0x00000000000803c7                aeXcvPhyEvtToScanEvt.5424.13533
 *fill*         0x00000000000803cd        0x3 00
 .rodata        0x00000000000803d0       0x24 C:\Users\sato\AppData\Local\Temp\cc3Tj1PY.ltrans10.ltrans.o
                0x00000000000803d8                psTamXcvContext
 .rodata        0x00000000000803f4      0x1cb C:\Users\sato\AppData\Local\Temp\cc3Tj1PY.ltrans11.ltrans.o
 .rodata        0x00000000000805bf       0x10 C:\Users\sato\AppData\Local\Temp\cc3Tj1PY.ltrans12.ltrans.o
 .rodata        0x00000000000805cf        0xa C:\Users\sato\AppData\Local\Temp\cc3Tj1PY.ltrans15.ltrans.o
 .rodata        0x00000000000805d9        0x3 C:\Users\sato\AppData\Local\Temp\cc3Tj1PY.ltrans16.ltrans.o
 .rodata        0x00000000000805dc       0x30 C:\Users\sato\AppData\Local\Temp\cc3Tj1PY.ltrans17.ltrans.o
                0x00000000000805dc                au32UartAddrOffset
                0x00000000000805e4                au32TimerBaseAddress
                0x00000000000805f8                CSWTCH.35.24119.24119
 .rodata.str1.1
                0x000000000008060c       0x11 C:\Users\sato\AppData\Local\Temp\cc3Tj1PY.ltrans19.ltrans.o
                                         0x22 (size before relaxing)
 *fill*         0x000000000008061d        0x3 00
 .rodata        0x0000000000080620       0x38 C:\Users\sato\AppData\Local\Temp\cc3Tj1PY.ltrans19.ltrans.o
                0x0000000000080620                asStateFuncTbl.25284
 .rodata.str1.1
                0x0000000000080658       0x32 c:/users/sato/documents/mwstage-2022-08_win10-1/mwstage/tools/ba-elf-ba2-r36379.w10/bin/../lib/gcc/ba-elf/4.7.4/../../../../ba-elf/lib/mcpu_jn51xx_sizeopt\libc.a(lib_a-svfprintf.o)
                                         0x34 (size before relaxing)
 .rodata        0x000000000008068a       0x20 c:/users/sato/documents/mwstage-2022-08_win10-1/mwstage/tools/ba-elf-ba2-r36379.w10/bin/../lib/gcc/ba-elf/4.7.4/../../../../ba-elf/lib/mcpu_jn51xx_sizeopt\libc.a(lib_a-svfprintf.o)
 .rodata.str1.1
                0x00000000000806aa        0xd c:/users/sato/documents/mwstage-2022-08_win10-1/mwstage/tools/ba-elf-ba2-r36379.w10/bin/../lib/gcc/ba-elf/4.7.4/../../../../ba-elf/lib/mcpu_jn51xx_sizeopt\libc.a(lib_a-dtoa.o)
                                          0xf (size before relaxing)
 .rodata.str1.1
                0x00000000000806b7        0x2 c:/users/sato/documents/mwstage-2022-08_win10-1/mwstage/tools/ba-elf-ba2-r36379.w10/bin/../lib/gcc/ba-elf/4.7.4/../../../../ba-elf/lib/mcpu_jn51xx_sizeopt\libc.a(lib_a-impure.o)
 .rodata.str1.1
                0x00000000000806b9        0x8 c:/users/sato/documents/mwstage-2022-08_win10-1/mwstage/tools/ba-elf-ba2-r36379.w10/bin/../lib/gcc/ba-elf/4.7.4/../../../../ba-elf/lib/mcpu_jn51xx_sizeopt\libc.a(lib_a-locale.o)
                                          0xb (size before relaxing)
 *fill*         0x00000000000806c1        0x7 00
 .rodata        0x00000000000806c8      0x128 c:/users/sato/documents/mwstage-2022-08_win10-1/mwstage/tools/ba-elf-ba2-r36379.w10/bin/../lib/gcc/ba-elf/4.7.4/../../../../ba-elf/lib/mcpu_jn51xx_sizeopt\libc.a(lib_a-mprec.o)
                0x00000000000806c8                __mprec_tinytens
                0x00000000000806f0                __mprec_bigtens
                0x0000000000080718                __mprec_tens
 .rodata.str1.1
                0x0000000000000000       0x22 c:/users/sato/documents/mwstage-2022-08_win10-1/mwstage/tools/ba-elf-ba2-r36379.w10/bin/../lib/gcc/ba-elf/4.7.4/../../../../ba-elf/lib/mcpu_jn51xx_sizeopt\libc.a(lib_a-svfiprintf.o)
 .rodata        0x00000000000807f0       0x20 c:/users/sato/documents/mwstage-2022-08_win10-1/mwstage/tools/ba-elf-ba2-r36379.w10/bin/../lib/gcc/ba-elf/4.7.4/../../../../ba-elf/lib/mcpu_jn51xx_sizeopt\libc.a(lib_a-svfiprintf.o)
 .rodata        0x0000000000080810       0x19 c:/users/sato/documents/mwstage-2022-08_win10-1/mwstage/tools/ba-elf-ba2-r36379.w10/bin/../lib/gcc/ba-elf/4.7.4/../../../../ba-elf/lib/mcpu_jn51xx_sizeopt\libc.a(lib_a-glue.o)

.text           0x000000000008082c    0x1211f
 *(.text*)
 .text          0x000000000008082c      0xb5c C:\Users\sato\AppData\Local\Temp\cc3Tj1PY.ltrans0.ltrans.o
                0x0000000000080860                mac_vLPBStartTimer
                0x0000000000080aeb                vProcessEvCoreTx.25221
                0x0000000000080bdb                vAHI_ProtocolPower.constprop.196
                0x0000000000080be9                vMMAC_ConfigureRadio
                0x0000000000080d94                _ZN3mwx2L115periph_analogue10_adc_startEv.local.7.constprop.186
                0x0000000000080e7d                mwx::L1::periph_analogue::ADC_handler(unsigned long, unsigned long)
                0x0000000000080ec4                u8HwEventHandler.2308
                0x0000000000080f6c                _ZN3mwx2L16twenet5beginEv.local.76.constprop.143
                0x0000000000080fb1                bAES_CCMstar
                0x000000000008107d                pvHeap_Alloc
                0x0000000000081080                operator new(unsigned long)
                0x00000000000810a3                u32AHI_Init
                0x0000000000081165                vMicroIntRestoreState
                0x0000000000081171                vAHI_DoSetDataOut
                0x0000000000081185                pinMode(unsigned char, mwx::L1::enum_wapper<PIN_MODE::eMWX_DIO_MODE, unsigned char>)
                0x00000000000812fb                u8AHI_WakeTimerFiredStatus
                0x000000000008130f                vAHI_WakeTimerStop.part.3.24451
                0x000000000008132f                mac_vLPBStopTimer
                0x0000000000081339                vAHI_UartSetClocksPerBit.part.18.24247
                0x0000000000081360                vAHI_UartSetRTSCTS.part.15.24232
 .text          0x0000000000081388      0xba8 C:\Users\sato\AppData\Local\Temp\cc3Tj1PY.ltrans1.ltrans.o
                0x0000000000081388                eWBRTTxDone.13187
                0x00000000000813a6                vTAMCOframeTXgoingIdle
                0x00000000000813bf                vTAMCOframeTXcap
                0x00000000000813e5                eWCoRRxDone.13178
                0x000000000008148f                eWBcnRxDone.13190
                0x0000000000081a7a                vTAMCOframeRXcap
                0x0000000000081a8d                vTAMCOframeRXgoingIdle
                0x0000000000081aa3                vTAMCOframeRXnobeacon
                0x0000000000081ab6                vTAMDEframeRX
                0x0000000000081ade                vTAMDEframeRXtrackingDR
                0x0000000000081b21                vTAMDEframePreSyncReq
                0x0000000000081b39                vTAMCOframeTXbeacon
                0x0000000000081c01                vTAMDEframeRXsyncReq
                0x0000000000081e50                vTAMDEint1FiredTrackingCAPgts
                0x0000000000081f01                eWONTTxDone.13184
 .text          0x0000000000081f30      0xad7 C:\Users\sato\AppData\Local\Temp\cc3Tj1PY.ltrans2.ltrans.o
                0x0000000000081f30                vAHI_IntHandlerTickTimer
                0x0000000000081f77                vTACintRXheader
                0x00000000000828b5                vHnd_E_STATE_FINISH_TX_FAIL.25229
                0x0000000000082970                vHnd_E_STATE_FINISH_TX_SUCCESS.25234
 .text          0x0000000000082a07      0xc28 C:\Users\sato\AppData\Local\Temp\cc3Tj1PY.ltrans3.ltrans.o
                0x0000000000082a07                vAHI_IntHandlerTimer4
                0x0000000000082a28                vAHI_IntHandlerTimer3
                0x0000000000082a49                vAHI_IntHandlerTimer1
                0x0000000000082a69                vAHI_IntHandlerTimer0
                0x0000000000082a8a                vTimerCallback.23766
                0x0000000000082a95                vAHI_IntHandlerSpiMaster
                0x0000000000082abb                vAHI_IntHandlerAnalogPeriph
                0x0000000000082adb                vTTIBLETimerExpired
                0x0000000000082ae6                vTTITimer2Expired
                0x0000000000082aeb                vTTITimer1Expired
                0x0000000000082af0                vTAM_TxRetryTimeout
                0x0000000000082af5                vAHI_UartReset.part.4.24205
                0x0000000000082b2d                vAHI_UartSetControl.part.2.24189
                0x0000000000082b7e                vAHI_UartSetBaudDivisor.part.1.24185
                0x0000000000082bbd                vAHI_WatchdogStop
                0x0000000000082bd4                _ZN3mwx2L120periph_pulse_counter10_on_wakeupEv.part.18.6436
                0x0000000000082c4a                u32AHI_DioWakeStatus
                0x0000000000082c5b                vAHI_DioWakeEdge
                0x0000000000082c7b                vAHI_DioSetPullup
                0x0000000000082c9b                vAHI_DioSetOutput
                0x0000000000082caf                vAHI_DioSetDirection
                0x0000000000082cc3                vACI_CmdWaitBusy
                0x0000000000082d27                vACI_OptimisedCcmStar
                0x0000000000082f3f                vTAIdisableInterrupt
                0x0000000000082f58                psRemove.part.0.22730
                0x0000000000082f87                vMAC_MISCpollConfirm
                0x0000000000082fb8                MAC_u8AclFindInfo
                0x00000000000830e2                vTASretrieveSecurity
                0x0000000000083104                MAC_bLookUpKeyDescriptor.20282
                0x000000000008317e                u8TSCframeIncrease
                0x00000000000831b7                bUpdateTime.18510
                0x00000000000831f2                vTACbuildBeacon
                0x00000000000833fa                vTSCpostTransmitUpdate
                0x000000000008342a                vCopyToDataFromMacAddr.20192
                0x000000000008345d                bTSCgetOutgoingInfo
                0x0000000000083566                vDoGoOff.19472
                0x0000000000083580                psTAQsearchFifo
                0x00000000000835c9                bTAQremoveFromFifo
                0x0000000000083606                vTTITransactionTimerExpired
 .text.unlikely
                0x000000000008362f       0x24 C:\Users\sato\AppData\Local\Temp\cc3Tj1PY.ltrans3.ltrans.o
                0x000000000008362f                vAHI_CpuDoze
                0x0000000000083642                vStartXtal32kExternalRc.23780
 .text          0x0000000000083653      0x5c3 C:\Users\sato\AppData\Local\Temp\cc3Tj1PY.ltrans4.ltrans.o
                0x0000000000083653                vProcessEvCoreMac
                0x00000000000836ba                AppColdStart
 .text.unlikely
                0x0000000000083c16      0x43b C:\Users\sato\AppData\Local\Temp\cc3Tj1PY.ltrans4.ltrans.o
                0x0000000000083c16                ToCoNet_vStart
 .text          0x0000000000084051      0x435 C:\Users\sato\AppData\Local\Temp\cc3Tj1PY.ltrans5.ltrans.o
                0x0000000000084051                vAppApiDefMlmeRequest
                0x000000000008407c                pvAppApiDefGetMacHandle
                0x0000000000084085                cbAppWarmStart.part.28.6841
                0x00000000000842b1                setup()
 *fill*         0x0000000000084486        0x2 00
 .text.unlikely
                0x0000000000084488      0x318 C:\Users\sato\AppData\Local\Temp\cc3Tj1PY.ltrans5.ltrans.o
                0x00000000000844a5                vProcessIncomingHwEvent.2477
 .text          0x00000000000847a0      0x922 C:\Users\sato\AppData\Local\Temp\cc3Tj1PY.ltrans6.ltrans.o
                0x00000000000847a0                UART_vHandleUartInterrupt.4758
                0x0000000000084827                vXCV_IntHandlerPhy
                0x00000000000848d9                vScanHandleTimer.12787
                0x00000000000848de                bAES_CCM_DecodeKey
                0x000000000008499a                vXCV_IntHandlerBbc
                0x0000000000084a3d                vTAIsetCapTime
                0x0000000000084a5e                vTAIsetRxEnableTime
                0x0000000000084a7f                vDoGoActive.19474
                0x0000000000084aa1                vTAMRXEint2Fired
                0x0000000000084ad7                _ZN3mwx2L115periph_analogue5setupEbhPFvvE.local.88.constprop.155
                0x0000000000084b71                _ZL5delaym.1406
                0x0000000000084c34                vTAMRXEsetPhy
                0x0000000000084cf7                vTAHsetPhyState
                0x0000000000084d27                vTAMCOint2Fired
                0x0000000000084d47                vSetPHYfromMacValue.16308
                0x0000000000084d79                vTAMDEint1FiredWaitDR
                0x0000000000084d86                vTACsetPHYfromMacValue
                0x0000000000084da7                vTAMRXEsetReceiveForPibChange
                0x0000000000084de7                bAHI_ReadMACID
                0x0000000000084e2d                _ZN3mwx2L114periph_twowire9busy_waitEv.isra.0.1414
                0x0000000000084e76                _ZN3mwx2L114periph_twowire14cmd_tx_no_stopEb.isra.3.1418.constprop.238
                0x0000000000084e83                _ZN3mwx2L114periph_twowire5writeEPKhh.local.124.constprop.236
                0x0000000000084ed4                _ZN3mwx2L114periph_twowire12cmd_tx_startEv.isra.2.1416
                0x0000000000084ee1                _ZL17delayMicrosecondsm.1409.constprop.253
                0x0000000000084f64                vMLMEbeaconNotify
 .text          0x00000000000850c2     0x108d C:\Users\sato\AppData\Local\Temp\cc3Tj1PY.ltrans7.ltrans.o
                0x00000000000852ba                _ntoa_long_long.5695.constprop.243
                0x000000000008538f                _ntoa_long.5683.constprop.248
                0x000000000008545c                _etoa.5741.constprop.244
                0x0000000000085807                _ftoa.5721.constprop.246
                0x0000000000085b60                vAHI_SiMasterConfigure.constprop.225
                0x0000000000085b94                vMicroIntEnableOnly.constprop.222
                0x0000000000085bc0                vMMAC_SetChannelAndPower
                0x0000000000085d69                vPhySetChannel
                0x0000000000085d88                QUEUE__u8RemoveItem.part.1.4833
                0x0000000000085dc3                QUEUE__vAddItem.constprop.221
                0x0000000000085df5                _ToCoNet_bRfChChannel
                0x0000000000085e8a                ToCoNet_ChMgr_bCh_Reconfig
                0x0000000000085ef2                ToCoNet_ChMgr_vCh_TxFin
                0x0000000000085f1e                vHnd_E_STATE_WAIT_TX.25252
                0x0000000000085f8e                vHnd_E_STATE_IDLE.25244
                0x0000000000085ff2                vAHI_TimerEnable.part.1.23986.constprop.208
                0x000000000008605d                vTimerStart
 .text          0x000000000008614f      0x962 C:\Users\sato\AppData\Local\Temp\cc3Tj1PY.ltrans8.ltrans.o
                0x000000000008614f                ToCoNet_vMain
 *fill*         0x0000000000086ab1        0x3 00
 .text          0x0000000000086ab4      0xa84 C:\Users\sato\AppData\Local\Temp\cc3Tj1PY.ltrans9.ltrans.o
                0x0000000000086ab4                vPostDcfm.13174
                0x0000000000086b88                AppWarmStart
                0x0000000000086c58                vSetNextChannel.13222
                0x0000000000086cb1                MAC_vHandleMlmeReqRsp
                0x0000000000087461                vTAMDEint1FiredTracking
                0x00000000000874d1                vTAMDEint1FiredSyncReq
 .text          0x0000000000087538      0x9a4 C:\Users\sato\AppData\Local\Temp\cc3Tj1PY.ltrans10.ltrans.o
                0x0000000000087538                vTAMDEint2FiredTrackingDR
                0x000000000008755e                vTAMDEint2FiredPollActive
                0x0000000000087593                vTAMDEreqTXnullTrackingCAP
                0x00000000000875ad                eTAMselect
                0x00000000000876ec                MAC_pvCtor
                0x0000000000087b15                u32AppApiDefInit
                0x0000000000087be0                _ToCoNet_vMacInit
                0x0000000000087c46                _ToCoNet_vRfConfig
                0x0000000000087de1                vTAMDEint1FiredTrackingBeacon
                0x0000000000087e81                vTAMDEframeTXtrackingDR
 .text          0x0000000000087edc      0xb44 C:\Users\sato\AppData\Local\Temp\cc3Tj1PY.ltrans11.ltrans.o
                0x0000000000087edc                mac_vLPBAdjustBeaconOffset
                0x0000000000087f39                mac_u32LPBGetBeaconTimeout
                0x0000000000087f42                eWEnDTmrExpiry.13171
                0x0000000000087f4d                eWEnDEdDone.13168
                0x0000000000087fa8                eGenlDontCare.13165
                0x0000000000087fad                eGenlIllegal.12790
                0x0000000000087fb4                u32GetTimer0
                0x0000000000087fbb                vSetTimer0
                0x0000000000087fca                _out_fct.5647
                0x0000000000087fdc                _out_null.5653
                0x0000000000087fdf                vOutputStream.5518
                0x0000000000087feb                vHandlerPatch.4631
                0x0000000000088022                vTAMinsertEvent
                0x0000000000088088                vTACsetTxFrameDefaults
                0x00000000000880ae                u8TACgetHeaderSize
                0x00000000000880eb                u32TACpayloadToU32M
                0x000000000008810c                vTACu32ToPayloadM
                0x0000000000088124                bTACframeInProgress
                0x000000000008814e                bTACassessBeaconForPayload
                0x000000000008819f                bIsBbcSafeForTx
                0x00000000000881d4                vTATwriteAclMaterialToHardware
                0x00000000000881f9                vTATsetBLE
                0x0000000000088230                vTATgetFramePayload
                0x000000000008824d                eTATreadTXstatus
                0x0000000000088293                vTAHsetPhyStateDirect.part.0.17651
                0x00000000000882af                vMEMreturn
                0x0000000000088320                vTACinformOriginator
                0x0000000000088342                pvMEMget
                0x000000000008836e                vTAMDEdetermineNullState
                0x0000000000088388                vTAMCOupdatePendingList
                0x000000000008845a                vTAMCOsetCoordinator
                0x0000000000088480                eScanHandleEvt.part.0.13201
                0x00000000000884a9                mac_eDcfmIndPost
                0x00000000000884ca                mac_psDcfmIndGetBuf
                0x00000000000884eb                vMLMErxEnableConfirm
                0x000000000008851d                vMLMEcommStatus
                0x0000000000088580                vMLMEcommStatusFromFrame
                0x00000000000885c4                vMLMEsyncLoss
                0x00000000000885f7                vPMICpostFailedAssocDcfm
                0x000000000008862f                vPMICassocReqTO_2.11618
                0x0000000000088646                MAC_vPibSetPanId
                0x0000000000088661                vHandleTofRequest.9724
                0x0000000000088664                vAppApiDefSetPrbsSeed
                0x0000000000088688                _ZN3mwx2L113serial_parserINS0_10alloc_heapIhEEEC1Ev.local.16
                0x00000000000886aa                _ZN3mwx2L16twenetC1Ev.local.22
                0x0000000000088741                _ZN3mwx2L110serial_jenC1Eh.local.71
                0x0000000000088771                _ZN3mwx2L115periph_analogueC1Ev.local.89
                0x000000000008879c                _ZN3mwx2L112appdefs_virt8on_eventEmRm.local.98
                0x00000000000887b4                _ZN3mwx2L112appdefs_virt18cbToCoNet_vHwEventEmm.local.100
                0x00000000000887cc                _ZN3mwx2L112appdefs_virt18cbToCoNet_vTxEventERNS0_12packet_ev_txE.local.101
                0x00000000000887e4                _ZN3mwx2L112appdefs_virt19cbToCoNet_vNwkEventERNS0_13packet_ev_nwkE.local.103
                0x00000000000887fc                s_div_by
                0x000000000008882d                u8CCITT8
                0x0000000000088853                bAES_CCM_KeyReg
                0x0000000000088892                PRSEV_vSetState
                0x00000000000888a2                PRSEV_vProcessEv_core.3487
                0x0000000000088944                PRSEV_vProcessEvPost
                0x0000000000088976                bFifoPush.3228
                0x00000000000889af                vAppQApiPostMlme.3214
                0x00000000000889ce                vAppQApiPostMcps.3221
                0x00000000000889e9                pvFifoPull.3225
                0x0000000000088a10                psAppQApiGetMlmeBuffer.3211
                0x0000000000088a18                psAppQApiGetMcpsBuffer.3218
 .text.unlikely
                0x0000000000088a20       0x65 C:\Users\sato\AppData\Local\Temp\cc3Tj1PY.ltrans11.ltrans.o
                0x0000000000088a20                _ZN3mwx2L112appdefs_virt18cbToCoNet_vRxEventERNS0_9packet_rxE.local.102
                0x0000000000088a38                PRSEV_u8Register
                0x0000000000088a76                _PRSEV_vProcessEvSingleH
 .text          0x0000000000088a85      0x59f C:\Users\sato\AppData\Local\Temp\cc3Tj1PY.ltrans12.ltrans.o
                0x0000000000088a9a                vMCPSframeReceived
                0x0000000000088b5d                _ZN3mwx2L114periph_twowireC1Eh.local.40
                0x0000000000088b9a                ToCoNet_vInit
                0x0000000000088edd                vExpireHead.22735
                0x0000000000088f0d                bAHI_SetClockRate
                0x0000000000089018                MWX_DebugMsg.constprop.239
 .text.unlikely
                0x0000000000089024       0x54 C:\Users\sato\AppData\Local\Temp\cc3Tj1PY.ltrans12.ltrans.o
                0x0000000000089024                u32AppQApiInitInt_PATCH
                0x0000000000089033                vAHI_MemoryHold.23883
 .text          0x0000000000089078      0x606 C:\Users\sato\AppData\Local\Temp\cc3Tj1PY.ltrans13.ltrans.o
                0x0000000000089078                bAES_CCM_EncodeKey
                0x00000000000893aa                u8Write802_15_4HeaderIntoBuffer.21481
                0x000000000008950a                _ZN3mwx2L110serial_jen10_on_wakeupEv.part.27.6580
                0x0000000000089584                _MWX_periph_init()
 .text.unlikely
                0x000000000008967e      0x108 C:\Users\sato\AppData\Local\Temp\cc3Tj1PY.ltrans13.ltrans.o
                0x000000000008967e                bStartXtal32k.23790
 .text          0x0000000000089786      0x9e6 C:\Users\sato\AppData\Local\Temp\cc3Tj1PY.ltrans14.ltrans.o
                0x0000000000089786                TSV_eStart
                0x000000000008986a                vTAMDEstartSync
                0x00000000000898e8                vDeterminePowerState.16432
                0x000000000008996b                vTAM_TxRetryTimer
                0x0000000000089977                eTAStransmitRequest
                0x0000000000089d12                vPMICassocReqTO_1.11611
                0x0000000000089d9a                vTAM_MCPSdataRequest
                0x0000000000089ddd                bTACcheckPANconflict
                0x0000000000089e96                TSV_eOpen
                0x0000000000089e9e                vAppApiDefRestoreMacSettings
                0x0000000000089f85                vAppApiDefSaveMacSettings
                0x0000000000089fe2                mac_vLPBSleep
                0x000000000008a0a0                pvAppApiDefGetMacAddrLocation
                0x000000000008a0a9                eAppApiDefPlmeGet
                0x000000000008a0fb                eAppApiDefPlmeSet
 .text          0x000000000008a16c      0x9a1 C:\Users\sato\AppData\Local\Temp\cc3Tj1PY.ltrans15.ltrans.o
                0x000000000008a16c                bTAM_AES_CCMstarPatch
                0x000000000008a2b0                bTAM_AES_CCMstarPatch2006
                0x000000000008a58f                bTATsendFrame
                0x000000000008a5e2                vTrySendFromDirectCAP.15765
                0x000000000008a5fd                vTrySendFromDirectNoBeacon.15769
                0x000000000008a628                vTAMCOint1Fired
                0x000000000008a744                vTAMCOstartBeacon
                0x000000000008a77f                vStartStoreValues.15833
                0x000000000008a836                bStartCallback.15862
                0x000000000008a865                vTAMCOint1FiredCAP
                0x000000000008a8d8                vTAMCOreqTXnoBeacon
                0x000000000008a8ea                vTAMCOreqTXinCAP
                0x000000000008a910                vTrySendUnslotted.16310
                0x000000000008a92a                bSendDataRequest.16312
                0x000000000008aa3c                bProcessBeaconRX.16315
 .text          0x000000000008ab0d      0x631 C:\Users\sato\AppData\Local\Temp\cc3Tj1PY.ltrans16.ltrans.o
                0x000000000008ab0d                vHnd_E_STATE_RUNNING.25260
                0x000000000008ad57                SERIAL_vTxReady
                0x000000000008adb8                vAppQApiPostHwIntT.3207
                0x000000000008ae8b                TWETERM_iGetC.25626
                0x000000000008aefc                vRxChar.4656
                0x000000000008af4e                ToCoNet_vMacStart
                0x000000000008af67                _ZN3lcd7commandEh.constprop.232
                0x000000000008afb9                _ZN3mwx2L110serial_jen13_set_baudrateEt.isra.2.6402
                0x000000000008b06b                u8TAM_AES_WriteAuxilliarySecurityHeaderIntoBuffer
                0x000000000008b0dd                u32AHI_ReadIndexSectorBits.constprop.145
 .text.unlikely
                0x000000000008b13e       0xde C:\Users\sato\AppData\Local\Temp\cc3Tj1PY.ltrans16.ltrans.o
                0x000000000008b13e                Delay.23784.constprop.173
                0x000000000008b1b7                _ZN3lcd5printEPKc.constprop.230
 .text          0x000000000008b21c      0x5d8 C:\Users\sato\AppData\Local\Temp\cc3Tj1PY.ltrans17.ltrans.o
                0x000000000008b267                SERIAL_bTxChar
                0x000000000008b318                TWETERM_iPutS.25618
                0x000000000008b33d                TWETERM_iPutC.25622
                0x000000000008b34e                TWETERM_vFlush.25595
                0x000000000008b3cc                eGenRxHdrDone.13181
                0x000000000008b3dc                vTimerConfig
                0x000000000008b5ab                _ZN3mwx2L112periph_timer6_startEv.part.8.6418
                0x000000000008b5d2                _ZN3mwx2L112periph_timer10_on_wakeupEv.local.95
                0x000000000008b5f5                _ZN3mwx2L110serial_jen5writeEi.local.110.constprop.217
                0x000000000008b607                cbAppColdStart.part.32.7062
 .text          0x000000000008b7f4      0x780 C:\Users\sato\AppData\Local\Temp\cc3Tj1PY.ltrans18.ltrans.o
                0x000000000008b7f4                eGenTmrExpiry.13483
                0x000000000008b836                eWEDTEdDone.13486
                0x000000000008b85a                TSV_eStop
                0x000000000008b918                bPMICdisassocReqSent.11607
                0x000000000008b9d2                MAC_vHandleMcpsReqRsp
                0x000000000008ba5f                bMCPSframeTXcomplete.14218
                0x000000000008bab4                bSendSyncLoss.18445
                0x000000000008bacc                bPollReqSent.22041
                0x000000000008bae4                bTASsendCommStatusInd
                0x000000000008baf9                bAssocRespSent.11603
                0x000000000008bb0c                eTACprocessFrameTXcomplete
                0x000000000008bc89                vTAMCOframeTXnobeacon
                0x000000000008bc9e                vTAMCOframeStarting
                0x000000000008bcb7                vTAMDEframeTXDEnull
                0x000000000008bcda                vTAMDEframeTXtrackingCAPgts
                0x000000000008bd06                bPMICassocReqSent.11599
                0x000000000008bd88                bPMICassocReqPollSent.11614
                0x000000000008bddc                eWChCChanChgd.13198
 .text          0x000000000008bf74      0x523 C:\Users\sato\AppData\Local\Temp\cc3Tj1PY.ltrans19.ltrans.o
                0x000000000008bf74                vAppApiDefMcpsRequest
                0x000000000008bf9f                vHnd_E_STATE_PREPARE_TX.25239
 .text          0x000000000008c497       0x25 c:/users/sato/documents/mwstage-2022-08_win10-1/mwstage/tools/ba-elf-ba2-r36379.w10/bin/../lib/gcc/ba-elf/4.7.4/../../../../ba-elf/lib/mcpu_jn51xx_sizeopt\libc.a(lib_a-memcmp.o)
                0x000000000008c497                memcmp
 .text          0x000000000008c4bc       0x39 c:/users/sato/documents/mwstage-2022-08_win10-1/mwstage/tools/ba-elf-ba2-r36379.w10/bin/../lib/gcc/ba-elf/4.7.4/mcpu_jn51xx_sizeopt\libgcc.a(_fixunsdfsi.o)
                0x000000000008c4bc                __fixunsdfsi
 .text          0x000000000008c4f5      0x350 c:/users/sato/documents/mwstage-2022-08_win10-1/mwstage/tools/ba-elf-ba2-r36379.w10/bin/../lib/gcc/ba-elf/4.7.4/mcpu_jn51xx_sizeopt\libgcc.a(_udivdi3.o)
                0x000000000008c4f5                __udivdi3
 .text          0x000000000008c845      0x312 c:/users/sato/documents/mwstage-2022-08_win10-1/mwstage/tools/ba-elf-ba2-r36379.w10/bin/../lib/gcc/ba-elf/4.7.4/mcpu_jn51xx_sizeopt\libgcc.a(_umoddi3.o)
                0x000000000008c845                __umoddi3
 .text          0x000000000008cb57       0x27 C:/Users/sato/Documents/MWSTAGE-2022-08_win10-1/MWSTAGE/MWSDK/ChipLib/SW4063V1416/Components/Library\libHardwareApi_JN5169.a(AHI_Interrupt.o)
                0x000000000008cb57                vAHI_InterruptSetPriority
                0x000000000008cb75                vAHI_InterruptSetActivePriorityLevel
 .text.vMicroSyscall
                0x000000000008cb7e       0x17 C:/Users/sato/Documents/MWSTAGE-2022-08_win10-1/MWSTAGE/MWSDK/ChipLib/SW4063V1416/Components/Library\libMicroSpecific_JN516x.a(MicroSyscall_ba.o)
                0x000000000008cb7e                vMicroSyscall
 .text          0x000000000008cb95       0x12 c:/users/sato/documents/mwstage-2022-08_win10-1/mwstage/tools/ba-elf-ba2-r36379.w10/bin/../lib/gcc/ba-elf/4.7.4/../../../../ba-elf/lib/mcpu_jn51xx_sizeopt\libc.a(lib_a-memset.o)
                0x000000000008cb95                memset
 .text          0x000000000008cba7       0x84 c:/users/sato/documents/mwstage-2022-08_win10-1/mwstage/tools/ba-elf-ba2-r36379.w10/bin/../lib/gcc/ba-elf/4.7.4/../../../../ba-elf/lib/mcpu_jn51xx_sizeopt\libc.a(lib_a-sprintf.o)
                0x000000000008cba7                _sprintf_r
                0x000000000008cbe5                sprintf
 .text          0x000000000008cc2b       0x25 c:/users/sato/documents/mwstage-2022-08_win10-1/mwstage/tools/ba-elf-ba2-r36379.w10/bin/../lib/gcc/ba-elf/4.7.4/../../../../ba-elf/lib/mcpu_jn51xx_sizeopt\libc.a(lib_a-strcmp.o)
                0x000000000008cc2b                strcmp
 .text          0x000000000008cc50       0x15 c:/users/sato/documents/mwstage-2022-08_win10-1/mwstage/tools/ba-elf-ba2-r36379.w10/bin/../lib/gcc/ba-elf/4.7.4/../../../../ba-elf/lib/mcpu_jn51xx_sizeopt\libc.a(lib_a-strcpy.o)
                0x000000000008cc50                strcpy
 *fill*         0x000000000008cc65        0x3 00
 .text          0x000000000008cc68     0x10e4 c:/users/sato/documents/mwstage-2022-08_win10-1/mwstage/tools/ba-elf-ba2-r36379.w10/bin/../lib/gcc/ba-elf/4.7.4/../../../../ba-elf/lib/mcpu_jn51xx_sizeopt\libc.a(lib_a-svfprintf.o)
                0x000000000008cc68                _svfprintf_r
 .text          0x000000000008dd4c      0xd83 c:/users/sato/documents/mwstage-2022-08_win10-1/mwstage/tools/ba-elf-ba2-r36379.w10/bin/../lib/gcc/ba-elf/4.7.4/../../../../ba-elf/lib/mcpu_jn51xx_sizeopt\libc.a(lib_a-dtoa.o)
                0x000000000008de97                _dtoa_r
 .text          0x000000000008eacf       0x86 c:/users/sato/documents/mwstage-2022-08_win10-1/mwstage/tools/ba-elf-ba2-r36379.w10/bin/../lib/gcc/ba-elf/4.7.4/../../../../ba-elf/lib/mcpu_jn51xx_sizeopt\libc.a(lib_a-locale.o)
                0x000000000008eacf                _setlocale_r
                0x000000000008eb15                __locale_charset
                0x000000000008eb1e                __locale_mb_cur_max
                0x000000000008eb27                __locale_msgcharset
                0x000000000008eb30                __locale_cjk_lang
                0x000000000008eb35                _localeconv_r
                0x000000000008eb3e                setlocale
                0x000000000008eb4c                localeconv
 .text          0x000000000008eb55      0x4ba c:/users/sato/documents/mwstage-2022-08_win10-1/mwstage/tools/ba-elf-ba2-r36379.w10/bin/../lib/gcc/ba-elf/4.7.4/../../../../ba-elf/lib/mcpu_jn51xx_sizeopt\libc.a(lib_a-mallocr.o)
                0x000000000008eb55                _malloc_r
 .text          0x000000000008f00f       0x19 c:/users/sato/documents/mwstage-2022-08_win10-1/mwstage/tools/ba-elf-ba2-r36379.w10/bin/../lib/gcc/ba-elf/4.7.4/../../../../ba-elf/lib/mcpu_jn51xx_sizeopt\libc.a(lib_a-memchr.o)
                0x000000000008f00f                memchr
 .text          0x000000000008f028       0x19 c:/users/sato/documents/mwstage-2022-08_win10-1/mwstage/tools/ba-elf-ba2-r36379.w10/bin/../lib/gcc/ba-elf/4.7.4/../../../../ba-elf/lib/mcpu_jn51xx_sizeopt\libc.a(lib_a-memcpy.o)
 .text          0x000000000008f041        0x6 c:/users/sato/documents/mwstage-2022-08_win10-1/mwstage/tools/ba-elf-ba2-r36379.w10/bin/../lib/gcc/ba-elf/4.7.4/../../../../ba-elf/lib/mcpu_jn51xx_sizeopt\libc.a(lib_a-mlock.o)
                0x000000000008f041                __malloc_lock
                0x000000000008f044                __malloc_unlock
 .text          0x000000000008f047      0x8bb c:/users/sato/documents/mwstage-2022-08_win10-1/mwstage/tools/ba-elf-ba2-r36379.w10/bin/../lib/gcc/ba-elf/4.7.4/../../../../ba-elf/lib/mcpu_jn51xx_sizeopt\libc.a(lib_a-mprec.o)
                0x000000000008f047                _Balloc
                0x000000000008f09f                _Bfree
                0x000000000008f0b9                __multadd
                0x000000000008f146                __s2b
                0x000000000008f1d3                __hi0bits
                0x000000000008f228                __lo0bits
                0x000000000008f2a1                __i2b
                0x000000000008f2b6                __multiply
                0x000000000008f3f7                __pow5mult
                0x000000000008f476                __lshift
                0x000000000008f52a                __mcmp
                0x000000000008f569                __mdiff
                0x000000000008f64b                __ulp
                0x000000000008f68f                __b2d
                0x000000000008f732                __d2b
                0x000000000008f7f1                __ratio
                0x000000000008f841                _mprec_log10
                0x000000000008f875                __copybits
                0x000000000008f8ae                __any_on
 .text          0x000000000008f902       0x23 c:/users/sato/documents/mwstage-2022-08_win10-1/mwstage/tools/ba-elf-ba2-r36379.w10/bin/../lib/gcc/ba-elf/4.7.4/../../../../ba-elf/lib/mcpu_jn51xx_sizeopt\libc.a(lib_a-sbrkr.o)
                0x000000000008f902                _sbrk_r
 .text          0x000000000008f925       0x5c c:/users/sato/documents/mwstage-2022-08_win10-1/mwstage/tools/ba-elf-ba2-r36379.w10/bin/../lib/gcc/ba-elf/4.7.4/../../../../ba-elf/lib/mcpu_jn51xx_sizeopt\libc.a(lib_a-s_fpclassify.o)
                0x000000000008f925                __fpclassifyd
 .text          0x000000000008f981       0x12 c:/users/sato/documents/mwstage-2022-08_win10-1/mwstage/tools/ba-elf-ba2-r36379.w10/bin/../lib/gcc/ba-elf/4.7.4/../../../../ba-elf/lib/mcpu_jn51xx_sizeopt\libc.a(lib_a-strlen.o)
                0x000000000008f981                strlen
 .text          0x000000000008f993      0x8f1 c:/users/sato/documents/mwstage-2022-08_win10-1/mwstage/tools/ba-elf-ba2-r36379.w10/bin/../lib/gcc/ba-elf/4.7.4/../../../../ba-elf/lib/mcpu_jn51xx_sizeopt\libc.a(lib_a-svfiprintf.o)
                0x000000000008f993                __ssprint_r
                0x000000000008fab7                _svfiprintf_r
 .text          0x0000000000090284       0x64 c:/users/sato/documents/mwstage-2022-08_win10-1/mwstage/tools/ba-elf-ba2-r36379.w10/bin/../lib/gcc/ba-elf/4.7.4/../../../../ba-elf/lib/mcpu_jn51xx_sizeopt\libc.a(lib_a-callocr.o)
                0x0000000000090284                _calloc_r
 .text          0x00000000000902e8      0x271 c:/users/sato/documents/mwstage-2022-08_win10-1/mwstage/tools/ba-elf-ba2-r36379.w10/bin/../lib/gcc/ba-elf/4.7.4/../../../../ba-elf/lib/mcpu_jn51xx_sizeopt\libc.a(lib_a-freer.o)
                0x00000000000902e8                _malloc_trim_r
                0x000000000009039c                _free_r
 .text          0x0000000000090559      0x1d0 c:/users/sato/documents/mwstage-2022-08_win10-1/mwstage/tools/ba-elf-ba2-r36379.w10/bin/../lib/gcc/ba-elf/4.7.4/../../../../ba-elf/lib/mcpu_jn51xx_sizeopt\libc.a(lib_a-glue.o)
                0x0000000000090559                _read
                0x0000000000090573                _write
                0x000000000009058d                _open
                0x00000000000905a7                _close
                0x00000000000905c1                _isatty
                0x00000000000905dc                _lseek
                0x00000000000905f7                _fstat
                0x0000000000090612                _times
                0x000000000009062d                _time
                0x0000000000090648                _creat
                0x0000000000090663                _link
                0x000000000009067e                _unlink
                0x0000000000090699                _fork
                0x00000000000906b3                isatty
                0x00000000000906b5                __unlink
                0x00000000000906b7                _exit
                0x00000000000906bb                _kill
                0x00000000000906bf                _getpid
                0x00000000000906c4                _sbrk
 .text          0x0000000000090729       0x44 c:/users/sato/documents/mwstage-2022-08_win10-1/mwstage/tools/ba-elf-ba2-r36379.w10/bin/../lib/gcc/ba-elf/4.7.4/../../../../ba-elf/lib/mcpu_jn51xx_sizeopt\libc.a(lib_a-memmove.o)
                0x0000000000090729                memmove
 .text          0x000000000009076d      0x33c c:/users/sato/documents/mwstage-2022-08_win10-1/mwstage/tools/ba-elf-ba2-r36379.w10/bin/../lib/gcc/ba-elf/4.7.4/../../../../ba-elf/lib/mcpu_jn51xx_sizeopt\libc.a(lib_a-reallocr.o)
                0x000000000009076d                _realloc_r
 .text          0x0000000000090aa9        0x9 c:/users/sato/documents/mwstage-2022-08_win10-1/mwstage/tools/ba-elf-ba2-r36379.w10/bin/../lib/gcc/ba-elf/4.7.4/../../../../ba-elf/lib/mcpu_jn51xx_sizeopt\libc.a(lib_a-errno.o)
                0x0000000000090aa9                __errno
 *fill*         0x0000000000090ab2        0x2 00
 .text          0x0000000000090ab4      0x204 c:/users/sato/documents/mwstage-2022-08_win10-1/mwstage/tools/ba-elf-ba2-r36379.w10/bin/../lib/gcc/ba-elf/4.7.4/mcpu_jn51xx_sizeopt\libgcc.a(__udivsi3.o)
                0x0000000000090ab4                __udivsi3
 .text          0x0000000000090cb8       0x30 c:/users/sato/documents/mwstage-2022-08_win10-1/mwstage/tools/ba-elf-ba2-r36379.w10/bin/../lib/gcc/ba-elf/4.7.4/mcpu_jn51xx_sizeopt\libgcc.a(__divsi3.o)
                0x0000000000090cb8                __divsi3
 .text          0x0000000000090ce8      0x1b0 c:/users/sato/documents/mwstage-2022-08_win10-1/mwstage/tools/ba-elf-ba2-r36379.w10/bin/../lib/gcc/ba-elf/4.7.4/mcpu_jn51xx_sizeopt\libgcc.a(__umodsi3.o)
                0x0000000000090ce8                __umodsi3
 .text          0x0000000000090e98       0x24 c:/users/sato/documents/mwstage-2022-08_win10-1/mwstage/tools/ba-elf-ba2-r36379.w10/bin/../lib/gcc/ba-elf/4.7.4/mcpu_jn51xx_sizeopt\libgcc.a(__modsi3.o)
                0x0000000000090e98                __modsi3
 .text          0x0000000000090ebc      0x682 c:/users/sato/documents/mwstage-2022-08_win10-1/mwstage/tools/ba-elf-ba2-r36379.w10/bin/../lib/gcc/ba-elf/4.7.4/mcpu_jn51xx_sizeopt\libgcc.a(adddf3.o)
                0x0000000000090ebc                __adddf3
 *fill*         0x000000000009153e        0x2 00
 .text          0x0000000000091540      0x5c8 c:/users/sato/documents/mwstage-2022-08_win10-1/mwstage/tools/ba-elf-ba2-r36379.w10/bin/../lib/gcc/ba-elf/4.7.4/mcpu_jn51xx_sizeopt\libgcc.a(divdf3.o)
                0x0000000000091540                __divdf3
 .text          0x0000000000091b08       0x7f c:/users/sato/documents/mwstage-2022-08_win10-1/mwstage/tools/ba-elf-ba2-r36379.w10/bin/../lib/gcc/ba-elf/4.7.4/mcpu_jn51xx_sizeopt\libgcc.a(eqdf2.o)
                0x0000000000091b08                __nedf2
                0x0000000000091b08                __eqdf2
 .text          0x0000000000091b87       0xca c:/users/sato/documents/mwstage-2022-08_win10-1/mwstage/tools/ba-elf-ba2-r36379.w10/bin/../lib/gcc/ba-elf/4.7.4/mcpu_jn51xx_sizeopt\libgcc.a(gedf2.o)
                0x0000000000091b87                __gedf2
                0x0000000000091b87                __gtdf2
 .text          0x0000000000091c51       0xcb c:/users/sato/documents/mwstage-2022-08_win10-1/mwstage/tools/ba-elf-ba2-r36379.w10/bin/../lib/gcc/ba-elf/4.7.4/mcpu_jn51xx_sizeopt\libgcc.a(ledf2.o)
                0x0000000000091c51                __ledf2
                0x0000000000091c51                __ltdf2
 .text          0x0000000000091d1c      0x488 c:/users/sato/documents/mwstage-2022-08_win10-1/mwstage/tools/ba-elf-ba2-r36379.w10/bin/../lib/gcc/ba-elf/4.7.4/mcpu_jn51xx_sizeopt\libgcc.a(muldf3.o)
                0x0000000000091d1c                __muldf3
 .text          0x00000000000921a4      0x693 c:/users/sato/documents/mwstage-2022-08_win10-1/mwstage/tools/ba-elf-ba2-r36379.w10/bin/../lib/gcc/ba-elf/4.7.4/mcpu_jn51xx_sizeopt\libgcc.a(subdf3.o)
                0x00000000000921a4                __subdf3
 .text          0x0000000000092837       0x64 c:/users/sato/documents/mwstage-2022-08_win10-1/mwstage/tools/ba-elf-ba2-r36379.w10/bin/../lib/gcc/ba-elf/4.7.4/mcpu_jn51xx_sizeopt\libgcc.a(fixdfsi.o)
                0x0000000000092837                __fixdfsi
 .text          0x000000000009289b       0x61 c:/users/sato/documents/mwstage-2022-08_win10-1/mwstage/tools/ba-elf-ba2-r36379.w10/bin/../lib/gcc/ba-elf/4.7.4/mcpu_jn51xx_sizeopt\libgcc.a(floatsidf.o)
                0x000000000009289b                __floatsidf
 .text          0x00000000000928fc       0x4f c:/users/sato/documents/mwstage-2022-08_win10-1/mwstage/tools/ba-elf-ba2-r36379.w10/bin/../lib/gcc/ba-elf/4.7.4/mcpu_jn51xx_sizeopt\libgcc.a(floatunsidf.o)
                0x00000000000928fc                __floatunsidf
                0x000000000009294b                _flash_end = ABSOLUTE (.)

.rela.dyn       0x000000000009294c        0x0
 .rela.text     0x0000000000000000        0x0 c:/users/sato/documents/mwstage-2022-08_win10-1/mwstage/tools/ba-elf-ba2-r36379.w10/bin/../lib/gcc/ba-elf/4.7.4/../../../../ba-elf/lib/mcpu_jn51xx_sizeopt\libc.a(lib_a-sprintf.o)
 .rela.data     0x0000000000000000        0x0 c:/users/sato/documents/mwstage-2022-08_win10-1/mwstage/tools/ba-elf-ba2-r36379.w10/bin/../lib/gcc/ba-elf/4.7.4/../../../../ba-elf/lib/mcpu_jn51xx_sizeopt\libc.a(lib_a-sprintf.o)
 .rela.rodata   0x0000000000000000        0x0 c:/users/sato/documents/mwstage-2022-08_win10-1/mwstage/tools/ba-elf-ba2-r36379.w10/bin/../lib/gcc/ba-elf/4.7.4/../../../../ba-elf/lib/mcpu_jn51xx_sizeopt\libc.a(lib_a-sprintf.o)
 .rela.text.unlikely
                0x0000000000000000        0x0 c:/users/sato/documents/mwstage-2022-08_win10-1/mwstage/tools/ba-elf-ba2-r36379.w10/bin/../lib/gcc/ba-elf/4.7.4/../../../../ba-elf/lib/mcpu_jn51xx_sizeopt\libc.a(lib_a-sprintf.o)
                0x000000000400004c                . = ORIGIN (ram)

.data           0x000000000400004c      0x8d0 load address 0x000000000009294c
                0x000000000400004c                _ram_data_start = ABSOLUTE (.)
 *(.data*)
 .data          0x000000000400004c        0x8 C:\Users\sato\AppData\Local\Temp\cc3Tj1PY.ltrans0.ltrans.o
                0x000000000400004c                u32HeapStart
 .data          0x0000000004000054        0x1 C:\Users\sato\AppData\Local\Temp\cc3Tj1PY.ltrans5.ltrans.o
                0x0000000004000054                _mwx_periph_u8_grain_gpio
 *fill*         0x0000000004000055        0x1 00
 .data          0x0000000004000056        0x2 C:\Users\sato\AppData\Local\Temp\cc3Tj1PY.ltrans8.ltrans.o
 .data          0x0000000004000058        0x1 C:\Users\sato\AppData\Local\Temp\cc3Tj1PY.ltrans10.ltrans.o
 .data.initinboot
                0x0000000004000059        0x1 C:\Users\sato\AppData\Local\Temp\cc3Tj1PY.ltrans10.ltrans.o
                0x0000000004000059                gMAC_u8MaxBuffers
 .data          0x000000000400005a        0x1 C:\Users\sato\AppData\Local\Temp\cc3Tj1PY.ltrans17.ltrans.o
                0x000000000400005a                _toconet_tx_u8_init_queue_flag
 .data          0x000000000400005b        0x1 C:\Users\sato\AppData\Local\Temp\cc3Tj1PY.ltrans19.ltrans.o
                0x000000000400005b                u8TxWkrNow.25362
 *fill*         0x000000000400005c        0x4 00
 .data          0x0000000004000060      0x430 c:/users/sato/documents/mwstage-2022-08_win10-1/mwstage/tools/ba-elf-ba2-r36379.w10/bin/../lib/gcc/ba-elf/4.7.4/../../../../ba-elf/lib/mcpu_jn51xx_sizeopt\libc.a(lib_a-impure.o)
                0x0000000004000060                _impure_ptr
 .data          0x0000000004000490       0x7c c:/users/sato/documents/mwstage-2022-08_win10-1/mwstage/tools/ba-elf-ba2-r36379.w10/bin/../lib/gcc/ba-elf/4.7.4/../../../../ba-elf/lib/mcpu_jn51xx_sizeopt\libc.a(lib_a-locale.o)
                0x0000000004000490                __mb_cur_max
 .data          0x000000000400050c      0x410 c:/users/sato/documents/mwstage-2022-08_win10-1/mwstage/tools/ba-elf-ba2-r36379.w10/bin/../lib/gcc/ba-elf/4.7.4/../../../../ba-elf/lib/mcpu_jn51xx_sizeopt\libc.a(lib_a-mallocr.o)
                0x000000000400050c                __malloc_sbrk_base
                0x0000000004000510                __malloc_trim_threshold
                0x0000000004000514                __malloc_av_
 *(.data.*)
                0x000000000400091c                . = ALIGN (0x4)
                0x000000000400091c                _ram_data_end = ABSOLUTE (.)

.bss            0x000000000400091c     0x1644 load address 0x000000000009321c
                0x000000000400091c                _bss_start = ABSOLUTE (.)
 *(.bss*)
 .bss           0x000000000400091c        0x8 C:\Users\sato\AppData\Local\Temp\cc3Tj1PY.ltrans0.ltrans.o
 .bss.dontinitinboot
                0x0000000004000924        0x4 C:\Users\sato\AppData\Local\Temp\cc3Tj1PY.ltrans0.ltrans.o
 .bss           0x0000000004000928       0x40 C:\Users\sato\AppData\Local\Temp\cc3Tj1PY.ltrans1.ltrans.o
                0x0000000004000928                g_sLP
                0x0000000004000964                g_pvMac
 .bss.initinboot
                0x0000000004000968      0x1c0 C:\Users\sato\AppData\Local\Temp\cc3Tj1PY.ltrans1.ltrans.o
                0x0000000004000968                g_sMac
 .bss           0x0000000004000b28        0x8 C:\Users\sato\AppData\Local\Temp\cc3Tj1PY.ltrans2.ltrans.o
 .bss           0x0000000004000b30      0x290 C:\Users\sato\AppData\Local\Temp\cc3Tj1PY.ltrans4.ltrans.o
                0x0000000004000b30                u8AppId_Pkt_head.4504
                0x0000000004000b34                u32AppId.4501
                0x0000000004000b38                u32MyAddr.4503
                0x0000000004000b3c                bRxQueue_Init.4502
                0x0000000004000b40                psRxQueueList.4500
                0x0000000004000b54                asEventHandler.3554
                0x0000000004000bf4                sEvVars
                0x0000000004000c10                u32TickCount_ms
                0x0000000004000c14                au8Txdatabuff_idx_sTxQueue
                0x0000000004000c18                u8TxBuffSiz_sTxQueue
                0x0000000004000c1c                sTxdatabuff_sTxQueue
                0x0000000004000c20                sTxQueue
                0x0000000004000c3c                au8Rxdatabuff_idx_sRxQueue
                0x0000000004000c40                u8RxBuffSiz_sRxQueue
                0x0000000004000c44                sRxdatabuff_sRxQueue
                0x0000000004000c48                sRxQueue
                0x0000000004000c64                au8Rxdatabuff_idx_sRxQueueCmd
                0x0000000004000c68                u8RxBuffSiz_sRxQueueCmd
                0x0000000004000c6c                sRxdatabuff_sRxQueueCmd
                0x0000000004000c70                sRxQueueCmd.2616
                0x0000000004000c8c                sContext.4625
                0x0000000004000cb8                the_twelite
                0x0000000004000d50                TWENET_u8RFdevice_minor.3925
                0x0000000004000d51                TWENET_u8RFdevice_major.3924
                0x0000000004000d52                _TWENET_TX_POWER_MAX
                0x0000000004000d54                sToCoNet_Modules
 .bss           0x0000000004000dc0      0x100 C:\Users\sato\AppData\Local\Temp\cc3Tj1PY.ltrans5.ltrans.o
                0x0000000004000dc0                the_mac
                0x0000000004000ddc                Timer4
                0x0000000004000de4                Timer3
                0x0000000004000dec                Timer2
                0x0000000004000df4                Timer1
                0x0000000004000dfc                Analogue
                0x0000000004000e14                SPI
                0x0000000004000e18                Wire
                0x0000000004000e30                SerialParser
                0x0000000004000e6c                Serial1
                0x0000000004000e8c                Serial
                0x0000000004000eac                Buttons
                0x0000000004000eb4                PulseCounter1
                0x0000000004000eb8                PulseCounter0
 .bss           0x0000000004000ec0       0x24 C:\Users\sato\AppData\Local\Temp\cc3Tj1PY.ltrans6.ltrans.o
                0x0000000004000ec0                bTxEventQueued.19340
                0x0000000004000ec1                u8TxEventStatus.19341
                0x0000000004000ec4                sAppHousekeeping
                0x0000000004000edc                prApAppCallback.23520
                0x0000000004000ee0                bIntEnableFlag.23517
 .bss           0x0000000004000ee4       0x18 C:\Users\sato\AppData\Local\Temp\cc3Tj1PY.ltrans7.ltrans.o
 .bss           0x0000000004000efc       0xac C:\Users\sato\AppData\Local\Temp\cc3Tj1PY.ltrans8.ltrans.o
                0x0000000004000efc                sMcpsIndQueue.3446
                0x0000000004000f0c                sMcpsIndBufferQueue.3444
                0x0000000004000f1c                sMlmeIndQueue.3447
                0x0000000004000f2c                sMlmeIndBufferQueue.3445
                0x0000000004000f3c                sHwIndQueue.3448
                0x0000000004000f4c                sHwIndBufferQueue.3449
                0x0000000004000f5c                _u32_INT_adc_comp
                0x0000000004000f60                _u32_INT_ticktimer
                0x0000000004000f64                the_vsettings
                0x0000000004000f68                lcd_control
                0x0000000004000f6c                Timer0
                0x0000000004000f74                _periph_availmap
 .bss           0x0000000004000fa8       0x90 C:\Users\sato\AppData\Local\Temp\cc3Tj1PY.ltrans9.ltrans.o
                0x0000000004000fa8                _ZL5_vcbs.7214
                0x0000000004000fbc                sToCoNet_AppContext
                0x0000000004000fd8                sToCoNet_Context
                0x0000000004001020                sAssocSecurity.12228
                0x000000000400102c                g_bJenieBackwardsCompatibilityMode
 .bss           0x0000000004001038       0x24 C:\Users\sato\AppData\Local\Temp\cc3Tj1PY.ltrans10.ltrans.o
                0x0000000004001038                i8TxPower.15018
                0x000000000400103c                g_sXcv
                0x0000000004001040                prMcpsRequest.8612
                0x0000000004001044                prMlmeRequest.8611
                0x0000000004001048                prOriginalHandler.4635
 .bss.initinboot
                0x000000000400105c        0x8 C:\Users\sato\AppData\Local\Temp\cc3Tj1PY.ltrans10.ltrans.o
                0x000000000400105c                g_u32MacAddrLocation
                0x0000000004001060                prvUserTxStartedCallback
 .bss           0x0000000004001064       0x18 C:\Users\sato\AppData\Local\Temp\cc3Tj1PY.ltrans11.ltrans.o
 .bss           0x000000000400107c      0x718 C:\Users\sato\AppData\Local\Temp\cc3Tj1PY.ltrans12.ltrans.o
                0x000000000400107c                prSpiAppCallback.23754
                0x0000000004001080                prSiAppCallback.24989
                0x0000000004001084                prAppMcpsCallback.3450
                0x0000000004001088                prAppMlmeCallback.3451
 .bss.initinboot
                0x0000000004001794        0x4 C:\Users\sato\AppData\Local\Temp\cc3Tj1PY.ltrans12.ltrans.o
                0x0000000004001794                prSysCtrlAppCallback.23962
 .bss           0x0000000004001798       0x64 C:\Users\sato\AppData\Local\Temp\cc3Tj1PY.ltrans13.ltrans.o
                0x0000000004001798                prUart1AppCallback.24426
                0x000000000400179c                prUart0AppCallback.24425
                0x00000000040017a0                sOpt.4807
                0x00000000040017b0                _psSerial
 .bss           0x00000000040017fc       0x1c C:\Users\sato\AppData\Local\Temp\cc3Tj1PY.ltrans14.ltrans.o
 .bss.initinboot
                0x0000000004001818        0x1 C:\Users\sato\AppData\Local\Temp\cc3Tj1PY.ltrans14.ltrans.o
 .bss.dontinitinboot
                0x0000000004001819        0x1 C:\Users\sato\AppData\Local\Temp\cc3Tj1PY.ltrans15.ltrans.o
                0x0000000004001819                u8SecurityMode.21508
 *fill*         0x000000000400181a        0x2 00
 .bss           0x000000000400181c        0x8 C:\Users\sato\AppData\Local\Temp\cc3Tj1PY.ltrans16.ltrans.o
                0x000000000400181c                prAppHwCallback.3452
                0x0000000004001820                TxWorker_u8Num.25319
                0x0000000004001821                gbTimeOutFlag.23958
 .bss           0x0000000004001824      0x690 C:\Users\sato\AppData\Local\Temp\cc3Tj1PY.ltrans17.ltrans.o
                0x0000000004001824                asUARTS.4800
                0x0000000004001844                _SERIAL_bmTxIntEnabled
                0x0000000004001848                asSerialPorts
                0x0000000004001880                apfTimerAppCallback.24171
                0x0000000004001894                prTickTimeAppCallback
                0x0000000004001898                au16TimerSettings.24120
 .bss           0x0000000004001eb4       0x14 C:\Users\sato\AppData\Local\Temp\cc3Tj1PY.ltrans18.ltrans.o
                0x0000000004001eb4                s_sTimerList
                0x0000000004001ec4                u8AssocResponsesInProgress.12227
 .bss           0x0000000004001ec8       0x1c C:\Users\sato\AppData\Local\Temp\cc3Tj1PY.ltrans19.ltrans.o
                0x0000000004001ec8                sCh_Context.3084
                0x0000000004001ecc                the_vhw
                0x0000000004001ed0                the_vnet2
                0x0000000004001ed4                the_vnet
                0x0000000004001ed8                the_vapp
                0x0000000004001edc                asTx.25318
 .bss.dontinitinboot
                0x0000000004001ee4       0x40 C:/Users/sato/Documents/MWSTAGE-2022-08_win10-1/MWSTAGE/MWSDK/ChipLib/SW4063V1416/Components/Library\libBoot_JN516x.a(ExceptionHandler.o)
                0x0000000004001ee4                isr_handlers
 .bss           0x0000000004001f24       0x34 c:/users/sato/documents/mwstage-2022-08_win10-1/mwstage/tools/ba-elf-ba2-r36379.w10/bin/../lib/gcc/ba-elf/4.7.4/../../../../ba-elf/lib/mcpu_jn51xx_sizeopt\libc.a(lib_a-mallocr.o)
                0x0000000004001f24                __malloc_current_mallinfo
                0x0000000004001f4c                __malloc_max_total_mem
                0x0000000004001f50                __malloc_max_sbrked_mem
                0x0000000004001f54                __malloc_top_pad
 .bss           0x0000000004001f58        0x4 c:/users/sato/documents/mwstage-2022-08_win10-1/mwstage/tools/ba-elf-ba2-r36379.w10/bin/../lib/gcc/ba-elf/4.7.4/../../../../ba-elf/lib/mcpu_jn51xx_sizeopt\libc.a(lib_a-glue.o)
 *(.bss.*)
 *(.scommon*)
 .scommon       0x0000000004001f5c        0x4 c:/users/sato/documents/mwstage-2022-08_win10-1/mwstage/tools/ba-elf-ba2-r36379.w10/bin/../lib/gcc/ba-elf/4.7.4/../../../../ba-elf/lib/mcpu_jn51xx_sizeopt\libc.a(lib_a-reent.o)
                0x0000000004001f5c                errno
 *(.scommon.*)
 *(COMMON)
                0x0000000004001f60                . = ALIGN (0x4)
                0x0000000004001f60                _bss_end = ABSOLUTE (.)
                0x0000000004001f60                end = .

.heap           0x0000000004001f60      0xd16 load address 0x0000000000094860
                0x0000000004001f60                _heap_start = ABSOLUTE (.)
                0x0000000004002c76                . = (. + __minimum_heap_size)
 *fill*         0x0000000004001f60      0xd16 00

.stack          0x0000000004007800      0x800 load address 0x000000000009a100
                0x0000000004007800                _heap_end = ABSOLUTE (.)
                0x0000000004007800                _stack_low_water_mark = ABSOLUTE (.)
                0x0000000004008000                . = (. + __stack_size)
 *fill*         0x0000000004007800      0x800 00
                0x0000000004008000                _stack = .

.test           0x000000000009321c        0x1
                0x000000000009321c        0x1 BYTE 0xff
                0x000000000009294c                _flash_data_start = LOADADDR (.data)
                0x00000000000008d0                _ram_data_len = (((_ram_data_end - _ram_data_start) + 0x3) & 0xfffffffffffffffc)
                0x0000000000001644                _bss_len = (((_bss_end - _bss_start) + 0x3) & 0xfffffffffffffffc)
                0x000000000001321c                _image_len = ((((_flash_end - _flash_start) + _ram_data_len) + 0x3) & 0xfffffffffffffffc)
                0x0000000004008000                _ram_top = (ABSOLUTE (ORIGIN (ram)) + 0x7fb4)
                0x0000000004008000                ram_top = (ABSOLUTE (ORIGIN (ram)) + 0x7fb4)
                0x0000000001001580                _app_ram_start = 0x1001580
                0x000000000400004c                PROVIDE (_heap_location, u32HeapStart)
                0x000000000400004c                PROVIDE (heap_location, u32HeapStart)
                0x0000000000089e96                TSV_eOpenVector = TSV_eOpen
                0x0000000000089786                TSV_eStartVector = TSV_eStart
                0x000000000008b85a                TSV_eStopVector = TSV_eStop
                0x000000000008407c                pvAppApiGetMacHandle = pvAppApiDefGetMacHandle
                0x0000000000087b15                u32AppApiInit = u32AppApiDefInit
                0x0000000000084051                vAppApiMlmeRequest = vAppApiDefMlmeRequest
                0x000000000008bf74                vAppApiMcpsRequest = vAppApiDefMcpsRequest
                0x000000000008a0fb                eAppApiPlmeSet = eAppApiDefPlmeSet
                0x000000000008a0a9                eAppApiPlmeGet = eAppApiDefPlmeGet
                0x000000000008a0a0                pvAppApiGetMacAddrLocation = pvAppApiDefGetMacAddrLocation
                0x0000000000089f85                vAppApiSaveMacSettings = vAppApiDefSaveMacSettings
                0x0000000000089e9e                vAppApiRestoreMacSettings = vAppApiDefRestoreMacSettings
OUTPUT(objs_RED/Wireless_EM_Switch_RED_L1305_V0-1-0.elf elf32-ba)

.comment        0x0000000000000000       0x11
 .comment       0x0000000000000000       0x12 C:\Users\sato\AppData\Local\Temp\cc3Tj1PY.ltrans0.ltrans.o
 .comment       0x0000000000000000       0x12 C:\Users\sato\AppData\Local\Temp\cc3Tj1PY.ltrans1.ltrans.o
 .comment       0x0000000000000000       0x12 C:\Users\sato\AppData\Local\Temp\cc3Tj1PY.ltrans2.ltrans.o
 .comment       0x0000000000000000       0x12 C:\Users\sato\AppData\Local\Temp\cc3Tj1PY.ltrans3.ltrans.o
 .comment       0x0000000000000000       0x12 C:\Users\sato\AppData\Local\Temp\cc3Tj1PY.ltrans4.ltrans.o
 .comment       0x0000000000000000       0x12 C:\Users\sato\AppData\Local\Temp\cc3Tj1PY.ltrans5.ltrans.o
 .comment       0x0000000000000000       0x12 C:\Users\sato\AppData\Local\Temp\cc3Tj1PY.ltrans6.ltrans.o
 .comment       0x0000000000000000       0x12 C:\Users\sato\AppData\Local\Temp\cc3Tj1PY.ltrans7.ltrans.o
 .comment       0x0000000000000000       0x12 C:\Users\sato\AppData\Local\Temp\cc3Tj1PY.ltrans8.ltrans.o
 .comment       0x0000000000000000       0x12 C:\Users\sato\AppData\Local\Temp\cc3Tj1PY.ltrans9.ltrans.o
 .comment       0x0000000000000000       0x12 C:\Users\sato\AppData\Local\Temp\cc3Tj1PY.ltrans10.ltrans.o
 .comment       0x0000000000000000       0x12 C:\Users\sato\AppData\Local\Temp\cc3Tj1PY.ltrans11.ltrans.o
 .comment       0x0000000000000000       0x12 C:\Users\sato\AppData\Local\Temp\cc3Tj1PY.ltrans12.ltrans.o
 .comment       0x0000000000000000       0x12 C:\Users\sato\AppData\Local\Temp\cc3Tj1PY.ltrans13.ltrans.o
 .comment       0x0000000000000000       0x12 C:\Users\sato\AppData\Local\Temp\cc3Tj1PY.ltrans14.ltrans.o
 .comment       0x0000000000000000       0x12 C:\Users\sato\AppData\Local\Temp\cc3Tj1PY.ltrans15.ltrans.o
 .comment       0x0000000000000000       0x12 C:\Users\sato\AppData\Local\Temp\cc3Tj1PY.ltrans16.ltrans.o
 .comment       0x0000000000000000       0x12 C:\Users\sato\AppData\Local\Temp\cc3Tj1PY.ltrans17.ltrans.o
 .comment       0x0000000000000000       0x12 C:\Users\sato\AppData\Local\Temp\cc3Tj1PY.ltrans18.ltrans.o
 .comment       0x0000000000000000       0x12 C:\Users\sato\AppData\Local\Temp\cc3Tj1PY.ltrans19.ltrans.o
 .comment       0x0000000000000000       0x12 c:/users/sato/documents/mwstage-2022-08_win10-1/mwstage/tools/ba-elf-ba2-r36379.w10/bin/../lib/gcc/ba-elf/4.7.4/../../../../ba-elf/lib/mcpu_jn51xx_sizeopt\libc.a(lib_a-memcmp.o)
 .comment       0x0000000000000000       0x12 c:/users/sato/documents/mwstage-2022-08_win10-1/mwstage/tools/ba-elf-ba2-r36379.w10/bin/../lib/gcc/ba-elf/4.7.4/mcpu_jn51xx_sizeopt\libgcc.a(_fixunsdfsi.o)
 .comment       0x0000000000000000       0x12 c:/users/sato/documents/mwstage-2022-08_win10-1/mwstage/tools/ba-elf-ba2-r36379.w10/bin/../lib/gcc/ba-elf/4.7.4/mcpu_jn51xx_sizeopt\libgcc.a(_udivdi3.o)
 .comment       0x0000000000000000       0x12 c:/users/sato/documents/mwstage-2022-08_win10-1/mwstage/tools/ba-elf-ba2-r36379.w10/bin/../lib/gcc/ba-elf/4.7.4/mcpu_jn51xx_sizeopt\libgcc.a(_umoddi3.o)
 .comment       0x0000000000000000       0x11 C:/Users/sato/Documents/MWSTAGE-2022-08_win10-1/MWSTAGE/MWSDK/ChipLib/SW4063V1416/Components/Library\libMicroSpecific_JN516x.a(MicroSyscall_ba.o)
                                         0x12 (size before relaxing)
 .comment       0x0000000000000000       0x12 c:/users/sato/documents/mwstage-2022-08_win10-1/mwstage/tools/ba-elf-ba2-r36379.w10/bin/../lib/gcc/ba-elf/4.7.4/../../../../ba-elf/lib/mcpu_jn51xx_sizeopt\libc.a(lib_a-memset.o)
 .comment       0x0000000000000000       0x12 c:/users/sato/documents/mwstage-2022-08_win10-1/mwstage/tools/ba-elf-ba2-r36379.w10/bin/../lib/gcc/ba-elf/4.7.4/../../../../ba-elf/lib/mcpu_jn51xx_sizeopt\libc.a(lib_a-sprintf.o)
 .comment       0x0000000000000000       0x12 c:/users/sato/documents/mwstage-2022-08_win10-1/mwstage/tools/ba-elf-ba2-r36379.w10/bin/../lib/gcc/ba-elf/4.7.4/../../../../ba-elf/lib/mcpu_jn51xx_sizeopt\libc.a(lib_a-strcmp.o)
 .comment       0x0000000000000000       0x12 c:/users/sato/documents/mwstage-2022-08_win10-1/mwstage/tools/ba-elf-ba2-r36379.w10/bin/../lib/gcc/ba-elf/4.7.4/../../../../ba-elf/lib/mcpu_jn51xx_sizeopt\libc.a(lib_a-strcpy.o)
 .comment       0x0000000000000000       0x12 c:/users/sato/documents/mwstage-2022-08_win10-1/mwstage/tools/ba-elf-ba2-r36379.w10/bin/../lib/gcc/ba-elf/4.7.4/../../../../ba-elf/lib/mcpu_jn51xx_sizeopt\libc.a(lib_a-svfprintf.o)
 .comment       0x0000000000000000       0x12 c:/users/sato/documents/mwstage-2022-08_win10-1/mwstage/tools/ba-elf-ba2-r36379.w10/bin/../lib/gcc/ba-elf/4.7.4/../../../../ba-elf/lib/mcpu_jn51xx_sizeopt\libc.a(lib_a-dtoa.o)
 .comment       0x0000000000000000       0x12 c:/users/sato/documents/mwstage-2022-08_win10-1/mwstage/tools/ba-elf-ba2-r36379.w10/bin/../lib/gcc/ba-elf/4.7.4/../../../../ba-elf/lib/mcpu_jn51xx_sizeopt\libc.a(lib_a-impure.o)
 .comment       0x0000000000000000       0x12 c:/users/sato/documents/mwstage-2022-08_win10-1/mwstage/tools/ba-elf-ba2-r36379.w10/bin/../lib/gcc/ba-elf/4.7.4/../../../../ba-elf/lib/mcpu_jn51xx_sizeopt\libc.a(lib_a-locale.o)
 .comment       0x0000000000000000       0x12 c:/users/sato/documents/mwstage-2022-08_win10-1/mwstage/tools/ba-elf-ba2-r36379.w10/bin/../lib/gcc/ba-elf/4.7.4/../../../../ba-elf/lib/mcpu_jn51xx_sizeopt\libc.a(lib_a-mallocr.o)
 .comment       0x0000000000000000       0x12 c:/users/sato/documents/mwstage-2022-08_win10-1/mwstage/tools/ba-elf-ba2-r36379.w10/bin/../lib/gcc/ba-elf/4.7.4/../../../../ba-elf/lib/mcpu_jn51xx_sizeopt\libc.a(lib_a-memchr.o)
 .comment       0x0000000000000000       0x12 c:/users/sato/documents/mwstage-2022-08_win10-1/mwstage/tools/ba-elf-ba2-r36379.w10/bin/../lib/gcc/ba-elf/4.7.4/../../../../ba-elf/lib/mcpu_jn51xx_sizeopt\libc.a(lib_a-memcpy.o)
 .comment       0x0000000000000000       0x12 c:/users/sato/documents/mwstage-2022-08_win10-1/mwstage/tools/ba-elf-ba2-r36379.w10/bin/../lib/gcc/ba-elf/4.7.4/../../../../ba-elf/lib/mcpu_jn51xx_sizeopt\libc.a(lib_a-mlock.o)
 .comment       0x0000000000000000       0x12 c:/users/sato/documents/mwstage-2022-08_win10-1/mwstage/tools/ba-elf-ba2-r36379.w10/bin/../lib/gcc/ba-elf/4.7.4/../../../../ba-elf/lib/mcpu_jn51xx_sizeopt\libc.a(lib_a-mprec.o)
 .comment       0x0000000000000000       0x12 c:/users/sato/documents/mwstage-2022-08_win10-1/mwstage/tools/ba-elf-ba2-r36379.w10/bin/../lib/gcc/ba-elf/4.7.4/../../../../ba-elf/lib/mcpu_jn51xx_sizeopt\libc.a(lib_a-sbrkr.o)
 .comment       0x0000000000000000       0x12 c:/users/sato/documents/mwstage-2022-08_win10-1/mwstage/tools/ba-elf-ba2-r36379.w10/bin/../lib/gcc/ba-elf/4.7.4/../../../../ba-elf/lib/mcpu_jn51xx_sizeopt\libc.a(lib_a-s_fpclassify.o)
 .comment       0x0000000000000000       0x12 c:/users/sato/documents/mwstage-2022-08_win10-1/mwstage/tools/ba-elf-ba2-r36379.w10/bin/../lib/gcc/ba-elf/4.7.4/../../../../ba-elf/lib/mcpu_jn51xx_sizeopt\libc.a(lib_a-strlen.o)
 .comment       0x0000000000000000       0x12 c:/users/sato/documents/mwstage-2022-08_win10-1/mwstage/tools/ba-elf-ba2-r36379.w10/bin/../lib/gcc/ba-elf/4.7.4/../../../../ba-elf/lib/mcpu_jn51xx_sizeopt\libc.a(lib_a-svfiprintf.o)
 .comment       0x0000000000000000       0x12 c:/users/sato/documents/mwstage-2022-08_win10-1/mwstage/tools/ba-elf-ba2-r36379.w10/bin/../lib/gcc/ba-elf/4.7.4/../../../../ba-elf/lib/mcpu_jn51xx_sizeopt\libc.a(lib_a-callocr.o)
 .comment       0x0000000000000000       0x12 c:/users/sato/documents/mwstage-2022-08_win10-1/mwstage/tools/ba-elf-ba2-r36379.w10/bin/../lib/gcc/ba-elf/4.7.4/../../../../ba-elf/lib/mcpu_jn51xx_sizeopt\libc.a(lib_a-freer.o)
 .comment       0x0000000000000000       0x12 c:/users/sato/documents/mwstage-2022-08_win10-1/mwstage/tools/ba-elf-ba2-r36379.w10/bin/../lib/gcc/ba-elf/4.7.4/../../../../ba-elf/lib/mcpu_jn51xx_sizeopt\libc.a(lib_a-glue.o)
 .comment       0x0000000000000000       0x12 c:/users/sato/documents/mwstage-2022-08_win10-1/mwstage/tools/ba-elf-ba2-r36379.w10/bin/../lib/gcc/ba-elf/4.7.4/../../../../ba-elf/lib/mcpu_jn51xx_sizeopt\libc.a(lib_a-memmove.o)
 .comment       0x0000000000000000       0x12 c:/users/sato/documents/mwstage-2022-08_win10-1/mwstage/tools/ba-elf-ba2-r36379.w10/bin/../lib/gcc/ba-elf/4.7.4/../../../../ba-elf/lib/mcpu_jn51xx_sizeopt\libc.a(lib_a-reallocr.o)
 .comment       0x0000000000000000       0x12 c:/users/sato/documents/mwstage-2022-08_win10-1/mwstage/tools/ba-elf-ba2-r36379.w10/bin/../lib/gcc/ba-elf/4.7.4/../../../../ba-elf/lib/mcpu_jn51xx_sizeopt\libc.a(lib_a-reent.o)
 .comment       0x0000000000000000       0x12 c:/users/sato/documents/mwstage-2022-08_win10-1/mwstage/tools/ba-elf-ba2-r36379.w10/bin/../lib/gcc/ba-elf/4.7.4/../../../../ba-elf/lib/mcpu_jn51xx_sizeopt\libc.a(lib_a-errno.o)
 .comment       0x0000000000000000       0x12 c:/users/sato/documents/mwstage-2022-08_win10-1/mwstage/tools/ba-elf-ba2-r36379.w10/bin/../lib/gcc/ba-elf/4.7.4/mcpu_jn51xx_sizeopt\libgcc.a(adddf3.o)
 .comment       0x0000000000000000       0x12 c:/users/sato/documents/mwstage-2022-08_win10-1/mwstage/tools/ba-elf-ba2-r36379.w10/bin/../lib/gcc/ba-elf/4.7.4/mcpu_jn51xx_sizeopt\libgcc.a(divdf3.o)
 .comment       0x0000000000000000       0x12 c:/users/sato/documents/mwstage-2022-08_win10-1/mwstage/tools/ba-elf-ba2-r36379.w10/bin/../lib/gcc/ba-elf/4.7.4/mcpu_jn51xx_sizeopt\libgcc.a(eqdf2.o)
 .comment       0x0000000000000000       0x12 c:/users/sato/documents/mwstage-2022-08_win10-1/mwstage/tools/ba-elf-ba2-r36379.w10/bin/../lib/gcc/ba-elf/4.7.4/mcpu_jn51xx_sizeopt\libgcc.a(gedf2.o)
 .comment       0x0000000000000000       0x12 c:/users/sato/documents/mwstage-2022-08_win10-1/mwstage/tools/ba-elf-ba2-r36379.w10/bin/../lib/gcc/ba-elf/4.7.4/mcpu_jn51xx_sizeopt\libgcc.a(ledf2.o)
 .comment       0x0000000000000000       0x12 c:/users/sato/documents/mwstage-2022-08_win10-1/mwstage/tools/ba-elf-ba2-r36379.w10/bin/../lib/gcc/ba-elf/4.7.4/mcpu_jn51xx_sizeopt\libgcc.a(muldf3.o)
 .comment       0x0000000000000000       0x12 c:/users/sato/documents/mwstage-2022-08_win10-1/mwstage/tools/ba-elf-ba2-r36379.w10/bin/../lib/gcc/ba-elf/4.7.4/mcpu_jn51xx_sizeopt\libgcc.a(subdf3.o)
 .comment       0x0000000000000000       0x12 c:/users/sato/documents/mwstage-2022-08_win10-1/mwstage/tools/ba-elf-ba2-r36379.w10/bin/../lib/gcc/ba-elf/4.7.4/mcpu_jn51xx_sizeopt\libgcc.a(fixdfsi.o)
 .comment       0x0000000000000000       0x12 c:/users/sato/documents/mwstage-2022-08_win10-1/mwstage/tools/ba-elf-ba2-r36379.w10/bin/../lib/gcc/ba-elf/4.7.4/mcpu_jn51xx_sizeopt\libgcc.a(floatsidf.o)
 .comment       0x0000000000000000       0x12 c:/users/sato/documents/mwstage-2022-08_win10-1/mwstage/tools/ba-elf-ba2-r36379.w10/bin/../lib/gcc/ba-elf/4.7.4/mcpu_jn51xx_sizeopt\libgcc.a(floatunsidf.o)

.debug_info     0x0000000000000000    0x11520
 .debug_info    0x0000000000000000       0xf3 c:/users/sato/documents/mwstage-2022-08_win10-1/mwstage/tools/ba-elf-ba2-r36379.w10/bin/../lib/gcc/ba-elf/4.7.4/../../../../ba-elf/lib/mcpu_jn51xx_sizeopt\libc.a(lib_a-memcmp.o)
 .debug_info    0x00000000000000f3       0xd3 c:/users/sato/documents/mwstage-2022-08_win10-1/mwstage/tools/ba-elf-ba2-r36379.w10/bin/../lib/gcc/ba-elf/4.7.4/mcpu_jn51xx_sizeopt\libgcc.a(_fixunsdfsi.o)
 .debug_info    0x00000000000001c6      0x648 c:/users/sato/documents/mwstage-2022-08_win10-1/mwstage/tools/ba-elf-ba2-r36379.w10/bin/../lib/gcc/ba-elf/4.7.4/mcpu_jn51xx_sizeopt\libgcc.a(_udivdi3.o)
 .debug_info    0x000000000000080e      0x69d c:/users/sato/documents/mwstage-2022-08_win10-1/mwstage/tools/ba-elf-ba2-r36379.w10/bin/../lib/gcc/ba-elf/4.7.4/mcpu_jn51xx_sizeopt\libgcc.a(_umoddi3.o)
 .debug_info    0x0000000000000eab       0xaa C:/Users/sato/Documents/MWSTAGE-2022-08_win10-1/MWSTAGE/MWSDK/ChipLib/SW4063V1416/Components/Library\libBoot_JN516x.a(ExceptionHandler.o)
 .debug_info    0x0000000000000f55       0xd7 c:/users/sato/documents/mwstage-2022-08_win10-1/mwstage/tools/ba-elf-ba2-r36379.w10/bin/../lib/gcc/ba-elf/4.7.4/../../../../ba-elf/lib/mcpu_jn51xx_sizeopt\libc.a(lib_a-memset.o)
 .debug_info    0x000000000000102c      0xac6 c:/users/sato/documents/mwstage-2022-08_win10-1/mwstage/tools/ba-elf-ba2-r36379.w10/bin/../lib/gcc/ba-elf/4.7.4/../../../../ba-elf/lib/mcpu_jn51xx_sizeopt\libc.a(lib_a-sprintf.o)
 .debug_info    0x0000000000001af2       0xbb c:/users/sato/documents/mwstage-2022-08_win10-1/mwstage/tools/ba-elf-ba2-r36379.w10/bin/../lib/gcc/ba-elf/4.7.4/../../../../ba-elf/lib/mcpu_jn51xx_sizeopt\libc.a(lib_a-strcmp.o)
 .debug_info    0x0000000000001bad       0xce c:/users/sato/documents/mwstage-2022-08_win10-1/mwstage/tools/ba-elf-ba2-r36379.w10/bin/../lib/gcc/ba-elf/4.7.4/../../../../ba-elf/lib/mcpu_jn51xx_sizeopt\libc.a(lib_a-strcpy.o)
 .debug_info    0x0000000000001c7b     0x1797 c:/users/sato/documents/mwstage-2022-08_win10-1/mwstage/tools/ba-elf-ba2-r36379.w10/bin/../lib/gcc/ba-elf/4.7.4/../../../../ba-elf/lib/mcpu_jn51xx_sizeopt\libc.a(lib_a-svfprintf.o)
 .debug_info    0x0000000000003412     0x143b c:/users/sato/documents/mwstage-2022-08_win10-1/mwstage/tools/ba-elf-ba2-r36379.w10/bin/../lib/gcc/ba-elf/4.7.4/../../../../ba-elf/lib/mcpu_jn51xx_sizeopt\libc.a(lib_a-dtoa.o)
 .debug_info    0x000000000000484d      0x970 c:/users/sato/documents/mwstage-2022-08_win10-1/mwstage/tools/ba-elf-ba2-r36379.w10/bin/../lib/gcc/ba-elf/4.7.4/../../../../ba-elf/lib/mcpu_jn51xx_sizeopt\libc.a(lib_a-impure.o)
 .debug_info    0x00000000000051bd      0xd1a c:/users/sato/documents/mwstage-2022-08_win10-1/mwstage/tools/ba-elf-ba2-r36379.w10/bin/../lib/gcc/ba-elf/4.7.4/../../../../ba-elf/lib/mcpu_jn51xx_sizeopt\libc.a(lib_a-locale.o)
 .debug_info    0x0000000000005ed7      0xe1c c:/users/sato/documents/mwstage-2022-08_win10-1/mwstage/tools/ba-elf-ba2-r36379.w10/bin/../lib/gcc/ba-elf/4.7.4/../../../../ba-elf/lib/mcpu_jn51xx_sizeopt\libc.a(lib_a-mallocr.o)
 .debug_info    0x0000000000006cf3       0xfc c:/users/sato/documents/mwstage-2022-08_win10-1/mwstage/tools/ba-elf-ba2-r36379.w10/bin/../lib/gcc/ba-elf/4.7.4/../../../../ba-elf/lib/mcpu_jn51xx_sizeopt\libc.a(lib_a-memchr.o)
 .debug_info    0x0000000000006def      0x106 c:/users/sato/documents/mwstage-2022-08_win10-1/mwstage/tools/ba-elf-ba2-r36379.w10/bin/../lib/gcc/ba-elf/4.7.4/../../../../ba-elf/lib/mcpu_jn51xx_sizeopt\libc.a(lib_a-memcpy.o)
 .debug_info    0x0000000000006ef5      0x994 c:/users/sato/documents/mwstage-2022-08_win10-1/mwstage/tools/ba-elf-ba2-r36379.w10/bin/../lib/gcc/ba-elf/4.7.4/../../../../ba-elf/lib/mcpu_jn51xx_sizeopt\libc.a(lib_a-mlock.o)
 .debug_info    0x0000000000007889     0x1744 c:/users/sato/documents/mwstage-2022-08_win10-1/mwstage/tools/ba-elf-ba2-r36379.w10/bin/../lib/gcc/ba-elf/4.7.4/../../../../ba-elf/lib/mcpu_jn51xx_sizeopt\libc.a(lib_a-mprec.o)
 .debug_info    0x0000000000008fcd      0x9db c:/users/sato/documents/mwstage-2022-08_win10-1/mwstage/tools/ba-elf-ba2-r36379.w10/bin/../lib/gcc/ba-elf/4.7.4/../../../../ba-elf/lib/mcpu_jn51xx_sizeopt\libc.a(lib_a-sbrkr.o)
 .debug_info    0x00000000000099a8      0x149 c:/users/sato/documents/mwstage-2022-08_win10-1/mwstage/tools/ba-elf-ba2-r36379.w10/bin/../lib/gcc/ba-elf/4.7.4/../../../../ba-elf/lib/mcpu_jn51xx_sizeopt\libc.a(lib_a-s_fpclassify.o)
 .debug_info    0x0000000000009af1       0xc8 c:/users/sato/documents/mwstage-2022-08_win10-1/mwstage/tools/ba-elf-ba2-r36379.w10/bin/../lib/gcc/ba-elf/4.7.4/../../../../ba-elf/lib/mcpu_jn51xx_sizeopt\libc.a(lib_a-strlen.o)
 .debug_info    0x0000000000009bb9     0x111f c:/users/sato/documents/mwstage-2022-08_win10-1/mwstage/tools/ba-elf-ba2-r36379.w10/bin/../lib/gcc/ba-elf/4.7.4/../../../../ba-elf/lib/mcpu_jn51xx_sizeopt\libc.a(lib_a-svfiprintf.o)
 .debug_info    0x000000000000acd8      0xad5 c:/users/sato/documents/mwstage-2022-08_win10-1/mwstage/tools/ba-elf-ba2-r36379.w10/bin/../lib/gcc/ba-elf/4.7.4/../../../../ba-elf/lib/mcpu_jn51xx_sizeopt\libc.a(lib_a-callocr.o)
 .debug_info    0x000000000000b7ad      0xd1b c:/users/sato/documents/mwstage-2022-08_win10-1/mwstage/tools/ba-elf-ba2-r36379.w10/bin/../lib/gcc/ba-elf/4.7.4/../../../../ba-elf/lib/mcpu_jn51xx_sizeopt\libc.a(lib_a-freer.o)
 .debug_info    0x000000000000c4c8      0xa5a c:/users/sato/documents/mwstage-2022-08_win10-1/mwstage/tools/ba-elf-ba2-r36379.w10/bin/../lib/gcc/ba-elf/4.7.4/../../../../ba-elf/lib/mcpu_jn51xx_sizeopt\libc.a(lib_a-glue.o)
 .debug_info    0x000000000000cf22      0x106 c:/users/sato/documents/mwstage-2022-08_win10-1/mwstage/tools/ba-elf-ba2-r36379.w10/bin/../lib/gcc/ba-elf/4.7.4/../../../../ba-elf/lib/mcpu_jn51xx_sizeopt\libc.a(lib_a-memmove.o)
 .debug_info    0x000000000000d028      0xd45 c:/users/sato/documents/mwstage-2022-08_win10-1/mwstage/tools/ba-elf-ba2-r36379.w10/bin/../lib/gcc/ba-elf/4.7.4/../../../../ba-elf/lib/mcpu_jn51xx_sizeopt\libc.a(lib_a-reallocr.o)
 .debug_info    0x000000000000dd6d      0xb29 c:/users/sato/documents/mwstage-2022-08_win10-1/mwstage/tools/ba-elf-ba2-r36379.w10/bin/../lib/gcc/ba-elf/4.7.4/../../../../ba-elf/lib/mcpu_jn51xx_sizeopt\libc.a(lib_a-reent.o)
 .debug_info    0x000000000000e896      0x969 c:/users/sato/documents/mwstage-2022-08_win10-1/mwstage/tools/ba-elf-ba2-r36379.w10/bin/../lib/gcc/ba-elf/4.7.4/../../../../ba-elf/lib/mcpu_jn51xx_sizeopt\libc.a(lib_a-errno.o)
 .debug_info    0x000000000000f1ff       0xb7 c:/users/sato/documents/mwstage-2022-08_win10-1/mwstage/tools/ba-elf-ba2-r36379.w10/bin/../lib/gcc/ba-elf/4.7.4/mcpu_jn51xx_sizeopt\libgcc.a(__udivsi3.o)
 .debug_info    0x000000000000f2b6       0xb7 c:/users/sato/documents/mwstage-2022-08_win10-1/mwstage/tools/ba-elf-ba2-r36379.w10/bin/../lib/gcc/ba-elf/4.7.4/mcpu_jn51xx_sizeopt\libgcc.a(__divsi3.o)
 .debug_info    0x000000000000f36d       0xb7 c:/users/sato/documents/mwstage-2022-08_win10-1/mwstage/tools/ba-elf-ba2-r36379.w10/bin/../lib/gcc/ba-elf/4.7.4/mcpu_jn51xx_sizeopt\libgcc.a(__umodsi3.o)
 .debug_info    0x000000000000f424       0xb7 c:/users/sato/documents/mwstage-2022-08_win10-1/mwstage/tools/ba-elf-ba2-r36379.w10/bin/../lib/gcc/ba-elf/4.7.4/mcpu_jn51xx_sizeopt\libgcc.a(__modsi3.o)
 .debug_info    0x000000000000f4db      0x4b2 c:/users/sato/documents/mwstage-2022-08_win10-1/mwstage/tools/ba-elf-ba2-r36379.w10/bin/../lib/gcc/ba-elf/4.7.4/mcpu_jn51xx_sizeopt\libgcc.a(adddf3.o)
 .debug_info    0x000000000000f98d      0x5c5 c:/users/sato/documents/mwstage-2022-08_win10-1/mwstage/tools/ba-elf-ba2-r36379.w10/bin/../lib/gcc/ba-elf/4.7.4/mcpu_jn51xx_sizeopt\libgcc.a(divdf3.o)
 .debug_info    0x000000000000ff52      0x1e7 c:/users/sato/documents/mwstage-2022-08_win10-1/mwstage/tools/ba-elf-ba2-r36379.w10/bin/../lib/gcc/ba-elf/4.7.4/mcpu_jn51xx_sizeopt\libgcc.a(eqdf2.o)
 .debug_info    0x0000000000010139      0x20b c:/users/sato/documents/mwstage-2022-08_win10-1/mwstage/tools/ba-elf-ba2-r36379.w10/bin/../lib/gcc/ba-elf/4.7.4/mcpu_jn51xx_sizeopt\libgcc.a(gedf2.o)
 .debug_info    0x0000000000010344      0x20b c:/users/sato/documents/mwstage-2022-08_win10-1/mwstage/tools/ba-elf-ba2-r36379.w10/bin/../lib/gcc/ba-elf/4.7.4/mcpu_jn51xx_sizeopt\libgcc.a(ledf2.o)
 .debug_info    0x000000000001054f      0x5c7 c:/users/sato/documents/mwstage-2022-08_win10-1/mwstage/tools/ba-elf-ba2-r36379.w10/bin/../lib/gcc/ba-elf/4.7.4/mcpu_jn51xx_sizeopt\libgcc.a(muldf3.o)
 .debug_info    0x0000000000010b16      0x4b2 c:/users/sato/documents/mwstage-2022-08_win10-1/mwstage/tools/ba-elf-ba2-r36379.w10/bin/../lib/gcc/ba-elf/4.7.4/mcpu_jn51xx_sizeopt\libgcc.a(subdf3.o)
 .debug_info    0x0000000000010fc8      0x1b7 c:/users/sato/documents/mwstage-2022-08_win10-1/mwstage/tools/ba-elf-ba2-r36379.w10/bin/../lib/gcc/ba-elf/4.7.4/mcpu_jn51xx_sizeopt\libgcc.a(fixdfsi.o)
 .debug_info    0x000000000001117f      0x1d6 c:/users/sato/documents/mwstage-2022-08_win10-1/mwstage/tools/ba-elf-ba2-r36379.w10/bin/../lib/gcc/ba-elf/4.7.4/mcpu_jn51xx_sizeopt\libgcc.a(floatsidf.o)
 .debug_info    0x0000000000011355      0x1cb c:/users/sato/documents/mwstage-2022-08_win10-1/mwstage/tools/ba-elf-ba2-r36379.w10/bin/../lib/gcc/ba-elf/4.7.4/mcpu_jn51xx_sizeopt\libgcc.a(floatunsidf.o)

.debug_abbrev   0x0000000000000000     0x3909
 .debug_abbrev  0x0000000000000000       0x8e c:/users/sato/documents/mwstage-2022-08_win10-1/mwstage/tools/ba-elf-ba2-r36379.w10/bin/../lib/gcc/ba-elf/4.7.4/../../../../ba-elf/lib/mcpu_jn51xx_sizeopt\libc.a(lib_a-memcmp.o)
 .debug_abbrev  0x000000000000008e       0x60 c:/users/sato/documents/mwstage-2022-08_win10-1/mwstage/tools/ba-elf-ba2-r36379.w10/bin/../lib/gcc/ba-elf/4.7.4/mcpu_jn51xx_sizeopt\libgcc.a(_fixunsdfsi.o)
 .debug_abbrev  0x00000000000000ee      0x15d c:/users/sato/documents/mwstage-2022-08_win10-1/mwstage/tools/ba-elf-ba2-r36379.w10/bin/../lib/gcc/ba-elf/4.7.4/mcpu_jn51xx_sizeopt\libgcc.a(_udivdi3.o)
 .debug_abbrev  0x000000000000024b      0x175 c:/users/sato/documents/mwstage-2022-08_win10-1/mwstage/tools/ba-elf-ba2-r36379.w10/bin/../lib/gcc/ba-elf/4.7.4/mcpu_jn51xx_sizeopt\libgcc.a(_umoddi3.o)
 .debug_abbrev  0x00000000000003c0       0x14 C:/Users/sato/Documents/MWSTAGE-2022-08_win10-1/MWSTAGE/MWSDK/ChipLib/SW4063V1416/Components/Library\libBoot_JN516x.a(ExceptionHandler.o)