Archive member included because of file (symbol)

C:/Users/sato/Documents/MWSTAGE-2022-08_win10-1/MWSTAGE/MWSDK/TWENET/current/lib/libTWENET_RED.a(ToCoNet_event.o)
                              objs_RED/Wireless_EM_Switch.o (symbol from plugin) (PRSEV_u8RegisterEx)
C:/Users/sato/Documents/MWSTAGE-2022-08_win10-1/MWSTAGE/MWSDK/TWENET/current/lib/libTWENET_RED.a(ToCoNet_main.o)
                              objs_RED/lcd.o (symbol from plugin) (sToCoNet_Context)
C:/Users/sato/Documents/MWSTAGE-2022-08_win10-1/MWSTAGE/MWSDK/TWENET/current/lib/libTWENET_RED.a(ToCoNet_utils.o)
                              ToCoNet_main.o (symbol from plugin) (ToCoNet_u32GetVersion)
C:/Users/sato/Documents/MWSTAGE-2022-08_win10-1/MWSTAGE/MWSDK/TWENET/current/lib/libTWENET_RED.a(ToCoNet_mod_Nwk_Common.o)
                              ToCoNet_main.o (symbol from plugin) (ToCoNet_vRxProc_Mod)
C:/Users/sato/Documents/MWSTAGE-2022-08_win10-1/MWSTAGE/MWSDK/TWENET/current/lib/libTWENET_RED.a(ToCoNet_mod_Channel_Mgr.o)
                              ToCoNet_main.o (symbol from plugin) (ToCoNet_ChMgr_bCh_Reconfig)
C:/Users/sato/Documents/MWSTAGE-2022-08_win10-1/MWSTAGE/MWSDK/TWENET/current/lib/libTWENET_RED.a(Version.o)
                              ToCoNet_utils.o (symbol from plugin) (au8ToCoNetVersionInfo)
C:/Users/sato/Documents/MWSTAGE-2022-08_win10-1/MWSTAGE/MWSDK/TWENET/current/lib/libTWENET_RED.a(AppQueueApi_ToCoNet.o)
                              ToCoNet_main.o (symbol from plugin) (_u32_INT_ticktimer)
C:/Users/sato/Documents/MWSTAGE-2022-08_win10-1/MWSTAGE/MWSDK/TWENET/current/lib/libTWENEText_RED.a(AppStart.o)
                              (AppColdStart)
C:/Users/sato/Documents/MWSTAGE-2022-08_win10-1/MWSTAGE/MWSDK/TWENET/current/lib/libTWENEText_RED.a(getMacAddr.o)
                              ToCoNet_main.o (symbol from plugin) (ToCoNet_u32GetSerialOnBoot)
C:/Users/sato/Documents/MWSTAGE-2022-08_win10-1/MWSTAGE/MWSDK/TWENET/current/lib/libTWENEText_RED.a(mac.o)
                              ToCoNet_main.o (symbol from plugin) (Mac_vInit)
C:/Users/sato/Documents/MWSTAGE-2022-08_win10-1/MWSTAGE/MWSDK/TWENET/current/lib/libTWENEText_RED.a(AES_CCM.o)
                              AppStart.o (symbol from plugin) (bAES_CCM_KeyReg)
C:/Users/sato/Documents/MWSTAGE-2022-08_win10-1/MWSTAGE/MWSDK/TWENET/current/lib/libTWENEText_RED.a(no_ack_handler.o)
                              AppStart.o (symbol from plugin) (vInstallNoAckHandler)
C:/Users/sato/Documents/MWSTAGE-2022-08_win10-1/MWSTAGE/MWSDK/TWENET/current/lib/libTWENEText_RED.a(Version.o)
                              ToCoNet_utils.o (symbol from plugin) (au8ToCoNetExtVersionInfo)
C:/Users/sato/Documents/MWSTAGE-2022-08_win10-1/MWSTAGE/MWSDK/TWENET/current/lib/libTWENETutils_RED.a(serial.o)
                              objs_RED/Wireless_EM_Switch.o (symbol from plugin) (SERIAL_bTxChar)
C:/Users/sato/Documents/MWSTAGE-2022-08_win10-1/MWSTAGE/MWSDK/TWENET/current/lib/libTWENETutils_RED.a(uart.o)
                              serial.o (symbol from plugin) (UART_vInit)
C:/Users/sato/Documents/MWSTAGE-2022-08_win10-1/MWSTAGE/MWSDK/TWENET/current/lib/libTWENETutils_RED.a(ByteQueue.o)
                              ToCoNet_main.o (symbol from plugin) (QUEUE__vInit)
C:/Users/sato/Documents/MWSTAGE-2022-08_win10-1/MWSTAGE/MWSDK/TWENET/current/lib/libTWENETutils_RED.a(ccitt8.o)
                              AppStart.o (symbol from plugin) (u8CCITT8)
C:/Users/sato/Documents/MWSTAGE-2022-08_win10-1/MWSTAGE/MWSDK/TWENET/current/lib/libTWENETutils_RED.a(utils.o)
                              objs_RED/Wireless_EM_Switch.o (symbol from plugin) (vTimerConfig)
C:/Users/sato/Documents/MWSTAGE-2022-08_win10-1/MWSTAGE/MWSDK/TWENET/current/lib/libTWENETutils_RED.a(ccm.o)
                              AES_CCM.o (symbol from plugin) (ccm_init_and_key)
C:/Users/sato/Documents/MWSTAGE-2022-08_win10-1/MWSTAGE/MWSDK/TWENET/current/lib/libTWENETutils_RED.a(Version.o)
                              ToCoNet_utils.o (symbol from plugin) (au8ToCoNetUtilsVersionInfo)
C:/Users/sato/Documents/MWSTAGE-2022-08_win10-1/MWSTAGE/MWSDK/TWENET/current/lib/libTWENETutils_RED.a(aescrypt.o)
                              ccm.o (symbol from plugin) (aes_encrypt)
C:/Users/sato/Documents/MWSTAGE-2022-08_win10-1/MWSTAGE/MWSDK/TWENET/current/lib/libTWENETutils_RED.a(aeskey.o)
                              ccm.o (symbol from plugin) (aes_encrypt_key)
C:/Users/sato/Documents/MWSTAGE-2022-08_win10-1/MWSTAGE/MWSDK/TWENET/current/lib/libTWENETutils_RED.a(aestab.o)
                              aeskey.o (symbol from plugin) (t_im)
C:/Users/sato/Documents/MWSTAGE-2022-08_win10-1/MWSTAGE/MWSDK/TWENET/current/lib/libTWENETstgs_RED.a(tweinteractive.o)
                              objs_RED/Wireless_EM_Switch.o (symbol from plugin) (TWEINTRCT_bIsVerbose)
C:/Users/sato/Documents/MWSTAGE-2022-08_win10-1/MWSTAGE/MWSDK/TWENET/current/lib/libTWENETstgs_RED.a(tweprintf.o)
[...]
Memory Configuration

Name             Origin             Length             Attributes
flash            0x0000000000080000 0x0000000000080000
ram              0x000000000400004c 0x0000000000007fb4
*default*        0x0000000000000000 0xffffffffffffffff

Linker script and memory map

LOAD objs_RED/_mwx_version.o
LOAD C:\Users\sato\AppData\Local\Temp\cckUBToY.ltrans0.ltrans.o
LOAD C:\Users\sato\AppData\Local\Temp\cckUBToY.ltrans1.ltrans.o
LOAD C:\Users\sato\AppData\Local\Temp\cckUBToY.ltrans2.ltrans.o
LOAD C:\Users\sato\AppData\Local\Temp\cckUBToY.ltrans3.ltrans.o
LOAD C:\Users\sato\AppData\Local\Temp\cckUBToY.ltrans4.ltrans.o
LOAD C:\Users\sato\AppData\Local\Temp\cckUBToY.ltrans5.ltrans.o
LOAD C:\Users\sato\AppData\Local\Temp\cckUBToY.ltrans6.ltrans.o
LOAD C:\Users\sato\AppData\Local\Temp\cckUBToY.ltrans7.ltrans.o
LOAD C:\Users\sato\AppData\Local\Temp\cckUBToY.ltrans8.ltrans.o
LOAD C:\Users\sato\AppData\Local\Temp\cckUBToY.ltrans9.ltrans.o
LOAD C:\Users\sato\AppData\Local\Temp\cckUBToY.ltrans10.ltrans.o
LOAD C:\Users\sato\AppData\Local\Temp\cckUBToY.ltrans11.ltrans.o
LOAD C:\Users\sato\AppData\Local\Temp\cckUBToY.ltrans12.ltrans.o
LOAD C:\Users\sato\AppData\Local\Temp\cckUBToY.ltrans13.ltrans.o
LOAD C:\Users\sato\AppData\Local\Temp\cckUBToY.ltrans14.ltrans.o
LOAD C:\Users\sato\AppData\Local\Temp\cckUBToY.ltrans15.ltrans.o
LOAD C:\Users\sato\AppData\Local\Temp\cckUBToY.ltrans16.ltrans.o
LOAD C:\Users\sato\AppData\Local\Temp\cckUBToY.ltrans17.ltrans.o
LOAD C:\Users\sato\AppData\Local\Temp\cckUBToY.ltrans18.ltrans.o
LOAD C:\Users\sato\AppData\Local\Temp\cckUBToY.ltrans19.ltrans.o
LOAD C:\Users\sato\AppData\Local\Temp\cckUBToY.ltrans20.ltrans.o
LOAD c:/users/sato/documents/mwstage-2022-08_win10-1/mwstage/tools/ba-elf-ba2-r36379.w10/bin/../lib/gcc/ba-elf/4.7.4/../../../../ba-elf/lib/mcpu_jn51xx_sizeopt\libc.a
LOAD c:/users/sato/documents/mwstage-2022-08_win10-1/mwstage/tools/ba-elf-ba2-r36379.w10/bin/../lib/gcc/ba-elf/4.7.4/mcpu_jn51xx_sizeopt\libgcc.a
LOAD c:/users/sato/documents/mwstage-2022-08_win10-1/mwstage/tools/ba-elf-ba2-r36379.w10/bin/../lib/gcc/ba-elf/4.7.4/../../../../ba-elf/lib/mcpu_jn51xx_sizeopt\libc.a
LOAD objs_RED/Timer_Interrupt.o
LOAD objs_RED/Wireless_EM_Switch.o
LOAD objs_RED/lcd.o
LOAD C:/Users/sato/Documents/MWSTAGE-2022-08_win10-1/MWSTAGE/MWSDK/TWENET/current/lib/libTWENET_RED.a
LOAD C:/Users/sato/Documents/MWSTAGE-2022-08_win10-1/MWSTAGE/MWSDK/TWENET/current/lib/libTWENEText_RED.a
LOAD C:/Users/sato/Documents/MWSTAGE-2022-08_win10-1/MWSTAGE/MWSDK/TWENET/current/lib/libTWENETutils_RED.a
LOAD C:/Users/sato/Documents/MWSTAGE-2022-08_win10-1/MWSTAGE/MWSDK/TWENET/current/lib/libTWENETstgs_RED.a
LOAD C:/Users/sato/Documents/MWSTAGE-2022-08_win10-1/MWSTAGE/MWSDK/TWENET/current/lib/libmwx_RED.a
LOAD C:/Users/sato/Documents/MWSTAGE-2022-08_win10-1/MWSTAGE/MWSDK/TWENET/current/lib/libEASTL_RED.a
START GROUP
LOAD C:/Users/sato/Documents/MWSTAGE-2022-08_win10-1/MWSTAGE/MWSDK/ChipLib/SW4063V1416/Components/Library\libAppApi_JN5169.a
LOAD C:/Users/sato/Documents/MWSTAGE-2022-08_win10-1/MWSTAGE/MWSDK/ChipLib/SW4063V1416/Components/Library\libMAC_JN5169.a
LOAD C:/Users/sato/Documents/MWSTAGE-2022-08_win10-1/MWSTAGE/MWSDK/ChipLib/SW4063V1416/Components/Library\libTimerServer_JN516x.a
LOAD C:/Users/sato/Documents/MWSTAGE-2022-08_win10-1/MWSTAGE/MWSDK/ChipLib/SW4063V1416/Components/Library\libTOF_JN516x.a
LOAD C:/Users/sato/Documents/MWSTAGE-2022-08_win10-1/MWSTAGE/MWSDK/ChipLib/SW4063V1416/Components/Library\libXcv_JN5169.a
LOAD C:/Users/sato/Documents/MWSTAGE-2022-08_win10-1/MWSTAGE/MWSDK/ChipLib/SW4063V1416/Components/Library\libMMAC_JN5169.a
LOAD C:/Users/sato/Documents/MWSTAGE-2022-08_win10-1/MWSTAGE/MWSDK/ChipLib/SW4063V1416/Components/Library\libJPT_JN5169.a
LOAD C:/Users/sato/Documents/MWSTAGE-2022-08_win10-1/MWSTAGE/MWSDK/ChipLib/SW4063V1416/Components/Library\libAes_JN516x.a
LOAD C:/Users/sato/Documents/MWSTAGE-2022-08_win10-1/MWSTAGE/MWSDK/ChipLib/SW4063V1416/Components/Library\libHardwareApi_JN5169.a
LOAD C:/Users/sato/Documents/MWSTAGE-2022-08_win10-1/MWSTAGE/MWSDK/ChipLib/SW4063V1416/Components/Library\libMicroSpecific_JN516x.a
LOAD C:/Users/sato/Documents/MWSTAGE-2022-08_win10-1/MWSTAGE/MWSDK/ChipLib/SW4063V1416/Components/Library\libBoot_JN516x.a
LOAD C:/Users/sato/Documents/MWSTAGE-2022-08_win10-1/MWSTAGE/MWSDK/ChipLib/SW4063V1416/Components/Library\libPDM_EEPROM_JN516x_NO_RTOS.a
LOAD C:/Users/sato/Documents/MWSTAGE-2022-08_win10-1/MWSTAGE/MWSDK/TWENET/current/lib/libTWENET_RED.a
LOAD C:/Users/sato/Documents/MWSTAGE-2022-08_win10-1/MWSTAGE/MWSDK/TWENET/current/lib/libTWENEText_RED.a
LOAD C:/Users/sato/Documents/MWSTAGE-2022-08_win10-1/MWSTAGE/MWSDK/TWENET/current/lib/libTWENETutils_RED.a
LOAD C:/Users/sato/Documents/MWSTAGE-2022-08_win10-1/MWSTAGE/MWSDK/TWENET/current/lib/libTWENETstgs_RED.a
LOAD C:/Users/sato/Documents/MWSTAGE-2022-08_win10-1/MWSTAGE/MWSDK/TWENET/current/lib/libmwx_RED.a
LOAD C:/Users/sato/Documents/MWSTAGE-2022-08_win10-1/MWSTAGE/MWSDK/TWENET/current/lib/libEASTL_RED.a
END GROUP
LOAD c:/users/sato/documents/mwstage-2022-08_win10-1/mwstage/tools/ba-elf-ba2-r36379.w10/bin/../lib/gcc/ba-elf/4.7.4/../../../../ba-elf/lib/mcpu_jn51xx_sizeopt\libstdc++.a
LOAD c:/users/sato/documents/mwstage-2022-08_win10-1/mwstage/tools/ba-elf-ba2-r36379.w10/bin/../lib/gcc/ba-elf/4.7.4/../../../../ba-elf/lib/mcpu_jn51xx_sizeopt\libm.a
LOAD c:/users/sato/documents/mwstage-2022-08_win10-1/mwstage/tools/ba-elf-ba2-r36379.w10/bin/../lib/gcc/ba-elf/4.7.4/../../../../ba-elf/lib/mcpu_jn51xx_sizeopt\libc.a
LOAD c:/users/sato/documents/mwstage-2022-08_win10-1/mwstage/tools/ba-elf-ba2-r36379.w10/bin/../lib/gcc/ba-elf/4.7.4/mcpu_jn51xx_sizeopt\libgcc.a
LOAD c:/users/sato/documents/mwstage-2022-08_win10-1/mwstage/tools/ba-elf-ba2-r36379.w10/bin/../lib/gcc/ba-elf/4.7.4/../../../../ba-elf/lib/mcpu_jn51xx_sizeopt\libc.a
                0x0000000000000800                _stack_size = 0x800
                0x0000000000080038                exception_vsr_table = 0x80038
                0x0000000004000000                pSPIflashFncTable = 0x4000000
                0x0000000000000044                restore_state = 0x44
                0x000000000000004a                bZSPIWaitWIPClear = 0x4a
                0x0000000000000050                u16ZSPIflashRDID = 0x50
                0x0000000000000056                u8SelectFlashChipType = 0x56
                0x000000000000005c                memcpy = 0x5c
                0x0000000000000066                vBootFlashProg = 0x66
                [0x0000000000000d16]                __minimum_heap_size = DEFINED (__minimum_heap_size)?__minimum_heap_size:0xd16
                [0x0000000000000800]                __stack_size = DEFINED (__stack_size)?__stack_size:0x800
                0x0000000000000000                _SwConfig = (DEFINED (g_bSWConf_Debug) | (DEFINED (g_bSWConf_AltDebugPort) << 0x1))

.version        0x000000000007fffc        0x4
                0x000000000007fffc        0x4 LONG 0xf03000b

.bir            0x0000000000080000       0x10
                0x0000000000080000                _flash_start = ABSOLUTE (.)
                0x0000000000080000                _flash_beg = ABSOLUTE (.)
                0x0000000000080000        0x4 LONG 0x12345678
                0x0000000000080004        0x4 LONG 0x11223344
                0x0000000000080008        0x4 LONG 0x55667788
                0x000000000008000c        0x1 BYTE 0x8
                0x000000000008000d        0x1 BYTE 0x1
                0x000000000008000e        0x2 SHORT 0x0

.flashheader    0x0000000000080010       0x28
                0x0000000000080010        0x4 LONG 0x0
                0x0000000000080014        0x4 LONG 0x0
                0x0000000000080018        0x4 LONG 0x0
                0x000000000008001c        0x2 SHORT 0x0
                0x000000000008001e        0x2 SHORT 0x0 ABSOLUTE (_SwConfig)
                0x0000000000080020                _enc_start = ABSOLUTE (.)
                0x0000000000080020        0x4 LONG 0x13b24 ABSOLUTE (_image_len)
                0x0000000000080024        0x4 LONG 0x93254 ABSOLUTE (_flash_data_start)
                0x0000000000080028        0x2 SHORT 0x13 ((ABSOLUTE (_ram_data_start) / 0x4) & 0xffff)
                0x000000000008002a        0x2 SHORT 0x234 ((ABSOLUTE (_ram_data_len) / 0x4) & 0xffff)
                0x000000000008002c        0x2 SHORT 0x247 ((ABSOLUTE (_bss_start) / 0x4) & 0xffff)
                0x000000000008002e        0x2 SHORT 0x592 ((ABSOLUTE (_bss_len) / 0x4) & 0xffff)
                0x0000000000080030        0x4 LONG 0x8556c ABSOLUTE (AppWarmStart)
                0x0000000000080034        0x4 LONG 0x82cdb ABSOLUTE (AppColdStart)
                0x0000000000000000                _enc_offset = (_enc_start & 0xf)
                0x0000000000000044                PROVIDE (vException_BusError, restore_state)
                0x0000000000000044                PROVIDE (vException_UnalignedAccess, restore_state)
                0x0000000000000044                PROVIDE (vException_IllegalInstruction, restore_state)
                0x0000000000000044                PROVIDE (vException_SysCall, restore_state)
                0x0000000000000044                PROVIDE (vException_Trap, restore_state)
                0x0000000000000044                PROVIDE (vException_StackOverflow, restore_state)
                0x0000000000080038                . = ABSOLUTE (exception_vsr_table)

.vsr_table      0x0000000000080038       0x18
                0x0000000000080038        0x4 LONG 0x44 ABSOLUTE (vException_BusError)
                0x000000000008003c        0x4 LONG 0x44 ABSOLUTE (vException_UnalignedAccess)
                0x0000000000080040        0x4 LONG 0x44 ABSOLUTE (vException_IllegalInstruction)
                0x0000000000080044        0x4 LONG 0x44 ABSOLUTE (vException_SysCall)
                0x0000000000080048        0x4 LONG 0x44 ABSOLUTE (vException_Trap)
                0x000000000008004c        0x4 LONG 0x44 ABSOLUTE (vException_StackOverflow)

.vsr_handlers   0x0000000000080050       0xaa
 *(.vsr_handlers)
 .vsr_handlers  0x0000000000080050       0xaa C:/Users/sato/Documents/MWSTAGE-2022-08_win10-1/MWSTAGE/MWSDK/ChipLib/SW4063V1416/Components/Library\libBoot_JN516x.a(ExceptionHandler.o)
                0x0000000000080050                _exception_external_interrupt
                0x00000000000800f8                _default_vsr_dummy

.rodata         0x0000000000080100      0x821
 *(.rodata*)
 .rodata        0x0000000000080100       0x20 C:\Users\sato\AppData\Local\Temp\cckUBToY.ltrans0.ltrans.o
                0x0000000000080100                aeTimerInterruptDeviceIDlut.24781
 .rodata        0x0000000000080120       0xd4 C:\Users\sato\AppData\Local\Temp\cckUBToY.ltrans1.ltrans.o
                0x0000000000080120                s_aprScanHandleEvt.14139
                0x0000000000080150                apvActionCalls
                0x00000000000801d8                aprLPBMacVectorRamTable
                0x00000000000801ec                psTamMacContext
                0x00000000000801f0                psTAMcontext
 .rodata.str1.1
                0x00000000000801f4       0x11 C:\Users\sato\AppData\Local\Temp\cckUBToY.ltrans3.ltrans.o
 *fill*         0x0000000000080205        0x3 00
 .rodata        0x0000000000080208       0x7c C:\Users\sato\AppData\Local\Temp\cckUBToY.ltrans3.ltrans.o
                0x000000000008023c                u32MacLow_TOCOS
                0x0000000000080240                u32MacHigh_TOCOS
 .rodata.str1.1
                0x0000000000080284       0x20 C:\Users\sato\AppData\Local\Temp\cckUBToY.ltrans4.ltrans.o
 .rodata        0x00000000000802a4       0x17 C:\Users\sato\AppData\Local\Temp\cckUBToY.ltrans4.ltrans.o
 .rodata        0x00000000000802bb      0x1cb C:\Users\sato\AppData\Local\Temp\cckUBToY.ltrans6.ltrans.o
 .rodata        0x0000000000080486        0x6 C:\Users\sato\AppData\Local\Temp\cckUBToY.ltrans7.ltrans.o
                0x0000000000080486                aeXcvPhyEvtToScanEvt.5424.14142
 .rodata        0x000000000008048c       0x24 C:\Users\sato\AppData\Local\Temp\cckUBToY.ltrans8.ltrans.o
                0x0000000000080494                psTamXcvContext
 .rodata.str1.1
                0x00000000000804b0        0xe C:\Users\sato\AppData\Local\Temp\cckUBToY.ltrans9.ltrans.o
                                         0x12 (size before relaxing)
 *fill*         0x00000000000804be        0x2 00
 .rodata        0x00000000000804c0       0xd0 C:\Users\sato\AppData\Local\Temp\cckUBToY.ltrans9.ltrans.o
 .rodata.str1.1
                0x0000000000080590       0x21 C:\Users\sato\AppData\Local\Temp\cckUBToY.ltrans10.ltrans.o
 .rodata        0x00000000000805b1        0xa C:\Users\sato\AppData\Local\Temp\cckUBToY.ltrans11.ltrans.o
 .rodata.str1.1
                0x00000000000805bb      0x117 C:\Users\sato\AppData\Local\Temp\cckUBToY.ltrans12.ltrans.o
 .rodata        0x00000000000806d2        0x5 C:\Users\sato\AppData\Local\Temp\cckUBToY.ltrans12.ltrans.o
 .rodata.str1.1
                0x0000000000000000        0xe C:\Users\sato\AppData\Local\Temp\cckUBToY.ltrans13.ltrans.o
 .rodata        0x00000000000806d7        0x4 C:\Users\sato\AppData\Local\Temp\cckUBToY.ltrans15.ltrans.o
 *fill*         0x00000000000806db        0x1 00
 .rodata        0x00000000000806dc       0x30 C:\Users\sato\AppData\Local\Temp\cckUBToY.ltrans17.ltrans.o
                0x00000000000806dc                au32UartAddrOffset
                0x00000000000806e4                au32TimerBaseAddress
                0x00000000000806f8                CSWTCH.35.24728.24728
 .rodata.str1.1
                0x000000000008070c       0x11 C:\Users\sato\AppData\Local\Temp\cckUBToY.ltrans20.ltrans.o
                                         0x22 (size before relaxing)
 *fill*         0x000000000008071d        0x3 00
 .rodata        0x0000000000080720       0x38 C:\Users\sato\AppData\Local\Temp\cckUBToY.ltrans20.ltrans.o
                0x0000000000080720                asStateFuncTbl.25893
 .rodata.str1.1
                0x0000000000080758       0x32 c:/users/sato/documents/mwstage-2022-08_win10-1/mwstage/tools/ba-elf-ba2-r36379.w10/bin/../lib/gcc/ba-elf/4.7.4/../../../../ba-elf/lib/mcpu_jn51xx_sizeopt\libc.a(lib_a-svfprintf.o)
                                         0x34 (size before relaxing)
 .rodata        0x000000000008078a       0x20 c:/users/sato/documents/mwstage-2022-08_win10-1/mwstage/tools/ba-elf-ba2-r36379.w10/bin/../lib/gcc/ba-elf/4.7.4/../../../../ba-elf/lib/mcpu_jn51xx_sizeopt\libc.a(lib_a-svfprintf.o)
 .rodata.str1.1
                0x00000000000807aa        0xd c:/users/sato/documents/mwstage-2022-08_win10-1/mwstage/tools/ba-elf-ba2-r36379.w10/bin/../lib/gcc/ba-elf/4.7.4/../../../../ba-elf/lib/mcpu_jn51xx_sizeopt\libc.a(lib_a-dtoa.o)
                                          0xf (size before relaxing)
 .rodata.str1.1
                0x00000000000807b7        0x2 c:/users/sato/documents/mwstage-2022-08_win10-1/mwstage/tools/ba-elf-ba2-r36379.w10/bin/../lib/gcc/ba-elf/4.7.4/../../../../ba-elf/lib/mcpu_jn51xx_sizeopt\libc.a(lib_a-impure.o)
 .rodata.str1.1
                0x00000000000807b9        0x6 c:/users/sato/documents/mwstage-2022-08_win10-1/mwstage/tools/ba-elf-ba2-r36379.w10/bin/../lib/gcc/ba-elf/4.7.4/../../../../ba-elf/lib/mcpu_jn51xx_sizeopt\libc.a(lib_a-locale.o)
                                          0xb (size before relaxing)
 *fill*         0x00000000000807bf        0x1 00
 .rodata        0x00000000000807c0      0x128 c:/users/sato/documents/mwstage-2022-08_win10-1/mwstage/tools/ba-elf-ba2-r36379.w10/bin/../lib/gcc/ba-elf/4.7.4/../../../../ba-elf/lib/mcpu_jn51xx_sizeopt\libc.a(lib_a-mprec.o)
                0x00000000000807c0                __mprec_tinytens
                0x00000000000807e8                __mprec_bigtens
                0x0000000000080810                __mprec_tens
 .rodata.str1.1
                0x0000000000000000       0x22 c:/users/sato/documents/mwstage-2022-08_win10-1/mwstage/tools/ba-elf-ba2-r36379.w10/bin/../lib/gcc/ba-elf/4.7.4/../../../../ba-elf/lib/mcpu_jn51xx_sizeopt\libc.a(lib_a-svfiprintf.o)
 .rodata        0x00000000000808e8       0x20 c:/users/sato/documents/mwstage-2022-08_win10-1/mwstage/tools/ba-elf-ba2-r36379.w10/bin/../lib/gcc/ba-elf/4.7.4/../../../../ba-elf/lib/mcpu_jn51xx_sizeopt\libc.a(lib_a-svfiprintf.o)
 .rodata        0x0000000000080908       0x19 c:/users/sato/documents/mwstage-2022-08_win10-1/mwstage/tools/ba-elf-ba2-r36379.w10/bin/../lib/gcc/ba-elf/4.7.4/../../../../ba-elf/lib/mcpu_jn51xx_sizeopt\libc.a(lib_a-glue.o)

.text           0x0000000000080924    0x1292f
 *(.text*)
 .text          0x0000000000080924      0xb5c C:\Users\sato\AppData\Local\Temp\cckUBToY.ltrans0.ltrans.o
                0x0000000000080958                mac_vLPBStartTimer
                0x0000000000080be3                vProcessEvCoreTx.25830
                0x0000000000080cd3                vAHI_ProtocolPower.constprop.211
                0x0000000000080ce1                vMMAC_ConfigureRadio
                0x0000000000080e8c                _ZN3mwx2L115periph_analogue10_adc_startEv.local.7.constprop.201
                0x0000000000080f75                mwx::L1::periph_analogue::ADC_handler(unsigned long, unsigned long)
                0x0000000000080fbc                u8HwEventHandler.3021
                0x0000000000081064                _ZN3mwx2L16twenet5beginEv.local.76.constprop.160
                0x00000000000810a9                bAES_CCMstar
                0x0000000000081175                pvHeap_Alloc
                0x0000000000081178                operator new(unsigned long)
                0x000000000008119b                u32AHI_Init
                0x000000000008125d                vMicroIntRestoreState
                0x0000000000081269                vAHI_DoSetDataOut
                0x000000000008127d                pinMode(unsigned char, mwx::L1::enum_wapper<PIN_MODE::eMWX_DIO_MODE, unsigned char>)
                0x00000000000813f3                u8AHI_WakeTimerFiredStatus
                0x0000000000081407                vAHI_WakeTimerStop.part.3.25060
                0x0000000000081427                mac_vLPBStopTimer
                0x0000000000081431                vAHI_UartSetClocksPerBit.part.18.24856
                0x0000000000081458                vAHI_UartSetRTSCTS.part.15.24841
 .text          0x0000000000081480      0xba8 C:\Users\sato\AppData\Local\Temp\cckUBToY.ltrans1.ltrans.o
                0x0000000000081480                eWBRTTxDone.13796
                0x000000000008149e                vTAMCOframeTXgoingIdle
                0x00000000000814b7                vTAMCOframeTXcap
                0x00000000000814dd                eWCoRRxDone.13787
                0x0000000000081587                eWBcnRxDone.13799
                0x0000000000081b72                vTAMCOframeRXcap
                0x0000000000081b84                vTAMCOframeRXgoingIdle
                0x0000000000081b9a                vTAMCOframeRXnobeacon
                0x0000000000081bac                vTAMDEframeRX
                0x0000000000081bd5                vTAMDEframeRXtrackingDR
                0x0000000000081c18                vTAMDEframePreSyncReq
                0x0000000000081c31                vTAMCOframeTXbeacon
                0x0000000000081cf8                vTAMDEframeRXsyncReq
                0x0000000000081f48                vTAMDEint1FiredTrackingCAPgts
                0x0000000000081ff9                eWONTTxDone.13793
 .text          0x0000000000082028      0xc28 C:\Users\sato\AppData\Local\Temp\cckUBToY.ltrans2.ltrans.o
                0x0000000000082028                vAHI_IntHandlerTimer4
                0x0000000000082049                vAHI_IntHandlerTimer3
                0x000000000008206a                vAHI_IntHandlerTimer1
                0x000000000008208a                vAHI_IntHandlerTimer0
                0x00000000000820ab                vTimerCallback.24375
                0x00000000000820b6                vAHI_IntHandlerSpiMaster
                0x00000000000820dc                vAHI_IntHandlerAnalogPeriph
                0x00000000000820fc                vTTIBLETimerExpired
                0x0000000000082107                vTTITimer2Expired
                0x000000000008210c                vTTITimer1Expired
                0x0000000000082111                vTAM_TxRetryTimeout
                0x0000000000082116                vAHI_UartReset.part.4.24814
                0x000000000008214e                vAHI_UartSetControl.part.2.24798
                0x000000000008219f                vAHI_UartSetBaudDivisor.part.1.24794
                0x00000000000821de                vAHI_WatchdogStop
                0x00000000000821f5                _ZN3mwx2L120periph_pulse_counter10_on_wakeupEv.part.18.7045
                0x000000000008226b                u32AHI_DioWakeStatus
                0x000000000008227c                vAHI_DioWakeEdge
                0x000000000008229c                vAHI_DioSetPullup
                0x00000000000822bc                vAHI_DioSetOutput
                0x00000000000822d0                vAHI_DioSetDirection
                0x00000000000822e4                vACI_CmdWaitBusy
                0x0000000000082348                vACI_OptimisedCcmStar
                0x0000000000082560                vTAIdisableInterrupt
                0x0000000000082579                psRemove.part.0.23339
                0x00000000000825a8                vMAC_MISCpollConfirm
                0x00000000000825d9                MAC_u8AclFindInfo
                0x0000000000082703                vTASretrieveSecurity
                0x0000000000082725                MAC_bLookUpKeyDescriptor.20891
                0x000000000008279f                u8TSCframeIncrease
                0x00000000000827d8                bUpdateTime.19119
                0x0000000000082813                vTACbuildBeacon
                0x0000000000082a1b                vTSCpostTransmitUpdate
                0x0000000000082a4b                vCopyToDataFromMacAddr.20801
                0x0000000000082a7e                bTSCgetOutgoingInfo
                0x0000000000082b87                vDoGoOff.20081
                0x0000000000082ba1                psTAQsearchFifo
                0x0000000000082bea                bTAQremoveFromFifo
                0x0000000000082c27                vTTITransactionTimerExpired
 .text.unlikely
                0x0000000000082c50       0x24 C:\Users\sato\AppData\Local\Temp\cckUBToY.ltrans2.ltrans.o
                0x0000000000082c50                vAHI_CpuDoze
                0x0000000000082c63                vStartXtal32kExternalRc.24389
 .text          0x0000000000082c74      0x5c3 C:\Users\sato\AppData\Local\Temp\cckUBToY.ltrans3.ltrans.o
                0x0000000000082c74                vProcessEvCoreMac
                0x0000000000082cdb                AppColdStart
 .text.unlikely
                0x0000000000083237      0x43b C:\Users\sato\AppData\Local\Temp\cckUBToY.ltrans3.ltrans.o
                0x0000000000083237                ToCoNet_vStart
 .text          0x0000000000083672      0x7ea C:\Users\sato\AppData\Local\Temp\cckUBToY.ltrans4.ltrans.o
                0x0000000000083672                UART_vHandleUartInterrupt.5367
                0x00000000000836f9                vAppQApiPostHwIntT.3920
                0x00000000000837cc                TWETERM_iGetC.26235
                0x00000000000838f0                vRxChar.5265
                0x0000000000083941                vXCV_IntHandlerPhy
                0x00000000000839f3                vScanHandleTimer.13396
                0x00000000000839f8                vXCV_IntHandlerBbc
                0x0000000000083a9b                TWE_fprintf.constprop.227
                0x0000000000083ad4                ToCoNet_vMacStart
                0x0000000000083aed                _ZN3lcd5printEPKc.constprop.251
                0x0000000000083b52                _ZN3lcd7commandEh.constprop.255
                0x0000000000083ba4                _ZN3mwx2L110serial_jen13_set_baudrateEt.isra.2.7011
                0x0000000000083c55                u8TAM_AES_WriteAuxilliarySecurityHeaderIntoBuffer
                0x0000000000083cc7                u32AHI_ReadIndexSectorBits.constprop.162
                0x0000000000083d28                vTAIsetCapTime
                0x0000000000083d49                vTAIsetRxEnableTime
                0x0000000000083d6a                vDoGoActive.20083
                0x0000000000083d8c                vTAMRXEint2Fired
                0x0000000000083dc2                _ZN3mwx2L115periph_analogue5setupEbhPFvvE.local.88.constprop.172
 .text          0x0000000000083e5c      0x91c C:\Users\sato\AppData\Local\Temp\cckUBToY.ltrans5.ltrans.o
                0x0000000000083e5c                _ZL5delaym.2489
                0x0000000000083f1f                vTAMRXEsetPhy
                0x0000000000083fe2                vTAHsetPhyState
                0x0000000000084012                vTAMCOint2Fired
                0x0000000000084032                vSetPHYfromMacValue.16917
                0x0000000000084064                vTAMDEint1FiredWaitDR
                0x0000000000084071                vTACsetPHYfromMacValue
                0x0000000000084092                vTAMRXEsetReceiveForPibChange
                0x00000000000840d2                vMLMEbeaconNotify
                0x0000000000084230                vMCPSframeReceived
                0x00000000000842f3                bAHI_ReadMACID
                0x0000000000084339                _ZL17delayMicrosecondsm.2492.constprop.259
                0x00000000000843bc                _ZN3mwx2L114periph_twowireC1Eh.local.40
                0x00000000000843f9                ToCoNet_vInit
                0x000000000008473c                vExpireHead.23344
                0x000000000008476c                MWX_DebugMsg.constprop.264
 .text.unlikely
                0x0000000000084778      0x190 C:\Users\sato\AppData\Local\Temp\cckUBToY.ltrans5.ltrans.o
                0x00000000000847f1                bStartXtal32k.24399
                0x00000000000848f9                u32AppQApiInitInt_PATCH
 .text          0x0000000000084908      0xb2a C:\Users\sato\AppData\Local\Temp\cckUBToY.ltrans6.ltrans.o
                0x0000000000084908                mac_vLPBAdjustBeaconOffset
                0x0000000000084965                mac_u32LPBGetBeaconTimeout
                0x000000000008496e                eWEnDTmrExpiry.13780
                0x0000000000084979                eWEnDEdDone.13777
                0x00000000000849d4                eGenlDontCare.13774
                0x00000000000849d9                eGenlIllegal.13399
                0x00000000000849e0                u32GetTimer0
                0x00000000000849e7                vSetTimer0
                0x00000000000849f6                _out_fct.6256
                0x0000000000084a08                _out_null.6262
                0x0000000000084a0b                vOutputStream.6127
                0x0000000000084a17                vHandlerPatch.5240
                0x0000000000084a4e                _ZN3mwx2L112appdefs_crtpI15TIMER_INTERRUPTE17_cbTweNet_u8HwIntEPvmm.local.134
                0x0000000000084a53                _ZN3mwx2L114processev_crtpI15TIMER_INTERRUPTE14vProcessEvCoreEP8_tsEvent7teEventm.local.136
                0x0000000000084a56                _ZN3mwx2L112appdefs_crtpI15TIMER_INTERRUPTE9_on_eventEPvmRm.local.137
                0x0000000000084a59                _ZN3mwx2L112appdefs_crtpI15TIMER_INTERRUPTE18_cbTweNet_vTxEventEPvRNS0_12packet_ev_txE.local.138
                0x0000000000084a5c                _ZN3mwx2L112appdefs_crtpI15TIMER_INTERRUPTE18_cbTweNet_vRxEventEPvRNS0_9packet_rxE.local.139
                0x0000000000084a5f                _ZN3mwx2L112appdefs_crtpI15TIMER_INTERRUPTE19_cbTweNet_vNwkEventEPvRNS0_13packet_ev_nwkE.local.140
                0x0000000000084a62                _ZN3mwx2L112appdefs_crtpI15TIMER_INTERRUPTE15_cbTweNet_vMainEPv.local.141
                0x0000000000084a65                vTAMinsertEvent
                0x0000000000084acb                vTACsetTxFrameDefaults
                0x0000000000084af1                u8TACgetHeaderSize
                0x0000000000084b2e                u32TACpayloadToU32M
                0x0000000000084b4f                vTACu32ToPayloadM
                0x0000000000084b67                bTACframeInProgress
                0x0000000000084b91                bTACassessBeaconForPayload
                0x0000000000084be2                bIsBbcSafeForTx
                0x0000000000084c17                vTATwriteAclMaterialToHardware
                0x0000000000084c3c                vTATsetBLE
                0x0000000000084c73                vTATgetFramePayload
                0x0000000000084c90                eTATreadTXstatus
                0x0000000000084cd6                vTAHsetPhyStateDirect.part.0.18260
                0x0000000000084cf2                vMEMreturn
                0x0000000000084d63                vTACinformOriginator
                0x0000000000084d85                pvMEMget
                0x0000000000084db1                vTAMDEdetermineNullState
                0x0000000000084dcb                vTAMCOupdatePendingList
                0x0000000000084e9d                vTAMCOsetCoordinator
                0x0000000000084ec3                eScanHandleEvt.part.0.13810
                0x0000000000084eec                mac_eDcfmIndPost
                0x0000000000084f0d                mac_psDcfmIndGetBuf
                0x0000000000084f2e                vMLMErxEnableConfirm
                0x0000000000084f60                vMLMEcommStatus
                0x0000000000084fc3                vMLMEcommStatusFromFrame
                0x0000000000085007                vMLMEsyncLoss
                0x000000000008503a                vPMICpostFailedAssocDcfm
                0x0000000000085072                vPMICassocReqTO_2.12227
                0x0000000000085089                MAC_vPibSetPanId
                0x00000000000850a4                vHandleTofRequest.10333
                0x00000000000850a7                vAppApiDefSetPrbsSeed
                0x00000000000850cb                _ZN3mwx2L113serial_parserINS0_10alloc_heapIhEEEC1Ev.local.16
                0x00000000000850ed                _ZN3mwx2L16twenetC1Ev.local.22
                0x0000000000085184                _ZN3mwx2L110serial_jenC1Eh.local.71
                0x00000000000851b4                _ZN3mwx2L115periph_analogueC1Ev.local.89
                0x00000000000851df                _ZN3mwx2L112appdefs_virt8on_eventEmRm.local.98
                0x00000000000851f7                _ZN3mwx2L112appdefs_virt18cbToCoNet_vHwEventEmm.local.100
                0x000000000008520f                _ZN3mwx2L112appdefs_virt18cbToCoNet_vTxEventERNS0_12packet_ev_txE.local.101
                0x0000000000085227                _ZN3mwx2L112appdefs_virt19cbToCoNet_vNwkEventERNS0_13packet_ev_nwkE.local.103
                0x000000000008523f                u8CCITT8
                0x0000000000085265                bAES_CCM_KeyReg
                0x00000000000852a4                bFifoPush.3941
                0x00000000000852dd                vAppQApiPostMlme.3927
                0x00000000000852fc                vAppQApiPostMcps.3934
                0x0000000000085317                pvFifoPull.3938
                0x000000000008533e                psAppQApiGetMlmeBuffer.3924
                0x0000000000085346                psAppQApiGetMcpsBuffer.3931
                0x000000000008534e                PRSEV_vSetState
                0x000000000008535e                PRSEV_vProcessEv_core.2811
                0x0000000000085400                PRSEV_vProcessEvPost
 .text.unlikely
                0x0000000000085432       0x65 C:\Users\sato\AppData\Local\Temp\cckUBToY.ltrans6.ltrans.o
                0x0000000000085432                _ZN3mwx2L112appdefs_virt18cbToCoNet_vRxEventERNS0_9packet_rxE.local.102
                0x000000000008544a                PRSEV_u8Register
                0x0000000000085488                _PRSEV_vProcessEvSingleH
 *fill*         0x0000000000085497        0x1 00
 .text          0x0000000000085498      0xa84 C:\Users\sato\AppData\Local\Temp\cckUBToY.ltrans7.ltrans.o
                0x0000000000085498                vPostDcfm.13783
                0x000000000008556c                AppWarmStart
                0x000000000008563c                vSetNextChannel.13831
                0x0000000000085695                MAC_vHandleMlmeReqRsp
                0x0000000000085e45                vTAMDEint1FiredTracking
                0x0000000000085eb5                vTAMDEint1FiredSyncReq
 .text          0x0000000000085f1c      0x9a4 C:\Users\sato\AppData\Local\Temp\cckUBToY.ltrans8.ltrans.o
                0x0000000000085f1c                vTAMDEint2FiredTrackingDR
                0x0000000000085f42                vTAMDEint2FiredPollActive
                0x0000000000085f77                vTAMDEreqTXnullTrackingCAP
                0x0000000000085f91                eTAMselect
                0x00000000000860d0                MAC_pvCtor
                0x00000000000864f9                u32AppApiDefInit
                0x00000000000865c4                _ToCoNet_vMacInit
                0x000000000008662a                _ToCoNet_vRfConfig
                0x00000000000867c5                vTAMDEint1FiredTrackingBeacon
                0x0000000000086865                vTAMDEframeTXtrackingDR
 .text          0x00000000000868c0      0xde6 C:\Users\sato\AppData\Local\Temp\cckUBToY.ltrans9.ltrans.o
                0x0000000000086acd                _ftoa.6330.constprop.270
                0x0000000000086e26                _ntoa_long_long.6304.constprop.267
                0x0000000000086efb                _ntoa_long.6292.constprop.272
                0x0000000000086fc8                bAHI_SetClockRate
                0x00000000000870d3                bAES_CCM_DecodeKey
                0x000000000008718f                _ZN3mwx2L112periph_timer5setupEv.part.2.2060.constprop.249
                0x00000000000871a9                vAHI_SiMasterConfigure.constprop.248
                0x00000000000871dd                vMicroIntEnableOnly.constprop.245
                0x0000000000087209                vMMAC_SetChannelAndPower
                0x00000000000873b2                vPhySetChannel
                0x00000000000873d1                QUEUE__u8RemoveItem.part.1.5442
                0x000000000008740c                QUEUE__vAddItem.constprop.244
                0x000000000008743e                _ToCoNet_bRfChChannel
                0x00000000000874d3                ToCoNet_ChMgr_bCh_Reconfig
                0x000000000008753b                ToCoNet_ChMgr_vCh_TxFin
                0x0000000000087567                vHnd_E_STATE_WAIT_TX.25861
                0x00000000000875d7                vHnd_E_STATE_IDLE.25853
                0x000000000008763b                vAHI_TimerEnable.part.1.24595.constprop.232
 .text.unlikely
                0x00000000000876a6       0x45 C:\Users\sato\AppData\Local\Temp\cckUBToY.ltrans9.ltrans.o
                0x00000000000876a6                vAHI_MemoryHold.24492
 .text          0x00000000000876eb      0x8db C:\Users\sato\AppData\Local\Temp\cckUBToY.ltrans10.ltrans.o
                0x00000000000876eb                ToCoNet_vMain
 .text          0x0000000000087fc6      0x909 C:\Users\sato\AppData\Local\Temp\cckUBToY.ltrans11.ltrans.o
                0x0000000000088126                bAES_CCM_EncodeKey
                0x00000000000881d3                bTAM_AES_CCMstarPatch
                0x0000000000088317                bTAM_AES_CCMstarPatch2006
                0x000000000008841e                vWriteFrame.18619
                0x00000000000885f6                bTATsendFrame
                0x0000000000088649                bSendDataRequest.16921
                0x000000000008875b                _ZN3mwx2L110serial_jen10_on_wakeupEv.part.27.7189
                0x00000000000887d5                _MWX_periph_init()
 .text          0x00000000000888cf      0x31e C:\Users\sato\AppData\Local\Temp\cckUBToY.ltrans12.ltrans.o
                0x00000000000888cf                vAppApiDefMlmeRequest
                0x00000000000888fa                pvAppApiDefGetMacHandle
                0x0000000000088903                setup()
 *fill*         0x0000000000088bed        0x3 00
 .text.unlikely
                0x0000000000088bf0      0x318 C:\Users\sato\AppData\Local\Temp\cckUBToY.ltrans12.ltrans.o
                0x0000000000088c0d                vProcessIncomingHwEvent.3190
 .text          0x0000000000088f08      0x729 C:\Users\sato\AppData\Local\Temp\cckUBToY.ltrans13.ltrans.o
                0x0000000000088f08                vHnd_E_STATE_RUNNING.25869
                0x0000000000089152                SERIAL_vTxReady
                0x00000000000891b3                _ZN3mwx2L112appdefs_crtpI15TIMER_INTERRUPTE18_cbTweNet_vHwEventEPvmm.local.135
                0x000000000008922f                _ZN3mwx2L110serial_jen6_beginEv.part.25.7064
                0x00000000000894b4                vTimerStart
                0x00000000000895cd                MWX_Panic
 .text          0x0000000000089631      0x89a C:\Users\sato\AppData\Local\Temp\cckUBToY.ltrans14.ltrans.o
                0x0000000000089774                vHnd_E_STATE_FINISH_TX_FAIL.25838
                0x000000000008982f                vHnd_E_STATE_FINISH_TX_SUCCESS.25843
                0x00000000000898c6                vTAMCOreqTXinCAP
                0x00000000000898ec                cbAppColdStart.part.32.7671
                0x0000000000089ad6                vTrySendFromDirectCAP.16374
                0x0000000000089af2                vTrySendFromDirectNoBeacon.16378
                0x0000000000089b1e                vTAMCOint1Fired
                0x0000000000089c3a                vTAMCOstartBeacon
                0x0000000000089c75                vStartStoreValues.16442
                0x0000000000089d2c                bStartCallback.16471
                0x0000000000089d5b                vTAMCOint1FiredCAP
                0x0000000000089dce                vTAMCOreqTXnoBeacon
                0x0000000000089de0                vTrySendUnslotted.16919
                0x0000000000089dfa                bProcessBeaconRX.16924
 .text          0x0000000000089ecb      0x89d C:\Users\sato\AppData\Local\Temp\cckUBToY.ltrans15.ltrans.o
                0x0000000000089ecb                vAHI_IntHandlerTickTimer
                0x0000000000089f12                vTACintRXheader
                0x000000000008a70d                eGenRxHdrDone.13790
                0x000000000008a71d                UART_vSetTxInterrupt
 .text          0x000000000008a768      0x9e6 C:\Users\sato\AppData\Local\Temp\cckUBToY.ltrans16.ltrans.o
                0x000000000008a768                TSV_eStart
                0x000000000008a84c                vTAMDEstartSync
                0x000000000008a8ca                vDeterminePowerState.17041
                0x000000000008a94d                vTAM_TxRetryTimer
                0x000000000008a959                eTAStransmitRequest
                0x000000000008acf4                vPMICassocReqTO_1.12220
                0x000000000008ad7c                vTAM_MCPSdataRequest
                0x000000000008adbf                bTACcheckPANconflict
                0x000000000008ae78                TSV_eOpen
                0x000000000008ae80                vAppApiDefRestoreMacSettings
                0x000000000008af67                vAppApiDefSaveMacSettings
                0x000000000008afc4                mac_vLPBSleep
                0x000000000008b082                pvAppApiDefGetMacAddrLocation
                0x000000000008b08b                eAppApiDefPlmeGet
                0x000000000008b0dd                eAppApiDefPlmeSet
 *fill*         0x000000000008b14e        0x2 00
 .text          0x000000000008b150      0x5f0 C:\Users\sato\AppData\Local\Temp\cckUBToY.ltrans17.ltrans.o
                0x000000000008b150                SERIAL_bTxChar
                0x000000000008b213                TWETERM_iPutS.26227
                0x000000000008b238                TWETERM_iPutC.26231
                0x000000000008b249                TWETERM_vFlush.26204
                0x000000000008b2c7                vTimerConfig
                0x000000000008b493                _ZN3mwx2L112periph_timer6_startEv.part.8.7027
                0x000000000008b4dd                cbAppWarmStart.part.28.7450
                0x000000000008b709                _ZN3mwx2L16streamINS0_10serial_jenEE6_printEPKc.local.123.constprop.225
                0x000000000008b728                _ZN3mwx2L16streamINS0_10serial_jenEElsERNS0_18MWX_Stream_EndLineE.isra.20.2246.constprop.239
 .text          0x000000000008b740      0x780 C:\Users\sato\AppData\Local\Temp\cckUBToY.ltrans18.ltrans.o
                0x000000000008b740                eGenTmrExpiry.14092
                0x000000000008b782                eWEDTEdDone.14095
                0x000000000008b7a6                TSV_eStop
                0x000000000008b864                bPMICdisassocReqSent.12216
                0x000000000008b91e                MAC_vHandleMcpsReqRsp
                0x000000000008b9ab                bMCPSframeTXcomplete.14827
                0x000000000008ba00                bSendSyncLoss.19054
                0x000000000008ba18                bPollReqSent.22650
                0x000000000008ba30                bTASsendCommStatusInd
                0x000000000008ba45                bAssocRespSent.12212
                0x000000000008ba58                eTACprocessFrameTXcomplete
                0x000000000008bbd5                vTAMCOframeTXnobeacon
                0x000000000008bbea                vTAMCOframeStarting
                0x000000000008bc03                vTAMDEframeTXDEnull
                0x000000000008bc26                vTAMDEframeTXtrackingCAPgts
                0x000000000008bc52                bPMICassocReqSent.12208
                0x000000000008bcd4                bPMICassocReqPollSent.12223
                0x000000000008bd28                eWChCChanChgd.13807
 .text          0x000000000008bec0      0x9be C:\Users\sato\AppData\Local\Temp\cckUBToY.ltrans19.ltrans.o
                0x000000000008bec0                _etoa.6350.constprop.268
                0x000000000008c26b                _vsnprintf.constprop.266
 .text          0x000000000008c87e      0x523 C:\Users\sato\AppData\Local\Temp\cckUBToY.ltrans20.ltrans.o
                0x000000000008c87e                vAppApiDefMcpsRequest
                0x000000000008c8a9                vHnd_E_STATE_PREPARE_TX.25848
 .text          0x000000000008cda1       0x25 c:/users/sato/documents/mwstage-2022-08_win10-1/mwstage/tools/ba-elf-ba2-r36379.w10/bin/../lib/gcc/ba-elf/4.7.4/../../../../ba-elf/lib/mcpu_jn51xx_sizeopt\libc.a(lib_a-memcmp.o)
                0x000000000008cda1                memcmp
 .text          0x000000000008cdc6       0x39 c:/users/sato/documents/mwstage-2022-08_win10-1/mwstage/tools/ba-elf-ba2-r36379.w10/bin/../lib/gcc/ba-elf/4.7.4/mcpu_jn51xx_sizeopt\libgcc.a(_fixunsdfsi.o)
                0x000000000008cdc6                __fixunsdfsi
 .text          0x000000000008cdff      0x350 c:/users/sato/documents/mwstage-2022-08_win10-1/mwstage/tools/ba-elf-ba2-r36379.w10/bin/../lib/gcc/ba-elf/4.7.4/mcpu_jn51xx_sizeopt\libgcc.a(_udivdi3.o)
                0x000000000008cdff                __udivdi3
 .text          0x000000000008d14f      0x312 c:/users/sato/documents/mwstage-2022-08_win10-1/mwstage/tools/ba-elf-ba2-r36379.w10/bin/../lib/gcc/ba-elf/4.7.4/mcpu_jn51xx_sizeopt\libgcc.a(_umoddi3.o)
                0x000000000008d14f                __umoddi3
 .text          0x000000000008d461       0x27 C:/Users/sato/Documents/MWSTAGE-2022-08_win10-1/MWSTAGE/MWSDK/ChipLib/SW4063V1416/Components/Library\libHardwareApi_JN5169.a(AHI_Interrupt.o)
                0x000000000008d461                vAHI_InterruptSetPriority
                0x000000000008d47f                vAHI_InterruptSetActivePriorityLevel
 .text.vMicroSyscall
                0x000000000008d488       0x17 C:/Users/sato/Documents/MWSTAGE-2022-08_win10-1/MWSTAGE/MWSDK/ChipLib/SW4063V1416/Components/Library\libMicroSpecific_JN516x.a(MicroSyscall_ba.o)
                0x000000000008d488                vMicroSyscall
 .text          0x000000000008d49f       0x12 c:/users/sato/documents/mwstage-2022-08_win10-1/mwstage/tools/ba-elf-ba2-r36379.w10/bin/../lib/gcc/ba-elf/4.7.4/../../../../ba-elf/lib/mcpu_jn51xx_sizeopt\libc.a(lib_a-memset.o)
                0x000000000008d49f                memset
 .text          0x000000000008d4b1       0x84 c:/users/sato/documents/mwstage-2022-08_win10-1/mwstage/tools/ba-elf-ba2-r36379.w10/bin/../lib/gcc/ba-elf/4.7.4/../../../../ba-elf/lib/mcpu_jn51xx_sizeopt\libc.a(lib_a-sprintf.o)
                0x000000000008d4b1                _sprintf_r
                0x000000000008d4ef                sprintf
 .text          0x000000000008d535       0x25 c:/users/sato/documents/mwstage-2022-08_win10-1/mwstage/tools/ba-elf-ba2-r36379.w10/bin/../lib/gcc/ba-elf/4.7.4/../../../../ba-elf/lib/mcpu_jn51xx_sizeopt\libc.a(lib_a-strcmp.o)
                0x000000000008d535                strcmp
 .text          0x000000000008d55a       0x15 c:/users/sato/documents/mwstage-2022-08_win10-1/mwstage/tools/ba-elf-ba2-r36379.w10/bin/../lib/gcc/ba-elf/4.7.4/../../../../ba-elf/lib/mcpu_jn51xx_sizeopt\libc.a(lib_a-strcpy.o)
                0x000000000008d55a                strcpy
 *fill*         0x000000000008d56f        0x1 00
 .text          0x000000000008d570     0x10e4 c:/users/sato/documents/mwstage-2022-08_win10-1/mwstage/tools/ba-elf-ba2-r36379.w10/bin/../lib/gcc/ba-elf/4.7.4/../../../../ba-elf/lib/mcpu_jn51xx_sizeopt\libc.a(lib_a-svfprintf.o)
                0x000000000008d570                _svfprintf_r
 .text          0x000000000008e654      0xd83 c:/users/sato/documents/mwstage-2022-08_win10-1/mwstage/tools/ba-elf-ba2-r36379.w10/bin/../lib/gcc/ba-elf/4.7.4/../../../../ba-elf/lib/mcpu_jn51xx_sizeopt\libc.a(lib_a-dtoa.o)
                0x000000000008e79f                _dtoa_r
 .text          0x000000000008f3d7       0x86 c:/users/sato/documents/mwstage-2022-08_win10-1/mwstage/tools/ba-elf-ba2-r36379.w10/bin/../lib/gcc/ba-elf/4.7.4/../../../../ba-elf/lib/mcpu_jn51xx_sizeopt\libc.a(lib_a-locale.o)
                0x000000000008f3d7                _setlocale_r
                0x000000000008f41d                __locale_charset
                0x000000000008f426                __locale_mb_cur_max
                0x000000000008f42f                __locale_msgcharset
                0x000000000008f438                __locale_cjk_lang
                0x000000000008f43d                _localeconv_r
                0x000000000008f446                setlocale
                0x000000000008f454                localeconv
 .text          0x000000000008f45d      0x4ba c:/users/sato/documents/mwstage-2022-08_win10-1/mwstage/tools/ba-elf-ba2-r36379.w10/bin/../lib/gcc/ba-elf/4.7.4/../../../../ba-elf/lib/mcpu_jn51xx_sizeopt\libc.a(lib_a-mallocr.o)
                0x000000000008f45d                _malloc_r
 .text          0x000000000008f917       0x19 c:/users/sato/documents/mwstage-2022-08_win10-1/mwstage/tools/ba-elf-ba2-r36379.w10/bin/../lib/gcc/ba-elf/4.7.4/../../../../ba-elf/lib/mcpu_jn51xx_sizeopt\libc.a(lib_a-memchr.o)
                0x000000000008f917                memchr
 .text          0x000000000008f930       0x19 c:/users/sato/documents/mwstage-2022-08_win10-1/mwstage/tools/ba-elf-ba2-r36379.w10/bin/../lib/gcc/ba-elf/4.7.4/../../../../ba-elf/lib/mcpu_jn51xx_sizeopt\libc.a(lib_a-memcpy.o)
 .text          0x000000000008f949        0x6 c:/users/sato/documents/mwstage-2022-08_win10-1/mwstage/tools/ba-elf-ba2-r36379.w10/bin/../lib/gcc/ba-elf/4.7.4/../../../../ba-elf/lib/mcpu_jn51xx_sizeopt\libc.a(lib_a-mlock.o)
                0x000000000008f949                __malloc_lock
                0x000000000008f94c                __malloc_unlock
 .text          0x000000000008f94f      0x8bb c:/users/sato/documents/mwstage-2022-08_win10-1/mwstage/tools/ba-elf-ba2-r36379.w10/bin/../lib/gcc/ba-elf/4.7.4/../../../../ba-elf/lib/mcpu_jn51xx_sizeopt\libc.a(lib_a-mprec.o)
                0x000000000008f94f                _Balloc
                0x000000000008f9a7                _Bfree
                0x000000000008f9c1                __multadd
                0x000000000008fa4e                __s2b
                0x000000000008fadb                __hi0bits
                0x000000000008fb30                __lo0bits
                0x000000000008fba9                __i2b
                0x000000000008fbbe                __multiply
                0x000000000008fcff                __pow5mult
                0x000000000008fd7e                __lshift
                0x000000000008fe32                __mcmp
                0x000000000008fe71                __mdiff
                0x000000000008ff53                __ulp
                0x000000000008ff97                __b2d
                0x000000000009003a                __d2b
                0x00000000000900f9                __ratio
                0x0000000000090149                _mprec_log10
                0x000000000009017d                __copybits
                0x00000000000901b6                __any_on
 .text          0x000000000009020a       0x23 c:/users/sato/documents/mwstage-2022-08_win10-1/mwstage/tools/ba-elf-ba2-r36379.w10/bin/../lib/gcc/ba-elf/4.7.4/../../../../ba-elf/lib/mcpu_jn51xx_sizeopt\libc.a(lib_a-sbrkr.o)
                0x000000000009020a                _sbrk_r
 .text          0x000000000009022d       0x5c c:/users/sato/documents/mwstage-2022-08_win10-1/mwstage/tools/ba-elf-ba2-r36379.w10/bin/../lib/gcc/ba-elf/4.7.4/../../../../ba-elf/lib/mcpu_jn51xx_sizeopt\libc.a(lib_a-s_fpclassify.o)
                0x000000000009022d                __fpclassifyd
 .text          0x0000000000090289       0x12 c:/users/sato/documents/mwstage-2022-08_win10-1/mwstage/tools/ba-elf-ba2-r36379.w10/bin/../lib/gcc/ba-elf/4.7.4/../../../../ba-elf/lib/mcpu_jn51xx_sizeopt\libc.a(lib_a-strlen.o)
                0x0000000000090289                strlen
 .text          0x000000000009029b      0x8f1 c:/users/sato/documents/mwstage-2022-08_win10-1/mwstage/tools/ba-elf-ba2-r36379.w10/bin/../lib/gcc/ba-elf/4.7.4/../../../../ba-elf/lib/mcpu_jn51xx_sizeopt\libc.a(lib_a-svfiprintf.o)
                0x000000000009029b                __ssprint_r
                0x00000000000903bf                _svfiprintf_r
 .text          0x0000000000090b8c       0x64 c:/users/sato/documents/mwstage-2022-08_win10-1/mwstage/tools/ba-elf-ba2-r36379.w10/bin/../lib/gcc/ba-elf/4.7.4/../../../../ba-elf/lib/mcpu_jn51xx_sizeopt\libc.a(lib_a-callocr.o)
                0x0000000000090b8c                _calloc_r
 .text          0x0000000000090bf0      0x271 c:/users/sato/documents/mwstage-2022-08_win10-1/mwstage/tools/ba-elf-ba2-r36379.w10/bin/../lib/gcc/ba-elf/4.7.4/../../../../ba-elf/lib/mcpu_jn51xx_sizeopt\libc.a(lib_a-freer.o)
                0x0000000000090bf0                _malloc_trim_r
                0x0000000000090ca4                _free_r
 .text          0x0000000000090e61      0x1d0 c:/users/sato/documents/mwstage-2022-08_win10-1/mwstage/tools/ba-elf-ba2-r36379.w10/bin/../lib/gcc/ba-elf/4.7.4/../../../../ba-elf/lib/mcpu_jn51xx_sizeopt\libc.a(lib_a-glue.o)
                0x0000000000090e61                _read
                0x0000000000090e7b                _write
                0x0000000000090e95                _open
                0x0000000000090eaf                _close
                0x0000000000090ec9                _isatty
                0x0000000000090ee4                _lseek
                0x0000000000090eff                _fstat
                0x0000000000090f1a                _times
                0x0000000000090f35                _time
                0x0000000000090f50                _creat
                0x0000000000090f6b                _link
                0x0000000000090f86                _unlink
                0x0000000000090fa1                _fork
                0x0000000000090fbb                isatty
                0x0000000000090fbd                __unlink
                0x0000000000090fbf                _exit
                0x0000000000090fc3                _kill
                0x0000000000090fc7                _getpid
                0x0000000000090fcc                _sbrk
 .text          0x0000000000091031       0x44 c:/users/sato/documents/mwstage-2022-08_win10-1/mwstage/tools/ba-elf-ba2-r36379.w10/bin/../lib/gcc/ba-elf/4.7.4/../../../../ba-elf/lib/mcpu_jn51xx_sizeopt\libc.a(lib_a-memmove.o)
                0x0000000000091031                memmove
 .text          0x0000000000091075      0x33c c:/users/sato/documents/mwstage-2022-08_win10-1/mwstage/tools/ba-elf-ba2-r36379.w10/bin/../lib/gcc/ba-elf/4.7.4/../../../../ba-elf/lib/mcpu_jn51xx_sizeopt\libc.a(lib_a-reallocr.o)
                0x0000000000091075                _realloc_r
 .text          0x00000000000913b1        0x9 c:/users/sato/documents/mwstage-2022-08_win10-1/mwstage/tools/ba-elf-ba2-r36379.w10/bin/../lib/gcc/ba-elf/4.7.4/../../../../ba-elf/lib/mcpu_jn51xx_sizeopt\libc.a(lib_a-errno.o)
                0x00000000000913b1                __errno
 *fill*         0x00000000000913ba        0x2 00
 .text          0x00000000000913bc      0x204 c:/users/sato/documents/mwstage-2022-08_win10-1/mwstage/tools/ba-elf-ba2-r36379.w10/bin/../lib/gcc/ba-elf/4.7.4/mcpu_jn51xx_sizeopt\libgcc.a(__udivsi3.o)
                0x00000000000913bc                __udivsi3
 .text          0x00000000000915c0       0x30 c:/users/sato/documents/mwstage-2022-08_win10-1/mwstage/tools/ba-elf-ba2-r36379.w10/bin/../lib/gcc/ba-elf/4.7.4/mcpu_jn51xx_sizeopt\libgcc.a(__divsi3.o)
                0x00000000000915c0                __divsi3
 .text          0x00000000000915f0      0x1b0 c:/users/sato/documents/mwstage-2022-08_win10-1/mwstage/tools/ba-elf-ba2-r36379.w10/bin/../lib/gcc/ba-elf/4.7.4/mcpu_jn51xx_sizeopt\libgcc.a(__umodsi3.o)
                0x00000000000915f0                __umodsi3
 .text          0x00000000000917a0       0x24 c:/users/sato/documents/mwstage-2022-08_win10-1/mwstage/tools/ba-elf-ba2-r36379.w10/bin/../lib/gcc/ba-elf/4.7.4/mcpu_jn51xx_sizeopt\libgcc.a(__modsi3.o)
                0x00000000000917a0                __modsi3
 .text          0x00000000000917c4      0x682 c:/users/sato/documents/mwstage-2022-08_win10-1/mwstage/tools/ba-elf-ba2-r36379.w10/bin/../lib/gcc/ba-elf/4.7.4/mcpu_jn51xx_sizeopt\libgcc.a(adddf3.o)
                0x00000000000917c4                __adddf3
 *fill*         0x0000000000091e46        0x2 00
 .text          0x0000000000091e48      0x5c8 c:/users/sato/documents/mwstage-2022-08_win10-1/mwstage/tools/ba-elf-ba2-r36379.w10/bin/../lib/gcc/ba-elf/4.7.4/mcpu_jn51xx_sizeopt\libgcc.a(divdf3.o)
                0x0000000000091e48                __divdf3
 .text          0x0000000000092410       0x7f c:/users/sato/documents/mwstage-2022-08_win10-1/mwstage/tools/ba-elf-ba2-r36379.w10/bin/../lib/gcc/ba-elf/4.7.4/mcpu_jn51xx_sizeopt\libgcc.a(eqdf2.o)
                0x0000000000092410                __nedf2
                0x0000000000092410                __eqdf2
 .text          0x000000000009248f       0xca c:/users/sato/documents/mwstage-2022-08_win10-1/mwstage/tools/ba-elf-ba2-r36379.w10/bin/../lib/gcc/ba-elf/4.7.4/mcpu_jn51xx_sizeopt\libgcc.a(gedf2.o)
                0x000000000009248f                __gedf2
                0x000000000009248f                __gtdf2
 .text          0x0000000000092559       0xcb c:/users/sato/documents/mwstage-2022-08_win10-1/mwstage/tools/ba-elf-ba2-r36379.w10/bin/../lib/gcc/ba-elf/4.7.4/mcpu_jn51xx_sizeopt\libgcc.a(ledf2.o)
                0x0000000000092559                __ledf2
                0x0000000000092559                __ltdf2
 .text          0x0000000000092624      0x488 c:/users/sato/documents/mwstage-2022-08_win10-1/mwstage/tools/ba-elf-ba2-r36379.w10/bin/../lib/gcc/ba-elf/4.7.4/mcpu_jn51xx_sizeopt\libgcc.a(muldf3.o)
                0x0000000000092624                __muldf3
 .text          0x0000000000092aac      0x693 c:/users/sato/documents/mwstage-2022-08_win10-1/mwstage/tools/ba-elf-ba2-r36379.w10/bin/../lib/gcc/ba-elf/4.7.4/mcpu_jn51xx_sizeopt\libgcc.a(subdf3.o)
                0x0000000000092aac                __subdf3
 .text          0x000000000009313f       0x64 c:/users/sato/documents/mwstage-2022-08_win10-1/mwstage/tools/ba-elf-ba2-r36379.w10/bin/../lib/gcc/ba-elf/4.7.4/mcpu_jn51xx_sizeopt\libgcc.a(fixdfsi.o)
                0x000000000009313f                __fixdfsi
 .text          0x00000000000931a3       0x61 c:/users/sato/documents/mwstage-2022-08_win10-1/mwstage/tools/ba-elf-ba2-r36379.w10/bin/../lib/gcc/ba-elf/4.7.4/mcpu_jn51xx_sizeopt\libgcc.a(floatsidf.o)
                0x00000000000931a3                __floatsidf
 .text          0x0000000000093204       0x4f c:/users/sato/documents/mwstage-2022-08_win10-1/mwstage/tools/ba-elf-ba2-r36379.w10/bin/../lib/gcc/ba-elf/4.7.4/mcpu_jn51xx_sizeopt\libgcc.a(floatunsidf.o)
                0x0000000000093204                __floatunsidf
                0x0000000000093253                _flash_end = ABSOLUTE (.)

.rela.dyn       0x0000000000093254        0x0
 .rela.text     0x0000000000000000        0x0 c:/users/sato/documents/mwstage-2022-08_win10-1/mwstage/tools/ba-elf-ba2-r36379.w10/bin/../lib/gcc/ba-elf/4.7.4/../../../../ba-elf/lib/mcpu_jn51xx_sizeopt\libc.a(lib_a-sprintf.o)
 .rela.data     0x0000000000000000        0x0 c:/users/sato/documents/mwstage-2022-08_win10-1/mwstage/tools/ba-elf-ba2-r36379.w10/bin/../lib/gcc/ba-elf/4.7.4/../../../../ba-elf/lib/mcpu_jn51xx_sizeopt\libc.a(lib_a-sprintf.o)
 .rela.rodata   0x0000000000000000        0x0 c:/users/sato/documents/mwstage-2022-08_win10-1/mwstage/tools/ba-elf-ba2-r36379.w10/bin/../lib/gcc/ba-elf/4.7.4/../../../../ba-elf/lib/mcpu_jn51xx_sizeopt\libc.a(lib_a-sprintf.o)
 .rela.text.unlikely
                0x0000000000000000        0x0 c:/users/sato/documents/mwstage-2022-08_win10-1/mwstage/tools/ba-elf-ba2-r36379.w10/bin/../lib/gcc/ba-elf/4.7.4/../../../../ba-elf/lib/mcpu_jn51xx_sizeopt\libc.a(lib_a-sprintf.o)
                0x000000000400004c                . = ORIGIN (ram)

.data           0x000000000400004c      0x8d0 load address 0x0000000000093254
                0x000000000400004c                _ram_data_start = ABSOLUTE (.)
 *(.data*)
 .data          0x000000000400004c        0x8 C:\Users\sato\AppData\Local\Temp\cckUBToY.ltrans0.ltrans.o
                0x000000000400004c                u32HeapStart
 .data          0x0000000004000054        0x1 C:\Users\sato\AppData\Local\Temp\cckUBToY.ltrans8.ltrans.o
 .data.initinboot
                0x0000000004000055        0x1 C:\Users\sato\AppData\Local\Temp\cckUBToY.ltrans8.ltrans.o
                0x0000000004000055                gMAC_u8MaxBuffers
 .data          0x0000000004000056        0x2 C:\Users\sato\AppData\Local\Temp\cckUBToY.ltrans10.ltrans.o
 .data          0x0000000004000058        0x1 C:\Users\sato\AppData\Local\Temp\cckUBToY.ltrans12.ltrans.o
                0x0000000004000058                _mwx_periph_u8_grain_gpio
 .data          0x0000000004000059        0x1 C:\Users\sato\AppData\Local\Temp\cckUBToY.ltrans14.ltrans.o
                0x0000000004000059                _toconet_tx_u8_init_queue_flag
 .data          0x000000000400005a        0x1 C:\Users\sato\AppData\Local\Temp\cckUBToY.ltrans20.ltrans.o
                0x000000000400005a                u8TxWkrNow.25971
 *fill*         0x000000000400005b        0x5 00
 .data          0x0000000004000060      0x430 c:/users/sato/documents/mwstage-2022-08_win10-1/mwstage/tools/ba-elf-ba2-r36379.w10/bin/../lib/gcc/ba-elf/4.7.4/../../../../ba-elf/lib/mcpu_jn51xx_sizeopt\libc.a(lib_a-impure.o)
                0x0000000004000060                _impure_ptr
 .data          0x0000000004000490       0x7c c:/users/sato/documents/mwstage-2022-08_win10-1/mwstage/tools/ba-elf-ba2-r36379.w10/bin/../lib/gcc/ba-elf/4.7.4/../../../../ba-elf/lib/mcpu_jn51xx_sizeopt\libc.a(lib_a-locale.o)
                0x0000000004000490                __mb_cur_max
 .data          0x000000000400050c      0x410 c:/users/sato/documents/mwstage-2022-08_win10-1/mwstage/tools/ba-elf-ba2-r36379.w10/bin/../lib/gcc/ba-elf/4.7.4/../../../../ba-elf/lib/mcpu_jn51xx_sizeopt\libc.a(lib_a-mallocr.o)
                0x000000000400050c                __malloc_sbrk_base
                0x0000000004000510                __malloc_trim_threshold
                0x0000000004000514                __malloc_av_
 *(.data.*)
                0x000000000400091c                . = ALIGN (0x4)
                0x000000000400091c                _ram_data_end = ABSOLUTE (.)

.bss            0x000000000400091c     0x1648 load address 0x0000000000093b24
                0x000000000400091c                _bss_start = ABSOLUTE (.)
 *(.bss*)
 .bss           0x000000000400091c        0x8 C:\Users\sato\AppData\Local\Temp\cckUBToY.ltrans0.ltrans.o
 .bss.dontinitinboot
                0x0000000004000924        0x4 C:\Users\sato\AppData\Local\Temp\cckUBToY.ltrans0.ltrans.o
 .bss           0x0000000004000928       0x40 C:\Users\sato\AppData\Local\Temp\cckUBToY.ltrans1.ltrans.o
                0x0000000004000928                g_sLP
                0x0000000004000964                g_pvMac
 .bss.initinboot
                0x0000000004000968      0x1c0 C:\Users\sato\AppData\Local\Temp\cckUBToY.ltrans1.ltrans.o
                0x0000000004000968                g_sMac
 .bss           0x0000000004000b28      0x290 C:\Users\sato\AppData\Local\Temp\cckUBToY.ltrans3.ltrans.o
                0x0000000004000b28                u8AppId_Pkt_head.5113
                0x0000000004000b2c                u32AppId.5110
                0x0000000004000b30                u32MyAddr.5112
                0x0000000004000b34                bRxQueue_Init.5111
                0x0000000004000b38                psRxQueueList.5109
                0x0000000004000b4c                asEventHandler.2878
                0x0000000004000bec                sEvVars
                0x0000000004000c08                u32TickCount_ms
                0x0000000004000c0c                au8Txdatabuff_idx_sTxQueue
                0x0000000004000c10                u8TxBuffSiz_sTxQueue
                0x0000000004000c14                sTxdatabuff_sTxQueue
                0x0000000004000c18                sTxQueue
                0x0000000004000c34                au8Rxdatabuff_idx_sRxQueue
                0x0000000004000c38                u8RxBuffSiz_sRxQueue
                0x0000000004000c3c                sRxdatabuff_sRxQueue
                0x0000000004000c40                sRxQueue
                0x0000000004000c5c                au8Rxdatabuff_idx_sRxQueueCmd
                0x0000000004000c60                u8RxBuffSiz_sRxQueueCmd
                0x0000000004000c64                sRxdatabuff_sRxQueueCmd
                0x0000000004000c68                sRxQueueCmd.3329
                0x0000000004000c84                sContext.5234
                0x0000000004000cb0                the_twelite
                0x0000000004000d48                TWENET_u8RFdevice_minor.4534
                0x0000000004000d49                TWENET_u8RFdevice_major.4533
                0x0000000004000d4a                _TWENET_TX_POWER_MAX
                0x0000000004000d4c                sToCoNet_Modules
 .bss           0x0000000004000db8       0x24 C:\Users\sato\AppData\Local\Temp\cckUBToY.ltrans4.ltrans.o
                0x0000000004000db8                sAppHousekeeping
                0x0000000004000dd0                prApAppCallback.24129
                0x0000000004000dd4                bIntEnableFlag.24126
                0x0000000004000dd8                prAppHwCallback.4165
 .bss           0x0000000004000ddc      0x71c C:\Users\sato\AppData\Local\Temp\cckUBToY.ltrans5.ltrans.o
                0x0000000004000ddc                prSpiAppCallback.24363
                0x0000000004000de0                prSiAppCallback.25598
                0x0000000004000de4                prAppMcpsCallback.4163
                0x0000000004000de8                prAppMlmeCallback.4164
                0x0000000004000dec                bTxEventQueued.19949
                0x0000000004000ded                u8TxEventStatus.19950
                0x0000000004000dee                gbTimeOutFlag.24567
 .bss.initinboot
                0x00000000040014f8        0x4 C:\Users\sato\AppData\Local\Temp\cckUBToY.ltrans5.ltrans.o
                0x00000000040014f8                prSysCtrlAppCallback.24571
 .bss           0x00000000040014fc       0x18 C:\Users\sato\AppData\Local\Temp\cckUBToY.ltrans6.ltrans.o
 .bss           0x0000000004001514       0x90 C:\Users\sato\AppData\Local\Temp\cckUBToY.ltrans7.ltrans.o
                0x0000000004001514                _ZL5_vcbs.7823
                0x0000000004001528                sToCoNet_AppContext
                0x0000000004001544                sToCoNet_Context
                0x000000000400158c                sAssocSecurity.12837
                0x0000000004001598                g_bJenieBackwardsCompatibilityMode
 .bss           0x00000000040015a4       0x24 C:\Users\sato\AppData\Local\Temp\cckUBToY.ltrans8.ltrans.o
                0x00000000040015a4                i8TxPower.15627
                0x00000000040015a8                g_sXcv
                0x00000000040015ac                prMcpsRequest.9221
                0x00000000040015b0                prMlmeRequest.9220
                0x00000000040015b4                prOriginalHandler.5244
 .bss.initinboot
                0x00000000040015c8        0x8 C:\Users\sato\AppData\Local\Temp\cckUBToY.ltrans8.ltrans.o
                0x00000000040015c8                g_u32MacAddrLocation
                0x00000000040015cc                prvUserTxStartedCallback
 .bss           0x00000000040015d0       0x18 C:\Users\sato\AppData\Local\Temp\cckUBToY.ltrans9.ltrans.o
 .bss           0x00000000040015e8       0x8c C:\Users\sato\AppData\Local\Temp\cckUBToY.ltrans10.ltrans.o
                0x00000000040015e8                sMcpsIndQueue.4159
                0x00000000040015f8                sMcpsIndBufferQueue.4157
                0x0000000004001608                sMlmeIndQueue.4160
                0x0000000004001618                sMlmeIndBufferQueue.4158
                0x0000000004001628                sHwIndQueue.4161
                0x0000000004001638                sHwIndBufferQueue.4162
                0x0000000004001648                _u32_INT_adc_comp
                0x000000000400164c                _u32_INT_ticktimer
                0x0000000004001650                the_vsettings
                0x0000000004001654                lcd_data_buf2
                0x000000000400165e                lcd_data_buf1
                0x0000000004001668                _periph_availmap
 .bss           0x0000000004001674        0xc C:\Users\sato\AppData\Local\Temp\cckUBToY.ltrans11.ltrans.o
                0x0000000004001674                _psSerial
 .bss.dontinitinboot
                0x0000000004001680        0x1 C:\Users\sato\AppData\Local\Temp\cckUBToY.ltrans11.ltrans.o
 *fill*         0x0000000004001681        0x3 00
 .bss           0x0000000004001684      0x10c C:\Users\sato\AppData\Local\Temp\cckUBToY.ltrans12.ltrans.o
                0x0000000004001684                lcd_control
                0x0000000004001688                the_mac
                0x00000000040016a4                Timer4
                0x00000000040016ac                Timer3
                0x00000000040016b4                Timer2
                0x00000000040016bc                Timer1
                0x00000000040016c4                Timer0
                0x00000000040016cc                Analogue
                0x00000000040016e4                SPI
                0x00000000040016e8                Wire
                0x0000000004001700                SerialParser
                0x000000000400173c                Serial1
                0x000000000400175c                Serial
                0x000000000400177c                Buttons
                0x0000000004001784                PulseCounter1
                0x0000000004001788                PulseCounter0
 .bss           0x0000000004001790       0x70 C:\Users\sato\AppData\Local\Temp\cckUBToY.ltrans13.ltrans.o
                0x0000000004001790                TxWorker_u8Num.25928
                0x0000000004001794                prUart1AppCallback.25035
                0x0000000004001798                prUart0AppCallback.25034
                0x000000000400179c                sOpt.5416
 .bss           0x0000000004001800      0x610 C:\Users\sato\AppData\Local\Temp\cckUBToY.ltrans14.ltrans.o
 .bss           0x0000000004001e10       0x28 C:\Users\sato\AppData\Local\Temp\cckUBToY.ltrans15.ltrans.o
                0x0000000004001e10                asUARTS.5409
 .bss           0x0000000004001e38       0x1c C:\Users\sato\AppData\Local\Temp\cckUBToY.ltrans16.ltrans.o
 .bss.initinboot
                0x0000000004001e54        0x1 C:\Users\sato\AppData\Local\Temp\cckUBToY.ltrans16.ltrans.o
 *fill*         0x0000000004001e55        0x3 00
 .bss           0x0000000004001e58       0x60 C:\Users\sato\AppData\Local\Temp\cckUBToY.ltrans17.ltrans.o
                0x0000000004001e58                _SERIAL_bmTxIntEnabled
                0x0000000004001e5c                asSerialPorts
                0x0000000004001e94                apfTimerAppCallback.24780
                0x0000000004001ea8                prTickTimeAppCallback
                0x0000000004001eac                au16TimerSettings.24729
 .bss           0x0000000004001eb8       0x14 C:\Users\sato\AppData\Local\Temp\cckUBToY.ltrans18.ltrans.o
                0x0000000004001eb8                s_sTimerList
                0x0000000004001ec8                u8AssocResponsesInProgress.12836
 .bss           0x0000000004001ecc       0x1c C:\Users\sato\AppData\Local\Temp\cckUBToY.ltrans20.ltrans.o
                0x0000000004001ecc                sCh_Context.3797
                0x0000000004001ed0                the_vhw
                0x0000000004001ed4                the_vnet2
                0x0000000004001ed8                the_vnet
                0x0000000004001edc                the_vapp
                0x0000000004001ee0                asTx.25927
 .bss.dontinitinboot
                0x0000000004001ee8       0x40 C:/Users/sato/Documents/MWSTAGE-2022-08_win10-1/MWSTAGE/MWSDK/ChipLib/SW4063V1416/Components/Library\libBoot_JN516x.a(ExceptionHandler.o)
                0x0000000004001ee8                isr_handlers
 .bss           0x0000000004001f28       0x34 c:/users/sato/documents/mwstage-2022-08_win10-1/mwstage/tools/ba-elf-ba2-r36379.w10/bin/../lib/gcc/ba-elf/4.7.4/../../../../ba-elf/lib/mcpu_jn51xx_sizeopt\libc.a(lib_a-mallocr.o)
                0x0000000004001f28                __malloc_current_mallinfo
                0x0000000004001f50                __malloc_max_total_mem
                0x0000000004001f54                __malloc_max_sbrked_mem
                0x0000000004001f58                __malloc_top_pad
 .bss           0x0000000004001f5c        0x4 c:/users/sato/documents/mwstage-2022-08_win10-1/mwstage/tools/ba-elf-ba2-r36379.w10/bin/../lib/gcc/ba-elf/4.7.4/../../../../ba-elf/lib/mcpu_jn51xx_sizeopt\libc.a(lib_a-glue.o)
 *(.bss.*)
 *(.scommon*)
 .scommon       0x0000000004001f60        0x4 c:/users/sato/documents/mwstage-2022-08_win10-1/mwstage/tools/ba-elf-ba2-r36379.w10/bin/../lib/gcc/ba-elf/4.7.4/../../../../ba-elf/lib/mcpu_jn51xx_sizeopt\libc.a(lib_a-reent.o)
                0x0000000004001f60                errno
 *(.scommon.*)
 *(COMMON)
                0x0000000004001f64                . = ALIGN (0x4)
                0x0000000004001f64                _bss_end = ABSOLUTE (.)
                0x0000000004001f64                end = .

.heap           0x0000000004001f64      0xd16 load address 0x000000000009516c
                0x0000000004001f64                _heap_start = ABSOLUTE (.)
                0x0000000004002c7a                . = (. + __minimum_heap_size)
 *fill*         0x0000000004001f64      0xd16 00

.stack          0x0000000004007800      0x800 load address 0x000000000009aa08
                0x0000000004007800                _heap_end = ABSOLUTE (.)
                0x0000000004007800                _stack_low_water_mark = ABSOLUTE (.)
                0x0000000004008000                . = (. + __stack_size)
 *fill*         0x0000000004007800      0x800 00
                0x0000000004008000                _stack = .

.test           0x0000000000093b24        0x1
                0x0000000000093b24        0x1 BYTE 0xff
                0x0000000000093254                _flash_data_start = LOADADDR (.data)
                0x00000000000008d0                _ram_data_len = (((_ram_data_end - _ram_data_start) + 0x3) & 0xfffffffffffffffc)
                0x0000000000001648                _bss_len = (((_bss_end - _bss_start) + 0x3) & 0xfffffffffffffffc)
                0x0000000000013b24                _image_len = ((((_flash_end - _flash_start) + _ram_data_len) + 0x3) & 0xfffffffffffffffc)
                0x0000000004008000                _ram_top = (ABSOLUTE (ORIGIN (ram)) + 0x7fb4)
                0x0000000004008000                ram_top = (ABSOLUTE (ORIGIN (ram)) + 0x7fb4)
                0x0000000001001580                _app_ram_start = 0x1001580
                0x000000000400004c                PROVIDE (_heap_location, u32HeapStart)
                0x000000000400004c                PROVIDE (heap_location, u32HeapStart)
                0x000000000008ae78                TSV_eOpenVector = TSV_eOpen
                0x000000000008a768                TSV_eStartVector = TSV_eStart
                0x000000000008b7a6                TSV_eStopVector = TSV_eStop
                0x00000000000888fa                pvAppApiGetMacHandle = pvAppApiDefGetMacHandle
                0x00000000000864f9                u32AppApiInit = u32AppApiDefInit
                0x00000000000888cf                vAppApiMlmeRequest = vAppApiDefMlmeRequest
                0x000000000008c87e                vAppApiMcpsRequest = vAppApiDefMcpsRequest
                0x000000000008b0dd                eAppApiPlmeSet = eAppApiDefPlmeSet
                0x000000000008b08b                eAppApiPlmeGet = eAppApiDefPlmeGet
                0x000000000008b082                pvAppApiGetMacAddrLocation = pvAppApiDefGetMacAddrLocation
                0x000000000008af67                vAppApiSaveMacSettings = vAppApiDefSaveMacSettings
                0x000000000008ae80                vAppApiRestoreMacSettings = vAppApiDefRestoreMacSettings
OUTPUT(objs_RED/Wireless_EM_Switch_RED_L1305_V0-1-0.elf elf32-ba)

.comment        0x0000000000000000       0x11
 .comment       0x0000000000000000       0x12 C:\Users\sato\AppData\Local\Temp\cckUBToY.ltrans0.ltrans.o
 .comment       0x0000000000000000       0x12 C:\Users\sato\AppData\Local\Temp\cckUBToY.ltrans1.ltrans.o
 .comment       0x0000000000000000       0x12 C:\Users\sato\AppData\Local\Temp\cckUBToY.ltrans2.ltrans.o
 .comment       0x0000000000000000       0x12 C:\Users\sato\AppData\Local\Temp\cckUBToY.ltrans3.ltrans.o
 .comment       0x0000000000000000       0x12 C:\Users\sato\AppData\Local\Temp\cckUBToY.ltrans4.ltrans.o
 .comment       0x0000000000000000       0x12 C:\Users\sato\AppData\Local\Temp\cckUBToY.ltrans5.ltrans.o
 .comment       0x0000000000000000       0x12 C:\Users\sato\AppData\Local\Temp\cckUBToY.ltrans6.ltrans.o
 .comment       0x0000000000000000       0x12 C:\Users\sato\AppData\Local\Temp\cckUBToY.ltrans7.ltrans.o
 .comment       0x0000000000000000       0x12 C:\Users\sato\AppData\Local\Temp\cckUBToY.ltrans8.ltrans.o
 .comment       0x0000000000000000       0x12 C:\Users\sato\AppData\Local\Temp\cckUBToY.ltrans9.ltrans.o
 .comment       0x0000000000000000       0x12 C:\Users\sato\AppData\Local\Temp\cckUBToY.ltrans10.ltrans.o
 .comment       0x0000000000000000       0x12 C:\Users\sato\AppData\Local\Temp\cckUBToY.ltrans11.ltrans.o
 .comment       0x0000000000000000       0x12 C:\Users\sato\AppData\Local\Temp\cckUBToY.ltrans12.ltrans.o
 .comment       0x0000000000000000       0x12 C:\Users\sato\AppData\Local\Temp\cckUBToY.ltrans13.ltrans.o
 .comment       0x0000000000000000       0x12 C:\Users\sato\AppData\Local\Temp\cckUBToY.ltrans14.ltrans.o
 .comment       0x0000000000000000       0x12 C:\Users\sato\AppData\Local\Temp\cckUBToY.ltrans15.ltrans.o
 .comment       0x0000000000000000       0x12 C:\Users\sato\AppData\Local\Temp\cckUBToY.ltrans16.ltrans.o
 .comment       0x0000000000000000       0x12 C:\Users\sato\AppData\Local\Temp\cckUBToY.ltrans17.ltrans.o
 .comment       0x0000000000000000       0x12 C:\Users\sato\AppData\Local\Temp\cckUBToY.ltrans18.ltrans.o
 .comment       0x0000000000000000       0x12 C:\Users\sato\AppData\Local\Temp\cckUBToY.ltrans19.ltrans.o
 .comment       0x0000000000000000       0x12 C:\Users\sato\AppData\Local\Temp\cckUBToY.ltrans20.ltrans.o
 .comment       0x0000000000000000       0x12 c:/users/sato/documents/mwstage-2022-08_win10-1/mwstage/tools/ba-elf-ba2-r36379.w10/bin/../lib/gcc/ba-elf/4.7.4/../../../../ba-elf/lib/mcpu_jn51xx_sizeopt\libc.a(lib_a-memcmp.o)
 .comment       0x0000000000000000       0x12 c:/users/sato/documents/mwstage-2022-08_win10-1/mwstage/tools/ba-elf-ba2-r36379.w10/bin/../lib/gcc/ba-elf/4.7.4/mcpu_jn51xx_sizeopt\libgcc.a(_fixunsdfsi.o)
 .comment       0x0000000000000000       0x12 c:/users/sato/documents/mwstage-2022-08_win10-1/mwstage/tools/ba-elf-ba2-r36379.w10/bin/../lib/gcc/ba-elf/4.7.4/mcpu_jn51xx_sizeopt\libgcc.a(_udivdi3.o)
 .comment       0x0000000000000000       0x12 c:/users/sato/documents/mwstage-2022-08_win10-1/mwstage/tools/ba-elf-ba2-r36379.w10/bin/../lib/gcc/ba-elf/4.7.4/mcpu_jn51xx_sizeopt\libgcc.a(_umoddi3.o)
 .comment       0x0000000000000000       0x11 C:/Users/sato/Documents/MWSTAGE-2022-08_win10-1/MWSTAGE/MWSDK/ChipLib/SW4063V1416/Components/Library\libMicroSpecific_JN516x.a(MicroSyscall_ba.o)
                                         0x12 (size before relaxing)
 .comment       0x0000000000000000       0x12 c:/users/sato/documents/mwstage-2022-08_win10-1/mwstage/tools/ba-elf-ba2-r36379.w10/bin/../lib/gcc/ba-elf/4.7.4/../../../../ba-elf/lib/mcpu_jn51xx_sizeopt\libc.a(lib_a-memset.o)
 .comment       0x0000000000000000       0x12 c:/users/sato/documents/mwstage-2022-08_win10-1/mwstage/tools/ba-elf-ba2-r36379.w10/bin/../lib/gcc/ba-elf/4.7.4/../../../../ba-elf/lib/mcpu_jn51xx_sizeopt\libc.a(lib_a-sprintf.o)
 .comment       0x0000000000000000       0x12 c:/users/sato/documents/mwstage-2022-08_win10-1/mwstage/tools/ba-elf-ba2-r36379.w10/bin/../lib/gcc/ba-elf/4.7.4/../../../../ba-elf/lib/mcpu_jn51xx_sizeopt\libc.a(lib_a-strcmp.o)
 .comment       0x0000000000000000       0x12 c:/users/sato/documents/mwstage-2022-08_win10-1/mwstage/tools/ba-elf-ba2-r36379.w10/bin/../lib/gcc/ba-elf/4.7.4/../../../../ba-elf/lib/mcpu_jn51xx_sizeopt\libc.a(lib_a-strcpy.o)
 .comment       0x0000000000000000       0x12 c:/users/sato/documents/mwstage-2022-08_win10-1/mwstage/tools/ba-elf-ba2-r36379.w10/bin/../lib/gcc/ba-elf/4.7.4/../../../../ba-elf/lib/mcpu_jn51xx_sizeopt\libc.a(lib_a-svfprintf.o)
 .comment       0x0000000000000000       0x12 c:/users/sato/documents/mwstage-2022-08_win10-1/mwstage/tools/ba-elf-ba2-r36379.w10/bin/../lib/gcc/ba-elf/4.7.4/../../../../ba-elf/lib/mcpu_jn51xx_sizeopt\libc.a(lib_a-dtoa.o)
 .comment       0x0000000000000000       0x12 c:/users/sato/documents/mwstage-2022-08_win10-1/mwstage/tools/ba-elf-ba2-r36379.w10/bin/../lib/gcc/ba-elf/4.7.4/../../../../ba-elf/lib/mcpu_jn51xx_sizeopt\libc.a(lib_a-impure.o)
 .comment       0x0000000000000000       0x12 c:/users/sato/documents/mwstage-2022-08_win10-1/mwstage/tools/ba-elf-ba2-r36379.w10/bin/../lib/gcc/ba-elf/4.7.4/../../../../ba-elf/lib/mcpu_jn51xx_sizeopt\libc.a(lib_a-locale.o)
 .comment       0x0000000000000000       0x12 c:/users/sato/documents/mwstage-2022-08_win10-1/mwstage/tools/ba-elf-ba2-r36379.w10/bin/../lib/gcc/ba-elf/4.7.4/../../../../ba-elf/lib/mcpu_jn51xx_sizeopt\libc.a(lib_a-mallocr.o)
 .comment       0x0000000000000000       0x12 c:/users/sato/documents/mwstage-2022-08_win10-1/mwstage/tools/ba-elf-ba2-r36379.w10/bin/../lib/gcc/ba-elf/4.7.4/../../../../ba-elf/lib/mcpu_jn51xx_sizeopt\libc.a(lib_a-memchr.o)
 .comment       0x0000000000000000       0x12 c:/users/sato/documents/mwstage-2022-08_win10-1/mwstage/tools/ba-elf-ba2-r36379.w10/bin/../lib/gcc/ba-elf/4.7.4/../../../../ba-elf/lib/mcpu_jn51xx_sizeopt\libc.a(lib_a-memcpy.o)
 .comment       0x0000000000000000       0x12 c:/users/sato/documents/mwstage-2022-08_win10-1/mwstage/tools/ba-elf-ba2-r36379.w10/bin/../lib/gcc/ba-elf/4.7.4/../../../../ba-elf/lib/mcpu_jn51xx_sizeopt\libc.a(lib_a-mlock.o)
 .comment       0x0000000000000000       0x12 c:/users/sato/documents/mwstage-2022-08_win10-1/mwstage/tools/ba-elf-ba2-r36379.w10/bin/../lib/gcc/ba-elf/4.7.4/../../../../ba-elf/lib/mcpu_jn51xx_sizeopt\libc.a(lib_a-mprec.o)
 .comment       0x0000000000000000       0x12 c:/users/sato/documents/mwstage-2022-08_win10-1/mwstage/tools/ba-elf-ba2-r36379.w10/bin/../lib/gcc/ba-elf/4.7.4/../../../../ba-elf/lib/mcpu_jn51xx_sizeopt\libc.a(lib_a-sbrkr.o)
 .comment       0x0000000000000000       0x12 c:/users/sato/documents/mwstage-2022-08_win10-1/mwstage/tools/ba-elf-ba2-r36379.w10/bin/../lib/gcc/ba-elf/4.7.4/../../../../ba-elf/lib/mcpu_jn51xx_sizeopt\libc.a(lib_a-s_fpclassify.o)
 .comment       0x0000000000000000       0x12 c:/users/sato/documents/mwstage-2022-08_win10-1/mwstage/tools/ba-elf-ba2-r36379.w10/bin/../lib/gcc/ba-elf/4.7.4/../../../../ba-elf/lib/mcpu_jn51xx_sizeopt\libc.a(lib_a-strlen.o)
 .comment       0x0000000000000000       0x12 c:/users/sato/documents/mwstage-2022-08_win10-1/mwstage/tools/ba-elf-ba2-r36379.w10/bin/../lib/gcc/ba-elf/4.7.4/../../../../ba-elf/lib/mcpu_jn51xx_sizeopt\libc.a(lib_a-svfiprintf.o)
 .comment       0x0000000000000000       0x12 c:/users/sato/documents/mwstage-2022-08_win10-1/mwstage/tools/ba-elf-ba2-r36379.w10/bin/../lib/gcc/ba-elf/4.7.4/../../../../ba-elf/lib/mcpu_jn51xx_sizeopt\libc.a(lib_a-callocr.o)
 .comment       0x0000000000000000       0x12 c:/users/sato/documents/mwstage-2022-08_win10-1/mwstage/tools/ba-elf-ba2-r36379.w10/bin/../lib/gcc/ba-elf/4.7.4/../../../../ba-elf/lib/mcpu_jn51xx_sizeopt\libc.a(lib_a-freer.o)
 .comment       0x0000000000000000       0x12 c:/users/sato/documents/mwstage-2022-08_win10-1/mwstage/tools/ba-elf-ba2-r36379.w10/bin/../lib/gcc/ba-elf/4.7.4/../../../../ba-elf/lib/mcpu_jn51xx_sizeopt\libc.a(lib_a-glue.o)
 .comment       0x0000000000000000       0x12 c:/users/sato/documents/mwstage-2022-08_win10-1/mwstage/tools/ba-elf-ba2-r36379.w10/bin/../lib/gcc/ba-elf/4.7.4/../../../../ba-elf/lib/mcpu_jn51xx_sizeopt\libc.a(lib_a-memmove.o)
 .comment       0x0000000000000000       0x12 c:/users/sato/documents/mwstage-2022-08_win10-1/mwstage/tools/ba-elf-ba2-r36379.w10/bin/../lib/gcc/ba-elf/4.7.4/../../../../ba-elf/lib/mcpu_jn51xx_sizeopt\libc.a(lib_a-reallocr.o)
 .comment       0x0000000000000000       0x12 c:/users/sato/documents/mwstage-2022-08_win10-1/mwstage/tools/ba-elf-ba2-r36379.w10/bin/../lib/gcc/ba-elf/4.7.4/../../../../ba-elf/lib/mcpu_jn51xx_sizeopt\libc.a(lib_a-reent.o)
 .comment       0x0000000000000000       0x12 c:/users/sato/documents/mwstage-2022-08_win10-1/mwstage/tools/ba-elf-ba2-r36379.w10/bin/../lib/gcc/ba-elf/4.7.4/../../../../ba-elf/lib/mcpu_jn51xx_sizeopt\libc.a(lib_a-errno.o)
 .comment       0x0000000000000000       0x12 c:/users/sato/documents/mwstage-2022-08_win10-1/mwstage/tools/ba-elf-ba2-r36379.w10/bin/../lib/gcc/ba-elf/4.7.4/mcpu_jn51xx_sizeopt\libgcc.a(adddf3.o)
 .comment       0x0000000000000000       0x12 c:/users/sato/documents/mwstage-2022-08_win10-1/mwstage/tools/ba-elf-ba2-r36379.w10/bin/../lib/gcc/ba-elf/4.7.4/mcpu_jn51xx_sizeopt\libgcc.a(divdf3.o)
 .comment       0x0000000000000000       0x12 c:/users/sato/documents/mwstage-2022-08_win10-1/mwstage/tools/ba-elf-ba2-r36379.w10/bin/../lib/gcc/ba-elf/4.7.4/mcpu_jn51xx_sizeopt\libgcc.a(eqdf2.o)
 .comment       0x0000000000000000       0x12 c:/users/sato/documents/mwstage-2022-08_win10-1/mwstage/tools/ba-elf-ba2-r36379.w10/bin/../lib/gcc/ba-elf/4.7.4/mcpu_jn51xx_sizeopt\libgcc.a(gedf2.o)
 .comment       0x0000000000000000       0x12 c:/users/sato/documents/mwstage-2022-08_win10-1/mwstage/tools/ba-elf-ba2-r36379.w10/bin/../lib/gcc/ba-elf/4.7.4/mcpu_jn51xx_sizeopt\libgcc.a(ledf2.o)
 .comment       0x0000000000000000       0x12 c:/users/sato/documents/mwstage-2022-08_win10-1/mwstage/tools/ba-elf-ba2-r36379.w10/bin/../lib/gcc/ba-elf/4.7.4/mcpu_jn51xx_sizeopt\libgcc.a(muldf3.o)
 .comment       0x0000000000000000       0x12 c:/users/sato/documents/mwstage-2022-08_win10-1/mwstage/tools/ba-elf-ba2-r36379.w10/bin/../lib/gcc/ba-elf/4.7.4/mcpu_jn51xx_sizeopt\libgcc.a(subdf3.o)
 .comment       0x0000000000000000       0x12 c:/users/sato/documents/mwstage-2022-08_win10-1/mwstage/tools/ba-elf-ba2-r36379.w10/bin/../lib/gcc/ba-elf/4.7.4/mcpu_jn51xx_sizeopt\libgcc.a(fixdfsi.o)
 .comment       0x0000000000000000       0x12 c:/users/sato/documents/mwstage-2022-08_win10-1/mwstage/tools/ba-elf-ba2-r36379.w10/bin/../lib/gcc/ba-elf/4.7.4/mcpu_jn51xx_sizeopt\libgcc.a(floatsidf.o)
 .comment       0x0000000000000000       0x12 c:/users/sato/documents/mwstage-2022-08_win10-1/mwstage/tools/ba-elf-ba2-r36379.w10/bin/../lib/gcc/ba-elf/4.7.4/mcpu_jn51xx_sizeopt\libgcc.a(floatunsidf.o)

.debug_info     0x0000000000000000    0x11520
 .debug_info    0x0000000000000000       0xf3 c:/users/sato/documents/mwstage-2022-08_win10-1/mwstage/tools/ba-elf-ba2-r36379.w10/bin/../lib/gcc/ba-elf/4.7.4/../../../../ba-elf/lib/mcpu_jn51xx_sizeopt\libc.a(lib_a-memcmp.o)
 .debug_info    0x00000000000000f3       0xd3 c:/users/sato/documents/mwstage-2022-08_win10-1/mwstage/tools/ba-elf-ba2-r36379.w10/bin/../lib/gcc/ba-elf/4.7.4/mcpu_jn51xx_sizeopt\libgcc.a(_fixunsdfsi.o)
 .debug_info    0x00000000000001c6      0x648 c:/users/sato/documents/mwstage-2022-08_win10-1/mwstage/tools/ba-elf-ba2-r36379.w10/bin/../lib/gcc/ba-elf/4.7.4/mcpu_jn51xx_sizeopt\libgcc.a(_udivdi3.o)
 .debug_info    0x000000000000080e      0x69d c:/users/sato/documents/mwstage-2022-08_win10-1/mwstage/tools/ba-elf-ba2-r36379.w10/bin/../lib/gcc/ba-elf/4.7.4/mcpu_jn51xx_sizeopt\libgcc.a(_umoddi3.o)
 .debug_info    0x0000000000000eab       0xaa C:/Users/sato/Documents/MWSTAGE-2022-08_win10-1/MWSTAGE/MWSDK/ChipLib/SW4063V1416/Components/Library\libBoot_JN516x.a(ExceptionHandler.o)
 .debug_info    0x0000000000000f55       0xd7 c:/users/sato/documents/mwstage-2022-08_win10-1/mwstage/tools/ba-elf-ba2-r36379.w10/bin/../lib/gcc/ba-elf/4.7.4/../../../../ba-elf/lib/mcpu_jn51xx_sizeopt\libc.a(lib_a-memset.o)
 .debug_info    0x000000000000102c      0xac6 c:/users/sato/documents/mwstage-2022-08_win10-1/mwstage/tools/ba-elf-ba2-r36379.w10/bin/../lib/gcc/ba-elf/4.7.4/../../../../ba-elf/lib/mcpu_jn51xx_sizeopt\libc.a(lib_a-sprintf.o)
 .debug_info    0x0000000000001af2       0xbb c:/users/sato/documents/mwstage-2022-08_win10-1/mwstage/tools/ba-elf-ba2-r36379.w10/bin/../lib/gcc/ba-elf/4.7.4/../../../../ba-elf/lib/mcpu_jn51xx_sizeopt\libc.a(lib_a-strcmp.o)
 .debug_info    0x0000000000001bad       0xce c:/users/sato/documents/mwstage-2022-08_win10-1/mwstage/tools/ba-elf-ba2-r36379.w10/bin/../lib/gcc/ba-elf/4.7.4/../../../../ba-elf/lib/mcpu_jn51xx_sizeopt\libc.a(lib_a-strcpy.o)
 .debug_info    0x0000000000001c7b     0x1797 c:/users/sato/documents/mwstage-2022-08_win10-1/mwstage/tools/ba-elf-ba2-r36379.w10/bin/../lib/gcc/ba-elf/4.7.4/../../../../ba-elf/lib/mcpu_jn51xx_sizeopt\libc.a(lib_a-svfprintf.o)
 .debug_info    0x0000000000003412     0x143b c:/users/sato/documents/mwstage-2022-08_win10-1/mwstage/tools/ba-elf-ba2-r36379.w10/bin/../lib/gcc/ba-elf/4.7.4/../../../../ba-elf/lib/mcpu_jn51xx_sizeopt\libc.a(lib_a-dtoa.o)
 .debug_info    0x000000000000484d      0x970 c:/users/sato/documents/mwstage-2022-08_win10-1/mwstage/tools/ba-elf-ba2-r36379.w10/bin/../lib/gcc/ba-elf/4.7.4/../../../../ba-elf/lib/mcpu_jn51xx_sizeopt\libc.a(lib_a-impure.o)
 .debug_info    0x00000000000051bd      0xd1a c:/users/sato/documents/mwstage-2022-08_win10-1/mwstage/tools/ba-elf-ba2-r36379.w10/bin/../lib/gcc/ba-elf/4.7.4/../../../../ba-elf/lib/mcpu_jn51xx_sizeopt\libc.a(lib_a-locale.o)
 .debug_info    0x0000000000005ed7      0xe1c c:/users/sato/documents/mwstage-2022-08_win10-1/mwstage/tools/ba-elf-ba2-r36379.w10/bin/../lib/gcc/ba-elf/4.7.4/../../../../ba-elf/lib/mcpu_jn51xx_sizeopt\libc.a(lib_a-mallocr.o)
 .debug_info    0x0000000000006cf3       0xfc c:/users/sato/documents/mwstage-2022-08_win10-1/mwstage/tools/ba-elf-ba2-r36379.w10/bin/../lib/gcc/ba-elf/4.7.4/../../../../ba-elf/lib/mcpu_jn51xx_sizeopt\libc.a(lib_a-memchr.o)
 .debug_info    0x0000000000006def      0x106 c:/users/sato/documents/mwstage-2022-08_win10-1/mwstage/tools/ba-elf-ba2-r36379.w10/bin/../lib/gcc/ba-elf/4.7.4/../../../../ba-elf/lib/mcpu_jn51xx_sizeopt\libc.a(lib_a-memcpy.o)
 .debug_info    0x0000000000006ef5      0x994 c:/users/sato/documents/mwstage-2022-08_win10-1/mwstage/tools/ba-elf-ba2-r36379.w10/bin/../lib/gcc/ba-elf/4.7.4/../../../../ba-elf/lib/mcpu_jn51xx_sizeopt\libc.a(lib_a-mlock.o)
 .debug_info    0x0000000000007889     0x1744 c:/users/sato/documents/mwstage-2022-08_win10-1/mwstage/tools/ba-elf-ba2-r36379.w10/bin/../lib/gcc/ba-elf/4.7.4/../../../../ba-elf/lib/mcpu_jn51xx_sizeopt\libc.a(lib_a-mprec.o)
 .debug_info    0x0000000000008fcd      0x9db c:/users/sato/documents/mwstage-2022-08_win10-1/mwstage/tools/ba-elf-ba2-r36379.w10/bin/../lib/gcc/ba-elf/4.7.4/../../../../ba-elf/lib/mcpu_jn51xx_sizeopt\libc.a(lib_a-sbrkr.o)
 .debug_info    0x00000000000099a8      0x149 c:/users/sato/documents/mwstage-2022-08_win10-1/mwstage/tools/ba-elf-ba2-r36379.w10/bin/../lib/gcc/ba-elf/4.7.4/../../../../ba-elf/lib/mcpu_jn51xx_sizeopt\libc.a(lib_a-s_fpclassify.o)
 .debug_info    0x0000000000009af1       0xc8 c:/users/sato/documents/mwstage-2022-08_win10-1/mwstage/tools/ba-elf-ba2-r36379.w10/bin/../lib/gcc/ba-elf/4.7.4/../../../../ba-elf/lib/mcpu_jn51xx_sizeopt\libc.a(lib_a-strlen.o)
 .debug_info    0x0000000000009bb9     0x111f c:/users/sato/documents/mwstage-2022-08_win10-1/mwstage/tools/ba-elf-ba2-r36379.w10/bin/../lib/gcc/ba-elf/4.7.4/../../../../ba-elf/lib/mcpu_jn51xx_sizeopt\libc.a(lib_a-svfiprintf.o)
 .debug_info    0x000000000000acd8      0xad5 c:/users/sato/documents/mwstage-2022-08_win10-1/mwstage/tools/ba-elf-ba2-r36379.w10/bin/../lib/gcc/ba-elf/4.7.4/../../../../ba-elf/lib/mcpu_jn51xx_sizeopt\libc.a(lib_a-callocr.o)
 .debug_info    0x000000000000b7ad      0xd1b c:/users/sato/documents/mwstage-2022-08_win10-1/mwstage/tools/ba-elf-ba2-r36379.w10/bin/../lib/gcc/ba-elf/4.7.4/../../../../ba-elf/lib/mcpu_jn51xx_sizeopt\libc.a(lib_a-freer.o)
 .debug_info    0x000000000000c4c8      0xa5a c:/users/sato/documents/mwstage-2022-08_win10-1/mwstage/tools/ba-elf-ba2-r36379.w10/bin/../lib/gcc/ba-elf/4.7.4/../../../../ba-elf/lib/mcpu_jn51xx_sizeopt\libc.a(lib_a-glue.o)
 .debug_info    0x000000000000cf22      0x106 c:/users/sato/documents/mwstage-2022-08_win10-1/mwstage/tools/ba-elf-ba2-r36379.w10/bin/../lib/gcc/ba-elf/4.7.4/../../../../ba-elf/lib/mcpu_jn51xx_sizeopt\libc.a(lib_a-memmove.o)
 .debug_info    0x000000000000d028      0xd45 c:/users/sato/documents/mwstage-2022-08_win10-1/mwstage/tools/ba-elf-ba2-r36379.w10/bin/../lib/gcc/ba-elf/4.7.4/../../../../ba-elf/lib/mcpu_jn51xx_sizeopt\libc.a(lib_a-reallocr.o)
 .debug_info    0x000000000000dd6d      0xb29 c:/users/sato/documents/mwstage-2022-08_win10-1/mwstage/tools/ba-elf-ba2-r36379.w10/bin/../lib/gcc/ba-elf/4.7.4/../../../../ba-elf/lib/mcpu_jn51xx_sizeopt\libc.a(lib_a-reent.o)
 .debug_info    0x000000000000e896      0x969 c:/users/sato/documents/mwstage-2022-08_win10-1/mwstage/tools/ba-elf-ba2-r36379.w10/bin/../lib/gcc/ba-elf/4.7.4/../../../../ba-elf/lib/mcpu_jn51xx_sizeopt\libc.a(lib_a-errno.o)
 .debug_info    0x000000000000f1ff       0xb7 c:/users/sato/documents/mwstage-2022-08_win10-1/mwstage/tools/ba-elf-ba2-r36379.w10/bin/../lib/gcc/ba-elf/4.7.4/mcpu_jn51xx_sizeopt\libgcc.a(__udivsi3.o)
 .debug_info    0x000000000000f2b6       0xb7 c:/users/sato/documents/mwstage-2022-08_win10-1/mwstage/tools/ba-elf-ba2-r36379.w10/bin/../lib/gcc/ba-elf/4.7.4/mcpu_jn51xx_sizeopt\libgcc.a(__divsi3.o)
 .debug_info    0x000000000000f36d       0xb7 c:/users/sato/documents/mwstage-2022-08_win10-1/mwstage/tools/ba-elf-ba2-r36379.w10/bin/../lib/gcc/ba-elf/4.7.4/mcpu_jn51xx_sizeopt\libgcc.a(__umodsi3.o)
 .debug_info    0x000000000000f424       0xb7 c:/users/sato/documents/mwstage-2022-08_win10-1/mwstage/tools/ba-elf-ba2-r36379.w10/bin/../lib/gcc/ba-elf/4.7.4/mcpu_jn51xx_sizeopt\libgcc.a(__modsi3.o)
 .debug_info    0x000000000000f4db      0x4b2 c:/users/sato/documents/mwstage-2022-08_win10-1/mwstage/tools/ba-elf-ba2-r36379.w10/bin/../lib/gcc/ba-elf/4.7.4/mcpu_jn51xx_sizeopt\libgcc.a(adddf3.o)
 .debug_info    0x000000000000f98d      0x5c5 c:/users/sato/documents/mwstage-2022-08_win10-1/mwstage/tools/ba-elf-ba2-r36379.w10/bin/../lib/gcc/ba-elf/4.7.4/mcpu_jn51xx_sizeopt\libgcc.a(divdf3.o)
 .debug_info    0x000000000000ff52      0x1e7 c:/users/sato/documents/mwstage-2022-08_win10-1/mwstage/tools/ba-elf-ba2-r36379.w10/bin/../lib/gcc/ba-elf/4.7.4/mcpu_jn51xx_sizeopt\libgcc.a(eqdf2.o)
 .debug_info    0x0000000000010139      0x20b c:/users/sato/documents/mwstage-2022-08_win10-1/mwstage/tools/ba-elf-ba2-r36379.w10/bin/../lib/gcc/ba-elf/4.7.4/mcpu_jn51xx_sizeopt\libgcc.a(gedf2.o)
 .debug_info    0x0000000000010344      0x20b c:/users/sato/documents/mwstage-2022-08_win10-1/mwstage/tools/ba-elf-ba2-r36379.w10/bin/../lib/gcc/ba-elf/4.7.4/mcpu_jn51xx_sizeopt\libgcc.a(ledf2.o)
 .debug_info    0x000000000001054f      0x5c7 c:/users/sato/documents/mwstage-2022-08_win10-1/mwstage/tools/ba-elf-ba2-r36379.w10/bin/../lib/gcc/ba-elf/4.7.4/mcpu_jn51xx_sizeopt\libgcc.a(muldf3.o)
 .debug_info    0x0000000000010b16      0x4b2 c:/users/sato/documents/mwstage-2022-08_win10-1/mwstage/tools/ba-elf-ba2-r36379.w10/bin/../lib/gcc/ba-elf/4.7.4/mcpu_jn51xx_sizeopt\libgcc.a(subdf3.o)
 .debug_info    0x0000000000010fc8      0x1b7 c:/users/sato/documents/mwstage-2022-08_win10-1/mwstage/tools/ba-elf-ba2-r36379.w10/bin/../lib/gcc/ba-elf/4.7.4/mcpu_jn51xx_sizeopt\libgcc.a(fixdfsi.o)