Archive member included because of file (symbol)

C:/Users/sato/Documents/MWSTAGE-2022-08_win10-1/MWSTAGE/MWSDK/TWENET/current/lib/libTWENET_RED.a(ToCoNet_event.o)
                              objs_RED/communication.o (symbol from plugin) (PRSEV_u8RegisterEx)
C:/Users/sato/Documents/MWSTAGE-2022-08_win10-1/MWSTAGE/MWSDK/TWENET/current/lib/libTWENET_RED.a(ToCoNet_main.o)
                              objs_RED/lcd.o (symbol from plugin) (sToCoNet_Context)
C:/Users/sato/Documents/MWSTAGE-2022-08_win10-1/MWSTAGE/MWSDK/TWENET/current/lib/libTWENET_RED.a(ToCoNet_utils.o)
                              ToCoNet_main.o (symbol from plugin) (ToCoNet_u32GetVersion)
C:/Users/sato/Documents/MWSTAGE-2022-08_win10-1/MWSTAGE/MWSDK/TWENET/current/lib/libTWENET_RED.a(ToCoNet_mod_Nwk_Common.o)
                              ToCoNet_main.o (symbol from plugin) (ToCoNet_vRxProc_Mod)
C:/Users/sato/Documents/MWSTAGE-2022-08_win10-1/MWSTAGE/MWSDK/TWENET/current/lib/libTWENET_RED.a(ToCoNet_mod_Channel_Mgr.o)
                              ToCoNet_main.o (symbol from plugin) (ToCoNet_ChMgr_bCh_Reconfig)
C:/Users/sato/Documents/MWSTAGE-2022-08_win10-1/MWSTAGE/MWSDK/TWENET/current/lib/libTWENET_RED.a(Version.o)
                              ToCoNet_utils.o (symbol from plugin) (au8ToCoNetVersionInfo)
C:/Users/sato/Documents/MWSTAGE-2022-08_win10-1/MWSTAGE/MWSDK/TWENET/current/lib/libTWENET_RED.a(AppQueueApi_ToCoNet.o)
                              ToCoNet_main.o (symbol from plugin) (_u32_INT_ticktimer)
C:/Users/sato/Documents/MWSTAGE-2022-08_win10-1/MWSTAGE/MWSDK/TWENET/current/lib/libTWENEText_RED.a(AppStart.o)
                              (AppColdStart)
C:/Users/sato/Documents/MWSTAGE-2022-08_win10-1/MWSTAGE/MWSDK/TWENET/current/lib/libTWENEText_RED.a(getMacAddr.o)
                              ToCoNet_main.o (symbol from plugin) (ToCoNet_u32GetSerialOnBoot)
C:/Users/sato/Documents/MWSTAGE-2022-08_win10-1/MWSTAGE/MWSDK/TWENET/current/lib/libTWENEText_RED.a(mac.o)
                              ToCoNet_main.o (symbol from plugin) (Mac_vInit)
C:/Users/sato/Documents/MWSTAGE-2022-08_win10-1/MWSTAGE/MWSDK/TWENET/current/lib/libTWENEText_RED.a(AES_CCM.o)
                              AppStart.o (symbol from plugin) (bAES_CCM_KeyReg)
C:/Users/sato/Documents/MWSTAGE-2022-08_win10-1/MWSTAGE/MWSDK/TWENET/current/lib/libTWENEText_RED.a(no_ack_handler.o)
                              AppStart.o (symbol from plugin) (vInstallNoAckHandler)
C:/Users/sato/Documents/MWSTAGE-2022-08_win10-1/MWSTAGE/MWSDK/TWENET/current/lib/libTWENEText_RED.a(Version.o)
                              ToCoNet_utils.o (symbol from plugin) (au8ToCoNetExtVersionInfo)
C:/Users/sato/Documents/MWSTAGE-2022-08_win10-1/MWSTAGE/MWSDK/TWENET/current/lib/libTWENETutils_RED.a(serial.o)
                              objs_RED/communication.o (symbol from plugin) (SERIAL_bTxChar)
C:/Users/sato/Documents/MWSTAGE-2022-08_win10-1/MWSTAGE/MWSDK/TWENET/current/lib/libTWENETutils_RED.a(uart.o)
                              serial.o (symbol from plugin) (UART_vInit)
C:/Users/sato/Documents/MWSTAGE-2022-08_win10-1/MWSTAGE/MWSDK/TWENET/current/lib/libTWENETutils_RED.a(ByteQueue.o)
                              ToCoNet_main.o (symbol from plugin) (QUEUE__vInit)
C:/Users/sato/Documents/MWSTAGE-2022-08_win10-1/MWSTAGE/MWSDK/TWENET/current/lib/libTWENETutils_RED.a(ccitt8.o)
                              AppStart.o (symbol from plugin) (u8CCITT8)
C:/Users/sato/Documents/MWSTAGE-2022-08_win10-1/MWSTAGE/MWSDK/TWENET/current/lib/libTWENETutils_RED.a(utils.o)
                              objs_RED/main.o (symbol from plugin) (vTimerConfig)
C:/Users/sato/Documents/MWSTAGE-2022-08_win10-1/MWSTAGE/MWSDK/TWENET/current/lib/libTWENETutils_RED.a(ccm.o)
                              AES_CCM.o (symbol from plugin) (ccm_init_and_key)
C:/Users/sato/Documents/MWSTAGE-2022-08_win10-1/MWSTAGE/MWSDK/TWENET/current/lib/libTWENETutils_RED.a(Version.o)
                              ToCoNet_utils.o (symbol from plugin) (au8ToCoNetUtilsVersionInfo)
C:/Users/sato/Documents/MWSTAGE-2022-08_win10-1/MWSTAGE/MWSDK/TWENET/current/lib/libTWENETutils_RED.a(aescrypt.o)
                              ccm.o (symbol from plugin) (aes_encrypt)
C:/Users/sato/Documents/MWSTAGE-2022-08_win10-1/MWSTAGE/MWSDK/TWENET/current/lib/libTWENETutils_RED.a(aeskey.o)
                              ccm.o (symbol from plugin) (aes_encrypt_key)
C:/Users/sato/Documents/MWSTAGE-2022-08_win10-1/MWSTAGE/MWSDK/TWENET/current/lib/libTWENETutils_RED.a(aestab.o)
                              aeskey.o (symbol from plugin) (t_im)
C:/Users/sato/Documents/MWSTAGE-2022-08_win10-1/MWSTAGE/MWSDK/TWENET/current/lib/libTWENETstgs_RED.a(tweinteractive.o)
                              objs_RED/communication.o (symbol from plugin) (TWEINTRCT_bIsVerbose)
C:/Users/sato/Documents/MWSTAGE-2022-08_win10-1/MWSTAGE/MWSDK/TWENET/current/lib/libTWENETstgs_RED.a(tweprintf.o)
                              tweinteractive.o (symbol from plugin) (TWE_fprintf)
[...]
Memory Configuration

Name             Origin             Length             Attributes
flash            0x0000000000080000 0x0000000000080000
ram              0x000000000400004c 0x0000000000007fb4
*default*        0x0000000000000000 0xffffffffffffffff

Linker script and memory map

LOAD objs_RED/_mwx_version.o
LOAD C:\Users\sato\AppData\Local\Temp\ccZhSMxs.ltrans0.ltrans.o
LOAD C:\Users\sato\AppData\Local\Temp\ccZhSMxs.ltrans1.ltrans.o
LOAD C:\Users\sato\AppData\Local\Temp\ccZhSMxs.ltrans2.ltrans.o
LOAD C:\Users\sato\AppData\Local\Temp\ccZhSMxs.ltrans3.ltrans.o
LOAD C:\Users\sato\AppData\Local\Temp\ccZhSMxs.ltrans4.ltrans.o
LOAD C:\Users\sato\AppData\Local\Temp\ccZhSMxs.ltrans5.ltrans.o
LOAD C:\Users\sato\AppData\Local\Temp\ccZhSMxs.ltrans6.ltrans.o
LOAD C:\Users\sato\AppData\Local\Temp\ccZhSMxs.ltrans7.ltrans.o
LOAD C:\Users\sato\AppData\Local\Temp\ccZhSMxs.ltrans8.ltrans.o
LOAD C:\Users\sato\AppData\Local\Temp\ccZhSMxs.ltrans9.ltrans.o
LOAD C:\Users\sato\AppData\Local\Temp\ccZhSMxs.ltrans10.ltrans.o
LOAD C:\Users\sato\AppData\Local\Temp\ccZhSMxs.ltrans11.ltrans.o
LOAD C:\Users\sato\AppData\Local\Temp\ccZhSMxs.ltrans12.ltrans.o
LOAD C:\Users\sato\AppData\Local\Temp\ccZhSMxs.ltrans13.ltrans.o
LOAD C:\Users\sato\AppData\Local\Temp\ccZhSMxs.ltrans14.ltrans.o
LOAD C:\Users\sato\AppData\Local\Temp\ccZhSMxs.ltrans15.ltrans.o
LOAD C:\Users\sato\AppData\Local\Temp\ccZhSMxs.ltrans16.ltrans.o
LOAD C:\Users\sato\AppData\Local\Temp\ccZhSMxs.ltrans17.ltrans.o
LOAD C:\Users\sato\AppData\Local\Temp\ccZhSMxs.ltrans18.ltrans.o
LOAD C:\Users\sato\AppData\Local\Temp\ccZhSMxs.ltrans19.ltrans.o
LOAD C:\Users\sato\AppData\Local\Temp\ccZhSMxs.ltrans20.ltrans.o
LOAD C:\Users\sato\AppData\Local\Temp\ccZhSMxs.ltrans21.ltrans.o
LOAD c:/users/sato/documents/mwstage-2022-08_win10-1/mwstage/tools/ba-elf-ba2-r36379.w10/bin/../lib/gcc/ba-elf/4.7.4/../../../../ba-elf/lib/mcpu_jn51xx_sizeopt\libc.a
LOAD c:/users/sato/documents/mwstage-2022-08_win10-1/mwstage/tools/ba-elf-ba2-r36379.w10/bin/../lib/gcc/ba-elf/4.7.4/mcpu_jn51xx_sizeopt\libgcc.a
LOAD c:/users/sato/documents/mwstage-2022-08_win10-1/mwstage/tools/ba-elf-ba2-r36379.w10/bin/../lib/gcc/ba-elf/4.7.4/../../../../ba-elf/lib/mcpu_jn51xx_sizeopt\libc.a
LOAD objs_RED/Interrupt.o
LOAD objs_RED/LED.o
LOAD objs_RED/communication.o
LOAD objs_RED/lcd.o
LOAD objs_RED/main.o
LOAD objs_RED/mode.o
LOAD C:/Users/sato/Documents/MWSTAGE-2022-08_win10-1/MWSTAGE/MWSDK/TWENET/current/lib/libTWENET_RED.a
LOAD C:/Users/sato/Documents/MWSTAGE-2022-08_win10-1/MWSTAGE/MWSDK/TWENET/current/lib/libTWENEText_RED.a
LOAD C:/Users/sato/Documents/MWSTAGE-2022-08_win10-1/MWSTAGE/MWSDK/TWENET/current/lib/libTWENETutils_RED.a
LOAD C:/Users/sato/Documents/MWSTAGE-2022-08_win10-1/MWSTAGE/MWSDK/TWENET/current/lib/libTWENETstgs_RED.a
LOAD C:/Users/sato/Documents/MWSTAGE-2022-08_win10-1/MWSTAGE/MWSDK/TWENET/current/lib/libmwx_RED.a
LOAD C:/Users/sato/Documents/MWSTAGE-2022-08_win10-1/MWSTAGE/MWSDK/TWENET/current/lib/libEASTL_RED.a
START GROUP
LOAD C:/Users/sato/Documents/MWSTAGE-2022-08_win10-1/MWSTAGE/MWSDK/ChipLib/SW4063V1416/Components/Library\libAppApi_JN5169.a
LOAD C:/Users/sato/Documents/MWSTAGE-2022-08_win10-1/MWSTAGE/MWSDK/ChipLib/SW4063V1416/Components/Library\libMAC_JN5169.a
LOAD C:/Users/sato/Documents/MWSTAGE-2022-08_win10-1/MWSTAGE/MWSDK/ChipLib/SW4063V1416/Components/Library\libTimerServer_JN516x.a
LOAD C:/Users/sato/Documents/MWSTAGE-2022-08_win10-1/MWSTAGE/MWSDK/ChipLib/SW4063V1416/Components/Library\libTOF_JN516x.a
LOAD C:/Users/sato/Documents/MWSTAGE-2022-08_win10-1/MWSTAGE/MWSDK/ChipLib/SW4063V1416/Components/Library\libXcv_JN5169.a
LOAD C:/Users/sato/Documents/MWSTAGE-2022-08_win10-1/MWSTAGE/MWSDK/ChipLib/SW4063V1416/Components/Library\libMMAC_JN5169.a
LOAD C:/Users/sato/Documents/MWSTAGE-2022-08_win10-1/MWSTAGE/MWSDK/ChipLib/SW4063V1416/Components/Library\libJPT_JN5169.a
LOAD C:/Users/sato/Documents/MWSTAGE-2022-08_win10-1/MWSTAGE/MWSDK/ChipLib/SW4063V1416/Components/Library\libAes_JN516x.a
LOAD C:/Users/sato/Documents/MWSTAGE-2022-08_win10-1/MWSTAGE/MWSDK/ChipLib/SW4063V1416/Components/Library\libHardwareApi_JN5169.a
LOAD C:/Users/sato/Documents/MWSTAGE-2022-08_win10-1/MWSTAGE/MWSDK/ChipLib/SW4063V1416/Components/Library\libMicroSpecific_JN516x.a
LOAD C:/Users/sato/Documents/MWSTAGE-2022-08_win10-1/MWSTAGE/MWSDK/ChipLib/SW4063V1416/Components/Library\libBoot_JN516x.a
LOAD C:/Users/sato/Documents/MWSTAGE-2022-08_win10-1/MWSTAGE/MWSDK/ChipLib/SW4063V1416/Components/Library\libPDM_EEPROM_JN516x_NO_RTOS.a
LOAD C:/Users/sato/Documents/MWSTAGE-2022-08_win10-1/MWSTAGE/MWSDK/TWENET/current/lib/libTWENET_RED.a
LOAD C:/Users/sato/Documents/MWSTAGE-2022-08_win10-1/MWSTAGE/MWSDK/TWENET/current/lib/libTWENEText_RED.a
LOAD C:/Users/sato/Documents/MWSTAGE-2022-08_win10-1/MWSTAGE/MWSDK/TWENET/current/lib/libTWENETutils_RED.a
LOAD C:/Users/sato/Documents/MWSTAGE-2022-08_win10-1/MWSTAGE/MWSDK/TWENET/current/lib/libTWENETstgs_RED.a
LOAD C:/Users/sato/Documents/MWSTAGE-2022-08_win10-1/MWSTAGE/MWSDK/TWENET/current/lib/libmwx_RED.a
LOAD C:/Users/sato/Documents/MWSTAGE-2022-08_win10-1/MWSTAGE/MWSDK/TWENET/current/lib/libEASTL_RED.a
END GROUP
LOAD c:/users/sato/documents/mwstage-2022-08_win10-1/mwstage/tools/ba-elf-ba2-r36379.w10/bin/../lib/gcc/ba-elf/4.7.4/../../../../ba-elf/lib/mcpu_jn51xx_sizeopt\libstdc++.a
LOAD c:/users/sato/documents/mwstage-2022-08_win10-1/mwstage/tools/ba-elf-ba2-r36379.w10/bin/../lib/gcc/ba-elf/4.7.4/../../../../ba-elf/lib/mcpu_jn51xx_sizeopt\libm.a
LOAD c:/users/sato/documents/mwstage-2022-08_win10-1/mwstage/tools/ba-elf-ba2-r36379.w10/bin/../lib/gcc/ba-elf/4.7.4/../../../../ba-elf/lib/mcpu_jn51xx_sizeopt\libc.a
LOAD c:/users/sato/documents/mwstage-2022-08_win10-1/mwstage/tools/ba-elf-ba2-r36379.w10/bin/../lib/gcc/ba-elf/4.7.4/mcpu_jn51xx_sizeopt\libgcc.a
LOAD c:/users/sato/documents/mwstage-2022-08_win10-1/mwstage/tools/ba-elf-ba2-r36379.w10/bin/../lib/gcc/ba-elf/4.7.4/../../../../ba-elf/lib/mcpu_jn51xx_sizeopt\libc.a
                0x0000000000000800                _stack_size = 0x800
                0x0000000000080038                exception_vsr_table = 0x80038
                0x0000000004000000                pSPIflashFncTable = 0x4000000
                0x0000000000000044                restore_state = 0x44
                0x000000000000004a                bZSPIWaitWIPClear = 0x4a
                0x0000000000000050                u16ZSPIflashRDID = 0x50
                0x0000000000000056                u8SelectFlashChipType = 0x56
                0x000000000000005c                memcpy = 0x5c
                0x0000000000000066                vBootFlashProg = 0x66
                [0x0000000000000d16]                __minimum_heap_size = DEFINED (__minimum_heap_size)?__minimum_heap_size:0xd16
                [0x0000000000000800]                __stack_size = DEFINED (__stack_size)?__stack_size:0x800
                0x0000000000000000                _SwConfig = (DEFINED (g_bSWConf_Debug) | (DEFINED (g_bSWConf_AltDebugPort) << 0x1))

.version        0x000000000007fffc        0x4
                0x000000000007fffc        0x4 LONG 0xf03000b

.bir            0x0000000000080000       0x10
                0x0000000000080000                _flash_start = ABSOLUTE (.)
                0x0000000000080000                _flash_beg = ABSOLUTE (.)
                0x0000000000080000        0x4 LONG 0x12345678
                0x0000000000080004        0x4 LONG 0x11223344
                0x0000000000080008        0x4 LONG 0x55667788
                0x000000000008000c        0x1 BYTE 0x8
                0x000000000008000d        0x1 BYTE 0x1
                0x000000000008000e        0x2 SHORT 0x0

.flashheader    0x0000000000080010       0x28
                0x0000000000080010        0x4 LONG 0x0
                0x0000000000080014        0x4 LONG 0x0
                0x0000000000080018        0x4 LONG 0x0
                0x000000000008001c        0x2 SHORT 0x0
                0x000000000008001e        0x2 SHORT 0x0 ABSOLUTE (_SwConfig)
                0x0000000000080020                _enc_start = ABSOLUTE (.)
                0x0000000000080020        0x4 LONG 0x14e4c ABSOLUTE (_image_len)
                0x0000000000080024        0x4 LONG 0x9457c ABSOLUTE (_flash_data_start)
                0x0000000000080028        0x2 SHORT 0x13 ((ABSOLUTE (_ram_data_start) / 0x4) & 0xffff)
                0x000000000008002a        0x2 SHORT 0x234 ((ABSOLUTE (_ram_data_len) / 0x4) & 0xffff)
                0x000000000008002c        0x2 SHORT 0x247 ((ABSOLUTE (_bss_start) / 0x4) & 0xffff)
                0x000000000008002e        0x2 SHORT 0x5c5 ((ABSOLUTE (_bss_len) / 0x4) & 0xffff)
                0x0000000000080030        0x4 LONG 0x87758 ABSOLUTE (AppWarmStart)
                0x0000000000080034        0x4 LONG 0x88108 ABSOLUTE (AppColdStart)
                0x0000000000000000                _enc_offset = (_enc_start & 0xf)
                0x0000000000000044                PROVIDE (vException_BusError, restore_state)
                0x0000000000000044                PROVIDE (vException_UnalignedAccess, restore_state)
                0x0000000000000044                PROVIDE (vException_IllegalInstruction, restore_state)
                0x0000000000000044                PROVIDE (vException_SysCall, restore_state)
                0x0000000000000044                PROVIDE (vException_Trap, restore_state)
                0x0000000000000044                PROVIDE (vException_StackOverflow, restore_state)
                0x0000000000080038                . = ABSOLUTE (exception_vsr_table)

.vsr_table      0x0000000000080038       0x18
                0x0000000000080038        0x4 LONG 0x44 ABSOLUTE (vException_BusError)
                0x000000000008003c        0x4 LONG 0x44 ABSOLUTE (vException_UnalignedAccess)
                0x0000000000080040        0x4 LONG 0x44 ABSOLUTE (vException_IllegalInstruction)
                0x0000000000080044        0x4 LONG 0x44 ABSOLUTE (vException_SysCall)
                0x0000000000080048        0x4 LONG 0x44 ABSOLUTE (vException_Trap)
                0x000000000008004c        0x4 LONG 0x44 ABSOLUTE (vException_StackOverflow)

.vsr_handlers   0x0000000000080050       0xaa
 *(.vsr_handlers)
 .vsr_handlers  0x0000000000080050       0xaa C:/Users/sato/Documents/MWSTAGE-2022-08_win10-1/MWSTAGE/MWSDK/ChipLib/SW4063V1416/Components/Library\libBoot_JN516x.a(ExceptionHandler.o)
                0x0000000000080050                _exception_external_interrupt
                0x00000000000800f8                _default_vsr_dummy

.rodata         0x0000000000080100      0x939
 *(.rodata*)
 .rodata        0x0000000000080100      0x1cb C:\Users\sato\AppData\Local\Temp\ccZhSMxs.ltrans0.ltrans.o
 .rodata.str1.1
                0x00000000000802cb        0xe C:\Users\sato\AppData\Local\Temp\ccZhSMxs.ltrans1.ltrans.o
                                         0x12 (size before relaxing)
 *fill*         0x00000000000802d9        0x7 00
 .rodata        0x00000000000802e0       0xc0 C:\Users\sato\AppData\Local\Temp\ccZhSMxs.ltrans1.ltrans.o
 .rodata        0x00000000000803a0       0xd4 C:\Users\sato\AppData\Local\Temp\ccZhSMxs.ltrans2.ltrans.o
                0x00000000000803a0                s_aprScanHandleEvt.16993
                0x00000000000803d0                apvActionCalls
                0x0000000000080458                aprLPBMacVectorRamTable
                0x000000000008046c                psTamMacContext
                0x0000000000080470                psTAMcontext
 .rodata        0x0000000000080474       0x20 C:\Users\sato\AppData\Local\Temp\ccZhSMxs.ltrans3.ltrans.o
                0x0000000000080474                prHeap_AllocFunc
 .rodata.str1.1
                0x0000000000080494       0x88 C:\Users\sato\AppData\Local\Temp\ccZhSMxs.ltrans4.ltrans.o
 .rodata        0x000000000008051c        0x5 C:\Users\sato\AppData\Local\Temp\ccZhSMxs.ltrans4.ltrans.o
 .rodata.str1.1
                0x0000000000080521        0xe C:\Users\sato\AppData\Local\Temp\ccZhSMxs.ltrans5.ltrans.o
 .rodata        0x000000000008052f       0x17 C:\Users\sato\AppData\Local\Temp\ccZhSMxs.ltrans6.ltrans.o
 .rodata.str1.1
                0x0000000000080546       0x1f C:\Users\sato\AppData\Local\Temp\ccZhSMxs.ltrans7.ltrans.o
                                         0x2d (size before relaxing)
 .rodata        0x0000000000080565        0x6 C:\Users\sato\AppData\Local\Temp\ccZhSMxs.ltrans9.ltrans.o
                0x0000000000080565                aeXcvPhyEvtToScanEvt.5424.16996
 .rodata.str1.1
                0x000000000008056b       0x11 C:\Users\sato\AppData\Local\Temp\ccZhSMxs.ltrans10.ltrans.o
 .rodata        0x000000000008057c       0x7c C:\Users\sato\AppData\Local\Temp\ccZhSMxs.ltrans10.ltrans.o
                0x00000000000805b0                u32MacLow_TOCOS
                0x00000000000805b4                u32MacHigh_TOCOS
 .rodata        0x00000000000805f8       0x24 C:\Users\sato\AppData\Local\Temp\ccZhSMxs.ltrans11.ltrans.o
                0x0000000000080600                psTamXcvContext
 .rodata.str1.1
                0x000000000008061c      0x197 C:\Users\sato\AppData\Local\Temp\ccZhSMxs.ltrans12.ltrans.o
                                        0x199 (size before relaxing)
 .rodata        0x00000000000807b3        0x4 C:\Users\sato\AppData\Local\Temp\ccZhSMxs.ltrans13.ltrans.o
 .rodata        0x00000000000807b7        0xa C:\Users\sato\AppData\Local\Temp\ccZhSMxs.ltrans14.ltrans.o
 .rodata.str1.1
                0x00000000000807c1       0x11 C:\Users\sato\AppData\Local\Temp\ccZhSMxs.ltrans16.ltrans.o
 .rodata.str1.1
                0x00000000000807d2       0x22 C:\Users\sato\AppData\Local\Temp\ccZhSMxs.ltrans17.ltrans.o
                                         0x33 (size before relaxing)
 .rodata        0x00000000000807f4       0x30 C:\Users\sato\AppData\Local\Temp\ccZhSMxs.ltrans19.ltrans.o
                0x00000000000807f4                au32UartAddrOffset
                0x00000000000807fc                au32TimerBaseAddress
                0x0000000000080810                CSWTCH.35.27582.27582
 .rodata.str1.1
                0x0000000000080824       0x11 C:\Users\sato\AppData\Local\Temp\ccZhSMxs.ltrans21.ltrans.o
                                         0x22 (size before relaxing)
 *fill*         0x0000000000080835        0x3 00
 .rodata        0x0000000000080838       0x38 C:\Users\sato\AppData\Local\Temp\ccZhSMxs.ltrans21.ltrans.o
                0x0000000000080838                asStateFuncTbl.28747
 .rodata.str1.1
                0x0000000000080870       0x32 c:/users/sato/documents/mwstage-2022-08_win10-1/mwstage/tools/ba-elf-ba2-r36379.w10/bin/../lib/gcc/ba-elf/4.7.4/../../../../ba-elf/lib/mcpu_jn51xx_sizeopt\libc.a(lib_a-svfprintf.o)
                                         0x34 (size before relaxing)
 .rodata        0x00000000000808a2       0x20 c:/users/sato/documents/mwstage-2022-08_win10-1/mwstage/tools/ba-elf-ba2-r36379.w10/bin/../lib/gcc/ba-elf/4.7.4/../../../../ba-elf/lib/mcpu_jn51xx_sizeopt\libc.a(lib_a-svfprintf.o)
 .rodata.str1.1
                0x00000000000808c2        0xd c:/users/sato/documents/mwstage-2022-08_win10-1/mwstage/tools/ba-elf-ba2-r36379.w10/bin/../lib/gcc/ba-elf/4.7.4/../../../../ba-elf/lib/mcpu_jn51xx_sizeopt\libc.a(lib_a-dtoa.o)
                                          0xf (size before relaxing)
 .rodata.str1.1
                0x00000000000808cf        0x2 c:/users/sato/documents/mwstage-2022-08_win10-1/mwstage/tools/ba-elf-ba2-r36379.w10/bin/../lib/gcc/ba-elf/4.7.4/../../../../ba-elf/lib/mcpu_jn51xx_sizeopt\libc.a(lib_a-impure.o)
 .rodata.str1.1
                0x00000000000808d1        0x6 c:/users/sato/documents/mwstage-2022-08_win10-1/mwstage/tools/ba-elf-ba2-r36379.w10/bin/../lib/gcc/ba-elf/4.7.4/../../../../ba-elf/lib/mcpu_jn51xx_sizeopt\libc.a(lib_a-locale.o)
                                          0xb (size before relaxing)
 *fill*         0x00000000000808d7        0x1 00
 .rodata        0x00000000000808d8      0x128 c:/users/sato/documents/mwstage-2022-08_win10-1/mwstage/tools/ba-elf-ba2-r36379.w10/bin/../lib/gcc/ba-elf/4.7.4/../../../../ba-elf/lib/mcpu_jn51xx_sizeopt\libc.a(lib_a-mprec.o)
                0x00000000000808d8                __mprec_tinytens
                0x0000000000080900                __mprec_bigtens
                0x0000000000080928                __mprec_tens
 .rodata.str1.1
                0x0000000000000000       0x22 c:/users/sato/documents/mwstage-2022-08_win10-1/mwstage/tools/ba-elf-ba2-r36379.w10/bin/../lib/gcc/ba-elf/4.7.4/../../../../ba-elf/lib/mcpu_jn51xx_sizeopt\libc.a(lib_a-svfiprintf.o)
 .rodata        0x0000000000080a00       0x20 c:/users/sato/documents/mwstage-2022-08_win10-1/mwstage/tools/ba-elf-ba2-r36379.w10/bin/../lib/gcc/ba-elf/4.7.4/../../../../ba-elf/lib/mcpu_jn51xx_sizeopt\libc.a(lib_a-svfiprintf.o)
 .rodata        0x0000000000080a20       0x19 c:/users/sato/documents/mwstage-2022-08_win10-1/mwstage/tools/ba-elf-ba2-r36379.w10/bin/../lib/gcc/ba-elf/4.7.4/../../../../ba-elf/lib/mcpu_jn51xx_sizeopt\libc.a(lib_a-glue.o)

.text           0x0000000000080a3c    0x13b3f
 *(.text*)
 .text          0x0000000000080a3c      0xfcc C:\Users\sato\AppData\Local\Temp\ccZhSMxs.ltrans0.ltrans.o
                0x0000000000080a3c                mac_vLPBAdjustBeaconOffset
                0x0000000000080a99                mac_u32LPBGetBeaconTimeout
                0x0000000000080aa2                eWEnDTmrExpiry.16634
                0x0000000000080aad                eWEnDEdDone.16631
                0x0000000000080b08                eGenlDontCare.16628
                0x0000000000080b0d                eGenlIllegal.16253
                0x0000000000080b14                u32GetTimer0
                0x0000000000080b1b                vSetTimer0
                0x0000000000080b2a                _ZN3mwx2L112appdefs_crtpINS0_9NwkSimpleEE18_cbTweNet_vHwEventEPvmm.local.221
                0x0000000000080b2d                _ZN3mwx2L112appdefs_crtpINS0_9NwkSimpleEE17_cbTweNet_u8HwIntEPvmm.local.220
                0x0000000000080b32                _out_fct.7961
                0x0000000000080b44                _out_null.7967
                0x0000000000080b47                vOutputStream.7832
                0x0000000000080b53                _ZN3mwx2L110serial_jen7vOutputEcPv.local.218
                0x0000000000080b7a                vHandlerPatch.6945
                0x0000000000080bb1                _ZN3mwx2L114processev_crtpI9INTERRUPTE14vProcessEvCoreEP8_tsEvent7teEventm.local.180
                0x0000000000080bb4                _ZN3mwx2L112appdefs_crtpI9INTERRUPTE9_on_eventEPvmRm.local.181
                0x0000000000080bb7                _ZN3mwx2L112appdefs_crtpI9INTERRUPTE18_cbTweNet_vTxEventEPvRNS0_12packet_ev_txE.local.182
                0x0000000000080bba                _ZN3mwx2L112appdefs_crtpI9INTERRUPTE18_cbTweNet_vRxEventEPvRNS0_9packet_rxE.local.183
                0x0000000000080bbd                _ZN3mwx2L112appdefs_crtpI9INTERRUPTE19_cbTweNet_vNwkEventEPvRNS0_13packet_ev_nwkE.local.184
                0x0000000000080bc0                _ZN3mwx2L112appdefs_crtpI9INTERRUPTE15_cbTweNet_vMainEPv.local.185
                0x0000000000080bc3                _ZN3mwx2L112appdefs_crtpINS0_9NwkSimpleEE18_cbTweNet_vTxEventEPvRNS0_12packet_ev_txE.local.217
                0x0000000000080bdd                _ZN3mwx2L112appdefs_crtpINS0_9NwkSimpleEE19_cbTweNet_vNwkEventEPvRNS0_13packet_ev_nwkE.local.225
                0x0000000000080be6                _ZN3mwx2L112appdefs_crtpINS0_9NwkSimpleEE15_cbTweNet_vMainEPv.local.226
                0x0000000000080be9                MAC_bLookUpKeyDescriptor.23745
                0x0000000000080c63                u8TSCframeIncrease
                0x0000000000080c9c                vCopyToDataFromMacAddr.23655
                0x0000000000080ccf                psTAQsearchFifo
                0x0000000000080d18                bTAQremoveFromFifo
                0x0000000000080d55                vTAMinsertEvent
                0x0000000000080dbb                vTAM_TxRetryTimeout
                0x0000000000080dbf                vTACsetTxFrameDefaults
                0x0000000000080de5                u8TACgetHeaderSize
                0x0000000000080e22                bUpdateTime.21973
                0x0000000000080e5d                u32TACpayloadToU32M
                0x0000000000080e7e                vTACu32ToPayloadM
                0x0000000000080e96                vTACbuildBeacon
                0x000000000008109e                bTACframeInProgress
                0x00000000000810c8                bTACassessBeaconForPayload
                0x0000000000081119                bIsBbcSafeForTx
                0x000000000008114e                vTATwriteAclMaterialToHardware
                0x0000000000081173                vTATsetBLE
                0x00000000000811aa                vTATgetFramePayload
                0x00000000000811c7                eTATreadTXstatus
                0x000000000008120d                vTAHsetPhyStateDirect.part.0.21114
                0x0000000000081229                vDoGoOff.22935
                0x0000000000081243                vMEMreturn
                0x00000000000812b4                vTACinformOriginator
                0x00000000000812d6                pvMEMget
                0x0000000000081302                vTAMDEdetermineNullState
                0x000000000008131c                vTAMCOupdatePendingList
                0x00000000000813ee                vTAMCOsetCoordinator
                0x0000000000081414                eScanHandleEvt.part.0.16664
                0x000000000008143d                mac_eDcfmIndPost
                0x000000000008145e                mac_psDcfmIndGetBuf
                0x000000000008147f                vMLMErxEnableConfirm
                0x00000000000814b1                vMLMEcommStatus
                0x0000000000081514                vMLMEcommStatusFromFrame
                0x0000000000081558                vTSCpostTransmitUpdate
                0x0000000000081587                vMLMEsyncLoss
                0x00000000000815ba                vPMICpostFailedAssocDcfm
                0x00000000000815f2                vPMICassocReqTO_2.15081
                0x0000000000081609                MAC_vPibSetPanId
                0x0000000000081624                vHandleTofRequest.13187
                0x0000000000081627                vAppApiDefSetPrbsSeed
                0x000000000008164b                mwx::L1::duplciate_checker::_node_ele_init(mwx::L1::duplciate_checker::_node_ele*)
                0x000000000008166a                _ZN3mwx2L113serial_parserINS0_10alloc_heapIhEEEC1Ev.local.52
                0x000000000008168c                _ZN3mwx2L16twenetC1Ev.local.58
                0x0000000000081723                _ZN3mwx2L110serial_jenC1Eh.local.107
                0x0000000000081753                _ZN3mwx2L115periph_analogueC1Ev.local.125
                0x000000000008177e                _ZN3mwx2L112appdefs_virt8on_eventEmRm.local.134
                0x0000000000081796                _ZN3mwx2L112appdefs_virt18cbToCoNet_vHwEventEmm.local.136
                0x00000000000817ae                _ZN3mwx2L112appdefs_virt18cbToCoNet_vTxEventERNS0_12packet_ev_txE.local.137
                0x00000000000817c6                _ZN3mwx2L112appdefs_virt19cbToCoNet_vNwkEventERNS0_13packet_ev_nwkE.local.139
                0x00000000000817de                u8CCITT8
                0x0000000000081804                bAES_CCM_KeyReg
                0x0000000000081843                bFifoPush.5646
                0x000000000008187c                vAppQApiPostMlme.5632
                0x000000000008189b                vAppQApiPostMcps.5639
                0x00000000000818b6                pvFifoPull.5643
                0x00000000000818dd                psAppQApiGetMlmeBuffer.5629
                0x00000000000818e5                psAppQApiGetMcpsBuffer.5636
                0x00000000000818ed                PRSEV_vSetState
                0x00000000000818fd                PRSEV_vProcessEv_core.4516
                0x000000000008199f                PRSEV_vProcessEvPost
                0x00000000000819d1                _PRSEV_vProcessEvSingle
                0x00000000000819de                ToCoNet_vMacStart
                0x00000000000819eb                _ZN3mwx2L18_smplbufIhNS0_12alloc_attachIhEEE9push_backEOh.local.207
 .text.unlikely
                0x0000000000081a08       0x65 C:\Users\sato\AppData\Local\Temp\ccZhSMxs.ltrans0.ltrans.o
                0x0000000000081a08                _ZN3mwx2L112appdefs_virt18cbToCoNet_vRxEventERNS0_9packet_rxE.local.138
                0x0000000000081a20                PRSEV_u8Register
                0x0000000000081a5e                _PRSEV_vProcessEvSingleH
 .text          0x0000000000081a6d     0x1126 C:\Users\sato\AppData\Local\Temp\ccZhSMxs.ltrans1.ltrans.o
                0x0000000000081c65                vHnd_E_STATE_IDLE.28707
                0x0000000000081cc9                _ntoa_long_long.8009.constprop.366
                0x0000000000081d9e                _ntoa_long.7997.constprop.371
                0x0000000000081e6b                _etoa.8055.constprop.367
                0x0000000000082216                _ftoa.8035.constprop.369
                0x000000000008256f                vMMAC_SetChannelAndPower
                0x0000000000082718                vPhySetChannel
                0x0000000000082737                QUEUE__u8RemoveItem.part.1.7147
                0x0000000000082772                QUEUE__vAddItem.constprop.359
                0x00000000000827a4                _ZN3mwx2L110twenet_mac8transmitERNS0_9packet_txE.local.32.constprop.358
                0x00000000000829a9                vRxChar.6970
                0x00000000000829fa                _ToCoNet_bRfChChannel
                0x0000000000082a8f                ToCoNet_ChMgr_bCh_Reconfig
                0x0000000000082af7                ToCoNet_ChMgr_vCh_TxFin
                0x0000000000082b23                vHnd_E_STATE_WAIT_TX.28715
 *fill*         0x0000000000082b93        0x1 00
 .text          0x0000000000082b94      0xba8 C:\Users\sato\AppData\Local\Temp\ccZhSMxs.ltrans2.ltrans.o
                0x0000000000082b94                eWBRTTxDone.16650
                0x0000000000082bb2                vTAMCOframeTXgoingIdle
                0x0000000000082bcb                vTAMCOframeTXcap
                0x0000000000082bf0                eWCoRRxDone.16641
                0x0000000000082c9a                eWBcnRxDone.16653
                0x0000000000083286                vTAMCOframeRXcap
                0x0000000000083298                vTAMCOframeRXgoingIdle
                0x00000000000832ae                vTAMCOframeRXnobeacon
                0x00000000000832c0                vTAMDEframeRX
                0x00000000000832e9                vTAMDEframeRXtrackingDR
                0x000000000008332c                vTAMDEframePreSyncReq
                0x0000000000083345                vTAMCOframeTXbeacon
                0x000000000008340c                vTAMDEframeRXsyncReq
                0x000000000008365c                vTAMDEint1FiredTrackingCAPgts
                0x000000000008370d                eWONTTxDone.16647
 .text          0x000000000008373c      0xb1c C:\Users\sato\AppData\Local\Temp\ccZhSMxs.ltrans3.ltrans.o
                0x0000000000083771                mac_vLPBStartTimer
                0x0000000000083888                vACI_IntHandlerAes
                0x00000000000838ad                vProcessEvCoreTx.28684
                0x0000000000083932                pvHeap_DefAlloc.28592
                0x000000000008399d                vMicroIntEnableOnly.constprop.360
                0x00000000000839c9                vAHI_ProtocolPower.constprop.349
                0x00000000000839d7                vMMAC_ConfigureRadio
                0x0000000000083b82                bAHI_SetClockRate
                0x0000000000083c8d                vAHI_SiMasterConfigure.constprop.316
                0x0000000000083cc1                vAHI_TimerEnable.part.1.27449.constprop.308
                0x0000000000083d2c                _ZN3mwx2L16twenet5beginEv.local.112.constprop.298
                0x0000000000083d71                vAHI_DioWakeEnable.constprop.297
                0x0000000000083d85                pinMode(unsigned char, mwx::L1::enum_wapper<PIN_MODE::eMWX_DIO_MODE, unsigned char>)
                0x0000000000083efc                _ZN3mwx2L115periph_analogue10_adc_startEv.local.43.constprop.286
                0x0000000000083fe5                mwx::L1::periph_analogue::ADC_handler(unsigned long, unsigned long)
                0x000000000008402c                u8HwEventHandler.4726
                0x00000000000840d4                bAES_CCMstar
                0x00000000000841a0                operator new(unsigned long)
                0x00000000000841c4                _ZN3mwx2L114periph_twowireC1Eh.local.76
                0x0000000000084201                _ZN3mwx2L112appdefs_virt5setupEv.part.1.3693
                0x0000000000084227                _ZN3mwx2L112periph_timer5setupEv.local.173
 .text.unlikely
                0x0000000000084258       0x45 C:\Users\sato\AppData\Local\Temp\ccZhSMxs.ltrans3.ltrans.o
                0x0000000000084258                vAHI_MemoryHold.27346
 .text          0x000000000008429d      0x657 C:\Users\sato\AppData\Local\Temp\ccZhSMxs.ltrans4.ltrans.o
                0x000000000008429d                _ZN3mwx2L112appdefs_crtpINS0_9NwkSimpleEE18_cbTweNet_vRxEventEPvRNS0_9packet_rxE.local.222
                0x00000000000847eb                vAppApiDefMlmeRequest
                0x0000000000084816                pvAppApiDefGetMacHandle
                0x000000000008481f                _ZN3mwx2L112periph_timer5beginEtbb.local.171.constprop.305
 *fill*         0x00000000000848f4        0x0 00
 .text.unlikely
                0x00000000000848f4      0x310 C:\Users\sato\AppData\Local\Temp\ccZhSMxs.ltrans4.ltrans.o
                0x0000000000084911                vProcessIncomingHwEvent.4895
 .text          0x0000000000084c04      0xc5c C:\Users\sato\AppData\Local\Temp\ccZhSMxs.ltrans5.ltrans.o
                0x0000000000084c04                bAHI_ReadMACID
                0x0000000000084c4a                vMLMEbeaconNotify
                0x0000000000084da8                vMCPSframeReceived
                0x0000000000084e6b                ToCoNet_vInit
                0x00000000000851ae                vExpireHead.26198
                0x00000000000851de                _vsnprintf.constprop.365
                0x00000000000857f1                fctprintf
                0x0000000000085813                _ZN3mwx2L111_printobj_1IhE9_do_printEPvPFvcS3_ES3_.local.219
                0x0000000000085827                TWE_fprintf.constprop.352
 .text.unlikely
                0x0000000000085860       0x88 C:\Users\sato\AppData\Local\Temp\ccZhSMxs.ltrans5.ltrans.o
                0x0000000000085860                Delay.27247.constprop.274
                0x00000000000858d9                u32AppQApiInitInt_PATCH
 .text          0x00000000000858e8      0x8d5 C:\Users\sato\AppData\Local\Temp\ccZhSMxs.ltrans6.ltrans.o
                0x00000000000858e8                UART_vHandleUartInterrupt.7072
                0x000000000008596f                TWETERM_iGetC.29089
                0x00000000000859d2                vXCV_IntHandlerPhy
                0x0000000000085a84                vScanHandleTimer.16250
                0x0000000000085a89                bAES_CCM_EncodeKey
                0x0000000000085b36                vXCV_IntHandlerBbc
                0x0000000000085bd9                _ZN3mwx2L110serial_jen13_set_baudrateEt.isra.2.8716
                0x0000000000085c8a                u8TAM_AES_WriteAuxilliarySecurityHeaderIntoBuffer
                0x0000000000085cfc                u32AHI_ReadIndexSectorBits.constprop.247
                0x0000000000085d5d                vTAIsetCapTime
                0x0000000000085d7e                vTAIsetRxEnableTime
                0x0000000000085d9f                vDoGoActive.22937
                0x0000000000085dc1                vTAMRXEint2Fired
                0x0000000000085df7                _ZN3mwx2L115periph_analogue5setupEbhPFvvE.local.124.constprop.257
                0x0000000000085e91                TWESYSUTL_vWaitPoll
                0x0000000000085f31                _ZL5delaym.2884
                0x0000000000085f5c                _ZL5delaym.4253
                0x0000000000085f87                _ZL17delayMicrosecondsm.2887.constprop.330
                0x000000000008600a                vTAMRXEsetPhy
                0x00000000000860cd                vTAHsetPhyState
                0x00000000000860fd                vTAMCOint2Fired
                0x000000000008611d                vSetPHYfromMacValue.19771
                0x000000000008614f                vTAMDEint1FiredWaitDR
                0x000000000008615c                vTACsetPHYfromMacValue
                0x000000000008617d                vTAMRXEsetReceiveForPibChange
 .text.unlikely
                0x00000000000861bd      0x108 C:\Users\sato\AppData\Local\Temp\ccZhSMxs.ltrans6.ltrans.o
                0x00000000000861bd                bStartXtal32k.27253
 .text          0x00000000000862c5      0x875 C:\Users\sato\AppData\Local\Temp\ccZhSMxs.ltrans7.ltrans.o
                0x00000000000862c5                vHnd_E_STATE_RUNNING.28723
                0x000000000008650f                SERIAL_vTxReady
                0x0000000000086570                vAppQApiPostHwIntT.5625
                0x0000000000086643                MWX_Panic
                0x00000000000866a7                MWX_DebugMsg
                0x00000000000867a9                _ZN3lcd7commandEh.constprop.326
                0x00000000000867fb                _ZN3lcd9setCursorEhh.constprop.321
                0x0000000000086828                _ZN3lcd5cleanEv.constprop.325
                0x0000000000086838                _ZN3lcd5printEPKc.constprop.322
                0x000000000008689d                _ZN3mwx2L114processev_crtpINS0_9NwkSimpleEE14vProcessEvCoreEP8_tsEvent7teEventm.local.224
                0x0000000000086950                cbAppColdStart.part.32.9376
 .text          0x0000000000086b3a      0xb26 C:\Users\sato\AppData\Local\Temp\ccZhSMxs.ltrans8.ltrans.o
                0x0000000000086d29                vTimerCallback.27229
                0x0000000000086d34                vTTIBLETimerExpired
                0x0000000000086d3f                vTTITimer2Expired
                0x0000000000086d44                vTTITimer1Expired
                0x0000000000086d49                vTTITransactionTimerExpired
                0x0000000000086d72                pvHeap_Alloc
                0x0000000000086d75                u32AHI_Init
                0x0000000000086e37                vMicroIntRestoreState
                0x0000000000086e43                vAHI_DoSetDataOut
                0x0000000000086e57                bAHI_DoEnableOutputs
                0x0000000000086e80                u8AHI_WakeTimerFiredStatus
                0x0000000000086e94                vAHI_WakeTimerStop.part.3.27914
                0x0000000000086eb4                mac_vLPBStopTimer
                0x0000000000086ebe                vAHI_UartSetClocksPerBit.part.18.27710
                0x0000000000086ee5                vAHI_UartSetRTSCTS.part.15.27695
                0x0000000000086f0c                vAHI_UartReset.part.4.27668
                0x0000000000086f44                vAHI_UartSetControl.part.2.27652
                0x0000000000086f95                vAHI_UartSetBaudDivisor.part.1.27648
                0x0000000000086fd4                vAHI_WatchdogStop
                0x0000000000086feb                _ZN3mwx2L120periph_pulse_counter10_on_wakeupEv.part.18.8750
                0x0000000000087061                u32AHI_DioWakeStatus
                0x0000000000087072                vAHI_DioWakeEdge
                0x0000000000087092                vAHI_DioSetPullup
                0x00000000000870b2                vAHI_DioSetOutput
                0x00000000000870c6                _ZL12digitalWritehN3mwx2L111enum_wapperIN9PIN_STATE16eMWX_DIO_HIGHLOWEhEE.isra.1.1660
                0x0000000000087102                vAHI_DioSetDirection
                0x0000000000087116                vACI_CmdWaitBusy
                0x000000000008717a                vACI_OptimisedCcmStar
                0x0000000000087392                vTAIdisableInterrupt
                0x00000000000873ab                psRemove.part.0.26193
                0x00000000000873da                vMAC_MISCpollConfirm
                0x000000000008740b                MAC_u8AclFindInfo
                0x0000000000087535                bTSCgetOutgoingInfo
                0x000000000008763e                vTASretrieveSecurity
 .text.unlikely
                0x0000000000087660       0x24 C:\Users\sato\AppData\Local\Temp\ccZhSMxs.ltrans8.ltrans.o
                0x0000000000087660                vAHI_CpuDoze
                0x0000000000087673                vStartXtal32kExternalRc.27243
 .text          0x0000000000087684      0xa84 C:\Users\sato\AppData\Local\Temp\ccZhSMxs.ltrans9.ltrans.o
                0x0000000000087684                vPostDcfm.16637
                0x0000000000087758                AppWarmStart
                0x0000000000087828                vSetNextChannel.16685
                0x0000000000087881                MAC_vHandleMlmeReqRsp
                0x0000000000088031                vTAMDEint1FiredTracking
                0x00000000000880a1                vTAMDEint1FiredSyncReq
 .text          0x0000000000088108      0x55c C:\Users\sato\AppData\Local\Temp\ccZhSMxs.ltrans10.ltrans.o
                0x0000000000088108                AppColdStart
 .text.unlikely
                0x0000000000088664      0x43b C:\Users\sato\AppData\Local\Temp\ccZhSMxs.ltrans10.ltrans.o
                0x0000000000088664                ToCoNet_vStart
 *fill*         0x0000000000088a9f        0x1 00
 .text          0x0000000000088aa0      0x9a4 C:\Users\sato\AppData\Local\Temp\ccZhSMxs.ltrans11.ltrans.o
                0x0000000000088aa0                vTAMDEint2FiredTrackingDR
                0x0000000000088ac6                vTAMDEint2FiredPollActive
                0x0000000000088afb                vTAMDEreqTXnullTrackingCAP
                0x0000000000088b15                eTAMselect
                0x0000000000088c54                MAC_pvCtor
                0x000000000008907d                u32AppApiDefInit
                0x0000000000089148                _ToCoNet_vMacInit
                0x00000000000891ae                _ToCoNet_vRfConfig
                0x0000000000089349                vTAMDEint1FiredTrackingBeacon
                0x00000000000893e9                vTAMDEframeTXtrackingDR
 .text          0x0000000000089444      0x712 C:\Users\sato\AppData\Local\Temp\ccZhSMxs.ltrans12.ltrans.o
                0x0000000000089444                mwx::L1::NwkSimple::on_create(unsigned long&)
                0x00000000000895e8                _Z9vTransmitmh.constprop.338
                0x0000000000089884                setup()
 .text          0x0000000000089b56      0x9e7 C:\Users\sato\AppData\Local\Temp\ccZhSMxs.ltrans13.ltrans.o
                0x0000000000089b56                vAHI_IntHandlerTickTimer
                0x0000000000089b9d                vTACintRXheader
                0x000000000008a398                eGenRxHdrDone.16644
                0x000000000008a3a8                vHnd_E_STATE_FINISH_TX_FAIL.28692
                0x000000000008a45f                vHnd_E_STATE_FINISH_TX_SUCCESS.28697
                0x000000000008a4f2                UART_vSetTxInterrupt
 .text          0x000000000008a53d      0xae4 C:\Users\sato\AppData\Local\Temp\ccZhSMxs.ltrans14.ltrans.o
                0x000000000008a53d                cbToCoNet_vTxEvent
                0x000000000008a680                bTAM_AES_CCMstarPatch
                0x000000000008a7c4                bTAM_AES_CCMstarPatch2006
                0x000000000008aaa3                bTATsendFrame
                0x000000000008aaf6                vTrySendFromDirectCAP.19228
                0x000000000008ab11                vTrySendFromDirectNoBeacon.19232
                0x000000000008ab3c                vTAMCOint1Fired
                0x000000000008ac58                vTAMCOstartBeacon
                0x000000000008ac93                vStartStoreValues.19296
                0x000000000008ad4a                bStartCallback.19325
                0x000000000008ad79                vTAMCOint1FiredCAP
                0x000000000008adec                vTAMCOreqTXnoBeacon
                0x000000000008adfe                vTAMCOreqTXinCAP
                0x000000000008ae24                vTrySendUnslotted.19773
                0x000000000008ae3e                bSendDataRequest.19775
                0x000000000008af50                bProcessBeaconRX.19778
 .text          0x000000000008b021      0x72e C:\Users\sato\AppData\Local\Temp\ccZhSMxs.ltrans15.ltrans.o
                0x000000000008b021                bAES_CCM_DecodeKey
                0x000000000008b362                u8Write802_15_4HeaderIntoBuffer.24944
                0x000000000008b4c2                _ZN3mwx2L110serial_jen10_on_wakeupEv.part.27.8894
                0x000000000008b53c                _MWX_periph_init()
                0x000000000008b636                vTimerStart
 .text          0x000000000008b74f      0x83e C:\Users\sato\AppData\Local\Temp\ccZhSMxs.ltrans16.ltrans.o
                0x000000000008b74f                ToCoNet_vMain
 .text          0x000000000008bf8d      0x4b2 C:\Users\sato\AppData\Local\Temp\ccZhSMxs.ltrans17.ltrans.o
                0x000000000008bf8d                _ZN3mwx2L112appdefs_crtpINS0_9NwkSimpleEE9_on_eventEPvmRm.local.223
                0x000000000008c07c                vProcessEvCoreMac
                0x000000000008c0e4                _ZN3mwx2L112appdefs_crtpI9INTERRUPTE18_cbTweNet_vHwEventEPvmm.local.179
                0x000000000008c341                _ZN3mwx2L112appdefs_crtpI9INTERRUPTE17_cbTweNet_u8HwIntEPvmm.local.178
 .text          0x000000000008c43f      0x9e6 C:\Users\sato\AppData\Local\Temp\ccZhSMxs.ltrans18.ltrans.o
                0x000000000008c43f                TSV_eStart
                0x000000000008c523                vTAMDEstartSync
                0x000000000008c5a1                vDeterminePowerState.19895
                0x000000000008c624                vTAM_TxRetryTimer
                0x000000000008c630                eTAStransmitRequest
                0x000000000008c9cb                vPMICassocReqTO_1.15074
                0x000000000008ca53                vTAM_MCPSdataRequest
                0x000000000008ca96                bTACcheckPANconflict
                0x000000000008cb4f                TSV_eOpen
                0x000000000008cb57                vAppApiDefRestoreMacSettings
                0x000000000008cc3e                vAppApiDefSaveMacSettings
                0x000000000008cc9b                mac_vLPBSleep
                0x000000000008cd59                pvAppApiDefGetMacAddrLocation
                0x000000000008cd62                eAppApiDefPlmeGet
                0x000000000008cdb4                eAppApiDefPlmeSet
 *fill*         0x000000000008ce25        0x3 00
 .text          0x000000000008ce28      0x600 C:\Users\sato\AppData\Local\Temp\ccZhSMxs.ltrans19.ltrans.o
                0x000000000008ce28                SERIAL_bTxChar
                0x000000000008ced9                TWETERM_iPutS.29081
                0x000000000008cefe                TWETERM_iPutC.29085
                0x000000000008cf0f                TWETERM_vFlush.29058
                0x000000000008cf8d                vTimerConfig
                0x000000000008d15b                _ZN3mwx2L112periph_timer6_startEv.part.8.8732
                0x000000000008d1a5                cbAppWarmStart.part.28.9155
                0x000000000008d3d1                _ZN3mwx2L110serial_jen5writeEi.local.146
                0x000000000008d3e0                _ZN3mwx2L16streamINS0_10serial_jenEElsERNS0_18MWX_Stream_EndLineE.isra.29.3939.constprop.313
                0x000000000008d404                _ZN3mwx2L16streamINS0_10serial_jenEE6_printEPKc.local.160.constprop.303
 .text          0x000000000008d428      0x780 C:\Users\sato\AppData\Local\Temp\ccZhSMxs.ltrans20.ltrans.o
                0x000000000008d428                eGenTmrExpiry.16946
                0x000000000008d46a                eWEDTEdDone.16949
                0x000000000008d48e                TSV_eStop
                0x000000000008d54d                bPMICdisassocReqSent.15070
                0x000000000008d607                MAC_vHandleMcpsReqRsp
                0x000000000008d694                bMCPSframeTXcomplete.17681
                0x000000000008d6e9                bSendSyncLoss.21908
                0x000000000008d701                bPollReqSent.25504
                0x000000000008d719                bTASsendCommStatusInd
                0x000000000008d72e                bAssocRespSent.15066
                0x000000000008d741                eTACprocessFrameTXcomplete
                0x000000000008d8bd                vTAMCOframeTXnobeacon
                0x000000000008d8d2                vTAMCOframeStarting
                0x000000000008d8eb                vTAMDEframeTXDEnull
                0x000000000008d90e                vTAMDEframeTXtrackingCAPgts
                0x000000000008d93a                bPMICassocReqSent.15062
                0x000000000008d9bc                bPMICassocReqPollSent.15077
                0x000000000008da10                eWChCChanChgd.16661
 .text          0x000000000008dba8      0x523 C:\Users\sato\AppData\Local\Temp\ccZhSMxs.ltrans21.ltrans.o
                0x000000000008dba8                vAppApiDefMcpsRequest
                0x000000000008dbd3                vHnd_E_STATE_PREPARE_TX.28702
 .text          0x000000000008e0cb       0x25 c:/users/sato/documents/mwstage-2022-08_win10-1/mwstage/tools/ba-elf-ba2-r36379.w10/bin/../lib/gcc/ba-elf/4.7.4/../../../../ba-elf/lib/mcpu_jn51xx_sizeopt\libc.a(lib_a-memcmp.o)
                0x000000000008e0cb                memcmp
 .text          0x000000000008e0f0       0x39 c:/users/sato/documents/mwstage-2022-08_win10-1/mwstage/tools/ba-elf-ba2-r36379.w10/bin/../lib/gcc/ba-elf/4.7.4/mcpu_jn51xx_sizeopt\libgcc.a(_fixunsdfsi.o)
                0x000000000008e0f0                __fixunsdfsi
 .text          0x000000000008e129      0x350 c:/users/sato/documents/mwstage-2022-08_win10-1/mwstage/tools/ba-elf-ba2-r36379.w10/bin/../lib/gcc/ba-elf/4.7.4/mcpu_jn51xx_sizeopt\libgcc.a(_udivdi3.o)
                0x000000000008e129                __udivdi3
 .text          0x000000000008e479      0x312 c:/users/sato/documents/mwstage-2022-08_win10-1/mwstage/tools/ba-elf-ba2-r36379.w10/bin/../lib/gcc/ba-elf/4.7.4/mcpu_jn51xx_sizeopt\libgcc.a(_umoddi3.o)
                0x000000000008e479                __umoddi3
 .text          0x000000000008e78b       0x27 C:/Users/sato/Documents/MWSTAGE-2022-08_win10-1/MWSTAGE/MWSDK/ChipLib/SW4063V1416/Components/Library\libHardwareApi_JN5169.a(AHI_Interrupt.o)
                0x000000000008e78b                vAHI_InterruptSetPriority
                0x000000000008e7a9                vAHI_InterruptSetActivePriorityLevel
 .text.vMicroSyscall
                0x000000000008e7b2       0x17 C:/Users/sato/Documents/MWSTAGE-2022-08_win10-1/MWSTAGE/MWSDK/ChipLib/SW4063V1416/Components/Library\libMicroSpecific_JN516x.a(MicroSyscall_ba.o)
                0x000000000008e7b2                vMicroSyscall
 .text          0x000000000008e7c9       0x12 c:/users/sato/documents/mwstage-2022-08_win10-1/mwstage/tools/ba-elf-ba2-r36379.w10/bin/../lib/gcc/ba-elf/4.7.4/../../../../ba-elf/lib/mcpu_jn51xx_sizeopt\libc.a(lib_a-memset.o)
                0x000000000008e7c9                memset
 .text          0x000000000008e7db       0x84 c:/users/sato/documents/mwstage-2022-08_win10-1/mwstage/tools/ba-elf-ba2-r36379.w10/bin/../lib/gcc/ba-elf/4.7.4/../../../../ba-elf/lib/mcpu_jn51xx_sizeopt\libc.a(lib_a-sprintf.o)
                0x000000000008e7db                _sprintf_r
                0x000000000008e819                sprintf
 .text          0x000000000008e85f       0x25 c:/users/sato/documents/mwstage-2022-08_win10-1/mwstage/tools/ba-elf-ba2-r36379.w10/bin/../lib/gcc/ba-elf/4.7.4/../../../../ba-elf/lib/mcpu_jn51xx_sizeopt\libc.a(lib_a-strcmp.o)
                0x000000000008e85f                strcmp
 .text          0x000000000008e884       0x15 c:/users/sato/documents/mwstage-2022-08_win10-1/mwstage/tools/ba-elf-ba2-r36379.w10/bin/../lib/gcc/ba-elf/4.7.4/../../../../ba-elf/lib/mcpu_jn51xx_sizeopt\libc.a(lib_a-strcpy.o)
                0x000000000008e884                strcpy
 .text          0x000000000008e899       0x12 c:/users/sato/documents/mwstage-2022-08_win10-1/mwstage/tools/ba-elf-ba2-r36379.w10/bin/../lib/gcc/ba-elf/4.7.4/../../../../ba-elf/lib/mcpu_jn51xx_sizeopt\libc.a(lib_a-strlen.o)
                0x000000000008e899                strlen
 *fill*         0x000000000008e8ab        0x1 00
 .text          0x000000000008e8ac     0x10e4 c:/users/sato/documents/mwstage-2022-08_win10-1/mwstage/tools/ba-elf-ba2-r36379.w10/bin/../lib/gcc/ba-elf/4.7.4/../../../../ba-elf/lib/mcpu_jn51xx_sizeopt\libc.a(lib_a-svfprintf.o)
                0x000000000008e8ac                _svfprintf_r
 .text          0x000000000008f990      0xd83 c:/users/sato/documents/mwstage-2022-08_win10-1/mwstage/tools/ba-elf-ba2-r36379.w10/bin/../lib/gcc/ba-elf/4.7.4/../../../../ba-elf/lib/mcpu_jn51xx_sizeopt\libc.a(lib_a-dtoa.o)
                0x000000000008fadb                _dtoa_r
 .text          0x0000000000090713       0x86 c:/users/sato/documents/mwstage-2022-08_win10-1/mwstage/tools/ba-elf-ba2-r36379.w10/bin/../lib/gcc/ba-elf/4.7.4/../../../../ba-elf/lib/mcpu_jn51xx_sizeopt\libc.a(lib_a-locale.o)
                0x0000000000090713                _setlocale_r
                0x0000000000090759                __locale_charset
                0x0000000000090762                __locale_mb_cur_max
                0x000000000009076b                __locale_msgcharset
                0x0000000000090774                __locale_cjk_lang
                0x0000000000090779                _localeconv_r
                0x0000000000090782                setlocale
                0x0000000000090790                localeconv
 .text          0x0000000000090799      0x4ba c:/users/sato/documents/mwstage-2022-08_win10-1/mwstage/tools/ba-elf-ba2-r36379.w10/bin/../lib/gcc/ba-elf/4.7.4/../../../../ba-elf/lib/mcpu_jn51xx_sizeopt\libc.a(lib_a-mallocr.o)
                0x0000000000090799                _malloc_r
 .text          0x0000000000090c53       0x19 c:/users/sato/documents/mwstage-2022-08_win10-1/mwstage/tools/ba-elf-ba2-r36379.w10/bin/../lib/gcc/ba-elf/4.7.4/../../../../ba-elf/lib/mcpu_jn51xx_sizeopt\libc.a(lib_a-memchr.o)
                0x0000000000090c53                memchr
 .text          0x0000000000090c6c       0x19 c:/users/sato/documents/mwstage-2022-08_win10-1/mwstage/tools/ba-elf-ba2-r36379.w10/bin/../lib/gcc/ba-elf/4.7.4/../../../../ba-elf/lib/mcpu_jn51xx_sizeopt\libc.a(lib_a-memcpy.o)
 .text          0x0000000000090c85        0x6 c:/users/sato/documents/mwstage-2022-08_win10-1/mwstage/tools/ba-elf-ba2-r36379.w10/bin/../lib/gcc/ba-elf/4.7.4/../../../../ba-elf/lib/mcpu_jn51xx_sizeopt\libc.a(lib_a-mlock.o)
                0x0000000000090c85                __malloc_lock
                0x0000000000090c88                __malloc_unlock
 .text          0x0000000000090c8b      0x8bb c:/users/sato/documents/mwstage-2022-08_win10-1/mwstage/tools/ba-elf-ba2-r36379.w10/bin/../lib/gcc/ba-elf/4.7.4/../../../../ba-elf/lib/mcpu_jn51xx_sizeopt\libc.a(lib_a-mprec.o)
                0x0000000000090c8b                _Balloc
                0x0000000000090ce3                _Bfree
                0x0000000000090cfd                __multadd
                0x0000000000090d8a                __s2b
                0x0000000000090e17                __hi0bits
                0x0000000000090e6c                __lo0bits
                0x0000000000090ee5                __i2b
                0x0000000000090efa                __multiply
                0x000000000009103b                __pow5mult
                0x00000000000910ba                __lshift
                0x000000000009116e                __mcmp
                0x00000000000911ad                __mdiff
                0x000000000009128f                __ulp
                0x00000000000912d3                __b2d
                0x0000000000091376                __d2b
                0x0000000000091435                __ratio
                0x0000000000091485                _mprec_log10
                0x00000000000914b9                __copybits
                0x00000000000914f2                __any_on
 .text          0x0000000000091546       0x23 c:/users/sato/documents/mwstage-2022-08_win10-1/mwstage/tools/ba-elf-ba2-r36379.w10/bin/../lib/gcc/ba-elf/4.7.4/../../../../ba-elf/lib/mcpu_jn51xx_sizeopt\libc.a(lib_a-sbrkr.o)
                0x0000000000091546                _sbrk_r
 .text          0x0000000000091569       0x5c c:/users/sato/documents/mwstage-2022-08_win10-1/mwstage/tools/ba-elf-ba2-r36379.w10/bin/../lib/gcc/ba-elf/4.7.4/../../../../ba-elf/lib/mcpu_jn51xx_sizeopt\libc.a(lib_a-s_fpclassify.o)
                0x0000000000091569                __fpclassifyd
 .text          0x00000000000915c5      0x8f1 c:/users/sato/documents/mwstage-2022-08_win10-1/mwstage/tools/ba-elf-ba2-r36379.w10/bin/../lib/gcc/ba-elf/4.7.4/../../../../ba-elf/lib/mcpu_jn51xx_sizeopt\libc.a(lib_a-svfiprintf.o)
                0x00000000000915c5                __ssprint_r
                0x00000000000916e9                _svfiprintf_r
 .text          0x0000000000091eb6       0x64 c:/users/sato/documents/mwstage-2022-08_win10-1/mwstage/tools/ba-elf-ba2-r36379.w10/bin/../lib/gcc/ba-elf/4.7.4/../../../../ba-elf/lib/mcpu_jn51xx_sizeopt\libc.a(lib_a-callocr.o)
                0x0000000000091eb6                _calloc_r
 .text          0x0000000000091f1a      0x271 c:/users/sato/documents/mwstage-2022-08_win10-1/mwstage/tools/ba-elf-ba2-r36379.w10/bin/../lib/gcc/ba-elf/4.7.4/../../../../ba-elf/lib/mcpu_jn51xx_sizeopt\libc.a(lib_a-freer.o)
                0x0000000000091f1a                _malloc_trim_r
                0x0000000000091fce                _free_r
 .text          0x000000000009218b      0x1d0 c:/users/sato/documents/mwstage-2022-08_win10-1/mwstage/tools/ba-elf-ba2-r36379.w10/bin/../lib/gcc/ba-elf/4.7.4/../../../../ba-elf/lib/mcpu_jn51xx_sizeopt\libc.a(lib_a-glue.o)
                0x000000000009218b                _read
                0x00000000000921a5                _write
                0x00000000000921bf                _open
                0x00000000000921d9                _close
                0x00000000000921f3                _isatty
                0x000000000009220e                _lseek
                0x0000000000092229                _fstat
                0x0000000000092244                _times
                0x000000000009225f                _time
                0x000000000009227a                _creat
                0x0000000000092295                _link
                0x00000000000922b0                _unlink
                0x00000000000922cb                _fork
                0x00000000000922e5                isatty
                0x00000000000922e7                __unlink
                0x00000000000922e9                _exit
                0x00000000000922ed                _kill
                0x00000000000922f1                _getpid
                0x00000000000922f6                _sbrk
 .text          0x000000000009235b       0x44 c:/users/sato/documents/mwstage-2022-08_win10-1/mwstage/tools/ba-elf-ba2-r36379.w10/bin/../lib/gcc/ba-elf/4.7.4/../../../../ba-elf/lib/mcpu_jn51xx_sizeopt\libc.a(lib_a-memmove.o)
                0x000000000009235b                memmove
 .text          0x000000000009239f      0x33c c:/users/sato/documents/mwstage-2022-08_win10-1/mwstage/tools/ba-elf-ba2-r36379.w10/bin/../lib/gcc/ba-elf/4.7.4/../../../../ba-elf/lib/mcpu_jn51xx_sizeopt\libc.a(lib_a-reallocr.o)
                0x000000000009239f                _realloc_r
 .text          0x00000000000926db        0x9 c:/users/sato/documents/mwstage-2022-08_win10-1/mwstage/tools/ba-elf-ba2-r36379.w10/bin/../lib/gcc/ba-elf/4.7.4/../../../../ba-elf/lib/mcpu_jn51xx_sizeopt\libc.a(lib_a-errno.o)
                0x00000000000926db                __errno
 .text          0x00000000000926e4      0x204 c:/users/sato/documents/mwstage-2022-08_win10-1/mwstage/tools/ba-elf-ba2-r36379.w10/bin/../lib/gcc/ba-elf/4.7.4/mcpu_jn51xx_sizeopt\libgcc.a(__udivsi3.o)
                0x00000000000926e4                __udivsi3
 .text          0x00000000000928e8       0x30 c:/users/sato/documents/mwstage-2022-08_win10-1/mwstage/tools/ba-elf-ba2-r36379.w10/bin/../lib/gcc/ba-elf/4.7.4/mcpu_jn51xx_sizeopt\libgcc.a(__divsi3.o)
                0x00000000000928e8                __divsi3
 .text          0x0000000000092918      0x1b0 c:/users/sato/documents/mwstage-2022-08_win10-1/mwstage/tools/ba-elf-ba2-r36379.w10/bin/../lib/gcc/ba-elf/4.7.4/mcpu_jn51xx_sizeopt\libgcc.a(__umodsi3.o)
                0x0000000000092918                __umodsi3
 .text          0x0000000000092ac8       0x24 c:/users/sato/documents/mwstage-2022-08_win10-1/mwstage/tools/ba-elf-ba2-r36379.w10/bin/../lib/gcc/ba-elf/4.7.4/mcpu_jn51xx_sizeopt\libgcc.a(__modsi3.o)
                0x0000000000092ac8                __modsi3
 .text          0x0000000000092aec      0x682 c:/users/sato/documents/mwstage-2022-08_win10-1/mwstage/tools/ba-elf-ba2-r36379.w10/bin/../lib/gcc/ba-elf/4.7.4/mcpu_jn51xx_sizeopt\libgcc.a(adddf3.o)
                0x0000000000092aec                __adddf3
 *fill*         0x000000000009316e        0x2 00
 .text          0x0000000000093170      0x5c8 c:/users/sato/documents/mwstage-2022-08_win10-1/mwstage/tools/ba-elf-ba2-r36379.w10/bin/../lib/gcc/ba-elf/4.7.4/mcpu_jn51xx_sizeopt\libgcc.a(divdf3.o)
                0x0000000000093170                __divdf3
 .text          0x0000000000093738       0x7f c:/users/sato/documents/mwstage-2022-08_win10-1/mwstage/tools/ba-elf-ba2-r36379.w10/bin/../lib/gcc/ba-elf/4.7.4/mcpu_jn51xx_sizeopt\libgcc.a(eqdf2.o)
                0x0000000000093738                __nedf2
                0x0000000000093738                __eqdf2
 .text          0x00000000000937b7       0xca c:/users/sato/documents/mwstage-2022-08_win10-1/mwstage/tools/ba-elf-ba2-r36379.w10/bin/../lib/gcc/ba-elf/4.7.4/mcpu_jn51xx_sizeopt\libgcc.a(gedf2.o)
                0x00000000000937b7                __gedf2
                0x00000000000937b7                __gtdf2
 .text          0x0000000000093881       0xcb c:/users/sato/documents/mwstage-2022-08_win10-1/mwstage/tools/ba-elf-ba2-r36379.w10/bin/../lib/gcc/ba-elf/4.7.4/mcpu_jn51xx_sizeopt\libgcc.a(ledf2.o)
                0x0000000000093881                __ledf2
                0x0000000000093881                __ltdf2
 .text          0x000000000009394c      0x488 c:/users/sato/documents/mwstage-2022-08_win10-1/mwstage/tools/ba-elf-ba2-r36379.w10/bin/../lib/gcc/ba-elf/4.7.4/mcpu_jn51xx_sizeopt\libgcc.a(muldf3.o)
                0x000000000009394c                __muldf3
 .text          0x0000000000093dd4      0x693 c:/users/sato/documents/mwstage-2022-08_win10-1/mwstage/tools/ba-elf-ba2-r36379.w10/bin/../lib/gcc/ba-elf/4.7.4/mcpu_jn51xx_sizeopt\libgcc.a(subdf3.o)
                0x0000000000093dd4                __subdf3
 .text          0x0000000000094467       0x64 c:/users/sato/documents/mwstage-2022-08_win10-1/mwstage/tools/ba-elf-ba2-r36379.w10/bin/../lib/gcc/ba-elf/4.7.4/mcpu_jn51xx_sizeopt\libgcc.a(fixdfsi.o)
                0x0000000000094467                __fixdfsi
 .text          0x00000000000944cb       0x61 c:/users/sato/documents/mwstage-2022-08_win10-1/mwstage/tools/ba-elf-ba2-r36379.w10/bin/../lib/gcc/ba-elf/4.7.4/mcpu_jn51xx_sizeopt\libgcc.a(floatsidf.o)
                0x00000000000944cb                __floatsidf
 .text          0x000000000009452c       0x4f c:/users/sato/documents/mwstage-2022-08_win10-1/mwstage/tools/ba-elf-ba2-r36379.w10/bin/../lib/gcc/ba-elf/4.7.4/mcpu_jn51xx_sizeopt\libgcc.a(floatunsidf.o)
                0x000000000009452c                __floatunsidf
                0x000000000009457b                _flash_end = ABSOLUTE (.)

.rela.dyn       0x000000000009457c        0x0
 .rela.text     0x0000000000000000        0x0 c:/users/sato/documents/mwstage-2022-08_win10-1/mwstage/tools/ba-elf-ba2-r36379.w10/bin/../lib/gcc/ba-elf/4.7.4/../../../../ba-elf/lib/mcpu_jn51xx_sizeopt\libc.a(lib_a-sprintf.o)
 .rela.text.unlikely
                0x0000000000000000        0x0 c:/users/sato/documents/mwstage-2022-08_win10-1/mwstage/tools/ba-elf-ba2-r36379.w10/bin/../lib/gcc/ba-elf/4.7.4/../../../../ba-elf/lib/mcpu_jn51xx_sizeopt\libc.a(lib_a-sprintf.o)
 .rela.rodata   0x0000000000000000        0x0 c:/users/sato/documents/mwstage-2022-08_win10-1/mwstage/tools/ba-elf-ba2-r36379.w10/bin/../lib/gcc/ba-elf/4.7.4/../../../../ba-elf/lib/mcpu_jn51xx_sizeopt\libc.a(lib_a-sprintf.o)
 .rela.data     0x0000000000000000        0x0 c:/users/sato/documents/mwstage-2022-08_win10-1/mwstage/tools/ba-elf-ba2-r36379.w10/bin/../lib/gcc/ba-elf/4.7.4/../../../../ba-elf/lib/mcpu_jn51xx_sizeopt\libc.a(lib_a-sprintf.o)
                0x000000000400004c                . = ORIGIN (ram)

.data           0x000000000400004c      0x8d0 load address 0x000000000009457c
                0x000000000400004c                _ram_data_start = ABSOLUTE (.)
 *(.data*)
 .data          0x000000000400004c        0x8 C:\Users\sato\AppData\Local\Temp\ccZhSMxs.ltrans3.ltrans.o
                0x000000000400004c                u32HeapStart
 .data          0x0000000004000054        0x1 C:\Users\sato\AppData\Local\Temp\ccZhSMxs.ltrans4.ltrans.o
                0x0000000004000054                _mwx_periph_u8_grain_gpio
 .data          0x0000000004000055        0x1 C:\Users\sato\AppData\Local\Temp\ccZhSMxs.ltrans7.ltrans.o
                0x0000000004000055                _toconet_tx_u8_init_queue_flag
 .data          0x0000000004000056        0x1 C:\Users\sato\AppData\Local\Temp\ccZhSMxs.ltrans11.ltrans.o
 .data.initinboot
                0x0000000004000057        0x1 C:\Users\sato\AppData\Local\Temp\ccZhSMxs.ltrans11.ltrans.o
                0x0000000004000057                gMAC_u8MaxBuffers
 .data          0x0000000004000058        0x2 C:\Users\sato\AppData\Local\Temp\ccZhSMxs.ltrans16.ltrans.o
 .data          0x000000000400005a        0x1 C:\Users\sato\AppData\Local\Temp\ccZhSMxs.ltrans21.ltrans.o
                0x000000000400005a                u8TxWkrNow.28825
 *fill*         0x000000000400005b        0x5 00
 .data          0x0000000004000060      0x430 c:/users/sato/documents/mwstage-2022-08_win10-1/mwstage/tools/ba-elf-ba2-r36379.w10/bin/../lib/gcc/ba-elf/4.7.4/../../../../ba-elf/lib/mcpu_jn51xx_sizeopt\libc.a(lib_a-impure.o)
                0x0000000004000060                _impure_ptr
 .data          0x0000000004000490       0x7c c:/users/sato/documents/mwstage-2022-08_win10-1/mwstage/tools/ba-elf-ba2-r36379.w10/bin/../lib/gcc/ba-elf/4.7.4/../../../../ba-elf/lib/mcpu_jn51xx_sizeopt\libc.a(lib_a-locale.o)
                0x0000000004000490                __mb_cur_max
 .data          0x000000000400050c      0x410 c:/users/sato/documents/mwstage-2022-08_win10-1/mwstage/tools/ba-elf-ba2-r36379.w10/bin/../lib/gcc/ba-elf/4.7.4/../../../../ba-elf/lib/mcpu_jn51xx_sizeopt\libc.a(lib_a-mallocr.o)
                0x000000000400050c                __malloc_sbrk_base
                0x0000000004000510                __malloc_trim_threshold
                0x0000000004000514                __malloc_av_
 *(.data.*)
                0x000000000400091c                . = ALIGN (0x4)
                0x000000000400091c                _ram_data_end = ABSOLUTE (.)

.bss            0x000000000400091c     0x1714 load address 0x0000000000094e4c
                0x000000000400091c                _bss_start = ABSOLUTE (.)
 *(.bss*)
 .bss           0x000000000400091c        0xc C:\Users\sato\AppData\Local\Temp\ccZhSMxs.ltrans0.ltrans.o
 .bss           0x0000000004000928       0x24 C:\Users\sato\AppData\Local\Temp\ccZhSMxs.ltrans1.ltrans.o
                0x0000000004000928                pvPostFunc.4597
                0x000000000400092c                u32PostArg.4596
                0x0000000004000930                evPost.4595
 .bss           0x000000000400094c       0x40 C:\Users\sato\AppData\Local\Temp\ccZhSMxs.ltrans2.ltrans.o
                0x000000000400094c                g_sLP
                0x0000000004000988                g_pvMac
 .bss.initinboot
                0x000000000400098c      0x1c0 C:\Users\sato\AppData\Local\Temp\ccZhSMxs.ltrans2.ltrans.o
                0x000000000400098c                g_sMac
 .bss           0x0000000004000b4c        0x2 C:\Users\sato\AppData\Local\Temp\ccZhSMxs.ltrans3.ltrans.o
 *fill*         0x0000000004000b4e        0x2 00
 .bss.dontinitinboot
                0x0000000004000b50        0x4 C:\Users\sato\AppData\Local\Temp\ccZhSMxs.ltrans3.ltrans.o
 .bss           0x0000000004000b54       0x94 C:\Users\sato\AppData\Local\Temp\ccZhSMxs.ltrans4.ltrans.o
                0x0000000004000b54                Timer4
                0x0000000004000b5c                Analogue
                0x0000000004000b74                SPI
                0x0000000004000b78                SerialParser
                0x0000000004000bb4                Serial1
                0x0000000004000bd4                Buttons
                0x0000000004000bdc                PulseCounter1
                0x0000000004000be0                PulseCounter0
 .bss           0x0000000004000be8      0x71c C:\Users\sato\AppData\Local\Temp\ccZhSMxs.ltrans5.ltrans.o
                0x0000000004000be8                prSpiAppCallback.27217
                0x0000000004000bec                prSiAppCallback.28452
                0x0000000004000bf0                prAppMcpsCallback.5868
                0x0000000004000bf4                prAppMlmeCallback.5869
                0x0000000004000bf8                gbTimeOutFlag.27421
 .bss.initinboot
                0x0000000004001304        0x4 C:\Users\sato\AppData\Local\Temp\ccZhSMxs.ltrans5.ltrans.o
                0x0000000004001304                prSysCtrlAppCallback.27425
 .bss           0x0000000004001308       0x24 C:\Users\sato\AppData\Local\Temp\ccZhSMxs.ltrans6.ltrans.o
                0x0000000004001308                bTxEventQueued.22803
                0x0000000004001309                u8TxEventStatus.22804
                0x000000000400130c                sAppHousekeeping
                0x0000000004001324                prApAppCallback.26983
                0x0000000004001328                bIntEnableFlag.26980
 .bss           0x000000000400132c      0x618 C:\Users\sato\AppData\Local\Temp\ccZhSMxs.ltrans7.ltrans.o
                0x000000000400132c                prAppHwCallback.5870
                0x0000000004001330                TxWorker_u8Num.28782
 .bss           0x0000000004001944        0x4 C:\Users\sato\AppData\Local\Temp\ccZhSMxs.ltrans8.ltrans.o
 .bss           0x0000000004001948       0x90 C:\Users\sato\AppData\Local\Temp\ccZhSMxs.ltrans9.ltrans.o
                0x0000000004001948                _ZL5_vcbs.9528
                0x000000000400195c                sToCoNet_AppContext
                0x0000000004001978                sToCoNet_Context
                0x00000000040019c0                sAssocSecurity.15691
                0x00000000040019cc                g_bJenieBackwardsCompatibilityMode
 .bss           0x00000000040019d8      0x290 C:\Users\sato\AppData\Local\Temp\ccZhSMxs.ltrans10.ltrans.o
                0x00000000040019d8                u8AppId_Pkt_head.6818
                0x00000000040019dc                u32AppId.6815
                0x00000000040019e0                u32MyAddr.6817
                0x00000000040019e4                bRxQueue_Init.6816
                0x00000000040019e8                psRxQueueList.6814
                0x00000000040019fc                asEventHandler.4583
                0x0000000004001a9c                sEvVars
                0x0000000004001ab8                u32TickCount_ms
                0x0000000004001abc                au8Txdatabuff_idx_sTxQueue
                0x0000000004001ac0                u8TxBuffSiz_sTxQueue
                0x0000000004001ac4                sTxdatabuff_sTxQueue
                0x0000000004001ac8                sTxQueue
                0x0000000004001ae4                au8Rxdatabuff_idx_sRxQueue
                0x0000000004001ae8                u8RxBuffSiz_sRxQueue
                0x0000000004001aec                sRxdatabuff_sRxQueue
                0x0000000004001af0                sRxQueue
                0x0000000004001b0c                au8Rxdatabuff_idx_sRxQueueCmd
                0x0000000004001b10                u8RxBuffSiz_sRxQueueCmd
                0x0000000004001b14                sRxdatabuff_sRxQueueCmd
                0x0000000004001b18                sRxQueueCmd.5034
                0x0000000004001b34                sContext.6939
                0x0000000004001b60                the_twelite
                0x0000000004001bf8                TWENET_u8RFdevice_minor.6239
                0x0000000004001bf9                TWENET_u8RFdevice_major.6238
                0x0000000004001bfa                _TWENET_TX_POWER_MAX
                0x0000000004001bfc                sToCoNet_Modules
 .bss           0x0000000004001c68       0x24 C:\Users\sato\AppData\Local\Temp\ccZhSMxs.ltrans11.ltrans.o
                0x0000000004001c68                i8TxPower.18481
                0x0000000004001c6c                g_sXcv
                0x0000000004001c70                prMcpsRequest.12075
                0x0000000004001c74                prMlmeRequest.12074
                0x0000000004001c78                prOriginalHandler.6949
 .bss.initinboot
                0x0000000004001c8c        0x8 C:\Users\sato\AppData\Local\Temp\ccZhSMxs.ltrans11.ltrans.o
                0x0000000004001c8c                g_u32MacAddrLocation
                0x0000000004001c90                prvUserTxStartedCallback
 .bss           0x0000000004001c94       0x74 C:\Users\sato\AppData\Local\Temp\ccZhSMxs.ltrans12.ltrans.o
                0x0000000004001c94                the_mac
                0x0000000004001cb0                Serial
                0x0000000004001cd0                Wire
                0x0000000004001ce8                Timer3
                0x0000000004001cf0                Timer2
                0x0000000004001cf8                Timer1
                0x0000000004001d00                Timer0
 .bss           0x0000000004001d08       0x28 C:\Users\sato\AppData\Local\Temp\ccZhSMxs.ltrans13.ltrans.o
                0x0000000004001d08                asUARTS.7114
 .bss.dontinitinboot
                0x0000000004001d30        0x1 C:\Users\sato\AppData\Local\Temp\ccZhSMxs.ltrans14.ltrans.o
                0x0000000004001d30                u8SecurityMode.24971
 *fill*         0x0000000004001d31        0x3 00
 .bss           0x0000000004001d34       0x64 C:\Users\sato\AppData\Local\Temp\ccZhSMxs.ltrans15.ltrans.o
                0x0000000004001d34                prUart1AppCallback.27889
                0x0000000004001d38                prUart0AppCallback.27888
                0x0000000004001d3c                sOpt.7121
                0x0000000004001d4c                _psSerial
 .bss           0x0000000004001d98       0x80 C:\Users\sato\AppData\Local\Temp\ccZhSMxs.ltrans16.ltrans.o
                0x0000000004001d98                sMcpsIndQueue.5864
                0x0000000004001da8                sMcpsIndBufferQueue.5862
                0x0000000004001db8                sMlmeIndQueue.5865
                0x0000000004001dc8                sMlmeIndBufferQueue.5863
                0x0000000004001dd8                sHwIndQueue.5866
                0x0000000004001de8                sHwIndBufferQueue.5867
                0x0000000004001df8                _u32_INT_adc_comp
                0x0000000004001dfc                _u32_INT_ticktimer
                0x0000000004001e00                the_vsettings
                0x0000000004001e04                _periph_availmap
 .bss           0x0000000004001e18       0xe0 C:\Users\sato\AppData\Local\Temp\ccZhSMxs.ltrans17.ltrans.o
                0x0000000004001e18                communication_established_check_flg
                0x0000000004001e19                LED_mode
                0x0000000004001e1c                lcd_control
                0x0000000004001e20                lcd_data_buf2
                0x0000000004001e40                lcd_data_buf1
                0x0000000004001e60                current_mode
 .bss           0x0000000004001ef8       0x1c C:\Users\sato\AppData\Local\Temp\ccZhSMxs.ltrans18.ltrans.o
 .bss.initinboot
                0x0000000004001f14        0x1 C:\Users\sato\AppData\Local\Temp\ccZhSMxs.ltrans18.ltrans.o
 *fill*         0x0000000004001f15        0x3 00
 .bss           0x0000000004001f18       0x6c C:\Users\sato\AppData\Local\Temp\ccZhSMxs.ltrans19.ltrans.o
                0x0000000004001f18                _SERIAL_bmTxIntEnabled
                0x0000000004001f1c                asSerialPorts
                0x0000000004001f54                sSerCmd_P3.7784
                0x0000000004001f60                apfTimerAppCallback.27634
                0x0000000004001f74                prTickTimeAppCallback
                0x0000000004001f78                au16TimerSettings.27583
 .bss           0x0000000004001f84       0x14 C:\Users\sato\AppData\Local\Temp\ccZhSMxs.ltrans20.ltrans.o
                0x0000000004001f84                s_sTimerList
                0x0000000004001f94                u8AssocResponsesInProgress.15690
 .bss           0x0000000004001f98       0x1c C:\Users\sato\AppData\Local\Temp\ccZhSMxs.ltrans21.ltrans.o
                0x0000000004001f98                sCh_Context.5502
                0x0000000004001f9c                the_vhw
                0x0000000004001fa0                the_vnet2
                0x0000000004001fa4                the_vnet
                0x0000000004001fa8                the_vapp
                0x0000000004001fac                asTx.28781
 .bss.dontinitinboot
                0x0000000004001fb4       0x40 C:/Users/sato/Documents/MWSTAGE-2022-08_win10-1/MWSTAGE/MWSDK/ChipLib/SW4063V1416/Components/Library\libBoot_JN516x.a(ExceptionHandler.o)
                0x0000000004001fb4                isr_handlers
 .bss           0x0000000004001ff4       0x34 c:/users/sato/documents/mwstage-2022-08_win10-1/mwstage/tools/ba-elf-ba2-r36379.w10/bin/../lib/gcc/ba-elf/4.7.4/../../../../ba-elf/lib/mcpu_jn51xx_sizeopt\libc.a(lib_a-mallocr.o)
                0x0000000004001ff4                __malloc_current_mallinfo
                0x000000000400201c                __malloc_max_total_mem
                0x0000000004002020                __malloc_max_sbrked_mem
                0x0000000004002024                __malloc_top_pad
 .bss           0x0000000004002028        0x4 c:/users/sato/documents/mwstage-2022-08_win10-1/mwstage/tools/ba-elf-ba2-r36379.w10/bin/../lib/gcc/ba-elf/4.7.4/../../../../ba-elf/lib/mcpu_jn51xx_sizeopt\libc.a(lib_a-glue.o)
 *(.bss.*)
 *(.scommon*)
 .scommon       0x000000000400202c        0x4 c:/users/sato/documents/mwstage-2022-08_win10-1/mwstage/tools/ba-elf-ba2-r36379.w10/bin/../lib/gcc/ba-elf/4.7.4/../../../../ba-elf/lib/mcpu_jn51xx_sizeopt\libc.a(lib_a-reent.o)
                0x000000000400202c                errno
 *(.scommon.*)
 *(COMMON)
                0x0000000004002030                . = ALIGN (0x4)
                0x0000000004002030                _bss_end = ABSOLUTE (.)
                0x0000000004002030                end = .

.heap           0x0000000004002030      0xd16 load address 0x0000000000096560
                0x0000000004002030                _heap_start = ABSOLUTE (.)
                0x0000000004002d46                . = (. + __minimum_heap_size)
 *fill*         0x0000000004002030      0xd16 00

.stack          0x0000000004007800      0x800 load address 0x000000000009bd30
                0x0000000004007800                _heap_end = ABSOLUTE (.)
                0x0000000004007800                _stack_low_water_mark = ABSOLUTE (.)
                0x0000000004008000                . = (. + __stack_size)
 *fill*         0x0000000004007800      0x800 00
                0x0000000004008000                _stack = .

.test           0x0000000000094e4c        0x1
                0x0000000000094e4c        0x1 BYTE 0xff
                0x000000000009457c                _flash_data_start = LOADADDR (.data)
                0x00000000000008d0                _ram_data_len = (((_ram_data_end - _ram_data_start) + 0x3) & 0xfffffffffffffffc)
                0x0000000000001714                _bss_len = (((_bss_end - _bss_start) + 0x3) & 0xfffffffffffffffc)
                0x0000000000014e4c                _image_len = ((((_flash_end - _flash_start) + _ram_data_len) + 0x3) & 0xfffffffffffffffc)
                0x0000000004008000                _ram_top = (ABSOLUTE (ORIGIN (ram)) + 0x7fb4)
                0x0000000004008000                ram_top = (ABSOLUTE (ORIGIN (ram)) + 0x7fb4)
                0x0000000001001580                _app_ram_start = 0x1001580
                0x000000000400004c                PROVIDE (_heap_location, u32HeapStart)
                0x000000000400004c                PROVIDE (heap_location, u32HeapStart)
                0x000000000008cb4f                TSV_eOpenVector = TSV_eOpen
                0x000000000008c43f                TSV_eStartVector = TSV_eStart
                0x000000000008d48e                TSV_eStopVector = TSV_eStop
                0x0000000000084816                pvAppApiGetMacHandle = pvAppApiDefGetMacHandle
                0x000000000008907d                u32AppApiInit = u32AppApiDefInit
                0x00000000000847eb                vAppApiMlmeRequest = vAppApiDefMlmeRequest
                0x000000000008dba8                vAppApiMcpsRequest = vAppApiDefMcpsRequest
                0x000000000008cdb4                eAppApiPlmeSet = eAppApiDefPlmeSet
                0x000000000008cd62                eAppApiPlmeGet = eAppApiDefPlmeGet
                0x000000000008cd59                pvAppApiGetMacAddrLocation = pvAppApiDefGetMacAddrLocation
                0x000000000008cc3e                vAppApiSaveMacSettings = vAppApiDefSaveMacSettings
                0x000000000008cb57                vAppApiRestoreMacSettings = vAppApiDefRestoreMacSettings
OUTPUT(objs_RED/Wireless_EM_Switch_RED_L1305_V0-1-0.elf elf32-ba)

.comment        0x0000000000000000       0x11
 .comment       0x0000000000000000       0x12 C:\Users\sato\AppData\Local\Temp\ccZhSMxs.ltrans0.ltrans.o
 .comment       0x0000000000000000       0x12 C:\Users\sato\AppData\Local\Temp\ccZhSMxs.ltrans1.ltrans.o
 .comment       0x0000000000000000       0x12 C:\Users\sato\AppData\Local\Temp\ccZhSMxs.ltrans2.ltrans.o
 .comment       0x0000000000000000       0x12 C:\Users\sato\AppData\Local\Temp\ccZhSMxs.ltrans3.ltrans.o
 .comment       0x0000000000000000       0x12 C:\Users\sato\AppData\Local\Temp\ccZhSMxs.ltrans4.ltrans.o
 .comment       0x0000000000000000       0x12 C:\Users\sato\AppData\Local\Temp\ccZhSMxs.ltrans5.ltrans.o
 .comment       0x0000000000000000       0x12 C:\Users\sato\AppData\Local\Temp\ccZhSMxs.ltrans6.ltrans.o
 .comment       0x0000000000000000       0x12 C:\Users\sato\AppData\Local\Temp\ccZhSMxs.ltrans7.ltrans.o
 .comment       0x0000000000000000       0x12 C:\Users\sato\AppData\Local\Temp\ccZhSMxs.ltrans8.ltrans.o
 .comment       0x0000000000000000       0x12 C:\Users\sato\AppData\Local\Temp\ccZhSMxs.ltrans9.ltrans.o
 .comment       0x0000000000000000       0x12 C:\Users\sato\AppData\Local\Temp\ccZhSMxs.ltrans10.ltrans.o
 .comment       0x0000000000000000       0x12 C:\Users\sato\AppData\Local\Temp\ccZhSMxs.ltrans11.ltrans.o
 .comment       0x0000000000000000       0x12 C:\Users\sato\AppData\Local\Temp\ccZhSMxs.ltrans12.ltrans.o
 .comment       0x0000000000000000       0x12 C:\Users\sato\AppData\Local\Temp\ccZhSMxs.ltrans13.ltrans.o
 .comment       0x0000000000000000       0x12 C:\Users\sato\AppData\Local\Temp\ccZhSMxs.ltrans14.ltrans.o
 .comment       0x0000000000000000       0x12 C:\Users\sato\AppData\Local\Temp\ccZhSMxs.ltrans15.ltrans.o
 .comment       0x0000000000000000       0x12 C:\Users\sato\AppData\Local\Temp\ccZhSMxs.ltrans16.ltrans.o
 .comment       0x0000000000000000       0x12 C:\Users\sato\AppData\Local\Temp\ccZhSMxs.ltrans17.ltrans.o
 .comment       0x0000000000000000       0x12 C:\Users\sato\AppData\Local\Temp\ccZhSMxs.ltrans18.ltrans.o
 .comment       0x0000000000000000       0x12 C:\Users\sato\AppData\Local\Temp\ccZhSMxs.ltrans19.ltrans.o
 .comment       0x0000000000000000       0x12 C:\Users\sato\AppData\Local\Temp\ccZhSMxs.ltrans20.ltrans.o
 .comment       0x0000000000000000       0x12 C:\Users\sato\AppData\Local\Temp\ccZhSMxs.ltrans21.ltrans.o
 .comment       0x0000000000000000       0x12 c:/users/sato/documents/mwstage-2022-08_win10-1/mwstage/tools/ba-elf-ba2-r36379.w10/bin/../lib/gcc/ba-elf/4.7.4/../../../../ba-elf/lib/mcpu_jn51xx_sizeopt\libc.a(lib_a-memcmp.o)
 .comment       0x0000000000000000       0x12 c:/users/sato/documents/mwstage-2022-08_win10-1/mwstage/tools/ba-elf-ba2-r36379.w10/bin/../lib/gcc/ba-elf/4.7.4/mcpu_jn51xx_sizeopt\libgcc.a(_fixunsdfsi.o)
 .comment       0x0000000000000000       0x12 c:/users/sato/documents/mwstage-2022-08_win10-1/mwstage/tools/ba-elf-ba2-r36379.w10/bin/../lib/gcc/ba-elf/4.7.4/mcpu_jn51xx_sizeopt\libgcc.a(_udivdi3.o)
 .comment       0x0000000000000000       0x12 c:/users/sato/documents/mwstage-2022-08_win10-1/mwstage/tools/ba-elf-ba2-r36379.w10/bin/../lib/gcc/ba-elf/4.7.4/mcpu_jn51xx_sizeopt\libgcc.a(_umoddi3.o)
 .comment       0x0000000000000000       0x11 C:/Users/sato/Documents/MWSTAGE-2022-08_win10-1/MWSTAGE/MWSDK/ChipLib/SW4063V1416/Components/Library\libMicroSpecific_JN516x.a(MicroSyscall_ba.o)
                                         0x12 (size before relaxing)
 .comment       0x0000000000000000       0x12 c:/users/sato/documents/mwstage-2022-08_win10-1/mwstage/tools/ba-elf-ba2-r36379.w10/bin/../lib/gcc/ba-elf/4.7.4/../../../../ba-elf/lib/mcpu_jn51xx_sizeopt\libc.a(lib_a-memset.o)
 .comment       0x0000000000000000       0x12 c:/users/sato/documents/mwstage-2022-08_win10-1/mwstage/tools/ba-elf-ba2-r36379.w10/bin/../lib/gcc/ba-elf/4.7.4/../../../../ba-elf/lib/mcpu_jn51xx_sizeopt\libc.a(lib_a-sprintf.o)
 .comment       0x0000000000000000       0x12 c:/users/sato/documents/mwstage-2022-08_win10-1/mwstage/tools/ba-elf-ba2-r36379.w10/bin/../lib/gcc/ba-elf/4.7.4/../../../../ba-elf/lib/mcpu_jn51xx_sizeopt\libc.a(lib_a-strcmp.o)
 .comment       0x0000000000000000       0x12 c:/users/sato/documents/mwstage-2022-08_win10-1/mwstage/tools/ba-elf-ba2-r36379.w10/bin/../lib/gcc/ba-elf/4.7.4/../../../../ba-elf/lib/mcpu_jn51xx_sizeopt\libc.a(lib_a-strcpy.o)
 .comment       0x0000000000000000       0x12 c:/users/sato/documents/mwstage-2022-08_win10-1/mwstage/tools/ba-elf-ba2-r36379.w10/bin/../lib/gcc/ba-elf/4.7.4/../../../../ba-elf/lib/mcpu_jn51xx_sizeopt\libc.a(lib_a-strlen.o)
 .comment       0x0000000000000000       0x12 c:/users/sato/documents/mwstage-2022-08_win10-1/mwstage/tools/ba-elf-ba2-r36379.w10/bin/../lib/gcc/ba-elf/4.7.4/../../../../ba-elf/lib/mcpu_jn51xx_sizeopt\libc.a(lib_a-svfprintf.o)
 .comment       0x0000000000000000       0x12 c:/users/sato/documents/mwstage-2022-08_win10-1/mwstage/tools/ba-elf-ba2-r36379.w10/bin/../lib/gcc/ba-elf/4.7.4/../../../../ba-elf/lib/mcpu_jn51xx_sizeopt\libc.a(lib_a-dtoa.o)
 .comment       0x0000000000000000       0x12 c:/users/sato/documents/mwstage-2022-08_win10-1/mwstage/tools/ba-elf-ba2-r36379.w10/bin/../lib/gcc/ba-elf/4.7.4/../../../../ba-elf/lib/mcpu_jn51xx_sizeopt\libc.a(lib_a-impure.o)
 .comment       0x0000000000000000       0x12 c:/users/sato/documents/mwstage-2022-08_win10-1/mwstage/tools/ba-elf-ba2-r36379.w10/bin/../lib/gcc/ba-elf/4.7.4/../../../../ba-elf/lib/mcpu_jn51xx_sizeopt\libc.a(lib_a-locale.o)
 .comment       0x0000000000000000       0x12 c:/users/sato/documents/mwstage-2022-08_win10-1/mwstage/tools/ba-elf-ba2-r36379.w10/bin/../lib/gcc/ba-elf/4.7.4/../../../../ba-elf/lib/mcpu_jn51xx_sizeopt\libc.a(lib_a-mallocr.o)
 .comment       0x0000000000000000       0x12 c:/users/sato/documents/mwstage-2022-08_win10-1/mwstage/tools/ba-elf-ba2-r36379.w10/bin/../lib/gcc/ba-elf/4.7.4/../../../../ba-elf/lib/mcpu_jn51xx_sizeopt\libc.a(lib_a-memchr.o)
 .comment       0x0000000000000000       0x12 c:/users/sato/documents/mwstage-2022-08_win10-1/mwstage/tools/ba-elf-ba2-r36379.w10/bin/../lib/gcc/ba-elf/4.7.4/../../../../ba-elf/lib/mcpu_jn51xx_sizeopt\libc.a(lib_a-memcpy.o)
 .comment       0x0000000000000000       0x12 c:/users/sato/documents/mwstage-2022-08_win10-1/mwstage/tools/ba-elf-ba2-r36379.w10/bin/../lib/gcc/ba-elf/4.7.4/../../../../ba-elf/lib/mcpu_jn51xx_sizeopt\libc.a(lib_a-mlock.o)
 .comment       0x0000000000000000       0x12 c:/users/sato/documents/mwstage-2022-08_win10-1/mwstage/tools/ba-elf-ba2-r36379.w10/bin/../lib/gcc/ba-elf/4.7.4/../../../../ba-elf/lib/mcpu_jn51xx_sizeopt\libc.a(lib_a-mprec.o)
 .comment       0x0000000000000000       0x12 c:/users/sato/documents/mwstage-2022-08_win10-1/mwstage/tools/ba-elf-ba2-r36379.w10/bin/../lib/gcc/ba-elf/4.7.4/../../../../ba-elf/lib/mcpu_jn51xx_sizeopt\libc.a(lib_a-sbrkr.o)
 .comment       0x0000000000000000       0x12 c:/users/sato/documents/mwstage-2022-08_win10-1/mwstage/tools/ba-elf-ba2-r36379.w10/bin/../lib/gcc/ba-elf/4.7.4/../../../../ba-elf/lib/mcpu_jn51xx_sizeopt\libc.a(lib_a-s_fpclassify.o)
 .comment       0x0000000000000000       0x12 c:/users/sato/documents/mwstage-2022-08_win10-1/mwstage/tools/ba-elf-ba2-r36379.w10/bin/../lib/gcc/ba-elf/4.7.4/../../../../ba-elf/lib/mcpu_jn51xx_sizeopt\libc.a(lib_a-svfiprintf.o)
 .comment       0x0000000000000000       0x12 c:/users/sato/documents/mwstage-2022-08_win10-1/mwstage/tools/ba-elf-ba2-r36379.w10/bin/../lib/gcc/ba-elf/4.7.4/../../../../ba-elf/lib/mcpu_jn51xx_sizeopt\libc.a(lib_a-callocr.o)
 .comment       0x0000000000000000       0x12 c:/users/sato/documents/mwstage-2022-08_win10-1/mwstage/tools/ba-elf-ba2-r36379.w10/bin/../lib/gcc/ba-elf/4.7.4/../../../../ba-elf/lib/mcpu_jn51xx_sizeopt\libc.a(lib_a-freer.o)
 .comment       0x0000000000000000       0x12 c:/users/sato/documents/mwstage-2022-08_win10-1/mwstage/tools/ba-elf-ba2-r36379.w10/bin/../lib/gcc/ba-elf/4.7.4/../../../../ba-elf/lib/mcpu_jn51xx_sizeopt\libc.a(lib_a-glue.o)
 .comment       0x0000000000000000       0x12 c:/users/sato/documents/mwstage-2022-08_win10-1/mwstage/tools/ba-elf-ba2-r36379.w10/bin/../lib/gcc/ba-elf/4.7.4/../../../../ba-elf/lib/mcpu_jn51xx_sizeopt\libc.a(lib_a-memmove.o)
 .comment       0x0000000000000000       0x12 c:/users/sato/documents/mwstage-2022-08_win10-1/mwstage/tools/ba-elf-ba2-r36379.w10/bin/../lib/gcc/ba-elf/4.7.4/../../../../ba-elf/lib/mcpu_jn51xx_sizeopt\libc.a(lib_a-reallocr.o)
 .comment       0x0000000000000000       0x12 c:/users/sato/documents/mwstage-2022-08_win10-1/mwstage/tools/ba-elf-ba2-r36379.w10/bin/../lib/gcc/ba-elf/4.7.4/../../../../ba-elf/lib/mcpu_jn51xx_sizeopt\libc.a(lib_a-reent.o)
 .comment       0x0000000000000000       0x12 c:/users/sato/documents/mwstage-2022-08_win10-1/mwstage/tools/ba-elf-ba2-r36379.w10/bin/../lib/gcc/ba-elf/4.7.4/../../../../ba-elf/lib/mcpu_jn51xx_sizeopt\libc.a(lib_a-errno.o)
 .comment       0x0000000000000000       0x12 c:/users/sato/documents/mwstage-2022-08_win10-1/mwstage/tools/ba-elf-ba2-r36379.w10/bin/../lib/gcc/ba-elf/4.7.4/mcpu_jn51xx_sizeopt\libgcc.a(adddf3.o)
 .comment       0x0000000000000000       0x12 c:/users/sato/documents/mwstage-2022-08_win10-1/mwstage/tools/ba-elf-ba2-r36379.w10/bin/../lib/gcc/ba-elf/4.7.4/mcpu_jn51xx_sizeopt\libgcc.a(divdf3.o)
 .comment       0x0000000000000000       0x12 c:/users/sato/documents/mwstage-2022-08_win10-1/mwstage/tools/ba-elf-ba2-r36379.w10/bin/../lib/gcc/ba-elf/4.7.4/mcpu_jn51xx_sizeopt\libgcc.a(eqdf2.o)
 .comment       0x0000000000000000       0x12 c:/users/sato/documents/mwstage-2022-08_win10-1/mwstage/tools/ba-elf-ba2-r36379.w10/bin/../lib/gcc/ba-elf/4.7.4/mcpu_jn51xx_sizeopt\libgcc.a(gedf2.o)
 .comment       0x0000000000000000       0x12 c:/users/sato/documents/mwstage-2022-08_win10-1/mwstage/tools/ba-elf-ba2-r36379.w10/bin/../lib/gcc/ba-elf/4.7.4/mcpu_jn51xx_sizeopt\libgcc.a(ledf2.o)
 .comment       0x0000000000000000       0x12 c:/users/sato/documents/mwstage-2022-08_win10-1/mwstage/tools/ba-elf-ba2-r36379.w10/bin/../lib/gcc/ba-elf/4.7.4/mcpu_jn51xx_sizeopt\libgcc.a(muldf3.o)
 .comment       0x0000000000000000       0x12 c:/users/sato/documents/mwstage-2022-08_win10-1/mwstage/tools/ba-elf-ba2-r36379.w10/bin/../lib/gcc/ba-elf/4.7.4/mcpu_jn51xx_sizeopt\libgcc.a(subdf3.o)
 .comment       0x0000000000000000       0x12 c:/users/sato/documents/mwstage-2022-08_win10-1/mwstage/tools/ba-elf-ba2-r36379.w10/bin/../lib/gcc/ba-elf/4.7.4/mcpu_jn51xx_sizeopt\libgcc.a(fixdfsi.o)
 .comment       0x0000000000000000       0x12 c:/users/sato/documents/mwstage-2022-08_win10-1/mwstage/tools/ba-elf-ba2-r36379.w10/bin/../lib/gcc/ba-elf/4.7.4/mcpu_jn51xx_sizeopt\libgcc.a(floatsidf.o)
 .comment       0x0000000000000000       0x12 c:/users/sato/documents/mwstage-2022-08_win10-1/mwstage/tools/ba-elf-ba2-r36379.w10/bin/../lib/gcc/ba-elf/4.7.4/mcpu_jn51xx_sizeopt\libgcc.a(floatunsidf.o)

.debug_info     0x0000000000000000    0x11520
 .debug_info    0x0000000000000000       0xf3 c:/users/sato/documents/mwstage-2022-08_win10-1/mwstage/tools/ba-elf-ba2-r36379.w10/bin/../lib/gcc/ba-elf/4.7.4/../../../../ba-elf/lib/mcpu_jn51xx_sizeopt\libc.a(lib_a-memcmp.o)
 .debug_info    0x00000000000000f3       0xd3 c:/users/sato/documents/mwstage-2022-08_win10-1/mwstage/tools/ba-elf-ba2-r36379.w10/bin/../lib/gcc/ba-elf/4.7.4/mcpu_jn51xx_sizeopt\libgcc.a(_fixunsdfsi.o)
 .debug_info    0x00000000000001c6      0x648 c:/users/sato/documents/mwstage-2022-08_win10-1/mwstage/tools/ba-elf-ba2-r36379.w10/bin/../lib/gcc/ba-elf/4.7.4/mcpu_jn51xx_sizeopt\libgcc.a(_udivdi3.o)
 .debug_info    0x000000000000080e      0x69d c:/users/sato/documents/mwstage-2022-08_win10-1/mwstage/tools/ba-elf-ba2-r36379.w10/bin/../lib/gcc/ba-elf/4.7.4/mcpu_jn51xx_sizeopt\libgcc.a(_umoddi3.o)
 .debug_info    0x0000000000000eab       0xaa C:/Users/sato/Documents/MWSTAGE-2022-08_win10-1/MWSTAGE/MWSDK/ChipLib/SW4063V1416/Components/Library\libBoot_JN516x.a(ExceptionHandler.o)
 .debug_info    0x0000000000000f55       0xd7 c:/users/sato/documents/mwstage-2022-08_win10-1/mwstage/tools/ba-elf-ba2-r36379.w10/bin/../lib/gcc/ba-elf/4.7.4/../../../../ba-elf/lib/mcpu_jn51xx_sizeopt\libc.a(lib_a-memset.o)
 .debug_info    0x000000000000102c      0xac6 c:/users/sato/documents/mwstage-2022-08_win10-1/mwstage/tools/ba-elf-ba2-r36379.w10/bin/../lib/gcc/ba-elf/4.7.4/../../../../ba-elf/lib/mcpu_jn51xx_sizeopt\libc.a(lib_a-sprintf.o)
 .debug_info    0x0000000000001af2       0xbb c:/users/sato/documents/mwstage-2022-08_win10-1/mwstage/tools/ba-elf-ba2-r36379.w10/bin/../lib/gcc/ba-elf/4.7.4/../../../../ba-elf/lib/mcpu_jn51xx_sizeopt\libc.a(lib_a-strcmp.o)
 .debug_info    0x0000000000001bad       0xce c:/users/sato/documents/mwstage-2022-08_win10-1/mwstage/tools/ba-elf-ba2-r36379.w10/bin/../lib/gcc/ba-elf/4.7.4/../../../../ba-elf/lib/mcpu_jn51xx_sizeopt\libc.a(lib_a-strcpy.o)
 .debug_info    0x0000000000001c7b       0xc8 c:/users/sato/documents/mwstage-2022-08_win10-1/mwstage/tools/ba-elf-ba2-r36379.w10/bin/../lib/gcc/ba-elf/4.7.4/../../../../ba-elf/lib/mcpu_jn51xx_sizeopt\libc.a(lib_a-strlen.o)
 .debug_info    0x0000000000001d43     0x1797 c:/users/sato/documents/mwstage-2022-08_win10-1/mwstage/tools/ba-elf-ba2-r36379.w10/bin/../lib/gcc/ba-elf/4.7.4/../../../../ba-elf/lib/mcpu_jn51xx_sizeopt\libc.a(lib_a-svfprintf.o)
 .debug_info    0x00000000000034da     0x143b c:/users/sato/documents/mwstage-2022-08_win10-1/mwstage/tools/ba-elf-ba2-r36379.w10/bin/../lib/gcc/ba-elf/4.7.4/../../../../ba-elf/lib/mcpu_jn51xx_sizeopt\libc.a(lib_a-dtoa.o)
 .debug_info    0x0000000000004915      0x970 c:/users/sato/documents/mwstage-2022-08_win10-1/mwstage/tools/ba-elf-ba2-r36379.w10/bin/../lib/gcc/ba-elf/4.7.4/../../../../ba-elf/lib/mcpu_jn51xx_sizeopt\libc.a(lib_a-impure.o)
 .debug_info    0x0000000000005285      0xd1a c:/users/sato/documents/mwstage-2022-08_win10-1/mwstage/tools/ba-elf-ba2-r36379.w10/bin/../lib/gcc/ba-elf/4.7.4/../../../../ba-elf/lib/mcpu_jn51xx_sizeopt\libc.a(lib_a-locale.o)
 .debug_info    0x0000000000005f9f      0xe1c c:/users/sato/documents/mwstage-2022-08_win10-1/mwstage/tools/ba-elf-ba2-r36379.w10/bin/../lib/gcc/ba-elf/4.7.4/../../../../ba-elf/lib/mcpu_jn51xx_sizeopt\libc.a(lib_a-mallocr.o)
 .debug_info    0x0000000000006dbb       0xfc c:/users/sato/documents/mwstage-2022-08_win10-1/mwstage/tools/ba-elf-ba2-r36379.w10/bin/../lib/gcc/ba-elf/4.7.4/../../../../ba-elf/lib/mcpu_jn51xx_sizeopt\libc.a(lib_a-memchr.o)
 .debug_info    0x0000000000006eb7      0x106 c:/users/sato/documents/mwstage-2022-08_win10-1/mwstage/tools/ba-elf-ba2-r36379.w10/bin/../lib/gcc/ba-elf/4.7.4/../../../../ba-elf/lib/mcpu_jn51xx_sizeopt\libc.a(lib_a-memcpy.o)
 .debug_info    0x0000000000006fbd      0x994 c:/users/sato/documents/mwstage-2022-08_win10-1/mwstage/tools/ba-elf-ba2-r36379.w10/bin/../lib/gcc/ba-elf/4.7.4/../../../../ba-elf/lib/mcpu_jn51xx_sizeopt\libc.a(lib_a-mlock.o)
 .debug_info    0x0000000000007951     0x1744 c:/users/sato/documents/mwstage-2022-08_win10-1/mwstage/tools/ba-elf-ba2-r36379.w10/bin/../lib/gcc/ba-elf/4.7.4/../../../../ba-elf/lib/mcpu_jn51xx_sizeopt\libc.a(lib_a-mprec.o)
 .debug_info    0x0000000000009095      0x9db c:/users/sato/documents/mwstage-2022-08_win10-1/mwstage/tools/ba-elf-ba2-r36379.w10/bin/../lib/gcc/ba-elf/4.7.4/../../../../ba-elf/lib/mcpu_jn51xx_sizeopt\libc.a(lib_a-sbrkr.o)
 .debug_info    0x0000000000009a70      0x149 c:/users/sato/documents/mwstage-2022-08_win10-1/mwstage/tools/ba-elf-ba2-r36379.w10/bin/../lib/gcc/ba-elf/4.7.4/../../../../ba-elf/lib/mcpu_jn51xx_sizeopt\libc.a(lib_a-s_fpclassify.o)