Archive member included because of file (symbol)

C:/Users/sato/Documents/MWSTAGE-2022-08_win10-1/MWSTAGE/MWSDK/TWENET/current/lib/libTWENET_RED.a(ToCoNet_event.o)
                              objs_RED/communication.o (symbol from plugin) (PRSEV_u8RegisterEx)
C:/Users/sato/Documents/MWSTAGE-2022-08_win10-1/MWSTAGE/MWSDK/TWENET/current/lib/libTWENET_RED.a(ToCoNet_main.o)
                              objs_RED/lcd.o (symbol from plugin) (sToCoNet_Context)
C:/Users/sato/Documents/MWSTAGE-2022-08_win10-1/MWSTAGE/MWSDK/TWENET/current/lib/libTWENET_RED.a(ToCoNet_utils.o)
                              ToCoNet_main.o (symbol from plugin) (ToCoNet_u32GetVersion)
C:/Users/sato/Documents/MWSTAGE-2022-08_win10-1/MWSTAGE/MWSDK/TWENET/current/lib/libTWENET_RED.a(ToCoNet_mod_Nwk_Common.o)
                              ToCoNet_main.o (symbol from plugin) (ToCoNet_vRxProc_Mod)
C:/Users/sato/Documents/MWSTAGE-2022-08_win10-1/MWSTAGE/MWSDK/TWENET/current/lib/libTWENET_RED.a(ToCoNet_mod_Channel_Mgr.o)
                              ToCoNet_main.o (symbol from plugin) (ToCoNet_ChMgr_bCh_Reconfig)
C:/Users/sato/Documents/MWSTAGE-2022-08_win10-1/MWSTAGE/MWSDK/TWENET/current/lib/libTWENET_RED.a(Version.o)
                              ToCoNet_utils.o (symbol from plugin) (au8ToCoNetVersionInfo)
C:/Users/sato/Documents/MWSTAGE-2022-08_win10-1/MWSTAGE/MWSDK/TWENET/current/lib/libTWENET_RED.a(AppQueueApi_ToCoNet.o)
                              ToCoNet_main.o (symbol from plugin) (_u32_INT_ticktimer)
C:/Users/sato/Documents/MWSTAGE-2022-08_win10-1/MWSTAGE/MWSDK/TWENET/current/lib/libTWENEText_RED.a(AppStart.o)
                              (AppColdStart)
C:/Users/sato/Documents/MWSTAGE-2022-08_win10-1/MWSTAGE/MWSDK/TWENET/current/lib/libTWENEText_RED.a(getMacAddr.o)
                              ToCoNet_main.o (symbol from plugin) (ToCoNet_u32GetSerialOnBoot)
C:/Users/sato/Documents/MWSTAGE-2022-08_win10-1/MWSTAGE/MWSDK/TWENET/current/lib/libTWENEText_RED.a(mac.o)
                              ToCoNet_main.o (symbol from plugin) (Mac_vInit)
C:/Users/sato/Documents/MWSTAGE-2022-08_win10-1/MWSTAGE/MWSDK/TWENET/current/lib/libTWENEText_RED.a(AES_CCM.o)
                              AppStart.o (symbol from plugin) (bAES_CCM_KeyReg)
C:/Users/sato/Documents/MWSTAGE-2022-08_win10-1/MWSTAGE/MWSDK/TWENET/current/lib/libTWENEText_RED.a(no_ack_handler.o)
                              AppStart.o (symbol from plugin) (vInstallNoAckHandler)
C:/Users/sato/Documents/MWSTAGE-2022-08_win10-1/MWSTAGE/MWSDK/TWENET/current/lib/libTWENEText_RED.a(Version.o)
                              ToCoNet_utils.o (symbol from plugin) (au8ToCoNetExtVersionInfo)
C:/Users/sato/Documents/MWSTAGE-2022-08_win10-1/MWSTAGE/MWSDK/TWENET/current/lib/libTWENETutils_RED.a(serial.o)
                              objs_RED/Interrupt.o (symbol from plugin) (SERIAL_bTxChar)
C:/Users/sato/Documents/MWSTAGE-2022-08_win10-1/MWSTAGE/MWSDK/TWENET/current/lib/libTWENETutils_RED.a(uart.o)
                              serial.o (symbol from plugin) (UART_vInit)
C:/Users/sato/Documents/MWSTAGE-2022-08_win10-1/MWSTAGE/MWSDK/TWENET/current/lib/libTWENETutils_RED.a(ByteQueue.o)
                              ToCoNet_main.o (symbol from plugin) (QUEUE__vInit)
C:/Users/sato/Documents/MWSTAGE-2022-08_win10-1/MWSTAGE/MWSDK/TWENET/current/lib/libTWENETutils_RED.a(ccitt8.o)
                              AppStart.o (symbol from plugin) (u8CCITT8)
C:/Users/sato/Documents/MWSTAGE-2022-08_win10-1/MWSTAGE/MWSDK/TWENET/current/lib/libTWENETutils_RED.a(utils.o)
                              objs_RED/main.o (symbol from plugin) (vTimerConfig)
C:/Users/sato/Documents/MWSTAGE-2022-08_win10-1/MWSTAGE/MWSDK/TWENET/current/lib/libTWENETutils_RED.a(ccm.o)
                              AES_CCM.o (symbol from plugin) (ccm_init_and_key)
C:/Users/sato/Documents/MWSTAGE-2022-08_win10-1/MWSTAGE/MWSDK/TWENET/current/lib/libTWENETutils_RED.a(Version.o)
                              ToCoNet_utils.o (symbol from plugin) (au8ToCoNetUtilsVersionInfo)
C:/Users/sato/Documents/MWSTAGE-2022-08_win10-1/MWSTAGE/MWSDK/TWENET/current/lib/libTWENETutils_RED.a(aescrypt.o)
                              ccm.o (symbol from plugin) (aes_encrypt)
C:/Users/sato/Documents/MWSTAGE-2022-08_win10-1/MWSTAGE/MWSDK/TWENET/current/lib/libTWENETutils_RED.a(aeskey.o)
                              ccm.o (symbol from plugin) (aes_encrypt_key)
C:/Users/sato/Documents/MWSTAGE-2022-08_win10-1/MWSTAGE/MWSDK/TWENET/current/lib/libTWENETutils_RED.a(aestab.o)
                              aeskey.o (symbol from plugin) (t_im)
C:/Users/sato/Documents/MWSTAGE-2022-08_win10-1/MWSTAGE/MWSDK/TWENET/current/lib/libTWENETstgs_RED.a(tweinteractive.o)
                              objs_RED/Interrupt.o (symbol from plugin) (TWEINTRCT_bIsVerbose)
C:/Users/sato/Documents/MWSTAGE-2022-08_win10-1/MWSTAGE/MWSDK/TWENET/current/lib/libTWENETstgs_RED.a(tweprintf.o)
                              tweinteractive.o (symbol from plugin) (TWE_fprintf)
[...]
Memory Configuration

Name             Origin             Length             Attributes
flash            0x0000000000080000 0x0000000000080000
ram              0x000000000400004c 0x0000000000007fb4
*default*        0x0000000000000000 0xffffffffffffffff

Linker script and memory map

LOAD objs_RED/_mwx_version.o
LOAD C:\Users\sato\AppData\Local\Temp\ccrmW5Yc.ltrans0.ltrans.o
LOAD C:\Users\sato\AppData\Local\Temp\ccrmW5Yc.ltrans1.ltrans.o
LOAD C:\Users\sato\AppData\Local\Temp\ccrmW5Yc.ltrans2.ltrans.o
LOAD C:\Users\sato\AppData\Local\Temp\ccrmW5Yc.ltrans3.ltrans.o
LOAD C:\Users\sato\AppData\Local\Temp\ccrmW5Yc.ltrans4.ltrans.o
LOAD C:\Users\sato\AppData\Local\Temp\ccrmW5Yc.ltrans5.ltrans.o
LOAD C:\Users\sato\AppData\Local\Temp\ccrmW5Yc.ltrans6.ltrans.o
LOAD C:\Users\sato\AppData\Local\Temp\ccrmW5Yc.ltrans7.ltrans.o
LOAD C:\Users\sato\AppData\Local\Temp\ccrmW5Yc.ltrans8.ltrans.o
LOAD C:\Users\sato\AppData\Local\Temp\ccrmW5Yc.ltrans9.ltrans.o
LOAD C:\Users\sato\AppData\Local\Temp\ccrmW5Yc.ltrans10.ltrans.o
LOAD C:\Users\sato\AppData\Local\Temp\ccrmW5Yc.ltrans11.ltrans.o
LOAD C:\Users\sato\AppData\Local\Temp\ccrmW5Yc.ltrans12.ltrans.o
LOAD C:\Users\sato\AppData\Local\Temp\ccrmW5Yc.ltrans13.ltrans.o
LOAD C:\Users\sato\AppData\Local\Temp\ccrmW5Yc.ltrans14.ltrans.o
LOAD C:\Users\sato\AppData\Local\Temp\ccrmW5Yc.ltrans15.ltrans.o
LOAD C:\Users\sato\AppData\Local\Temp\ccrmW5Yc.ltrans16.ltrans.o
LOAD C:\Users\sato\AppData\Local\Temp\ccrmW5Yc.ltrans17.ltrans.o
LOAD C:\Users\sato\AppData\Local\Temp\ccrmW5Yc.ltrans18.ltrans.o
LOAD C:\Users\sato\AppData\Local\Temp\ccrmW5Yc.ltrans19.ltrans.o
LOAD C:\Users\sato\AppData\Local\Temp\ccrmW5Yc.ltrans20.ltrans.o
LOAD C:\Users\sato\AppData\Local\Temp\ccrmW5Yc.ltrans21.ltrans.o
LOAD C:\Users\sato\AppData\Local\Temp\ccrmW5Yc.ltrans22.ltrans.o
LOAD c:/users/sato/documents/mwstage-2022-08_win10-1/mwstage/tools/ba-elf-ba2-r36379.w10/bin/../lib/gcc/ba-elf/4.7.4/../../../../ba-elf/lib/mcpu_jn51xx_sizeopt\libc.a
LOAD c:/users/sato/documents/mwstage-2022-08_win10-1/mwstage/tools/ba-elf-ba2-r36379.w10/bin/../lib/gcc/ba-elf/4.7.4/mcpu_jn51xx_sizeopt\libgcc.a
LOAD c:/users/sato/documents/mwstage-2022-08_win10-1/mwstage/tools/ba-elf-ba2-r36379.w10/bin/../lib/gcc/ba-elf/4.7.4/../../../../ba-elf/lib/mcpu_jn51xx_sizeopt\libc.a
LOAD objs_RED/Interrupt.o
LOAD objs_RED/LED.o
LOAD objs_RED/communication.o
LOAD objs_RED/lcd.o
LOAD objs_RED/main.o
LOAD objs_RED/mode.o
LOAD C:/Users/sato/Documents/MWSTAGE-2022-08_win10-1/MWSTAGE/MWSDK/TWENET/current/lib/libTWENET_RED.a
LOAD C:/Users/sato/Documents/MWSTAGE-2022-08_win10-1/MWSTAGE/MWSDK/TWENET/current/lib/libTWENEText_RED.a
LOAD C:/Users/sato/Documents/MWSTAGE-2022-08_win10-1/MWSTAGE/MWSDK/TWENET/current/lib/libTWENETutils_RED.a
LOAD C:/Users/sato/Documents/MWSTAGE-2022-08_win10-1/MWSTAGE/MWSDK/TWENET/current/lib/libTWENETstgs_RED.a
LOAD C:/Users/sato/Documents/MWSTAGE-2022-08_win10-1/MWSTAGE/MWSDK/TWENET/current/lib/libmwx_RED.a
LOAD C:/Users/sato/Documents/MWSTAGE-2022-08_win10-1/MWSTAGE/MWSDK/TWENET/current/lib/libEASTL_RED.a
START GROUP
LOAD C:/Users/sato/Documents/MWSTAGE-2022-08_win10-1/MWSTAGE/MWSDK/ChipLib/SW4063V1416/Components/Library\libAppApi_JN5169.a
LOAD C:/Users/sato/Documents/MWSTAGE-2022-08_win10-1/MWSTAGE/MWSDK/ChipLib/SW4063V1416/Components/Library\libMAC_JN5169.a
LOAD C:/Users/sato/Documents/MWSTAGE-2022-08_win10-1/MWSTAGE/MWSDK/ChipLib/SW4063V1416/Components/Library\libTimerServer_JN516x.a
LOAD C:/Users/sato/Documents/MWSTAGE-2022-08_win10-1/MWSTAGE/MWSDK/ChipLib/SW4063V1416/Components/Library\libTOF_JN516x.a
LOAD C:/Users/sato/Documents/MWSTAGE-2022-08_win10-1/MWSTAGE/MWSDK/ChipLib/SW4063V1416/Components/Library\libXcv_JN5169.a
LOAD C:/Users/sato/Documents/MWSTAGE-2022-08_win10-1/MWSTAGE/MWSDK/ChipLib/SW4063V1416/Components/Library\libMMAC_JN5169.a
LOAD C:/Users/sato/Documents/MWSTAGE-2022-08_win10-1/MWSTAGE/MWSDK/ChipLib/SW4063V1416/Components/Library\libJPT_JN5169.a
LOAD C:/Users/sato/Documents/MWSTAGE-2022-08_win10-1/MWSTAGE/MWSDK/ChipLib/SW4063V1416/Components/Library\libAes_JN516x.a
LOAD C:/Users/sato/Documents/MWSTAGE-2022-08_win10-1/MWSTAGE/MWSDK/ChipLib/SW4063V1416/Components/Library\libHardwareApi_JN5169.a
LOAD C:/Users/sato/Documents/MWSTAGE-2022-08_win10-1/MWSTAGE/MWSDK/ChipLib/SW4063V1416/Components/Library\libMicroSpecific_JN516x.a
LOAD C:/Users/sato/Documents/MWSTAGE-2022-08_win10-1/MWSTAGE/MWSDK/ChipLib/SW4063V1416/Components/Library\libBoot_JN516x.a
LOAD C:/Users/sato/Documents/MWSTAGE-2022-08_win10-1/MWSTAGE/MWSDK/ChipLib/SW4063V1416/Components/Library\libPDM_EEPROM_JN516x_NO_RTOS.a
LOAD C:/Users/sato/Documents/MWSTAGE-2022-08_win10-1/MWSTAGE/MWSDK/TWENET/current/lib/libTWENET_RED.a
LOAD C:/Users/sato/Documents/MWSTAGE-2022-08_win10-1/MWSTAGE/MWSDK/TWENET/current/lib/libTWENEText_RED.a
LOAD C:/Users/sato/Documents/MWSTAGE-2022-08_win10-1/MWSTAGE/MWSDK/TWENET/current/lib/libTWENETutils_RED.a
LOAD C:/Users/sato/Documents/MWSTAGE-2022-08_win10-1/MWSTAGE/MWSDK/TWENET/current/lib/libTWENETstgs_RED.a
LOAD C:/Users/sato/Documents/MWSTAGE-2022-08_win10-1/MWSTAGE/MWSDK/TWENET/current/lib/libmwx_RED.a
LOAD C:/Users/sato/Documents/MWSTAGE-2022-08_win10-1/MWSTAGE/MWSDK/TWENET/current/lib/libEASTL_RED.a
END GROUP
LOAD c:/users/sato/documents/mwstage-2022-08_win10-1/mwstage/tools/ba-elf-ba2-r36379.w10/bin/../lib/gcc/ba-elf/4.7.4/../../../../ba-elf/lib/mcpu_jn51xx_sizeopt\libstdc++.a
LOAD c:/users/sato/documents/mwstage-2022-08_win10-1/mwstage/tools/ba-elf-ba2-r36379.w10/bin/../lib/gcc/ba-elf/4.7.4/../../../../ba-elf/lib/mcpu_jn51xx_sizeopt\libm.a
LOAD c:/users/sato/documents/mwstage-2022-08_win10-1/mwstage/tools/ba-elf-ba2-r36379.w10/bin/../lib/gcc/ba-elf/4.7.4/../../../../ba-elf/lib/mcpu_jn51xx_sizeopt\libc.a
LOAD c:/users/sato/documents/mwstage-2022-08_win10-1/mwstage/tools/ba-elf-ba2-r36379.w10/bin/../lib/gcc/ba-elf/4.7.4/mcpu_jn51xx_sizeopt\libgcc.a
LOAD c:/users/sato/documents/mwstage-2022-08_win10-1/mwstage/tools/ba-elf-ba2-r36379.w10/bin/../lib/gcc/ba-elf/4.7.4/../../../../ba-elf/lib/mcpu_jn51xx_sizeopt\libc.a
                0x0000000000000800                _stack_size = 0x800
                0x0000000000080038                exception_vsr_table = 0x80038
                0x0000000004000000                pSPIflashFncTable = 0x4000000
                0x0000000000000044                restore_state = 0x44
                0x000000000000004a                bZSPIWaitWIPClear = 0x4a
                0x0000000000000050                u16ZSPIflashRDID = 0x50
                0x0000000000000056                u8SelectFlashChipType = 0x56
                0x000000000000005c                memcpy = 0x5c
                0x0000000000000066                vBootFlashProg = 0x66
                [0x0000000000000d16]                __minimum_heap_size = DEFINED (__minimum_heap_size)?__minimum_heap_size:0xd16
                [0x0000000000000800]                __stack_size = DEFINED (__stack_size)?__stack_size:0x800
                0x0000000000000000                _SwConfig = (DEFINED (g_bSWConf_Debug) | (DEFINED (g_bSWConf_AltDebugPort) << 0x1))

.version        0x000000000007fffc        0x4
                0x000000000007fffc        0x4 LONG 0xf03000b

.bir            0x0000000000080000       0x10
                0x0000000000080000                _flash_start = ABSOLUTE (.)
                0x0000000000080000                _flash_beg = ABSOLUTE (.)
                0x0000000000080000        0x4 LONG 0x12345678
                0x0000000000080004        0x4 LONG 0x11223344
                0x0000000000080008        0x4 LONG 0x55667788
                0x000000000008000c        0x1 BYTE 0x8
                0x000000000008000d        0x1 BYTE 0x1
                0x000000000008000e        0x2 SHORT 0x0

.flashheader    0x0000000000080010       0x28
                0x0000000000080010        0x4 LONG 0x0
                0x0000000000080014        0x4 LONG 0x0
                0x0000000000080018        0x4 LONG 0x0
                0x000000000008001c        0x2 SHORT 0x0
                0x000000000008001e        0x2 SHORT 0x0 ABSOLUTE (_SwConfig)
                0x0000000000080020                _enc_start = ABSOLUTE (.)
                0x0000000000080020        0x4 LONG 0x153f4 ABSOLUTE (_image_len)
                0x0000000000080024        0x4 LONG 0x94b24 ABSOLUTE (_flash_data_start)
                0x0000000000080028        0x2 SHORT 0x13 ((ABSOLUTE (_ram_data_start) / 0x4) & 0xffff)
                0x000000000008002a        0x2 SHORT 0x234 ((ABSOLUTE (_ram_data_len) / 0x4) & 0xffff)
                0x000000000008002c        0x2 SHORT 0x247 ((ABSOLUTE (_bss_start) / 0x4) & 0xffff)
                0x000000000008002e        0x2 SHORT 0x5c8 ((ABSOLUTE (_bss_len) / 0x4) & 0xffff)
                0x0000000000080030        0x4 LONG 0x873b4 ABSOLUTE (AppWarmStart)
                0x0000000000080034        0x4 LONG 0x87d64 ABSOLUTE (AppColdStart)
                0x0000000000000000                _enc_offset = (_enc_start & 0xf)
                0x0000000000000044                PROVIDE (vException_BusError, restore_state)
                0x0000000000000044                PROVIDE (vException_UnalignedAccess, restore_state)
                0x0000000000000044                PROVIDE (vException_IllegalInstruction, restore_state)
                0x0000000000000044                PROVIDE (vException_SysCall, restore_state)
                0x0000000000000044                PROVIDE (vException_Trap, restore_state)
                0x0000000000000044                PROVIDE (vException_StackOverflow, restore_state)
                0x0000000000080038                . = ABSOLUTE (exception_vsr_table)

.vsr_table      0x0000000000080038       0x18
                0x0000000000080038        0x4 LONG 0x44 ABSOLUTE (vException_BusError)
                0x000000000008003c        0x4 LONG 0x44 ABSOLUTE (vException_UnalignedAccess)
                0x0000000000080040        0x4 LONG 0x44 ABSOLUTE (vException_IllegalInstruction)
                0x0000000000080044        0x4 LONG 0x44 ABSOLUTE (vException_SysCall)
                0x0000000000080048        0x4 LONG 0x44 ABSOLUTE (vException_Trap)
                0x000000000008004c        0x4 LONG 0x44 ABSOLUTE (vException_StackOverflow)

.vsr_handlers   0x0000000000080050       0xaa
 *(.vsr_handlers)
 .vsr_handlers  0x0000000000080050       0xaa C:/Users/sato/Documents/MWSTAGE-2022-08_win10-1/MWSTAGE/MWSDK/ChipLib/SW4063V1416/Components/Library\libBoot_JN516x.a(ExceptionHandler.o)
                0x0000000000080050                _exception_external_interrupt
                0x00000000000800f8                _default_vsr_dummy

.rodata         0x0000000000080100      0x9c9
 *(.rodata*)
 .rodata        0x0000000000080100      0x1cb C:\Users\sato\AppData\Local\Temp\ccrmW5Yc.ltrans0.ltrans.o
 *fill*         0x00000000000802cb        0x1 00
 .rodata        0x00000000000802cc       0xd4 C:\Users\sato\AppData\Local\Temp\ccrmW5Yc.ltrans1.ltrans.o
                0x00000000000802cc                s_aprScanHandleEvt.17301
                0x00000000000802fc                apvActionCalls
                0x0000000000080384                aprLPBMacVectorRamTable
                0x0000000000080398                psTamMacContext
                0x000000000008039c                psTAMcontext
 .rodata        0x00000000000803a0       0x30 C:\Users\sato\AppData\Local\Temp\ccrmW5Yc.ltrans2.ltrans.o
                0x00000000000803a0                CSWTCH.35.27890.27890
 .rodata.str1.1
                0x00000000000803d0       0x88 C:\Users\sato\AppData\Local\Temp\ccrmW5Yc.ltrans3.ltrans.o
 .rodata.str1.1
                0x0000000000080458        0xd C:\Users\sato\AppData\Local\Temp\ccrmW5Yc.ltrans4.ltrans.o
 .rodata        0x0000000000080465       0x14 C:\Users\sato\AppData\Local\Temp\ccrmW5Yc.ltrans4.ltrans.o
 .rodata.str1.1
                0x0000000000080479        0xe C:\Users\sato\AppData\Local\Temp\ccrmW5Yc.ltrans5.ltrans.o
                                         0x12 (size before relaxing)
 *fill*         0x0000000000080487        0x1 00
 .rodata        0x0000000000080488       0xc0 C:\Users\sato\AppData\Local\Temp\ccrmW5Yc.ltrans5.ltrans.o
 .rodata.str1.1
                0x0000000000080548       0x11 C:\Users\sato\AppData\Local\Temp\ccrmW5Yc.ltrans6.ltrans.o
 .rodata        0x0000000000080559        0x4 C:\Users\sato\AppData\Local\Temp\ccrmW5Yc.ltrans7.ltrans.o
 .rodata        0x000000000008055d        0x6 C:\Users\sato\AppData\Local\Temp\ccrmW5Yc.ltrans9.ltrans.o
                0x000000000008055d                aeXcvPhyEvtToScanEvt.5424.17304
 .rodata.str1.1
                0x0000000000080563       0x11 C:\Users\sato\AppData\Local\Temp\ccrmW5Yc.ltrans10.ltrans.o
 .rodata        0x0000000000080574       0x7c C:\Users\sato\AppData\Local\Temp\ccrmW5Yc.ltrans10.ltrans.o
                0x00000000000805a8                u32MacLow_TOCOS
                0x00000000000805ac                u32MacHigh_TOCOS
 .rodata.str1.1
                0x00000000000805f0       0x11 C:\Users\sato\AppData\Local\Temp\ccrmW5Yc.ltrans11.ltrans.o
                                         0x22 (size before relaxing)
 *fill*         0x0000000000080601        0x3 00
 .rodata        0x0000000000080604       0x38 C:\Users\sato\AppData\Local\Temp\ccrmW5Yc.ltrans11.ltrans.o
                0x0000000000080604                asStateFuncTbl.29055
 .rodata        0x000000000008063c       0x1c C:\Users\sato\AppData\Local\Temp\ccrmW5Yc.ltrans12.ltrans.o
                0x000000000008063c                au32TimerBaseAddress
 .rodata.str1.1
                0x0000000000080658       0x41 C:\Users\sato\AppData\Local\Temp\ccrmW5Yc.ltrans13.ltrans.o
 *fill*         0x0000000000080699        0x3 00
 .rodata        0x000000000008069c       0x18 C:\Users\sato\AppData\Local\Temp\ccrmW5Yc.ltrans14.ltrans.o
 .rodata        0x00000000000806b4        0xa C:\Users\sato\AppData\Local\Temp\ccrmW5Yc.ltrans15.ltrans.o
 .rodata.str1.1
                0x00000000000806be       0xc8 C:\Users\sato\AppData\Local\Temp\ccrmW5Yc.ltrans16.ltrans.o
                                         0xca (size before relaxing)
 *fill*         0x0000000000080786        0x2 00
 .rodata        0x0000000000080788       0x10 C:\Users\sato\AppData\Local\Temp\ccrmW5Yc.ltrans16.ltrans.o
                0x0000000000080788                EM_SW
 .rodata        0x0000000000080798        0xc C:\Users\sato\AppData\Local\Temp\ccrmW5Yc.ltrans17.ltrans.o
                0x00000000000807a0                psTamXcvContext
 .rodata.str1.1
                0x00000000000807a4      0x12e C:\Users\sato\AppData\Local\Temp\ccrmW5Yc.ltrans17.ltrans.o
 .rodata.str1.1
                0x00000000000808d2        0xe C:\Users\sato\AppData\Local\Temp\ccrmW5Yc.ltrans18.ltrans.o
 .rodata        0x00000000000808e0        0x3 C:\Users\sato\AppData\Local\Temp\ccrmW5Yc.ltrans18.ltrans.o
 .rodata.str1.1
                0x00000000000808e3       0x12 C:\Users\sato\AppData\Local\Temp\ccrmW5Yc.ltrans19.ltrans.o
 *fill*         0x00000000000808f5        0x3 00
 .rodata        0x00000000000808f8        0x8 C:\Users\sato\AppData\Local\Temp\ccrmW5Yc.ltrans22.ltrans.o
                0x00000000000808f8                au32UartAddrOffset
 .rodata.str1.1
                0x0000000000080900       0x32 c:/users/sato/documents/mwstage-2022-08_win10-1/mwstage/tools/ba-elf-ba2-r36379.w10/bin/../lib/gcc/ba-elf/4.7.4/../../../../ba-elf/lib/mcpu_jn51xx_sizeopt\libc.a(lib_a-svfprintf.o)
                                         0x34 (size before relaxing)
 .rodata        0x0000000000080932       0x20 c:/users/sato/documents/mwstage-2022-08_win10-1/mwstage/tools/ba-elf-ba2-r36379.w10/bin/../lib/gcc/ba-elf/4.7.4/../../../../ba-elf/lib/mcpu_jn51xx_sizeopt\libc.a(lib_a-svfprintf.o)
 .rodata.str1.1
                0x0000000000080952        0xd c:/users/sato/documents/mwstage-2022-08_win10-1/mwstage/tools/ba-elf-ba2-r36379.w10/bin/../lib/gcc/ba-elf/4.7.4/../../../../ba-elf/lib/mcpu_jn51xx_sizeopt\libc.a(lib_a-dtoa.o)
                                          0xf (size before relaxing)
 .rodata.str1.1
                0x000000000008095f        0x2 c:/users/sato/documents/mwstage-2022-08_win10-1/mwstage/tools/ba-elf-ba2-r36379.w10/bin/../lib/gcc/ba-elf/4.7.4/../../../../ba-elf/lib/mcpu_jn51xx_sizeopt\libc.a(lib_a-impure.o)
 .rodata.str1.1
                0x0000000000080961        0x6 c:/users/sato/documents/mwstage-2022-08_win10-1/mwstage/tools/ba-elf-ba2-r36379.w10/bin/../lib/gcc/ba-elf/4.7.4/../../../../ba-elf/lib/mcpu_jn51xx_sizeopt\libc.a(lib_a-locale.o)
                                          0xb (size before relaxing)
 *fill*         0x0000000000080967        0x1 00
 .rodata        0x0000000000080968      0x128 c:/users/sato/documents/mwstage-2022-08_win10-1/mwstage/tools/ba-elf-ba2-r36379.w10/bin/../lib/gcc/ba-elf/4.7.4/../../../../ba-elf/lib/mcpu_jn51xx_sizeopt\libc.a(lib_a-mprec.o)
                0x0000000000080968                __mprec_tinytens
                0x0000000000080990                __mprec_bigtens
                0x00000000000809b8                __mprec_tens
 .rodata.str1.1
                0x0000000000000000       0x22 c:/users/sato/documents/mwstage-2022-08_win10-1/mwstage/tools/ba-elf-ba2-r36379.w10/bin/../lib/gcc/ba-elf/4.7.4/../../../../ba-elf/lib/mcpu_jn51xx_sizeopt\libc.a(lib_a-svfiprintf.o)
 .rodata        0x0000000000080a90       0x20 c:/users/sato/documents/mwstage-2022-08_win10-1/mwstage/tools/ba-elf-ba2-r36379.w10/bin/../lib/gcc/ba-elf/4.7.4/../../../../ba-elf/lib/mcpu_jn51xx_sizeopt\libc.a(lib_a-svfiprintf.o)
 .rodata        0x0000000000080ab0       0x19 c:/users/sato/documents/mwstage-2022-08_win10-1/mwstage/tools/ba-elf-ba2-r36379.w10/bin/../lib/gcc/ba-elf/4.7.4/../../../../ba-elf/lib/mcpu_jn51xx_sizeopt\libc.a(lib_a-glue.o)

.text           0x0000000000080acc    0x14057
 *(.text*)
 .text          0x0000000000080acc      0xf7c C:\Users\sato\AppData\Local\Temp\ccrmW5Yc.ltrans0.ltrans.o
                0x0000000000080acc                mac_vLPBAdjustBeaconOffset
                0x0000000000080b29                mac_u32LPBGetBeaconTimeout
                0x0000000000080b32                eWEnDTmrExpiry.16942
                0x0000000000080b3d                eWEnDEdDone.16939
                0x0000000000080b98                eGenlDontCare.16936
                0x0000000000080b9d                eGenlIllegal.16561
                0x0000000000080ba4                u32GetTimer0
                0x0000000000080bab                vSetTimer0
                0x0000000000080bba                _ZN3mwx2L112appdefs_crtpINS0_9NwkSimpleEE18_cbTweNet_vHwEventEPvmm.local.224
                0x0000000000080bbd                _ZN3mwx2L112appdefs_crtpINS0_9NwkSimpleEE17_cbTweNet_u8HwIntEPvmm.local.223
                0x0000000000080bc2                _out_fct.8269
                0x0000000000080bd4                _out_null.8275
                0x0000000000080bd7                vOutputStream.8140
                0x0000000000080be3                _ZN3mwx2L110serial_jen7vOutputEcPv.local.232
                0x0000000000080c0a                vHandlerPatch.7253
                0x0000000000080c41                _ZN3mwx2L114processev_crtpI9INTERRUPTE14vProcessEvCoreEP8_tsEvent7teEventm.local.182
                0x0000000000080c44                _ZN3mwx2L112appdefs_crtpI9INTERRUPTE9_on_eventEPvmRm.local.183
                0x0000000000080c47                _ZN3mwx2L112appdefs_crtpI9INTERRUPTE18_cbTweNet_vTxEventEPvRNS0_12packet_ev_txE.local.184
                0x0000000000080c4a                _ZN3mwx2L112appdefs_crtpI9INTERRUPTE18_cbTweNet_vRxEventEPvRNS0_9packet_rxE.local.185
                0x0000000000080c4d                _ZN3mwx2L112appdefs_crtpI9INTERRUPTE19_cbTweNet_vNwkEventEPvRNS0_13packet_ev_nwkE.local.186
                0x0000000000080c50                _ZN3mwx2L112appdefs_crtpI9INTERRUPTE15_cbTweNet_vMainEPv.local.187
                0x0000000000080c53                _ZN3mwx2L112appdefs_crtpINS0_9NwkSimpleEE18_cbTweNet_vTxEventEPvRNS0_12packet_ev_txE.local.221
                0x0000000000080c6d                _ZN3mwx2L112appdefs_crtpINS0_9NwkSimpleEE19_cbTweNet_vNwkEventEPvRNS0_13packet_ev_nwkE.local.228
                0x0000000000080c76                _ZN3mwx2L112appdefs_crtpINS0_9NwkSimpleEE15_cbTweNet_vMainEPv.local.229
                0x0000000000080c79                u8TSCframeIncrease
                0x0000000000080cb2                vCopyToDataFromMacAddr.23963
                0x0000000000080ce5                psTAQsearchFifo
                0x0000000000080d2e                bTAQremoveFromFifo
                0x0000000000080d6b                vTAMinsertEvent
                0x0000000000080dd1                vTAM_TxRetryTimeout
                0x0000000000080dd5                vTACsetTxFrameDefaults
                0x0000000000080dfb                u8TACgetHeaderSize
                0x0000000000080e38                u32TACpayloadToU32M
                0x0000000000080e59                vTACu32ToPayloadM
                0x0000000000080e71                vTACbuildBeacon
                0x0000000000081079                bTACframeInProgress
                0x00000000000810a3                bTACassessBeaconForPayload
                0x00000000000810f4                bIsBbcSafeForTx
                0x0000000000081129                vTATwriteAclMaterialToHardware
                0x000000000008114e                vTATsetBLE
                0x0000000000081185                vTATgetFramePayload
                0x00000000000811a2                eTATreadTXstatus
                0x00000000000811e8                vTAHsetPhyStateDirect.part.0.21422
                0x0000000000081204                vDoGoOff.23243
                0x000000000008121e                vMEMreturn
                0x000000000008128f                vTACinformOriginator
                0x00000000000812b1                pvMEMget
                0x00000000000812dd                vTAMDEdetermineNullState
                0x00000000000812f7                vTAMCOupdatePendingList
                0x00000000000813c9                vTAMCOsetCoordinator
                0x00000000000813ef                eScanHandleEvt.part.0.16972
                0x0000000000081418                mac_eDcfmIndPost
                0x0000000000081439                mac_psDcfmIndGetBuf
                0x000000000008145a                vMLMErxEnableConfirm
                0x000000000008148c                vMLMEcommStatus
                0x00000000000814ef                vMLMEcommStatusFromFrame
                0x0000000000081533                vTSCpostTransmitUpdate
                0x0000000000081562                vMLMEsyncLoss
                0x0000000000081595                vPMICpostFailedAssocDcfm
                0x00000000000815cd                vPMICassocReqTO_2.15389
                0x00000000000815e4                MAC_vPibSetPanId
                0x00000000000815ff                vHandleTofRequest.13495
                0x0000000000081602                vAppApiDefSetPrbsSeed
                0x0000000000081626                mwx::L1::duplciate_checker::_node_ele_init(mwx::L1::duplciate_checker::_node_ele*)
                0x0000000000081645                _ZN3mwx2L113serial_parserINS0_10alloc_heapIhEEEC1Ev.local.52
                0x0000000000081667                _ZN3mwx2L16twenetC1Ev.local.58
                0x00000000000816fe                _ZN3mwx2L110serial_jenC1Eh.local.107
                0x000000000008172e                _ZN3mwx2L115periph_analogueC1Ev.local.125
                0x0000000000081759                _ZN3mwx2L112appdefs_virt8on_eventEmRm.local.134
                0x0000000000081771                _ZN3mwx2L112appdefs_virt18cbToCoNet_vHwEventEmm.local.136
                0x0000000000081789                _ZN3mwx2L112appdefs_virt18cbToCoNet_vTxEventERNS0_12packet_ev_txE.local.137
                0x00000000000817a1                _ZN3mwx2L112appdefs_virt19cbToCoNet_vNwkEventERNS0_13packet_ev_nwkE.local.139
                0x00000000000817b9                s_div_by
                0x00000000000817ea                vTimerChangeHzCore.part.0.7532
                0x000000000008181e                u8CCITT8
                0x0000000000081844                bAES_CCM_KeyReg
                0x0000000000081883                bFifoPush.5954
                0x00000000000818bc                vAppQApiPostMlme.5940
                0x00000000000818db                vAppQApiPostMcps.5947
                0x00000000000818f6                pvFifoPull.5951
                0x000000000008191d                psAppQApiGetMlmeBuffer.5937
                0x0000000000081925                psAppQApiGetMcpsBuffer.5944
                0x000000000008192d                PRSEV_vSetState
                0x000000000008193d                PRSEV_vProcessEv_core.4824
                0x00000000000819df                PRSEV_vProcessEvPost
                0x0000000000081a11                _PRSEV_vProcessEvSingle
                0x0000000000081a1e                ToCoNet_vMacStart
                0x0000000000081a2b                _ZN3mwx2L18_smplbufIhNS0_12alloc_attachIhEEE9push_backEOh.local.209
 .text.unlikely
                0x0000000000081a48       0x65 C:\Users\sato\AppData\Local\Temp\ccrmW5Yc.ltrans0.ltrans.o
                0x0000000000081a48                _ZN3mwx2L112appdefs_virt18cbToCoNet_vRxEventERNS0_9packet_rxE.local.138
                0x0000000000081a60                PRSEV_u8Register
                0x0000000000081a9e                _PRSEV_vProcessEvSingleH
 *fill*         0x0000000000081aad        0x3 00
 .text          0x0000000000081ab0      0xbb4 C:\Users\sato\AppData\Local\Temp\ccrmW5Yc.ltrans1.ltrans.o
                0x0000000000081ab0                eWBRTTxDone.16958
                0x0000000000081ace                vTAMCOframeTXgoingIdle
                0x0000000000081ae8                vTAMCOframeTXcap
                0x0000000000081b0f                eWCoRRxDone.16949
                0x0000000000081bb9                eWBcnRxDone.16961
                0x00000000000821a6                vTAMCOframeRXcap
                0x00000000000821b9                vTAMCOframeRXgoingIdle
                0x00000000000821cf                vTAMCOframeRXnobeacon
                0x00000000000821e2                vTAMDEframeRX
                0x000000000008220c                vTAMDEframeRXtrackingDR
                0x0000000000082250                vTAMDEframePreSyncReq
                0x0000000000082269                vTAMCOframeTXbeacon
                0x0000000000082331                vTAMDEframeRXsyncReq
                0x0000000000082582                vTAMDEint1FiredTrackingCAPgts
                0x0000000000082635                eWONTTxDone.16955
 .text          0x0000000000082664      0xb7c C:\Users\sato\AppData\Local\Temp\ccrmW5Yc.ltrans2.ltrans.o
                0x0000000000082699                mac_vLPBStartTimer
                0x000000000008282b                vProcessEvCoreTx.28992
                0x000000000008291b                bAHI_SetClockRate
                0x0000000000082a26                vAHI_TimerEnable.part.1.27757.constprop.326
                0x0000000000082a91                vAHI_SiMasterConfigure.constprop.316
                0x0000000000082ac5                _ZN3mwx2L16twenet5beginEv.local.112.constprop.303
                0x0000000000082b0a                pinMode(unsigned char, mwx::L1::enum_wapper<PIN_MODE::eMWX_DIO_MODE, unsigned char>)
                0x0000000000082c84                _ZN3mwx2L115periph_analogue10_adc_startEv.local.43.constprop.293
                0x0000000000082d6d                mwx::L1::periph_analogue::ADC_handler(unsigned long, unsigned long)
                0x0000000000082db4                u8HwEventHandler.5034
                0x0000000000082e5c                bAES_CCMstar
                0x0000000000082f28                bAES_CCM_DecodeKey
                0x0000000000082fe4                pvHeap_Alloc
                0x0000000000082fe7                operator new(unsigned long)
                0x000000000008300a                _ZN3mwx2L112appdefs_virt5setupEv.part.1.3885
                0x0000000000083030                _ZN3mwx2L112periph_timer5setupEv.local.155
                0x000000000008305f                u32AHI_Init
                0x0000000000083121                vMicroIntRestoreState
                0x000000000008312d                vAHI_TickTimerIntEnable
                0x0000000000083188                vAHI_TickTimerConfigure
                0x00000000000831a3                _ZL12digitalWritehN3mwx2L111enum_wapperIN9PIN_STATE16eMWX_DIO_HIGHLOWEhEE.isra.1.1829
 .text.unlikely
                0x00000000000831e0       0x45 C:\Users\sato\AppData\Local\Temp\ccrmW5Yc.ltrans2.ltrans.o
                0x00000000000831e0                vAHI_MemoryHold.27654
 .text          0x0000000000083225      0x60e C:\Users\sato\AppData\Local\Temp\ccrmW5Yc.ltrans3.ltrans.o
                0x0000000000083225                _ZN3mwx2L112appdefs_crtpINS0_9NwkSimpleEE18_cbTweNet_vRxEventEPvRNS0_9packet_rxE.local.225
                0x0000000000083773                TWETERM_iPutS.29389
                0x0000000000083798                TWETERM_iPutC.29393
                0x00000000000837a9                vAppApiDefMlmeRequest
                0x00000000000837d4                pvAppApiDefGetMacHandle
                0x00000000000837dd                _ZN3mwx2L110serial_jen5writeEi.local.146
                0x00000000000837ec                _ZN3mwx2L16streamINS0_10serial_jenEElsERNS0_18MWX_Stream_EndLineE.isra.33.4139.constprop.313
                0x0000000000083810                _ZN3mwx2L16streamINS0_10serial_jenEE6_printEPKc.local.164.constprop.308
 *fill*         0x0000000000083833        0x1 00
 .text.unlikely
                0x0000000000083834      0x310 C:\Users\sato\AppData\Local\Temp\ccrmW5Yc.ltrans3.ltrans.o
                0x0000000000083851                vProcessIncomingHwEvent.5203
 .text          0x0000000000083b44      0x7b6 C:\Users\sato\AppData\Local\Temp\ccrmW5Yc.ltrans4.ltrans.o
                0x0000000000083b44                UART_vHandleUartInterrupt.7380
                0x0000000000083bcb                vXCV_IntHandlerPhy
                0x0000000000083c7d                vScanHandleTimer.16558
                0x0000000000083c82                _ZN3mwx2L114processev_crtpINS0_9NwkSimpleEE14vProcessEvCoreEP8_tsEvent7teEventm.local.227
                0x0000000000083d35                vXCV_IntHandlerBbc
                0x0000000000083e78                _ZN3mwx2L114periph_twowire14cmd_tx_no_stopEb.isra.3.3077.constprop.344
                0x0000000000083e87                _ZN3mwx2L114periph_twowire5writeEPKhh.local.190.constprop.339
                0x0000000000083ed8                _ZN3mwx2L114periph_twowire12cmd_tx_startEv.isra.2.3075
                0x0000000000083ee7                vTAIsetCapTime
                0x0000000000083f08                vTAIsetRxEnableTime
                0x0000000000083f29                vDoGoActive.23245
                0x0000000000083f4b                vTAMRXEint2Fired
                0x0000000000083f81                _ZN3mwx2L115periph_analogue5setupEbhPFvvE.local.124.constprop.264
                0x000000000008401b                _ZL5delaym.3065
                0x0000000000084046                _ZL5delaym.3853
                0x0000000000084071                _ZL5delaym.4507
                0x000000000008409c                _ZN3mwx2L114periph_twowireC1Eh.local.76
                0x00000000000840d9                vMLMEbeaconNotify
                0x0000000000084237                vMCPSframeReceived
 .text.unlikely
                0x00000000000842fa      0x178 C:\Users\sato\AppData\Local\Temp\ccrmW5Yc.ltrans4.ltrans.o
                0x000000000008436a                bStartXtal32k.27561
 .text          0x0000000000084472      0xf0f C:\Users\sato\AppData\Local\Temp\ccrmW5Yc.ltrans5.ltrans.o
                0x000000000008466a                _ftoa.8343.constprop.378
                0x00000000000849c3                _ntoa_long_long.8317.constprop.375
                0x0000000000084a98                _ntoa_long.8305.constprop.380
                0x0000000000084b65                vMicroIntEnableOnly.constprop.373
                0x0000000000084b91                vMMAC_SetChannelAndPower
                0x0000000000084d3a                vPhySetChannel
                0x0000000000084d59                QUEUE__u8RemoveItem.part.1.7455
                0x0000000000084d94                QUEUE__vAddItem.constprop.372
                0x0000000000084dc6                _ZN3mwx2L110twenet_mac8transmitERNS0_9packet_txE.local.32.constprop.362
                0x0000000000084fcb                _ToCoNet_bRfChChannel
                0x0000000000085060                ToCoNet_ChMgr_bCh_Reconfig
                0x00000000000850c8                ToCoNet_ChMgr_vCh_TxFin
                0x00000000000850f4                vHnd_E_STATE_WAIT_TX.29023
                0x0000000000085164                vHnd_E_STATE_IDLE.29015
                0x00000000000851c8                vAHI_ProtocolPower.constprop.358
                0x00000000000851d6                vMMAC_ConfigureRadio
 .text          0x0000000000085381      0x97d C:\Users\sato\AppData\Local\Temp\ccrmW5Yc.ltrans6.ltrans.o
                0x0000000000085381                ToCoNet_vMain
 .text          0x0000000000085cfe      0xab5 C:\Users\sato\AppData\Local\Temp\ccrmW5Yc.ltrans7.ltrans.o
                0x0000000000085cfe                vTACintRXheader
                0x000000000008663c                vHnd_E_STATE_FINISH_TX_FAIL.29000
                0x00000000000866f2                vHnd_E_STATE_FINISH_TX_SUCCESS.29005
                0x0000000000086784                bStartCallback.19633
 .text          0x00000000000867b3      0xb09 C:\Users\sato\AppData\Local\Temp\ccrmW5Yc.ltrans8.ltrans.o
                0x00000000000867b3                vAHI_IntHandlerTimer2
                0x00000000000867d3                vAHI_IntHandlerSysCtrl
                0x000000000008682d                vAHI_IntHandlerUart1
                0x0000000000086858                vAHI_IntHandlerUart0
                0x0000000000086883                vAHI_IntHandlerTimer4
                0x00000000000868a4                vAHI_IntHandlerTimer3
                0x00000000000868c5                vAHI_IntHandlerTimer1
                0x00000000000868e5                vAHI_IntHandlerTimer0
                0x0000000000086906                vTimerCallback.27537
                0x0000000000086911                vAHI_IntHandlerSpiMaster
                0x0000000000086937                vAHI_IntHandlerAnalogPeriph
                0x0000000000086957                vTTIBLETimerExpired
                0x0000000000086962                vTTITimer2Expired
                0x0000000000086967                vTTITimer1Expired
                0x000000000008696c                vTTITransactionTimerExpired
                0x0000000000086995                bUpdateTime.22281
                0x00000000000869d0                vAHI_DoSetDataOut
                0x00000000000869e4                bAHI_DoEnableOutputs
                0x0000000000086a0d                u8AHI_WakeTimerFiredStatus
                0x0000000000086a21                vAHI_WakeTimerStop.part.3.28222
                0x0000000000086a41                mac_vLPBStopTimer
                0x0000000000086a4b                vAHI_UartSetClocksPerBit.part.18.28018
                0x0000000000086a72                vAHI_UartSetRTSCTS.part.15.28003
                0x0000000000086a99                vAHI_UartReset.part.4.27976
                0x0000000000086ad1                vAHI_UartSetControl.part.2.27960
                0x0000000000086b22                vAHI_UartSetBaudDivisor.part.1.27956
                0x0000000000086b61                vAHI_TimerStop.part.7.27786
                0x0000000000086b7f                vAHI_TimerDisable.part.2.27765
                0x0000000000086ba2                vAHI_WatchdogStop
                0x0000000000086bb9                _ZN3mwx2L120periph_pulse_counter10_on_wakeupEv.part.18.9058
                0x0000000000086c2f                u32AHI_DioWakeStatus
                0x0000000000086c40                vAHI_DioWakeEnable
                0x0000000000086c60                vAHI_DioWakeEdge
                0x0000000000086c80                attachIntDio(unsigned char, mwx::L1::enum_wapper<PIN_INT_MODE::eMWX_DIO_INTMODE, unsigned char>)
                0x0000000000086cb0                vAHI_DioSetPullup
                0x0000000000086cd0                vAHI_DioSetOutput
                0x0000000000086ce4                vAHI_DioSetDirection
                0x0000000000086cf8                vACI_CmdWaitBusy
                0x0000000000086d5c                vACI_OptimisedCcmStar
                0x0000000000086f74                vTAIdisableInterrupt
                0x0000000000086f8d                psRemove.part.0.26501
                0x0000000000086fbc                vMAC_MISCpollConfirm
                0x0000000000086fed                MAC_u8AclFindInfo
                0x0000000000087117                vTASretrieveSecurity
                0x0000000000087139                MAC_bLookUpKeyDescriptor.24053
                0x00000000000871b3                bTSCgetOutgoingInfo
 .text.unlikely
                0x00000000000872bc       0x24 C:\Users\sato\AppData\Local\Temp\ccrmW5Yc.ltrans8.ltrans.o
                0x00000000000872bc                vAHI_CpuDoze
                0x00000000000872cf                vStartXtal32kExternalRc.27551
 *fill*         0x00000000000872e0        0x0 00
 .text          0x00000000000872e0      0xa84 C:\Users\sato\AppData\Local\Temp\ccrmW5Yc.ltrans9.ltrans.o
                0x00000000000872e0                vPostDcfm.16945
                0x00000000000873b4                AppWarmStart
                0x0000000000087484                vSetNextChannel.16993
                0x00000000000874dd                MAC_vHandleMlmeReqRsp
                0x0000000000087c8d                vTAMDEint1FiredTracking
                0x0000000000087cfd                vTAMDEint1FiredSyncReq
 .text          0x0000000000087d64      0x55c C:\Users\sato\AppData\Local\Temp\ccrmW5Yc.ltrans10.ltrans.o
                0x0000000000087d64                AppColdStart
 .text.unlikely
                0x00000000000882c0      0x43b C:\Users\sato\AppData\Local\Temp\ccrmW5Yc.ltrans10.ltrans.o
                0x00000000000882c0                ToCoNet_vStart
 .text          0x00000000000886fb      0xc78 C:\Users\sato\AppData\Local\Temp\ccrmW5Yc.ltrans11.ltrans.o
                0x00000000000886fb                TSV_eStart
                0x00000000000887df                eTAStransmitRequest
                0x0000000000088b7a                TSV_eOpen
                0x0000000000088b82                vAppApiDefRestoreMacSettings
                0x0000000000088c69                vAppApiDefSaveMacSettings
                0x0000000000088cc6                mac_vLPBSleep
                0x0000000000088d84                pvAppApiDefGetMacAddrLocation
                0x0000000000088d8d                eAppApiDefPlmeGet
                0x0000000000088ddf                eAppApiDefPlmeSet
                0x0000000000088e50                vAppApiDefMcpsRequest
                0x0000000000088e7b                vHnd_E_STATE_PREPARE_TX.29010
 .text          0x0000000000089373      0x81a C:\Users\sato\AppData\Local\Temp\ccrmW5Yc.ltrans12.ltrans.o
                0x0000000000089373                vHnd_E_STATE_RUNNING.29031
                0x00000000000895bd                SERIAL_vTxReady
                0x000000000008961e                _ZN3mwx2L110serial_jen6_beginEv.part.25.9077
                0x00000000000898a3                _MWX_periph_init()
                0x000000000008999d                vTimerStart
                0x0000000000089a97                _ZN3mwx2L112periph_timer5beginEtbb.local.152.constprop.323
                0x0000000000089b6a                _ZN3mwx2L112periph_timer10_on_wakeupEv.local.131
 *fill*         0x0000000000089b8d        0x3 00
 .text          0x0000000000089b90      0x994 C:\Users\sato\AppData\Local\Temp\ccrmW5Yc.ltrans13.ltrans.o
                0x0000000000089c0a                bAES_CCM_EncodeKey
                0x0000000000089cb7                u8Write802_15_4HeaderIntoBuffer.25252
                0x0000000000089e17                change_mode(char)
                0x0000000000089fbb                _ZN3mwx2L112appdefs_crtpI9INTERRUPTE17_cbTweNet_u8HwIntEPvmm.local.180
                0x000000000008a2f5                cbAppWarmStart.part.28.9463
 .text          0x000000000008a524      0x96c C:\Users\sato\AppData\Local\Temp\ccrmW5Yc.ltrans14.ltrans.o
                0x000000000008a524                vPMICassocReqTO_1.15382
                0x000000000008a5ac                vTAM_MCPSdataRequest
                0x000000000008a5ef                bTACcheckPANconflict
                0x000000000008a6a8                vTAMDEstartSync
                0x000000000008a727                eTAMselect
                0x000000000008a868                MAC_pvCtor
                0x000000000008ac91                vDeterminePowerState.20203
                0x000000000008ad15                vTAMDEint1FiredTrackingBeacon
                0x000000000008adb5                vTAMDEint2FiredTrackingDR
                0x000000000008adda                vTAMDEframeTXtrackingDR
                0x000000000008ae33                vTAMDEint2FiredPollActive
                0x000000000008ae67                vTAMDEreqTXnullTrackingCAP
                0x000000000008ae80                vTAM_TxRetryTimer
 .text          0x000000000008ae90      0x972 C:\Users\sato\AppData\Local\Temp\ccrmW5Yc.ltrans15.ltrans.o
                0x000000000008ae90                bTAM_AES_CCMstarPatch
                0x000000000008afd4                bTAM_AES_CCMstarPatch2006
                0x000000000008b2b3                bTATsendFrame
                0x000000000008b306                vTrySendFromDirectCAP.19536
                0x000000000008b321                vTrySendFromDirectNoBeacon.19540
                0x000000000008b34c                vTAMCOint1Fired
                0x000000000008b468                vTAMCOstartBeacon
                0x000000000008b4a3                vStartStoreValues.19604
                0x000000000008b55a                vTAMCOint1FiredCAP
                0x000000000008b5cd                vTAMCOreqTXnoBeacon
                0x000000000008b5df                vTAMCOreqTXinCAP
                0x000000000008b605                vTrySendUnslotted.20081
                0x000000000008b61f                bSendDataRequest.20083
                0x000000000008b731                bProcessBeaconRX.20086
 .text          0x000000000008b802      0x56f C:\Users\sato\AppData\Local\Temp\ccrmW5Yc.ltrans16.ltrans.o
                0x000000000008b802                _ZN3mwx2L112appdefs_crtpINS0_9NwkSimpleEE9_on_eventEPvmRm.local.226
                0x000000000008b8f1                vProcessEvCoreMac
                0x000000000008bc35                _ZN3mwx2L112appdefs_crtpI9INTERRUPTE18_cbTweNet_vHwEventEPvmm.local.181
 .text          0x000000000008bd71      0x707 C:\Users\sato\AppData\Local\Temp\ccrmW5Yc.ltrans17.ltrans.o
                0x000000000008bd71                u32AppApiDefInit
                0x000000000008be3c                _ToCoNet_vMacInit
                0x000000000008bea2                _ToCoNet_vRfConfig
                0x000000000008c03d                mwx::L1::NwkSimple::on_create(unsigned long&)
                0x000000000008c08d                _ZN3mwx2L123twenet_instance_manager3useINS0_9NwkSimpleEEERT_Rm.local.157.constprop.349
                0x000000000008c1e1                setup()
 *fill*         0x000000000008c478        0x0 00
 .text          0x000000000008c478      0x63c C:\Users\sato\AppData\Local\Temp\ccrmW5Yc.ltrans18.ltrans.o
                0x000000000008c4b1                vAppQApiPostHwIntT.5933
                0x000000000008c585                TWETERM_iGetC.29397
                0x000000000008c5f6                vRxChar.7278
                0x000000000008c647                vTimerConfig
                0x000000000008c7d7                MWX_Panic
                0x000000000008c83b                _ZN3lcd5printEPKc.constprop.333
                0x000000000008c8a0                _ZN3lcd7commandEh.constprop.336
                0x000000000008c8f2                _ZN3lcd5cleanEv.constprop.331
                0x000000000008c903                _ZN3lcd9setCursorEhh.constprop.335
                0x000000000008c930                _ZN3mwx2L110serial_jen13_set_baudrateEt.isra.2.9024
                0x000000000008c9e1                u8TAM_AES_WriteAuxilliarySecurityHeaderIntoBuffer
                0x000000000008ca53                u32AHI_ReadIndexSectorBits.constprop.254
 .text          0x000000000008cab4      0x6fb C:\Users\sato\AppData\Local\Temp\ccrmW5Yc.ltrans19.ltrans.o
                0x000000000008cad6                _ZN3mwx2L111_printobj_1IcE9_do_printEPvPFvcS3_ES3_.local.233
                0x000000000008caed                _ZN3mwx2L111_printobj_2IhPKcE9_do_printEPvPFvcS5_ES5_.local.222
                0x000000000008cb04                bAHI_ReadMACID
                0x000000000008cb4a                _ZL17delayMicrosecondsm.3068.constprop.340
                0x000000000008cbcd                vTAMRXEsetPhy
                0x000000000008cc90                vTAHsetPhyState
                0x000000000008ccc0                vTAMCOint2Fired
                0x000000000008cce0                vSetPHYfromMacValue.20079
                0x000000000008cd12                vTAMDEint1FiredWaitDR
                0x000000000008cd1f                vTACsetPHYfromMacValue
                0x000000000008cd40                vTAMRXEsetReceiveForPibChange
                0x000000000008cd80                ToCoNet_vInit
                0x000000000008d0c3                vExpireHead.26506
                0x000000000008d0f3                _ZN3mwx2L19_printobj8do_printEPFvcPvES2_.local.220.constprop.369
                0x000000000008d125                MWX_DebugMsg
                0x000000000008d166                _ZN3mwx2L114periph_twowire9busy_waitEv.isra.0.3073
 .text.unlikely
                0x000000000008d1af        0xf C:\Users\sato\AppData\Local\Temp\ccrmW5Yc.ltrans19.ltrans.o
                0x000000000008d1af                u32AppQApiInitInt_PATCH
 *fill*         0x000000000008d1be        0x2 00
 .text          0x000000000008d1c0      0x780 C:\Users\sato\AppData\Local\Temp\ccrmW5Yc.ltrans20.ltrans.o
                0x000000000008d1c0                eGenTmrExpiry.17254
                0x000000000008d202                eWEDTEdDone.17257
                0x000000000008d226                TSV_eStop
                0x000000000008d2e5                bPMICdisassocReqSent.15378
                0x000000000008d39f                MAC_vHandleMcpsReqRsp
                0x000000000008d42c                bMCPSframeTXcomplete.17989
                0x000000000008d481                bSendSyncLoss.22216
                0x000000000008d499                bPollReqSent.25812
                0x000000000008d4b1                bTASsendCommStatusInd
                0x000000000008d4c6                bAssocRespSent.15374
                0x000000000008d4d9                eTACprocessFrameTXcomplete
                0x000000000008d655                vTAMCOframeTXnobeacon
                0x000000000008d66a                vTAMCOframeStarting
                0x000000000008d683                vTAMDEframeTXDEnull
                0x000000000008d6a6                vTAMDEframeTXtrackingCAPgts
                0x000000000008d6d2                bPMICassocReqSent.15370
                0x000000000008d754                bPMICassocReqPollSent.15385
                0x000000000008d7a8                eWChCChanChgd.16969
 .text          0x000000000008d940      0x9bf C:\Users\sato\AppData\Local\Temp\ccrmW5Yc.ltrans21.ltrans.o
                0x000000000008d940                _etoa.8363.constprop.376
                0x000000000008dcec                _vsnprintf.constprop.374
 .text          0x000000000008e2ff      0x374 C:\Users\sato\AppData\Local\Temp\ccrmW5Yc.ltrans22.ltrans.o
                0x000000000008e34a                SERIAL_bTxChar
                0x000000000008e3fb                TWETERM_vFlush.29366
                0x000000000008e479                eGenRxHdrDone.16952
                0x000000000008e489                cbAppColdStart.part.32.9684
 .text          0x000000000008e673       0x25 c:/users/sato/documents/mwstage-2022-08_win10-1/mwstage/tools/ba-elf-ba2-r36379.w10/bin/../lib/gcc/ba-elf/4.7.4/../../../../ba-elf/lib/mcpu_jn51xx_sizeopt\libc.a(lib_a-memcmp.o)
                0x000000000008e673                memcmp
 .text          0x000000000008e698       0x39 c:/users/sato/documents/mwstage-2022-08_win10-1/mwstage/tools/ba-elf-ba2-r36379.w10/bin/../lib/gcc/ba-elf/4.7.4/mcpu_jn51xx_sizeopt\libgcc.a(_fixunsdfsi.o)
                0x000000000008e698                __fixunsdfsi
 .text          0x000000000008e6d1      0x350 c:/users/sato/documents/mwstage-2022-08_win10-1/mwstage/tools/ba-elf-ba2-r36379.w10/bin/../lib/gcc/ba-elf/4.7.4/mcpu_jn51xx_sizeopt\libgcc.a(_udivdi3.o)
                0x000000000008e6d1                __udivdi3
 .text          0x000000000008ea21      0x312 c:/users/sato/documents/mwstage-2022-08_win10-1/mwstage/tools/ba-elf-ba2-r36379.w10/bin/../lib/gcc/ba-elf/4.7.4/mcpu_jn51xx_sizeopt\libgcc.a(_umoddi3.o)
                0x000000000008ea21                __umoddi3
 .text          0x000000000008ed33       0x27 C:/Users/sato/Documents/MWSTAGE-2022-08_win10-1/MWSTAGE/MWSDK/ChipLib/SW4063V1416/Components/Library\libHardwareApi_JN5169.a(AHI_Interrupt.o)
                0x000000000008ed33                vAHI_InterruptSetPriority
                0x000000000008ed51                vAHI_InterruptSetActivePriorityLevel
 .text.vMicroSyscall
                0x000000000008ed5a       0x17 C:/Users/sato/Documents/MWSTAGE-2022-08_win10-1/MWSTAGE/MWSDK/ChipLib/SW4063V1416/Components/Library\libMicroSpecific_JN516x.a(MicroSyscall_ba.o)
                0x000000000008ed5a                vMicroSyscall
 .text          0x000000000008ed71       0x12 c:/users/sato/documents/mwstage-2022-08_win10-1/mwstage/tools/ba-elf-ba2-r36379.w10/bin/../lib/gcc/ba-elf/4.7.4/../../../../ba-elf/lib/mcpu_jn51xx_sizeopt\libc.a(lib_a-memset.o)
                0x000000000008ed71                memset
 .text          0x000000000008ed83       0x84 c:/users/sato/documents/mwstage-2022-08_win10-1/mwstage/tools/ba-elf-ba2-r36379.w10/bin/../lib/gcc/ba-elf/4.7.4/../../../../ba-elf/lib/mcpu_jn51xx_sizeopt\libc.a(lib_a-sprintf.o)
                0x000000000008ed83                _sprintf_r
                0x000000000008edc1                sprintf
 .text          0x000000000008ee07       0x25 c:/users/sato/documents/mwstage-2022-08_win10-1/mwstage/tools/ba-elf-ba2-r36379.w10/bin/../lib/gcc/ba-elf/4.7.4/../../../../ba-elf/lib/mcpu_jn51xx_sizeopt\libc.a(lib_a-strcmp.o)
                0x000000000008ee07                strcmp
 .text          0x000000000008ee2c       0x15 c:/users/sato/documents/mwstage-2022-08_win10-1/mwstage/tools/ba-elf-ba2-r36379.w10/bin/../lib/gcc/ba-elf/4.7.4/../../../../ba-elf/lib/mcpu_jn51xx_sizeopt\libc.a(lib_a-strcpy.o)
                0x000000000008ee2c                strcpy
 .text          0x000000000008ee41       0x12 c:/users/sato/documents/mwstage-2022-08_win10-1/mwstage/tools/ba-elf-ba2-r36379.w10/bin/../lib/gcc/ba-elf/4.7.4/../../../../ba-elf/lib/mcpu_jn51xx_sizeopt\libc.a(lib_a-strlen.o)
                0x000000000008ee41                strlen
 *fill*         0x000000000008ee53        0x1 00
 .text          0x000000000008ee54     0x10e4 c:/users/sato/documents/mwstage-2022-08_win10-1/mwstage/tools/ba-elf-ba2-r36379.w10/bin/../lib/gcc/ba-elf/4.7.4/../../../../ba-elf/lib/mcpu_jn51xx_sizeopt\libc.a(lib_a-svfprintf.o)
                0x000000000008ee54                _svfprintf_r
 .text          0x000000000008ff38      0xd83 c:/users/sato/documents/mwstage-2022-08_win10-1/mwstage/tools/ba-elf-ba2-r36379.w10/bin/../lib/gcc/ba-elf/4.7.4/../../../../ba-elf/lib/mcpu_jn51xx_sizeopt\libc.a(lib_a-dtoa.o)
                0x0000000000090083                _dtoa_r
 .text          0x0000000000090cbb       0x86 c:/users/sato/documents/mwstage-2022-08_win10-1/mwstage/tools/ba-elf-ba2-r36379.w10/bin/../lib/gcc/ba-elf/4.7.4/../../../../ba-elf/lib/mcpu_jn51xx_sizeopt\libc.a(lib_a-locale.o)
                0x0000000000090cbb                _setlocale_r
                0x0000000000090d01                __locale_charset
                0x0000000000090d0a                __locale_mb_cur_max
                0x0000000000090d13                __locale_msgcharset
                0x0000000000090d1c                __locale_cjk_lang
                0x0000000000090d21                _localeconv_r
                0x0000000000090d2a                setlocale
                0x0000000000090d38                localeconv
 .text          0x0000000000090d41      0x4ba c:/users/sato/documents/mwstage-2022-08_win10-1/mwstage/tools/ba-elf-ba2-r36379.w10/bin/../lib/gcc/ba-elf/4.7.4/../../../../ba-elf/lib/mcpu_jn51xx_sizeopt\libc.a(lib_a-mallocr.o)
                0x0000000000090d41                _malloc_r
 .text          0x00000000000911fb       0x19 c:/users/sato/documents/mwstage-2022-08_win10-1/mwstage/tools/ba-elf-ba2-r36379.w10/bin/../lib/gcc/ba-elf/4.7.4/../../../../ba-elf/lib/mcpu_jn51xx_sizeopt\libc.a(lib_a-memchr.o)
                0x00000000000911fb                memchr
 .text          0x0000000000091214       0x19 c:/users/sato/documents/mwstage-2022-08_win10-1/mwstage/tools/ba-elf-ba2-r36379.w10/bin/../lib/gcc/ba-elf/4.7.4/../../../../ba-elf/lib/mcpu_jn51xx_sizeopt\libc.a(lib_a-memcpy.o)
 .text          0x000000000009122d        0x6 c:/users/sato/documents/mwstage-2022-08_win10-1/mwstage/tools/ba-elf-ba2-r36379.w10/bin/../lib/gcc/ba-elf/4.7.4/../../../../ba-elf/lib/mcpu_jn51xx_sizeopt\libc.a(lib_a-mlock.o)
                0x000000000009122d                __malloc_lock
                0x0000000000091230                __malloc_unlock
 .text          0x0000000000091233      0x8bb c:/users/sato/documents/mwstage-2022-08_win10-1/mwstage/tools/ba-elf-ba2-r36379.w10/bin/../lib/gcc/ba-elf/4.7.4/../../../../ba-elf/lib/mcpu_jn51xx_sizeopt\libc.a(lib_a-mprec.o)
                0x0000000000091233                _Balloc
                0x000000000009128b                _Bfree
                0x00000000000912a5                __multadd
                0x0000000000091332                __s2b
                0x00000000000913bf                __hi0bits
                0x0000000000091414                __lo0bits
                0x000000000009148d                __i2b
                0x00000000000914a2                __multiply
                0x00000000000915e3                __pow5mult
                0x0000000000091662                __lshift
                0x0000000000091716                __mcmp
                0x0000000000091755                __mdiff
                0x0000000000091837                __ulp
                0x000000000009187b                __b2d
                0x000000000009191e                __d2b
                0x00000000000919dd                __ratio
                0x0000000000091a2d                _mprec_log10
                0x0000000000091a61                __copybits
                0x0000000000091a9a                __any_on
 .text          0x0000000000091aee       0x23 c:/users/sato/documents/mwstage-2022-08_win10-1/mwstage/tools/ba-elf-ba2-r36379.w10/bin/../lib/gcc/ba-elf/4.7.4/../../../../ba-elf/lib/mcpu_jn51xx_sizeopt\libc.a(lib_a-sbrkr.o)
                0x0000000000091aee                _sbrk_r
 .text          0x0000000000091b11       0x5c c:/users/sato/documents/mwstage-2022-08_win10-1/mwstage/tools/ba-elf-ba2-r36379.w10/bin/../lib/gcc/ba-elf/4.7.4/../../../../ba-elf/lib/mcpu_jn51xx_sizeopt\libc.a(lib_a-s_fpclassify.o)
                0x0000000000091b11                __fpclassifyd
 .text          0x0000000000091b6d      0x8f1 c:/users/sato/documents/mwstage-2022-08_win10-1/mwstage/tools/ba-elf-ba2-r36379.w10/bin/../lib/gcc/ba-elf/4.7.4/../../../../ba-elf/lib/mcpu_jn51xx_sizeopt\libc.a(lib_a-svfiprintf.o)
                0x0000000000091b6d                __ssprint_r
                0x0000000000091c91                _svfiprintf_r
 .text          0x000000000009245e       0x64 c:/users/sato/documents/mwstage-2022-08_win10-1/mwstage/tools/ba-elf-ba2-r36379.w10/bin/../lib/gcc/ba-elf/4.7.4/../../../../ba-elf/lib/mcpu_jn51xx_sizeopt\libc.a(lib_a-callocr.o)
                0x000000000009245e                _calloc_r
 .text          0x00000000000924c2      0x271 c:/users/sato/documents/mwstage-2022-08_win10-1/mwstage/tools/ba-elf-ba2-r36379.w10/bin/../lib/gcc/ba-elf/4.7.4/../../../../ba-elf/lib/mcpu_jn51xx_sizeopt\libc.a(lib_a-freer.o)
                0x00000000000924c2                _malloc_trim_r
                0x0000000000092576                _free_r
 .text          0x0000000000092733      0x1d0 c:/users/sato/documents/mwstage-2022-08_win10-1/mwstage/tools/ba-elf-ba2-r36379.w10/bin/../lib/gcc/ba-elf/4.7.4/../../../../ba-elf/lib/mcpu_jn51xx_sizeopt\libc.a(lib_a-glue.o)
                0x0000000000092733                _read
                0x000000000009274d                _write
                0x0000000000092767                _open
                0x0000000000092781                _close
                0x000000000009279b                _isatty
                0x00000000000927b6                _lseek
                0x00000000000927d1                _fstat
                0x00000000000927ec                _times
                0x0000000000092807                _time
                0x0000000000092822                _creat
                0x000000000009283d                _link
                0x0000000000092858                _unlink
                0x0000000000092873                _fork
                0x000000000009288d                isatty
                0x000000000009288f                __unlink
                0x0000000000092891                _exit
                0x0000000000092895                _kill
                0x0000000000092899                _getpid
                0x000000000009289e                _sbrk
 .text          0x0000000000092903       0x44 c:/users/sato/documents/mwstage-2022-08_win10-1/mwstage/tools/ba-elf-ba2-r36379.w10/bin/../lib/gcc/ba-elf/4.7.4/../../../../ba-elf/lib/mcpu_jn51xx_sizeopt\libc.a(lib_a-memmove.o)
                0x0000000000092903                memmove
 .text          0x0000000000092947      0x33c c:/users/sato/documents/mwstage-2022-08_win10-1/mwstage/tools/ba-elf-ba2-r36379.w10/bin/../lib/gcc/ba-elf/4.7.4/../../../../ba-elf/lib/mcpu_jn51xx_sizeopt\libc.a(lib_a-reallocr.o)
                0x0000000000092947                _realloc_r
 .text          0x0000000000092c83        0x9 c:/users/sato/documents/mwstage-2022-08_win10-1/mwstage/tools/ba-elf-ba2-r36379.w10/bin/../lib/gcc/ba-elf/4.7.4/../../../../ba-elf/lib/mcpu_jn51xx_sizeopt\libc.a(lib_a-errno.o)
                0x0000000000092c83                __errno
 .text          0x0000000000092c8c      0x204 c:/users/sato/documents/mwstage-2022-08_win10-1/mwstage/tools/ba-elf-ba2-r36379.w10/bin/../lib/gcc/ba-elf/4.7.4/mcpu_jn51xx_sizeopt\libgcc.a(__udivsi3.o)
                0x0000000000092c8c                __udivsi3
 .text          0x0000000000092e90       0x30 c:/users/sato/documents/mwstage-2022-08_win10-1/mwstage/tools/ba-elf-ba2-r36379.w10/bin/../lib/gcc/ba-elf/4.7.4/mcpu_jn51xx_sizeopt\libgcc.a(__divsi3.o)
                0x0000000000092e90                __divsi3
 .text          0x0000000000092ec0      0x1b0 c:/users/sato/documents/mwstage-2022-08_win10-1/mwstage/tools/ba-elf-ba2-r36379.w10/bin/../lib/gcc/ba-elf/4.7.4/mcpu_jn51xx_sizeopt\libgcc.a(__umodsi3.o)
                0x0000000000092ec0                __umodsi3
 .text          0x0000000000093070       0x24 c:/users/sato/documents/mwstage-2022-08_win10-1/mwstage/tools/ba-elf-ba2-r36379.w10/bin/../lib/gcc/ba-elf/4.7.4/mcpu_jn51xx_sizeopt\libgcc.a(__modsi3.o)
                0x0000000000093070                __modsi3
 .text          0x0000000000093094      0x682 c:/users/sato/documents/mwstage-2022-08_win10-1/mwstage/tools/ba-elf-ba2-r36379.w10/bin/../lib/gcc/ba-elf/4.7.4/mcpu_jn51xx_sizeopt\libgcc.a(adddf3.o)
                0x0000000000093094                __adddf3
 *fill*         0x0000000000093716        0x2 00
 .text          0x0000000000093718      0x5c8 c:/users/sato/documents/mwstage-2022-08_win10-1/mwstage/tools/ba-elf-ba2-r36379.w10/bin/../lib/gcc/ba-elf/4.7.4/mcpu_jn51xx_sizeopt\libgcc.a(divdf3.o)
                0x0000000000093718                __divdf3
 .text          0x0000000000093ce0       0x7f c:/users/sato/documents/mwstage-2022-08_win10-1/mwstage/tools/ba-elf-ba2-r36379.w10/bin/../lib/gcc/ba-elf/4.7.4/mcpu_jn51xx_sizeopt\libgcc.a(eqdf2.o)
                0x0000000000093ce0                __nedf2
                0x0000000000093ce0                __eqdf2
 .text          0x0000000000093d5f       0xca c:/users/sato/documents/mwstage-2022-08_win10-1/mwstage/tools/ba-elf-ba2-r36379.w10/bin/../lib/gcc/ba-elf/4.7.4/mcpu_jn51xx_sizeopt\libgcc.a(gedf2.o)
                0x0000000000093d5f                __gedf2
                0x0000000000093d5f                __gtdf2
 .text          0x0000000000093e29       0xcb c:/users/sato/documents/mwstage-2022-08_win10-1/mwstage/tools/ba-elf-ba2-r36379.w10/bin/../lib/gcc/ba-elf/4.7.4/mcpu_jn51xx_sizeopt\libgcc.a(ledf2.o)
                0x0000000000093e29                __ledf2
                0x0000000000093e29                __ltdf2
 .text          0x0000000000093ef4      0x488 c:/users/sato/documents/mwstage-2022-08_win10-1/mwstage/tools/ba-elf-ba2-r36379.w10/bin/../lib/gcc/ba-elf/4.7.4/mcpu_jn51xx_sizeopt\libgcc.a(muldf3.o)
                0x0000000000093ef4                __muldf3
 .text          0x000000000009437c      0x693 c:/users/sato/documents/mwstage-2022-08_win10-1/mwstage/tools/ba-elf-ba2-r36379.w10/bin/../lib/gcc/ba-elf/4.7.4/mcpu_jn51xx_sizeopt\libgcc.a(subdf3.o)
                0x000000000009437c                __subdf3
 .text          0x0000000000094a0f       0x64 c:/users/sato/documents/mwstage-2022-08_win10-1/mwstage/tools/ba-elf-ba2-r36379.w10/bin/../lib/gcc/ba-elf/4.7.4/mcpu_jn51xx_sizeopt\libgcc.a(fixdfsi.o)
                0x0000000000094a0f                __fixdfsi
 .text          0x0000000000094a73       0x61 c:/users/sato/documents/mwstage-2022-08_win10-1/mwstage/tools/ba-elf-ba2-r36379.w10/bin/../lib/gcc/ba-elf/4.7.4/mcpu_jn51xx_sizeopt\libgcc.a(floatsidf.o)
                0x0000000000094a73                __floatsidf
 .text          0x0000000000094ad4       0x4f c:/users/sato/documents/mwstage-2022-08_win10-1/mwstage/tools/ba-elf-ba2-r36379.w10/bin/../lib/gcc/ba-elf/4.7.4/mcpu_jn51xx_sizeopt\libgcc.a(floatunsidf.o)
                0x0000000000094ad4                __floatunsidf
                0x0000000000094b23                _flash_end = ABSOLUTE (.)

.rela.dyn       0x0000000000094b24        0x0
 .rela.text     0x0000000000000000        0x0 c:/users/sato/documents/mwstage-2022-08_win10-1/mwstage/tools/ba-elf-ba2-r36379.w10/bin/../lib/gcc/ba-elf/4.7.4/../../../../ba-elf/lib/mcpu_jn51xx_sizeopt\libc.a(lib_a-sprintf.o)
 .rela.text.unlikely
                0x0000000000000000        0x0 c:/users/sato/documents/mwstage-2022-08_win10-1/mwstage/tools/ba-elf-ba2-r36379.w10/bin/../lib/gcc/ba-elf/4.7.4/../../../../ba-elf/lib/mcpu_jn51xx_sizeopt\libc.a(lib_a-sprintf.o)
 .rela.rodata   0x0000000000000000        0x0 c:/users/sato/documents/mwstage-2022-08_win10-1/mwstage/tools/ba-elf-ba2-r36379.w10/bin/../lib/gcc/ba-elf/4.7.4/../../../../ba-elf/lib/mcpu_jn51xx_sizeopt\libc.a(lib_a-sprintf.o)
 .rela.data     0x0000000000000000        0x0 c:/users/sato/documents/mwstage-2022-08_win10-1/mwstage/tools/ba-elf-ba2-r36379.w10/bin/../lib/gcc/ba-elf/4.7.4/../../../../ba-elf/lib/mcpu_jn51xx_sizeopt\libc.a(lib_a-sprintf.o)
                0x000000000400004c                . = ORIGIN (ram)

.data           0x000000000400004c      0x8d0 load address 0x0000000000094b24
                0x000000000400004c                _ram_data_start = ABSOLUTE (.)
 *(.data*)
 .data          0x000000000400004c        0x4 C:\Users\sato\AppData\Local\Temp\ccrmW5Yc.ltrans2.ltrans.o
                0x000000000400004c                u32HeapStart
 .data          0x0000000004000050        0x1 C:\Users\sato\AppData\Local\Temp\ccrmW5Yc.ltrans5.ltrans.o
 *fill*         0x0000000004000051        0x1 00
 .data          0x0000000004000052        0x2 C:\Users\sato\AppData\Local\Temp\ccrmW5Yc.ltrans6.ltrans.o
 .data          0x0000000004000054        0x1 C:\Users\sato\AppData\Local\Temp\ccrmW5Yc.ltrans11.ltrans.o
                0x0000000004000054                u8TxWkrNow.29133
 .data          0x0000000004000055        0x1 C:\Users\sato\AppData\Local\Temp\ccrmW5Yc.ltrans12.ltrans.o
 .data          0x0000000004000056        0x1 C:\Users\sato\AppData\Local\Temp\ccrmW5Yc.ltrans14.ltrans.o
 .data.initinboot
                0x0000000004000057        0x1 C:\Users\sato\AppData\Local\Temp\ccrmW5Yc.ltrans14.ltrans.o
                0x0000000004000057                gMAC_u8MaxBuffers
 .data          0x0000000004000058        0x1 C:\Users\sato\AppData\Local\Temp\ccrmW5Yc.ltrans22.ltrans.o
                0x0000000004000058                _toconet_tx_u8_init_queue_flag
 *fill*         0x0000000004000059        0x7 00
 .data          0x0000000004000060      0x430 c:/users/sato/documents/mwstage-2022-08_win10-1/mwstage/tools/ba-elf-ba2-r36379.w10/bin/../lib/gcc/ba-elf/4.7.4/../../../../ba-elf/lib/mcpu_jn51xx_sizeopt\libc.a(lib_a-impure.o)
                0x0000000004000060                _impure_ptr
 .data          0x0000000004000490       0x7c c:/users/sato/documents/mwstage-2022-08_win10-1/mwstage/tools/ba-elf-ba2-r36379.w10/bin/../lib/gcc/ba-elf/4.7.4/../../../../ba-elf/lib/mcpu_jn51xx_sizeopt\libc.a(lib_a-locale.o)
                0x0000000004000490                __mb_cur_max
 .data          0x000000000400050c      0x410 c:/users/sato/documents/mwstage-2022-08_win10-1/mwstage/tools/ba-elf-ba2-r36379.w10/bin/../lib/gcc/ba-elf/4.7.4/../../../../ba-elf/lib/mcpu_jn51xx_sizeopt\libc.a(lib_a-mallocr.o)
                0x000000000400050c                __malloc_sbrk_base
                0x0000000004000510                __malloc_trim_threshold
                0x0000000004000514                __malloc_av_
 *(.data.*)
                0x000000000400091c                . = ALIGN (0x4)
                0x000000000400091c                _ram_data_end = ABSOLUTE (.)

.bss            0x000000000400091c     0x1720 load address 0x00000000000953f4
                0x000000000400091c                _bss_start = ABSOLUTE (.)
 *(.bss*)
 .bss           0x000000000400091c        0xc C:\Users\sato\AppData\Local\Temp\ccrmW5Yc.ltrans0.ltrans.o
 .bss           0x0000000004000928       0x40 C:\Users\sato\AppData\Local\Temp\ccrmW5Yc.ltrans1.ltrans.o
                0x0000000004000928                g_sLP
                0x0000000004000964                g_pvMac
 .bss.initinboot
                0x0000000004000968      0x1c0 C:\Users\sato\AppData\Local\Temp\ccrmW5Yc.ltrans1.ltrans.o
                0x0000000004000968                g_sMac
 .bss           0x0000000004000b28        0x2 C:\Users\sato\AppData\Local\Temp\ccrmW5Yc.ltrans2.ltrans.o
 *fill*         0x0000000004000b2a        0x2 00
 .bss.dontinitinboot
                0x0000000004000b2c        0x4 C:\Users\sato\AppData\Local\Temp\ccrmW5Yc.ltrans2.ltrans.o
 .bss           0x0000000004000b30       0x98 C:\Users\sato\AppData\Local\Temp\ccrmW5Yc.ltrans3.ltrans.o
                0x0000000004000b30                sSerCmd_P3.8092
                0x0000000004000b3c                Analogue
                0x0000000004000b54                SPI
                0x0000000004000b58                SerialParser
                0x0000000004000b94                Serial1
                0x0000000004000bb4                Buttons
                0x0000000004000bbc                PulseCounter1
                0x0000000004000bc0                PulseCounter0
 .bss           0x0000000004000bc8       0x24 C:\Users\sato\AppData\Local\Temp\ccrmW5Yc.ltrans4.ltrans.o
                0x0000000004000bc8                gbTimeOutFlag.27729
                0x0000000004000bcc                sAppHousekeeping
                0x0000000004000be4                prApAppCallback.27291
                0x0000000004000be8                bIntEnableFlag.27288
 .bss           0x0000000004000bec       0x24 C:\Users\sato\AppData\Local\Temp\ccrmW5Yc.ltrans5.ltrans.o
                0x0000000004000bec                pvPostFunc.4905
                0x0000000004000bf0                u32PostArg.4904
                0x0000000004000bf4                evPost.4903
 .bss           0x0000000004000c10       0x8c C:\Users\sato\AppData\Local\Temp\ccrmW5Yc.ltrans6.ltrans.o
                0x0000000004000c10                sMcpsIndQueue.6172
                0x0000000004000c20                sMcpsIndBufferQueue.6170
                0x0000000004000c30                sMlmeIndQueue.6173
                0x0000000004000c40                sMlmeIndBufferQueue.6171
                0x0000000004000c50                sHwIndQueue.6174
                0x0000000004000c60                sHwIndBufferQueue.6175
                0x0000000004000c70                _u32_INT_adc_comp
                0x0000000004000c74                _u32_INT_ticktimer
                0x0000000004000c78                rx_timestamp
                0x0000000004000c7c                rx_volt2
                0x0000000004000c7e                rx_volt1
                0x0000000004000c80                communication_established_check_flg
                0x0000000004000c84                the_vsettings
                0x0000000004000c88                next_mode
                0x0000000004000c8c                _periph_availmap
 .bss           0x0000000004000c9c        0x8 C:\Users\sato\AppData\Local\Temp\ccrmW5Yc.ltrans7.ltrans.o
 .bss           0x0000000004000ca4        0x4 C:\Users\sato\AppData\Local\Temp\ccrmW5Yc.ltrans8.ltrans.o
 .bss           0x0000000004000ca8       0x90 C:\Users\sato\AppData\Local\Temp\ccrmW5Yc.ltrans9.ltrans.o
                0x0000000004000ca8                _ZL5_vcbs.9836
                0x0000000004000cbc                sToCoNet_AppContext
                0x0000000004000cd8                sToCoNet_Context
                0x0000000004000d20                sAssocSecurity.15999
                0x0000000004000d2c                g_bJenieBackwardsCompatibilityMode
 .bss           0x0000000004000d38      0x290 C:\Users\sato\AppData\Local\Temp\ccrmW5Yc.ltrans10.ltrans.o
                0x0000000004000d38                u8AppId_Pkt_head.7126
                0x0000000004000d3c                u32AppId.7123
                0x0000000004000d40                u32MyAddr.7125
                0x0000000004000d44                bRxQueue_Init.7124
                0x0000000004000d48                psRxQueueList.7122
                0x0000000004000d5c                asEventHandler.4891
                0x0000000004000dfc                sEvVars
                0x0000000004000e18                u32TickCount_ms
                0x0000000004000e1c                au8Txdatabuff_idx_sTxQueue
                0x0000000004000e20                u8TxBuffSiz_sTxQueue
                0x0000000004000e24                sTxdatabuff_sTxQueue
                0x0000000004000e28                sTxQueue
                0x0000000004000e44                au8Rxdatabuff_idx_sRxQueue
                0x0000000004000e48                u8RxBuffSiz_sRxQueue
                0x0000000004000e4c                sRxdatabuff_sRxQueue
                0x0000000004000e50                sRxQueue
                0x0000000004000e6c                au8Rxdatabuff_idx_sRxQueueCmd
                0x0000000004000e70                u8RxBuffSiz_sRxQueueCmd
                0x0000000004000e74                sRxdatabuff_sRxQueueCmd
                0x0000000004000e78                sRxQueueCmd.5342
                0x0000000004000e94                sContext.7247
                0x0000000004000ec0                the_twelite
                0x0000000004000f58                TWENET_u8RFdevice_minor.6547
                0x0000000004000f59                TWENET_u8RFdevice_major.6546
                0x0000000004000f5a                _TWENET_TX_POWER_MAX
                0x0000000004000f5c                sToCoNet_Modules
 .bss           0x0000000004000fc8       0x38 C:\Users\sato\AppData\Local\Temp\ccrmW5Yc.ltrans11.ltrans.o
                0x0000000004000fc8                sCh_Context.5810
                0x0000000004000fcc                the_vhw
                0x0000000004000fd0                the_vnet2
                0x0000000004000fd4                the_vnet
                0x0000000004000fd8                the_vapp
                0x0000000004000fdc                asTx.29089
 .bss.initinboot
                0x0000000004001000        0x1 C:\Users\sato\AppData\Local\Temp\ccrmW5Yc.ltrans11.ltrans.o
 *fill*         0x0000000004001001        0x3 00
 .bss           0x0000000004001004       0x70 C:\Users\sato\AppData\Local\Temp\ccrmW5Yc.ltrans12.ltrans.o
                0x0000000004001004                TxWorker_u8Num.29090
                0x0000000004001006                au16TimerSettings.27891
                0x0000000004001010                prUart1AppCallback.28197
                0x0000000004001014                prUart0AppCallback.28196
                0x0000000004001018                sOpt.7429
                0x0000000004001028                _psSerial
 .bss           0x0000000004001074       0xb6 C:\Users\sato\AppData\Local\Temp\ccrmW5Yc.ltrans13.ltrans.o
 *fill*         0x000000000400112a        0x2 00
 .bss           0x000000000400112c        0x4 C:\Users\sato\AppData\Local\Temp\ccrmW5Yc.ltrans14.ltrans.o
                0x000000000400112c                i8TxPower.18789
 .bss.initinboot
                0x0000000004001130        0x8 C:\Users\sato\AppData\Local\Temp\ccrmW5Yc.ltrans14.ltrans.o
                0x0000000004001130                g_u32MacAddrLocation
                0x0000000004001134                prvUserTxStartedCallback
 .bss.dontinitinboot
                0x0000000004001138        0x1 C:\Users\sato\AppData\Local\Temp\ccrmW5Yc.ltrans15.ltrans.o
                0x0000000004001138                u8SecurityMode.25279
 *fill*         0x0000000004001139        0x3 00
 .bss           0x000000000400113c       0x68 C:\Users\sato\AppData\Local\Temp\ccrmW5Yc.ltrans16.ltrans.o
                0x000000000400113c                the_mac
                0x0000000004001158                Serial
                0x0000000004001178                release_signal_send_flg
                0x000000000400117c                lcd_control
                0x0000000004001180                lcd_data_buf1
                0x00000000040011a0                current_mode
                0x00000000040011a1                EM_btn_wait_status
 .bss           0x00000000040011a4       0x60 C:\Users\sato\AppData\Local\Temp\ccrmW5Yc.ltrans17.ltrans.o
                0x00000000040011a4                g_sXcv
                0x00000000040011a8                prMcpsRequest.12383
                0x00000000040011ac                prMlmeRequest.12382
                0x00000000040011b0                prOriginalHandler.7257
                0x00000000040011b4                Wire
                0x00000000040011cc                Timer4
                0x00000000040011d4                Timer3
                0x00000000040011dc                Timer2
                0x00000000040011e4                Timer1
                0x00000000040011ec                Timer0
 .bss           0x0000000004001204       0x1c C:\Users\sato\AppData\Local\Temp\ccrmW5Yc.ltrans18.ltrans.o
                0x0000000004001204                prAppHwCallback.6178
                0x0000000004001208                apfTimerAppCallback.27942
                0x000000000400121c                prTickTimeAppCallback
 .bss           0x0000000004001220      0x71c C:\Users\sato\AppData\Local\Temp\ccrmW5Yc.ltrans19.ltrans.o
                0x0000000004001220                prSpiAppCallback.27525
                0x0000000004001224                prSiAppCallback.28760
                0x0000000004001228                prAppMcpsCallback.6176
                0x000000000400122c                prAppMlmeCallback.6177
                0x0000000004001230                bTxEventQueued.23111
                0x0000000004001231                u8TxEventStatus.23112
 .bss.initinboot
                0x000000000400193c        0x4 C:\Users\sato\AppData\Local\Temp\ccrmW5Yc.ltrans19.ltrans.o
                0x000000000400193c                prSysCtrlAppCallback.27733
 .bss           0x0000000004001940       0x14 C:\Users\sato\AppData\Local\Temp\ccrmW5Yc.ltrans20.ltrans.o
                0x0000000004001940                s_sTimerList
                0x0000000004001950                u8AssocResponsesInProgress.15998
 .bss           0x0000000004001954      0x66c C:\Users\sato\AppData\Local\Temp\ccrmW5Yc.ltrans22.ltrans.o
                0x0000000004001954                asUARTS.7422
                0x0000000004001974                _SERIAL_bmTxIntEnabled
                0x0000000004001978                asSerialPorts
 .bss.dontinitinboot
                0x0000000004001fc0       0x40 C:/Users/sato/Documents/MWSTAGE-2022-08_win10-1/MWSTAGE/MWSDK/ChipLib/SW4063V1416/Components/Library\libBoot_JN516x.a(ExceptionHandler.o)
                0x0000000004001fc0                isr_handlers
 .bss           0x0000000004002000       0x34 c:/users/sato/documents/mwstage-2022-08_win10-1/mwstage/tools/ba-elf-ba2-r36379.w10/bin/../lib/gcc/ba-elf/4.7.4/../../../../ba-elf/lib/mcpu_jn51xx_sizeopt\libc.a(lib_a-mallocr.o)
                0x0000000004002000                __malloc_current_mallinfo
                0x0000000004002028                __malloc_max_total_mem
                0x000000000400202c                __malloc_max_sbrked_mem
                0x0000000004002030                __malloc_top_pad
 .bss           0x0000000004002034        0x4 c:/users/sato/documents/mwstage-2022-08_win10-1/mwstage/tools/ba-elf-ba2-r36379.w10/bin/../lib/gcc/ba-elf/4.7.4/../../../../ba-elf/lib/mcpu_jn51xx_sizeopt\libc.a(lib_a-glue.o)
 *(.bss.*)
 *(.scommon*)
 .scommon       0x0000000004002038        0x4 c:/users/sato/documents/mwstage-2022-08_win10-1/mwstage/tools/ba-elf-ba2-r36379.w10/bin/../lib/gcc/ba-elf/4.7.4/../../../../ba-elf/lib/mcpu_jn51xx_sizeopt\libc.a(lib_a-reent.o)
                0x0000000004002038                errno
 *(.scommon.*)
 *(COMMON)
                0x000000000400203c                . = ALIGN (0x4)
                0x000000000400203c                _bss_end = ABSOLUTE (.)
                0x000000000400203c                end = .

.heap           0x000000000400203c      0xd16 load address 0x0000000000096b14
                0x000000000400203c                _heap_start = ABSOLUTE (.)
                0x0000000004002d52                . = (. + __minimum_heap_size)
 *fill*         0x000000000400203c      0xd16 00

.stack          0x0000000004007800      0x800 load address 0x000000000009c2d8
                0x0000000004007800                _heap_end = ABSOLUTE (.)
                0x0000000004007800                _stack_low_water_mark = ABSOLUTE (.)
                0x0000000004008000                . = (. + __stack_size)
 *fill*         0x0000000004007800      0x800 00
                0x0000000004008000                _stack = .

.test           0x00000000000953f4        0x1
                0x00000000000953f4        0x1 BYTE 0xff
                0x0000000000094b24                _flash_data_start = LOADADDR (.data)
                0x00000000000008d0                _ram_data_len = (((_ram_data_end - _ram_data_start) + 0x3) & 0xfffffffffffffffc)
                0x0000000000001720                _bss_len = (((_bss_end - _bss_start) + 0x3) & 0xfffffffffffffffc)
                0x00000000000153f4                _image_len = ((((_flash_end - _flash_start) + _ram_data_len) + 0x3) & 0xfffffffffffffffc)
                0x0000000004008000                _ram_top = (ABSOLUTE (ORIGIN (ram)) + 0x7fb4)
                0x0000000004008000                ram_top = (ABSOLUTE (ORIGIN (ram)) + 0x7fb4)
                0x0000000001001580                _app_ram_start = 0x1001580
                0x000000000400004c                PROVIDE (_heap_location, u32HeapStart)
                0x000000000400004c                PROVIDE (heap_location, u32HeapStart)
                0x0000000000088b7a                TSV_eOpenVector = TSV_eOpen
                0x00000000000886fb                TSV_eStartVector = TSV_eStart
                0x000000000008d226                TSV_eStopVector = TSV_eStop
                0x00000000000837d4                pvAppApiGetMacHandle = pvAppApiDefGetMacHandle
                0x000000000008bd71                u32AppApiInit = u32AppApiDefInit
                0x00000000000837a9                vAppApiMlmeRequest = vAppApiDefMlmeRequest
                0x0000000000088e50                vAppApiMcpsRequest = vAppApiDefMcpsRequest
                0x0000000000088ddf                eAppApiPlmeSet = eAppApiDefPlmeSet
                0x0000000000088d8d                eAppApiPlmeGet = eAppApiDefPlmeGet
                0x0000000000088d84                pvAppApiGetMacAddrLocation = pvAppApiDefGetMacAddrLocation
                0x0000000000088c69                vAppApiSaveMacSettings = vAppApiDefSaveMacSettings
                0x0000000000088b82                vAppApiRestoreMacSettings = vAppApiDefRestoreMacSettings
OUTPUT(objs_RED/Wireless_EM_Switch_RED_L1305_V0-1-0.elf elf32-ba)

.comment        0x0000000000000000       0x11
 .comment       0x0000000000000000       0x12 C:\Users\sato\AppData\Local\Temp\ccrmW5Yc.ltrans0.ltrans.o
 .comment       0x0000000000000000       0x12 C:\Users\sato\AppData\Local\Temp\ccrmW5Yc.ltrans1.ltrans.o
 .comment       0x0000000000000000       0x12 C:\Users\sato\AppData\Local\Temp\ccrmW5Yc.ltrans2.ltrans.o
 .comment       0x0000000000000000       0x12 C:\Users\sato\AppData\Local\Temp\ccrmW5Yc.ltrans3.ltrans.o
 .comment       0x0000000000000000       0x12 C:\Users\sato\AppData\Local\Temp\ccrmW5Yc.ltrans4.ltrans.o
 .comment       0x0000000000000000       0x12 C:\Users\sato\AppData\Local\Temp\ccrmW5Yc.ltrans5.ltrans.o
 .comment       0x0000000000000000       0x12 C:\Users\sato\AppData\Local\Temp\ccrmW5Yc.ltrans6.ltrans.o
 .comment       0x0000000000000000       0x12 C:\Users\sato\AppData\Local\Temp\ccrmW5Yc.ltrans7.ltrans.o
 .comment       0x0000000000000000       0x12 C:\Users\sato\AppData\Local\Temp\ccrmW5Yc.ltrans8.ltrans.o
 .comment       0x0000000000000000       0x12 C:\Users\sato\AppData\Local\Temp\ccrmW5Yc.ltrans9.ltrans.o
 .comment       0x0000000000000000       0x12 C:\Users\sato\AppData\Local\Temp\ccrmW5Yc.ltrans10.ltrans.o
 .comment       0x0000000000000000       0x12 C:\Users\sato\AppData\Local\Temp\ccrmW5Yc.ltrans11.ltrans.o
 .comment       0x0000000000000000       0x12 C:\Users\sato\AppData\Local\Temp\ccrmW5Yc.ltrans12.ltrans.o
 .comment       0x0000000000000000       0x12 C:\Users\sato\AppData\Local\Temp\ccrmW5Yc.ltrans13.ltrans.o
 .comment       0x0000000000000000       0x12 C:\Users\sato\AppData\Local\Temp\ccrmW5Yc.ltrans14.ltrans.o
 .comment       0x0000000000000000       0x12 C:\Users\sato\AppData\Local\Temp\ccrmW5Yc.ltrans15.ltrans.o
 .comment       0x0000000000000000       0x12 C:\Users\sato\AppData\Local\Temp\ccrmW5Yc.ltrans16.ltrans.o
 .comment       0x0000000000000000       0x12 C:\Users\sato\AppData\Local\Temp\ccrmW5Yc.ltrans17.ltrans.o
 .comment       0x0000000000000000       0x12 C:\Users\sato\AppData\Local\Temp\ccrmW5Yc.ltrans18.ltrans.o
 .comment       0x0000000000000000       0x12 C:\Users\sato\AppData\Local\Temp\ccrmW5Yc.ltrans19.ltrans.o
 .comment       0x0000000000000000       0x12 C:\Users\sato\AppData\Local\Temp\ccrmW5Yc.ltrans20.ltrans.o
 .comment       0x0000000000000000       0x12 C:\Users\sato\AppData\Local\Temp\ccrmW5Yc.ltrans21.ltrans.o
 .comment       0x0000000000000000       0x12 C:\Users\sato\AppData\Local\Temp\ccrmW5Yc.ltrans22.ltrans.o
 .comment       0x0000000000000000       0x12 c:/users/sato/documents/mwstage-2022-08_win10-1/mwstage/tools/ba-elf-ba2-r36379.w10/bin/../lib/gcc/ba-elf/4.7.4/../../../../ba-elf/lib/mcpu_jn51xx_sizeopt\libc.a(lib_a-memcmp.o)
 .comment       0x0000000000000000       0x12 c:/users/sato/documents/mwstage-2022-08_win10-1/mwstage/tools/ba-elf-ba2-r36379.w10/bin/../lib/gcc/ba-elf/4.7.4/mcpu_jn51xx_sizeopt\libgcc.a(_fixunsdfsi.o)
 .comment       0x0000000000000000       0x12 c:/users/sato/documents/mwstage-2022-08_win10-1/mwstage/tools/ba-elf-ba2-r36379.w10/bin/../lib/gcc/ba-elf/4.7.4/mcpu_jn51xx_sizeopt\libgcc.a(_udivdi3.o)
 .comment       0x0000000000000000       0x12 c:/users/sato/documents/mwstage-2022-08_win10-1/mwstage/tools/ba-elf-ba2-r36379.w10/bin/../lib/gcc/ba-elf/4.7.4/mcpu_jn51xx_sizeopt\libgcc.a(_umoddi3.o)
 .comment       0x0000000000000000       0x11 C:/Users/sato/Documents/MWSTAGE-2022-08_win10-1/MWSTAGE/MWSDK/ChipLib/SW4063V1416/Components/Library\libMicroSpecific_JN516x.a(MicroSyscall_ba.o)
                                         0x12 (size before relaxing)
 .comment       0x0000000000000000       0x12 c:/users/sato/documents/mwstage-2022-08_win10-1/mwstage/tools/ba-elf-ba2-r36379.w10/bin/../lib/gcc/ba-elf/4.7.4/../../../../ba-elf/lib/mcpu_jn51xx_sizeopt\libc.a(lib_a-memset.o)
 .comment       0x0000000000000000       0x12 c:/users/sato/documents/mwstage-2022-08_win10-1/mwstage/tools/ba-elf-ba2-r36379.w10/bin/../lib/gcc/ba-elf/4.7.4/../../../../ba-elf/lib/mcpu_jn51xx_sizeopt\libc.a(lib_a-sprintf.o)
 .comment       0x0000000000000000       0x12 c:/users/sato/documents/mwstage-2022-08_win10-1/mwstage/tools/ba-elf-ba2-r36379.w10/bin/../lib/gcc/ba-elf/4.7.4/../../../../ba-elf/lib/mcpu_jn51xx_sizeopt\libc.a(lib_a-strcmp.o)
 .comment       0x0000000000000000       0x12 c:/users/sato/documents/mwstage-2022-08_win10-1/mwstage/tools/ba-elf-ba2-r36379.w10/bin/../lib/gcc/ba-elf/4.7.4/../../../../ba-elf/lib/mcpu_jn51xx_sizeopt\libc.a(lib_a-strcpy.o)
 .comment       0x0000000000000000       0x12 c:/users/sato/documents/mwstage-2022-08_win10-1/mwstage/tools/ba-elf-ba2-r36379.w10/bin/../lib/gcc/ba-elf/4.7.4/../../../../ba-elf/lib/mcpu_jn51xx_sizeopt\libc.a(lib_a-strlen.o)
 .comment       0x0000000000000000       0x12 c:/users/sato/documents/mwstage-2022-08_win10-1/mwstage/tools/ba-elf-ba2-r36379.w10/bin/../lib/gcc/ba-elf/4.7.4/../../../../ba-elf/lib/mcpu_jn51xx_sizeopt\libc.a(lib_a-svfprintf.o)
 .comment       0x0000000000000000       0x12 c:/users/sato/documents/mwstage-2022-08_win10-1/mwstage/tools/ba-elf-ba2-r36379.w10/bin/../lib/gcc/ba-elf/4.7.4/../../../../ba-elf/lib/mcpu_jn51xx_sizeopt\libc.a(lib_a-dtoa.o)
 .comment       0x0000000000000000       0x12 c:/users/sato/documents/mwstage-2022-08_win10-1/mwstage/tools/ba-elf-ba2-r36379.w10/bin/../lib/gcc/ba-elf/4.7.4/../../../../ba-elf/lib/mcpu_jn51xx_sizeopt\libc.a(lib_a-impure.o)
 .comment       0x0000000000000000       0x12 c:/users/sato/documents/mwstage-2022-08_win10-1/mwstage/tools/ba-elf-ba2-r36379.w10/bin/../lib/gcc/ba-elf/4.7.4/../../../../ba-elf/lib/mcpu_jn51xx_sizeopt\libc.a(lib_a-locale.o)
 .comment       0x0000000000000000       0x12 c:/users/sato/documents/mwstage-2022-08_win10-1/mwstage/tools/ba-elf-ba2-r36379.w10/bin/../lib/gcc/ba-elf/4.7.4/../../../../ba-elf/lib/mcpu_jn51xx_sizeopt\libc.a(lib_a-mallocr.o)
 .comment       0x0000000000000000       0x12 c:/users/sato/documents/mwstage-2022-08_win10-1/mwstage/tools/ba-elf-ba2-r36379.w10/bin/../lib/gcc/ba-elf/4.7.4/../../../../ba-elf/lib/mcpu_jn51xx_sizeopt\libc.a(lib_a-memchr.o)
 .comment       0x0000000000000000       0x12 c:/users/sato/documents/mwstage-2022-08_win10-1/mwstage/tools/ba-elf-ba2-r36379.w10/bin/../lib/gcc/ba-elf/4.7.4/../../../../ba-elf/lib/mcpu_jn51xx_sizeopt\libc.a(lib_a-memcpy.o)
 .comment       0x0000000000000000       0x12 c:/users/sato/documents/mwstage-2022-08_win10-1/mwstage/tools/ba-elf-ba2-r36379.w10/bin/../lib/gcc/ba-elf/4.7.4/../../../../ba-elf/lib/mcpu_jn51xx_sizeopt\libc.a(lib_a-mlock.o)
 .comment       0x0000000000000000       0x12 c:/users/sato/documents/mwstage-2022-08_win10-1/mwstage/tools/ba-elf-ba2-r36379.w10/bin/../lib/gcc/ba-elf/4.7.4/../../../../ba-elf/lib/mcpu_jn51xx_sizeopt\libc.a(lib_a-mprec.o)
 .comment       0x0000000000000000       0x12 c:/users/sato/documents/mwstage-2022-08_win10-1/mwstage/tools/ba-elf-ba2-r36379.w10/bin/../lib/gcc/ba-elf/4.7.4/../../../../ba-elf/lib/mcpu_jn51xx_sizeopt\libc.a(lib_a-sbrkr.o)
 .comment       0x0000000000000000       0x12 c:/users/sato/documents/mwstage-2022-08_win10-1/mwstage/tools/ba-elf-ba2-r36379.w10/bin/../lib/gcc/ba-elf/4.7.4/../../../../ba-elf/lib/mcpu_jn51xx_sizeopt\libc.a(lib_a-s_fpclassify.o)
 .comment       0x0000000000000000       0x12 c:/users/sato/documents/mwstage-2022-08_win10-1/mwstage/tools/ba-elf-ba2-r36379.w10/bin/../lib/gcc/ba-elf/4.7.4/../../../../ba-elf/lib/mcpu_jn51xx_sizeopt\libc.a(lib_a-svfiprintf.o)
 .comment       0x0000000000000000       0x12 c:/users/sato/documents/mwstage-2022-08_win10-1/mwstage/tools/ba-elf-ba2-r36379.w10/bin/../lib/gcc/ba-elf/4.7.4/../../../../ba-elf/lib/mcpu_jn51xx_sizeopt\libc.a(lib_a-callocr.o)
 .comment       0x0000000000000000       0x12 c:/users/sato/documents/mwstage-2022-08_win10-1/mwstage/tools/ba-elf-ba2-r36379.w10/bin/../lib/gcc/ba-elf/4.7.4/../../../../ba-elf/lib/mcpu_jn51xx_sizeopt\libc.a(lib_a-freer.o)
 .comment       0x0000000000000000       0x12 c:/users/sato/documents/mwstage-2022-08_win10-1/mwstage/tools/ba-elf-ba2-r36379.w10/bin/../lib/gcc/ba-elf/4.7.4/../../../../ba-elf/lib/mcpu_jn51xx_sizeopt\libc.a(lib_a-glue.o)
 .comment       0x0000000000000000       0x12 c:/users/sato/documents/mwstage-2022-08_win10-1/mwstage/tools/ba-elf-ba2-r36379.w10/bin/../lib/gcc/ba-elf/4.7.4/../../../../ba-elf/lib/mcpu_jn51xx_sizeopt\libc.a(lib_a-memmove.o)
 .comment       0x0000000000000000       0x12 c:/users/sato/documents/mwstage-2022-08_win10-1/mwstage/tools/ba-elf-ba2-r36379.w10/bin/../lib/gcc/ba-elf/4.7.4/../../../../ba-elf/lib/mcpu_jn51xx_sizeopt\libc.a(lib_a-reallocr.o)
 .comment       0x0000000000000000       0x12 c:/users/sato/documents/mwstage-2022-08_win10-1/mwstage/tools/ba-elf-ba2-r36379.w10/bin/../lib/gcc/ba-elf/4.7.4/../../../../ba-elf/lib/mcpu_jn51xx_sizeopt\libc.a(lib_a-reent.o)
 .comment       0x0000000000000000       0x12 c:/users/sato/documents/mwstage-2022-08_win10-1/mwstage/tools/ba-elf-ba2-r36379.w10/bin/../lib/gcc/ba-elf/4.7.4/../../../../ba-elf/lib/mcpu_jn51xx_sizeopt\libc.a(lib_a-errno.o)
 .comment       0x0000000000000000       0x12 c:/users/sato/documents/mwstage-2022-08_win10-1/mwstage/tools/ba-elf-ba2-r36379.w10/bin/../lib/gcc/ba-elf/4.7.4/mcpu_jn51xx_sizeopt\libgcc.a(adddf3.o)
 .comment       0x0000000000000000       0x12 c:/users/sato/documents/mwstage-2022-08_win10-1/mwstage/tools/ba-elf-ba2-r36379.w10/bin/../lib/gcc/ba-elf/4.7.4/mcpu_jn51xx_sizeopt\libgcc.a(divdf3.o)
 .comment       0x0000000000000000       0x12 c:/users/sato/documents/mwstage-2022-08_win10-1/mwstage/tools/ba-elf-ba2-r36379.w10/bin/../lib/gcc/ba-elf/4.7.4/mcpu_jn51xx_sizeopt\libgcc.a(eqdf2.o)
 .comment       0x0000000000000000       0x12 c:/users/sato/documents/mwstage-2022-08_win10-1/mwstage/tools/ba-elf-ba2-r36379.w10/bin/../lib/gcc/ba-elf/4.7.4/mcpu_jn51xx_sizeopt\libgcc.a(gedf2.o)
 .comment       0x0000000000000000       0x12 c:/users/sato/documents/mwstage-2022-08_win10-1/mwstage/tools/ba-elf-ba2-r36379.w10/bin/../lib/gcc/ba-elf/4.7.4/mcpu_jn51xx_sizeopt\libgcc.a(ledf2.o)
 .comment       0x0000000000000000       0x12 c:/users/sato/documents/mwstage-2022-08_win10-1/mwstage/tools/ba-elf-ba2-r36379.w10/bin/../lib/gcc/ba-elf/4.7.4/mcpu_jn51xx_sizeopt\libgcc.a(muldf3.o)
 .comment       0x0000000000000000       0x12 c:/users/sato/documents/mwstage-2022-08_win10-1/mwstage/tools/ba-elf-ba2-r36379.w10/bin/../lib/gcc/ba-elf/4.7.4/mcpu_jn51xx_sizeopt\libgcc.a(subdf3.o)
 .comment       0x0000000000000000       0x12 c:/users/sato/documents/mwstage-2022-08_win10-1/mwstage/tools/ba-elf-ba2-r36379.w10/bin/../lib/gcc/ba-elf/4.7.4/mcpu_jn51xx_sizeopt\libgcc.a(fixdfsi.o)
 .comment       0x0000000000000000       0x12 c:/users/sato/documents/mwstage-2022-08_win10-1/mwstage/tools/ba-elf-ba2-r36379.w10/bin/../lib/gcc/ba-elf/4.7.4/mcpu_jn51xx_sizeopt\libgcc.a(floatsidf.o)
 .comment       0x0000000000000000       0x12 c:/users/sato/documents/mwstage-2022-08_win10-1/mwstage/tools/ba-elf-ba2-r36379.w10/bin/../lib/gcc/ba-elf/4.7.4/mcpu_jn51xx_sizeopt\libgcc.a(floatunsidf.o)

.debug_info     0x0000000000000000    0x11520
 .debug_info    0x0000000000000000       0xf3 c:/users/sato/documents/mwstage-2022-08_win10-1/mwstage/tools/ba-elf-ba2-r36379.w10/bin/../lib/gcc/ba-elf/4.7.4/../../../../ba-elf/lib/mcpu_jn51xx_sizeopt\libc.a(lib_a-memcmp.o)
 .debug_info    0x00000000000000f3       0xd3 c:/users/sato/documents/mwstage-2022-08_win10-1/mwstage/tools/ba-elf-ba2-r36379.w10/bin/../lib/gcc/ba-elf/4.7.4/mcpu_jn51xx_sizeopt\libgcc.a(_fixunsdfsi.o)
 .debug_info    0x00000000000001c6      0x648 c:/users/sato/documents/mwstage-2022-08_win10-1/mwstage/tools/ba-elf-ba2-r36379.w10/bin/../lib/gcc/ba-elf/4.7.4/mcpu_jn51xx_sizeopt\libgcc.a(_udivdi3.o)
 .debug_info    0x000000000000080e      0x69d c:/users/sato/documents/mwstage-2022-08_win10-1/mwstage/tools/ba-elf-ba2-r36379.w10/bin/../lib/gcc/ba-elf/4.7.4/mcpu_jn51xx_sizeopt\libgcc.a(_umoddi3.o)
 .debug_info    0x0000000000000eab       0xaa C:/Users/sato/Documents/MWSTAGE-2022-08_win10-1/MWSTAGE/MWSDK/ChipLib/SW4063V1416/Components/Library\libBoot_JN516x.a(ExceptionHandler.o)
 .debug_info    0x0000000000000f55       0xd7 c:/users/sato/documents/mwstage-2022-08_win10-1/mwstage/tools/ba-elf-ba2-r36379.w10/bin/../lib/gcc/ba-elf/4.7.4/../../../../ba-elf/lib/mcpu_jn51xx_sizeopt\libc.a(lib_a-memset.o)
 .debug_info    0x000000000000102c      0xac6 c:/users/sato/documents/mwstage-2022-08_win10-1/mwstage/tools/ba-elf-ba2-r36379.w10/bin/../lib/gcc/ba-elf/4.7.4/../../../../ba-elf/lib/mcpu_jn51xx_sizeopt\libc.a(lib_a-sprintf.o)
 .debug_info    0x0000000000001af2       0xbb c:/users/sato/documents/mwstage-2022-08_win10-1/mwstage/tools/ba-elf-ba2-r36379.w10/bin/../lib/gcc/ba-elf/4.7.4/../../../../ba-elf/lib/mcpu_jn51xx_sizeopt\libc.a(lib_a-strcmp.o)