Archive member included because of file (symbol)

C:/Users/sato/Documents/MWSTAGE-2022-08_win10-1/MWSTAGE/MWSDK/TWENET/current/lib/libTWENET_RED.a(ToCoNet_main.o)
                              objs_RED/lcd.o (symbol from plugin) (sToCoNet_Context)
C:/Users/sato/Documents/MWSTAGE-2022-08_win10-1/MWSTAGE/MWSDK/TWENET/current/lib/libTWENET_RED.a(ToCoNet_utils.o)
                              ToCoNet_main.o (symbol from plugin) (ToCoNet_u32GetVersion)
C:/Users/sato/Documents/MWSTAGE-2022-08_win10-1/MWSTAGE/MWSDK/TWENET/current/lib/libTWENET_RED.a(ToCoNet_mod_Nwk_Common.o)
                              ToCoNet_main.o (symbol from plugin) (ToCoNet_vRxProc_Mod)
C:/Users/sato/Documents/MWSTAGE-2022-08_win10-1/MWSTAGE/MWSDK/TWENET/current/lib/libTWENET_RED.a(ToCoNet_mod_Channel_Mgr.o)
                              ToCoNet_main.o (symbol from plugin) (ToCoNet_ChMgr_bCh_Reconfig)
C:/Users/sato/Documents/MWSTAGE-2022-08_win10-1/MWSTAGE/MWSDK/TWENET/current/lib/libTWENET_RED.a(Version.o)
                              ToCoNet_utils.o (symbol from plugin) (au8ToCoNetVersionInfo)
C:/Users/sato/Documents/MWSTAGE-2022-08_win10-1/MWSTAGE/MWSDK/TWENET/current/lib/libTWENET_RED.a(AppQueueApi_ToCoNet.o)
                              ToCoNet_main.o (symbol from plugin) (_u32_INT_ticktimer)
C:/Users/sato/Documents/MWSTAGE-2022-08_win10-1/MWSTAGE/MWSDK/TWENET/current/lib/libTWENET_RED.a(ToCoNet_event.o)
                              ToCoNet_main.o (symbol from plugin) (PRSEV_vInit)
C:/Users/sato/Documents/MWSTAGE-2022-08_win10-1/MWSTAGE/MWSDK/TWENET/current/lib/libTWENEText_RED.a(AppStart.o)
                              (AppColdStart)
C:/Users/sato/Documents/MWSTAGE-2022-08_win10-1/MWSTAGE/MWSDK/TWENET/current/lib/libTWENEText_RED.a(getMacAddr.o)
                              ToCoNet_main.o (symbol from plugin) (ToCoNet_u32GetSerialOnBoot)
C:/Users/sato/Documents/MWSTAGE-2022-08_win10-1/MWSTAGE/MWSDK/TWENET/current/lib/libTWENEText_RED.a(mac.o)
                              ToCoNet_main.o (symbol from plugin) (Mac_vInit)
C:/Users/sato/Documents/MWSTAGE-2022-08_win10-1/MWSTAGE/MWSDK/TWENET/current/lib/libTWENEText_RED.a(AES_CCM.o)
                              AppStart.o (symbol from plugin) (bAES_CCM_KeyReg)
C:/Users/sato/Documents/MWSTAGE-2022-08_win10-1/MWSTAGE/MWSDK/TWENET/current/lib/libTWENEText_RED.a(no_ack_handler.o)
                              AppStart.o (symbol from plugin) (vInstallNoAckHandler)
C:/Users/sato/Documents/MWSTAGE-2022-08_win10-1/MWSTAGE/MWSDK/TWENET/current/lib/libTWENEText_RED.a(Version.o)
                              ToCoNet_utils.o (symbol from plugin) (au8ToCoNetExtVersionInfo)
C:/Users/sato/Documents/MWSTAGE-2022-08_win10-1/MWSTAGE/MWSDK/TWENET/current/lib/libTWENETutils_RED.a(serial.o)
                              objs_RED/Wireless_EM_Switch.o (symbol from plugin) (SERIAL_bTxChar)
C:/Users/sato/Documents/MWSTAGE-2022-08_win10-1/MWSTAGE/MWSDK/TWENET/current/lib/libTWENETutils_RED.a(uart.o)
                              serial.o (symbol from plugin) (UART_vInit)
C:/Users/sato/Documents/MWSTAGE-2022-08_win10-1/MWSTAGE/MWSDK/TWENET/current/lib/libTWENETutils_RED.a(ByteQueue.o)
                              ToCoNet_main.o (symbol from plugin) (QUEUE__vInit)
C:/Users/sato/Documents/MWSTAGE-2022-08_win10-1/MWSTAGE/MWSDK/TWENET/current/lib/libTWENETutils_RED.a(ccitt8.o)
                              AppStart.o (symbol from plugin) (u8CCITT8)
C:/Users/sato/Documents/MWSTAGE-2022-08_win10-1/MWSTAGE/MWSDK/TWENET/current/lib/libTWENETutils_RED.a(utils.o)
                              objs_RED/Wireless_EM_Switch.o (symbol from plugin) (vTimerConfig)
C:/Users/sato/Documents/MWSTAGE-2022-08_win10-1/MWSTAGE/MWSDK/TWENET/current/lib/libTWENETutils_RED.a(ccm.o)
                              AES_CCM.o (symbol from plugin) (ccm_init_and_key)
C:/Users/sato/Documents/MWSTAGE-2022-08_win10-1/MWSTAGE/MWSDK/TWENET/current/lib/libTWENETutils_RED.a(Version.o)
                              ToCoNet_utils.o (symbol from plugin) (au8ToCoNetUtilsVersionInfo)
C:/Users/sato/Documents/MWSTAGE-2022-08_win10-1/MWSTAGE/MWSDK/TWENET/current/lib/libTWENETutils_RED.a(aescrypt.o)
                              ccm.o (symbol from plugin) (aes_encrypt)
C:/Users/sato/Documents/MWSTAGE-2022-08_win10-1/MWSTAGE/MWSDK/TWENET/current/lib/libTWENETutils_RED.a(aeskey.o)
                              ccm.o (symbol from plugin) (aes_encrypt_key)
C:/Users/sato/Documents/MWSTAGE-2022-08_win10-1/MWSTAGE/MWSDK/TWENET/current/lib/libTWENETutils_RED.a(aestab.o)
                              aeskey.o (symbol from plugin) (t_im)
C:/Users/sato/Documents/MWSTAGE-2022-08_win10-1/MWSTAGE/MWSDK/TWENET/current/lib/libTWENETstgs_RED.a(tweinteractive.o)
                              objs_RED/Wireless_EM_Switch.o (symbol from plugin) (TWEINTRCT_bIsVerbose)
C:/Users/sato/Documents/MWSTAGE-2022-08_win10-1/MWSTAGE/MWSDK/TWENET/current/lib/libTWENETstgs_RED.a(tweprintf.o)
                              tweinteractive.o (symbol from plugin) (TWE_fprintf)
[...]
Memory Configuration

Name             Origin             Length             Attributes
flash            0x0000000000080000 0x0000000000080000
ram              0x000000000400004c 0x0000000000007fb4
*default*        0x0000000000000000 0xffffffffffffffff

Linker script and memory map

LOAD objs_RED/_mwx_version.o
LOAD C:\Users\sato\AppData\Local\Temp\cc9Mzq89.ltrans0.ltrans.o
LOAD C:\Users\sato\AppData\Local\Temp\cc9Mzq89.ltrans1.ltrans.o
LOAD C:\Users\sato\AppData\Local\Temp\cc9Mzq89.ltrans2.ltrans.o
LOAD C:\Users\sato\AppData\Local\Temp\cc9Mzq89.ltrans3.ltrans.o
LOAD C:\Users\sato\AppData\Local\Temp\cc9Mzq89.ltrans4.ltrans.o
LOAD C:\Users\sato\AppData\Local\Temp\cc9Mzq89.ltrans5.ltrans.o
LOAD C:\Users\sato\AppData\Local\Temp\cc9Mzq89.ltrans6.ltrans.o
LOAD C:\Users\sato\AppData\Local\Temp\cc9Mzq89.ltrans7.ltrans.o
LOAD C:\Users\sato\AppData\Local\Temp\cc9Mzq89.ltrans8.ltrans.o
LOAD C:\Users\sato\AppData\Local\Temp\cc9Mzq89.ltrans9.ltrans.o
LOAD C:\Users\sato\AppData\Local\Temp\cc9Mzq89.ltrans10.ltrans.o
LOAD C:\Users\sato\AppData\Local\Temp\cc9Mzq89.ltrans11.ltrans.o
LOAD C:\Users\sato\AppData\Local\Temp\cc9Mzq89.ltrans12.ltrans.o
LOAD C:\Users\sato\AppData\Local\Temp\cc9Mzq89.ltrans13.ltrans.o
LOAD C:\Users\sato\AppData\Local\Temp\cc9Mzq89.ltrans14.ltrans.o
LOAD C:\Users\sato\AppData\Local\Temp\cc9Mzq89.ltrans15.ltrans.o
LOAD C:\Users\sato\AppData\Local\Temp\cc9Mzq89.ltrans16.ltrans.o
LOAD C:\Users\sato\AppData\Local\Temp\cc9Mzq89.ltrans17.ltrans.o
LOAD C:\Users\sato\AppData\Local\Temp\cc9Mzq89.ltrans18.ltrans.o
LOAD C:\Users\sato\AppData\Local\Temp\cc9Mzq89.ltrans19.ltrans.o
LOAD c:/users/sato/documents/mwstage-2022-08_win10-1/mwstage/tools/ba-elf-ba2-r36379.w10/bin/../lib/gcc/ba-elf/4.7.4/../../../../ba-elf/lib/mcpu_jn51xx_sizeopt\libc.a
LOAD c:/users/sato/documents/mwstage-2022-08_win10-1/mwstage/tools/ba-elf-ba2-r36379.w10/bin/../lib/gcc/ba-elf/4.7.4/mcpu_jn51xx_sizeopt\libgcc.a
LOAD c:/users/sato/documents/mwstage-2022-08_win10-1/mwstage/tools/ba-elf-ba2-r36379.w10/bin/../lib/gcc/ba-elf/4.7.4/../../../../ba-elf/lib/mcpu_jn51xx_sizeopt\libc.a
LOAD objs_RED/Wireless_EM_Switch.o
LOAD objs_RED/lcd.o
LOAD C:/Users/sato/Documents/MWSTAGE-2022-08_win10-1/MWSTAGE/MWSDK/TWENET/current/lib/libTWENET_RED.a
LOAD C:/Users/sato/Documents/MWSTAGE-2022-08_win10-1/MWSTAGE/MWSDK/TWENET/current/lib/libTWENEText_RED.a
LOAD C:/Users/sato/Documents/MWSTAGE-2022-08_win10-1/MWSTAGE/MWSDK/TWENET/current/lib/libTWENETutils_RED.a
LOAD C:/Users/sato/Documents/MWSTAGE-2022-08_win10-1/MWSTAGE/MWSDK/TWENET/current/lib/libTWENETstgs_RED.a
LOAD C:/Users/sato/Documents/MWSTAGE-2022-08_win10-1/MWSTAGE/MWSDK/TWENET/current/lib/libmwx_RED.a
LOAD C:/Users/sato/Documents/MWSTAGE-2022-08_win10-1/MWSTAGE/MWSDK/TWENET/current/lib/libEASTL_RED.a
START GROUP
LOAD C:/Users/sato/Documents/MWSTAGE-2022-08_win10-1/MWSTAGE/MWSDK/ChipLib/SW4063V1416/Components/Library\libAppApi_JN5169.a
LOAD C:/Users/sato/Documents/MWSTAGE-2022-08_win10-1/MWSTAGE/MWSDK/ChipLib/SW4063V1416/Components/Library\libMAC_JN5169.a
LOAD C:/Users/sato/Documents/MWSTAGE-2022-08_win10-1/MWSTAGE/MWSDK/ChipLib/SW4063V1416/Components/Library\libTimerServer_JN516x.a
LOAD C:/Users/sato/Documents/MWSTAGE-2022-08_win10-1/MWSTAGE/MWSDK/ChipLib/SW4063V1416/Components/Library\libTOF_JN516x.a
LOAD C:/Users/sato/Documents/MWSTAGE-2022-08_win10-1/MWSTAGE/MWSDK/ChipLib/SW4063V1416/Components/Library\libXcv_JN5169.a
LOAD C:/Users/sato/Documents/MWSTAGE-2022-08_win10-1/MWSTAGE/MWSDK/ChipLib/SW4063V1416/Components/Library\libMMAC_JN5169.a
LOAD C:/Users/sato/Documents/MWSTAGE-2022-08_win10-1/MWSTAGE/MWSDK/ChipLib/SW4063V1416/Components/Library\libJPT_JN5169.a
LOAD C:/Users/sato/Documents/MWSTAGE-2022-08_win10-1/MWSTAGE/MWSDK/ChipLib/SW4063V1416/Components/Library\libAes_JN516x.a
LOAD C:/Users/sato/Documents/MWSTAGE-2022-08_win10-1/MWSTAGE/MWSDK/ChipLib/SW4063V1416/Components/Library\libHardwareApi_JN5169.a
LOAD C:/Users/sato/Documents/MWSTAGE-2022-08_win10-1/MWSTAGE/MWSDK/ChipLib/SW4063V1416/Components/Library\libMicroSpecific_JN516x.a
LOAD C:/Users/sato/Documents/MWSTAGE-2022-08_win10-1/MWSTAGE/MWSDK/ChipLib/SW4063V1416/Components/Library\libBoot_JN516x.a
LOAD C:/Users/sato/Documents/MWSTAGE-2022-08_win10-1/MWSTAGE/MWSDK/ChipLib/SW4063V1416/Components/Library\libPDM_EEPROM_JN516x_NO_RTOS.a
LOAD C:/Users/sato/Documents/MWSTAGE-2022-08_win10-1/MWSTAGE/MWSDK/TWENET/current/lib/libTWENET_RED.a
LOAD C:/Users/sato/Documents/MWSTAGE-2022-08_win10-1/MWSTAGE/MWSDK/TWENET/current/lib/libTWENEText_RED.a
LOAD C:/Users/sato/Documents/MWSTAGE-2022-08_win10-1/MWSTAGE/MWSDK/TWENET/current/lib/libTWENETutils_RED.a
LOAD C:/Users/sato/Documents/MWSTAGE-2022-08_win10-1/MWSTAGE/MWSDK/TWENET/current/lib/libTWENETstgs_RED.a
LOAD C:/Users/sato/Documents/MWSTAGE-2022-08_win10-1/MWSTAGE/MWSDK/TWENET/current/lib/libmwx_RED.a
LOAD C:/Users/sato/Documents/MWSTAGE-2022-08_win10-1/MWSTAGE/MWSDK/TWENET/current/lib/libEASTL_RED.a
END GROUP
LOAD c:/users/sato/documents/mwstage-2022-08_win10-1/mwstage/tools/ba-elf-ba2-r36379.w10/bin/../lib/gcc/ba-elf/4.7.4/../../../../ba-elf/lib/mcpu_jn51xx_sizeopt\libstdc++.a
LOAD c:/users/sato/documents/mwstage-2022-08_win10-1/mwstage/tools/ba-elf-ba2-r36379.w10/bin/../lib/gcc/ba-elf/4.7.4/../../../../ba-elf/lib/mcpu_jn51xx_sizeopt\libm.a
LOAD c:/users/sato/documents/mwstage-2022-08_win10-1/mwstage/tools/ba-elf-ba2-r36379.w10/bin/../lib/gcc/ba-elf/4.7.4/../../../../ba-elf/lib/mcpu_jn51xx_sizeopt\libc.a
LOAD c:/users/sato/documents/mwstage-2022-08_win10-1/mwstage/tools/ba-elf-ba2-r36379.w10/bin/../lib/gcc/ba-elf/4.7.4/mcpu_jn51xx_sizeopt\libgcc.a
LOAD c:/users/sato/documents/mwstage-2022-08_win10-1/mwstage/tools/ba-elf-ba2-r36379.w10/bin/../lib/gcc/ba-elf/4.7.4/../../../../ba-elf/lib/mcpu_jn51xx_sizeopt\libc.a
                0x0000000000000800                _stack_size = 0x800
                0x0000000000080038                exception_vsr_table = 0x80038
                0x0000000004000000                pSPIflashFncTable = 0x4000000
                0x0000000000000044                restore_state = 0x44
                0x000000000000004a                bZSPIWaitWIPClear = 0x4a
                0x0000000000000050                u16ZSPIflashRDID = 0x50
                0x0000000000000056                u8SelectFlashChipType = 0x56
                0x000000000000005c                memcpy = 0x5c
                0x0000000000000066                vBootFlashProg = 0x66
                [0x0000000000000d16]                __minimum_heap_size = DEFINED (__minimum_heap_size)?__minimum_heap_size:0xd16
                [0x0000000000000800]                __stack_size = DEFINED (__stack_size)?__stack_size:0x800
                0x0000000000000000                _SwConfig = (DEFINED (g_bSWConf_Debug) | (DEFINED (g_bSWConf_AltDebugPort) << 0x1))

.version        0x000000000007fffc        0x4
                0x000000000007fffc        0x4 LONG 0xf03000b

.bir            0x0000000000080000       0x10
                0x0000000000080000                _flash_start = ABSOLUTE (.)
                0x0000000000080000                _flash_beg = ABSOLUTE (.)
                0x0000000000080000        0x4 LONG 0x12345678
                0x0000000000080004        0x4 LONG 0x11223344
                0x0000000000080008        0x4 LONG 0x55667788
                0x000000000008000c        0x1 BYTE 0x8
                0x000000000008000d        0x1 BYTE 0x1
                0x000000000008000e        0x2 SHORT 0x0

.flashheader    0x0000000000080010       0x28
                0x0000000000080010        0x4 LONG 0x0
                0x0000000000080014        0x4 LONG 0x0
                0x0000000000080018        0x4 LONG 0x0
                0x000000000008001c        0x2 SHORT 0x0
                0x000000000008001e        0x2 SHORT 0x0 ABSOLUTE (_SwConfig)
                0x0000000000080020                _enc_start = ABSOLUTE (.)
                0x0000000000080020        0x4 LONG 0x130f8 ABSOLUTE (_image_len)
                0x0000000000080024        0x4 LONG 0x92828 ABSOLUTE (_flash_data_start)
                0x0000000000080028        0x2 SHORT 0x13 ((ABSOLUTE (_ram_data_start) / 0x4) & 0xffff)
                0x000000000008002a        0x2 SHORT 0x234 ((ABSOLUTE (_ram_data_len) / 0x4) & 0xffff)
                0x000000000008002c        0x2 SHORT 0x247 ((ABSOLUTE (_bss_start) / 0x4) & 0xffff)
                0x000000000008002e        0x2 SHORT 0x58e ((ABSOLUTE (_bss_len) / 0x4) & 0xffff)
                0x0000000000080030        0x4 LONG 0x85680 ABSOLUTE (AppWarmStart)
                0x0000000000080034        0x4 LONG 0x81f5b ABSOLUTE (AppColdStart)
                0x0000000000000000                _enc_offset = (_enc_start & 0xf)
                0x0000000000000044                PROVIDE (vException_BusError, restore_state)
                0x0000000000000044                PROVIDE (vException_UnalignedAccess, restore_state)
                0x0000000000000044                PROVIDE (vException_IllegalInstruction, restore_state)
                0x0000000000000044                PROVIDE (vException_SysCall, restore_state)
                0x0000000000000044                PROVIDE (vException_Trap, restore_state)
                0x0000000000000044                PROVIDE (vException_StackOverflow, restore_state)
                0x0000000000080038                . = ABSOLUTE (exception_vsr_table)

.vsr_table      0x0000000000080038       0x18
                0x0000000000080038        0x4 LONG 0x44 ABSOLUTE (vException_BusError)
                0x000000000008003c        0x4 LONG 0x44 ABSOLUTE (vException_UnalignedAccess)
                0x0000000000080040        0x4 LONG 0x44 ABSOLUTE (vException_IllegalInstruction)
                0x0000000000080044        0x4 LONG 0x44 ABSOLUTE (vException_SysCall)
                0x0000000000080048        0x4 LONG 0x44 ABSOLUTE (vException_Trap)
                0x000000000008004c        0x4 LONG 0x44 ABSOLUTE (vException_StackOverflow)

.vsr_handlers   0x0000000000080050       0xaa
 *(.vsr_handlers)
 .vsr_handlers  0x0000000000080050       0xaa C:/Users/sato/Documents/MWSTAGE-2022-08_win10-1/MWSTAGE/MWSDK/ChipLib/SW4063V1416/Components/Library\libBoot_JN516x.a(ExceptionHandler.o)
                0x0000000000080050                _exception_external_interrupt
                0x00000000000800f8                _default_vsr_dummy

.rodata         0x0000000000080100      0x711
 *(.rodata*)
 .rodata        0x0000000000080100       0xd4 C:\Users\sato\AppData\Local\Temp\cc9Mzq89.ltrans0.ltrans.o
                0x0000000000080100                s_aprScanHandleEvt.13527
                0x0000000000080130                apvActionCalls
                0x00000000000801b8                aprLPBMacVectorRamTable
                0x00000000000801cc                psTamMacContext
                0x00000000000801d0                psTAMcontext
 .rodata        0x00000000000801d4        0xc C:\Users\sato\AppData\Local\Temp\cc9Mzq89.ltrans1.ltrans.o
 .rodata.str1.1
                0x00000000000801e0       0x11 C:\Users\sato\AppData\Local\Temp\cc9Mzq89.ltrans2.ltrans.o
 *fill*         0x00000000000801f1        0x3 00
 .rodata        0x00000000000801f4       0x7c C:\Users\sato\AppData\Local\Temp\cc9Mzq89.ltrans2.ltrans.o
                0x0000000000080228                u32MacLow_TOCOS
                0x000000000008022c                u32MacHigh_TOCOS
 .rodata.str1.1
                0x0000000000080270       0x22 C:\Users\sato\AppData\Local\Temp\cc9Mzq89.ltrans3.ltrans.o
 .rodata        0x0000000000080292        0x5 C:\Users\sato\AppData\Local\Temp\cc9Mzq89.ltrans3.ltrans.o
 .rodata        0x0000000000080297        0x4 C:\Users\sato\AppData\Local\Temp\cc9Mzq89.ltrans4.ltrans.o
 .rodata.str1.1
                0x000000000008029b        0xe C:\Users\sato\AppData\Local\Temp\cc9Mzq89.ltrans6.ltrans.o
                                         0x12 (size before relaxing)
 *fill*         0x00000000000802a9        0x7 00
 .rodata        0x00000000000802b0       0x50 C:\Users\sato\AppData\Local\Temp\cc9Mzq89.ltrans6.ltrans.o
 .rodata.str1.1
                0x0000000000080300       0x12 C:\Users\sato\AppData\Local\Temp\cc9Mzq89.ltrans7.ltrans.o
 .rodata        0x0000000000080312        0x3 C:\Users\sato\AppData\Local\Temp\cc9Mzq89.ltrans7.ltrans.o
 .rodata        0x0000000000080315        0x6 C:\Users\sato\AppData\Local\Temp\cc9Mzq89.ltrans8.ltrans.o
                0x0000000000080315                aeXcvPhyEvtToScanEvt.5424.13530
 *fill*         0x000000000008031b        0x1 00
 .rodata        0x000000000008031c       0x24 C:\Users\sato\AppData\Local\Temp\cc9Mzq89.ltrans9.ltrans.o
                0x0000000000080324                psTamXcvContext
 .rodata        0x0000000000080340        0xa C:\Users\sato\AppData\Local\Temp\cc9Mzq89.ltrans10.ltrans.o
                0x0000000000080340                CSWTCH.7.21503.21503
 .rodata        0x000000000008034a       0x7b C:\Users\sato\AppData\Local\Temp\cc9Mzq89.ltrans11.ltrans.o
 .rodata        0x00000000000803c5       0x9a C:\Users\sato\AppData\Local\Temp\cc9Mzq89.ltrans12.ltrans.o
 .rodata.str1.1
                0x000000000008045f       0x1f C:\Users\sato\AppData\Local\Temp\cc9Mzq89.ltrans13.ltrans.o
 .rodata        0x000000000008047e      0x131 C:\Users\sato\AppData\Local\Temp\cc9Mzq89.ltrans14.ltrans.o
 .rodata        0x00000000000805af       0x14 C:\Users\sato\AppData\Local\Temp\cc9Mzq89.ltrans15.ltrans.o
 *fill*         0x00000000000805c3        0x1 00
 .rodata        0x00000000000805c4       0x30 C:\Users\sato\AppData\Local\Temp\cc9Mzq89.ltrans18.ltrans.o
                0x00000000000805c4                au32UartAddrOffset
                0x00000000000805cc                au32TimerBaseAddress
                0x00000000000805e0                CSWTCH.35.24116.24116
 .rodata.str1.1
                0x00000000000805f4       0x11 C:\Users\sato\AppData\Local\Temp\cc9Mzq89.ltrans19.ltrans.o
                                         0x22 (size before relaxing)
 *fill*         0x0000000000080605        0x3 00
 .rodata        0x0000000000080608       0x38 C:\Users\sato\AppData\Local\Temp\cc9Mzq89.ltrans19.ltrans.o
                0x0000000000080608                asStateFuncTbl.25281
 .rodata.str1.1
                0x0000000000080640       0x32 c:/users/sato/documents/mwstage-2022-08_win10-1/mwstage/tools/ba-elf-ba2-r36379.w10/bin/../lib/gcc/ba-elf/4.7.4/../../../../ba-elf/lib/mcpu_jn51xx_sizeopt\libc.a(lib_a-svfprintf.o)
                                         0x34 (size before relaxing)
 .rodata        0x0000000000080672       0x20 c:/users/sato/documents/mwstage-2022-08_win10-1/mwstage/tools/ba-elf-ba2-r36379.w10/bin/../lib/gcc/ba-elf/4.7.4/../../../../ba-elf/lib/mcpu_jn51xx_sizeopt\libc.a(lib_a-svfprintf.o)
 .rodata.str1.1
                0x0000000000080692        0xd c:/users/sato/documents/mwstage-2022-08_win10-1/mwstage/tools/ba-elf-ba2-r36379.w10/bin/../lib/gcc/ba-elf/4.7.4/../../../../ba-elf/lib/mcpu_jn51xx_sizeopt\libc.a(lib_a-dtoa.o)
                                          0xf (size before relaxing)
 .rodata.str1.1
                0x000000000008069f        0x2 c:/users/sato/documents/mwstage-2022-08_win10-1/mwstage/tools/ba-elf-ba2-r36379.w10/bin/../lib/gcc/ba-elf/4.7.4/../../../../ba-elf/lib/mcpu_jn51xx_sizeopt\libc.a(lib_a-impure.o)
 .rodata.str1.1
                0x00000000000806a1        0x8 c:/users/sato/documents/mwstage-2022-08_win10-1/mwstage/tools/ba-elf-ba2-r36379.w10/bin/../lib/gcc/ba-elf/4.7.4/../../../../ba-elf/lib/mcpu_jn51xx_sizeopt\libc.a(lib_a-locale.o)
                                          0xb (size before relaxing)
 *fill*         0x00000000000806a9        0x7 00
 .rodata        0x00000000000806b0      0x128 c:/users/sato/documents/mwstage-2022-08_win10-1/mwstage/tools/ba-elf-ba2-r36379.w10/bin/../lib/gcc/ba-elf/4.7.4/../../../../ba-elf/lib/mcpu_jn51xx_sizeopt\libc.a(lib_a-mprec.o)
                0x00000000000806b0                __mprec_tinytens
                0x00000000000806d8                __mprec_bigtens
                0x0000000000080700                __mprec_tens
 .rodata.str1.1
                0x0000000000000000       0x22 c:/users/sato/documents/mwstage-2022-08_win10-1/mwstage/tools/ba-elf-ba2-r36379.w10/bin/../lib/gcc/ba-elf/4.7.4/../../../../ba-elf/lib/mcpu_jn51xx_sizeopt\libc.a(lib_a-svfiprintf.o)
 .rodata        0x00000000000807d8       0x20 c:/users/sato/documents/mwstage-2022-08_win10-1/mwstage/tools/ba-elf-ba2-r36379.w10/bin/../lib/gcc/ba-elf/4.7.4/../../../../ba-elf/lib/mcpu_jn51xx_sizeopt\libc.a(lib_a-svfiprintf.o)
 .rodata        0x00000000000807f8       0x19 c:/users/sato/documents/mwstage-2022-08_win10-1/mwstage/tools/ba-elf-ba2-r36379.w10/bin/../lib/gcc/ba-elf/4.7.4/../../../../ba-elf/lib/mcpu_jn51xx_sizeopt\libc.a(lib_a-glue.o)

.text           0x0000000000080814    0x12013
 *(.text*)
 .text          0x0000000000080814      0xbac C:\Users\sato\AppData\Local\Temp\cc9Mzq89.ltrans0.ltrans.o
                0x0000000000080814                eWBRTTxDone.13184
                0x0000000000080832                vTAMCOframeTXgoingIdle
                0x000000000008084c                vTAMCOframeTXcap
                0x0000000000080872                eWCoRRxDone.13175
                0x000000000008091c                eWBcnRxDone.13187
                0x0000000000080f06                vTAMCOframeRXcap
                0x0000000000080f18                vTAMCOframeRXgoingIdle
                0x0000000000080f2e                vTAMCOframeRXnobeacon
                0x0000000000080f40                vTAMDEframeRX
                0x0000000000080f6a                vTAMDEframeRXtrackingDR
                0x0000000000080fad                vTAMDEframePreSyncReq
                0x0000000000080fc6                vTAMCOframeTXbeacon
                0x000000000008108d                vTAMDEframeRXsyncReq
                0x00000000000812de                vTAMDEint1FiredTrackingCAPgts
                0x0000000000081391                eWONTTxDone.13181
 .text          0x00000000000813c0      0xb10 C:\Users\sato\AppData\Local\Temp\cc9Mzq89.ltrans1.ltrans.o
                0x00000000000813c0                mac_vLPBStartTimer
                0x00000000000816a5                vTimerCallback.23763
                0x00000000000816b0                vProcessEvCoreTx.25218
                0x00000000000817a0                vMMAC_ConfigureRadio
                0x000000000008194b                _ZN3mwx2L115periph_analogue10_adc_startEv.local.7.constprop.186
                0x0000000000081a34                mwx::L1::periph_analogue::ADC_handler(unsigned long, unsigned long)
                0x0000000000081a7b                u8HwEventHandler.2305
                0x0000000000081b23                _ZN3mwx2L16twenet5beginEv.local.76.constprop.143
                0x0000000000081b68                bAES_CCMstar
                0x0000000000081c34                pvHeap_Alloc
                0x0000000000081c37                operator new(unsigned long)
                0x0000000000081c5a                u32AHI_Init
                0x0000000000081d1c                vMicroIntRestoreState
                0x0000000000081d28                vAHI_DoSetDataOut
                0x0000000000081d3c                bAHI_DoEnableOutputs
                0x0000000000081d65                u8AHI_WakeTimerFiredStatus
                0x0000000000081d79                vAHI_WakeTimerStop.part.3.24448
                0x0000000000081d99                mac_vLPBStopTimer
                0x0000000000081da3                vAHI_UartSetClocksPerBit.part.18.24244
                0x0000000000081dca                vAHI_UartSetRTSCTS.part.15.24229
                0x0000000000081df1                vAHI_UartReset.part.4.24202
                0x0000000000081e29                vAHI_UartSetControl.part.2.24186
                0x0000000000081e7a                vAHI_UartSetBaudDivisor.part.1.24182
                0x0000000000081eb9                vAHI_WatchdogStop
 .text.unlikely
                0x0000000000081ed0       0x24 C:\Users\sato\AppData\Local\Temp\cc9Mzq89.ltrans1.ltrans.o
                0x0000000000081ed0                vAHI_CpuDoze
                0x0000000000081ee3                vStartXtal32kExternalRc.23777
 .text          0x0000000000081ef4      0x5c3 C:\Users\sato\AppData\Local\Temp\cc9Mzq89.ltrans2.ltrans.o
                0x0000000000081ef4                vProcessEvCoreMac
                0x0000000000081f5b                AppColdStart
 .text.unlikely
                0x00000000000824b7      0x43b C:\Users\sato\AppData\Local\Temp\cc9Mzq89.ltrans2.ltrans.o
                0x00000000000824b7                ToCoNet_vStart
 .text          0x00000000000828f2      0x440 C:\Users\sato\AppData\Local\Temp\cc9Mzq89.ltrans3.ltrans.o
                0x00000000000828f2                vAppApiDefMlmeRequest
                0x000000000008291d                pvAppApiDefGetMacHandle
                0x0000000000082926                cbAppWarmStart.part.28.6838
                0x0000000000082b52                setup()
 *fill*         0x0000000000082d32        0x2 00
 .text.unlikely
                0x0000000000082d34      0x318 C:\Users\sato\AppData\Local\Temp\cc9Mzq89.ltrans3.ltrans.o
                0x0000000000082d51                vProcessIncomingHwEvent.2474
 .text          0x000000000008304c      0xa2c C:\Users\sato\AppData\Local\Temp\cc9Mzq89.ltrans4.ltrans.o
                0x000000000008304c                vAHI_IntHandlerTickTimer
                0x0000000000083093                vTACintRXheader
                0x000000000008388e                cbAppColdStart.part.32.7059
 .text          0x0000000000083a78      0x7ff C:\Users\sato\AppData\Local\Temp\cc9Mzq89.ltrans5.ltrans.o
                0x0000000000083a78                bAES_CCM_EncodeKey
                0x0000000000083daa                u8Write802_15_4HeaderIntoBuffer.21478
                0x0000000000083f0a                bTAM_AES_CCMstarPatch2006
                0x0000000000084011                _ZN3mwx2L110serial_jen10_on_wakeupEv.part.27.6577
                0x000000000008408b                _MWX_periph_init()
                0x0000000000084185                vTimerStart
 .text          0x0000000000084277      0xacd C:\Users\sato\AppData\Local\Temp\cc9Mzq89.ltrans6.ltrans.o
                0x0000000000084d15                vPollClkSource.23771.constprop.225
                0x0000000000084d2a                MWX_DebugMsg.constprop.211
                0x0000000000084d36                vAHI_ProtocolPower.constprop.196
 .text          0x0000000000084d44      0x867 C:\Users\sato\AppData\Local\Temp\cc9Mzq89.ltrans7.ltrans.o
                0x0000000000084d44                vHnd_E_STATE_RUNNING.25257
                0x0000000000084f8e                SERIAL_vTxReady
                0x0000000000084fef                vAppQApiPostHwIntT.3204
                0x00000000000850c2                TWETERM_iGetC.25623
                0x000000000008517b                vRxChar.4653
                0x00000000000851cc                vXCV_IntHandlerPhy
                0x000000000008527e                vScanHandleTimer.12784
                0x0000000000085283                ToCoNet_vMacStart
                0x000000000008529c                _ZN3lcd7commandEh.constprop.202
                0x00000000000853ad                _ZN3mwx2L110serial_jen13_set_baudrateEt.isra.2.6399
                0x000000000008545e                u8TAM_AES_WriteAuxilliarySecurityHeaderIntoBuffer
                0x00000000000854d0                u32AHI_ReadIndexSectorBits.constprop.145
                0x0000000000085531                vTAIsetCapTime
                0x0000000000085552                vDoGoActive.19471
                0x0000000000085575                vTAMRXEint2Fired
 *fill*         0x00000000000855ab        0x1 00
 .text          0x00000000000855ac      0xa84 C:\Users\sato\AppData\Local\Temp\cc9Mzq89.ltrans8.ltrans.o
                0x00000000000855ac                vPostDcfm.13171
                0x0000000000085680                AppWarmStart
                0x0000000000085750                vSetNextChannel.13219
                0x00000000000857a9                MAC_vHandleMlmeReqRsp
                0x0000000000085f59                vTAMDEint1FiredTracking
                0x0000000000085fc9                vTAMDEint1FiredSyncReq
 .text          0x0000000000086030      0x9a4 C:\Users\sato\AppData\Local\Temp\cc9Mzq89.ltrans9.ltrans.o
                0x0000000000086030                vTAMDEint2FiredTrackingDR
                0x0000000000086056                vTAMDEint2FiredPollActive
                0x000000000008608b                vTAMDEreqTXnullTrackingCAP
                0x00000000000860a5                eTAMselect
                0x00000000000861e4                MAC_pvCtor
                0x000000000008660d                u32AppApiDefInit
                0x00000000000866d8                _ToCoNet_vMacInit
                0x000000000008673e                _ToCoNet_vRfConfig
                0x00000000000868d9                vTAMDEint1FiredTrackingBeacon
                0x0000000000086979                vTAMDEframeTXtrackingDR
 .text          0x00000000000869d4      0xb2f C:\Users\sato\AppData\Local\Temp\cc9Mzq89.ltrans10.ltrans.o
                0x0000000000086b17                vHnd_E_STATE_FINISH_TX_FAIL.25226
                0x0000000000086bd2                vHnd_E_STATE_FINISH_TX_SUCCESS.25231
                0x0000000000086c69                bTAM_AES_CCMstarPatch
                0x0000000000086f85                bTATsendFrame
                0x0000000000086fd8                vTrySendFromDirectCAP.15762
                0x0000000000086ff3                vTrySendFromDirectNoBeacon.15766
                0x000000000008701e                vTAMCOint1Fired
                0x000000000008713a                vTAMCOstartBeacon
                0x0000000000087175                vStartStoreValues.15830
                0x000000000008722c                bStartCallback.15859
                0x000000000008725b                vTAMCOint1FiredCAP
                0x00000000000872ce                vTAMCOreqTXnoBeacon
                0x00000000000872e0                vTAMCOreqTXinCAP
                0x0000000000087306                vTrySendUnslotted.16307
                0x0000000000087320                bSendDataRequest.16309
                0x0000000000087432                bProcessBeaconRX.16312
 *fill*         0x0000000000087503        0x1 00
 .text          0x0000000000087504      0xbfc C:\Users\sato\AppData\Local\Temp\cc9Mzq89.ltrans11.ltrans.o
                0x0000000000087538                ToCoNet_vInit
                0x000000000008787b                vExpireHead.22732
                0x00000000000878ab                _ZN3mwx2L112periph_timer5setupEv.part.1.1503.constprop.251
                0x00000000000878c5                vAHI_SiMasterConfigure.constprop.250
                0x00000000000878f9                vMicroIntEnableOnly.constprop.247
                0x0000000000087925                vMMAC_SetChannelAndPower
                0x0000000000087ace                vPhySetChannel
                0x0000000000087aed                QUEUE__u8RemoveItem.part.1.4830
                0x0000000000087b28                QUEUE__vAddItem.constprop.246
                0x0000000000087b5a                _ToCoNet_bRfChChannel
                0x0000000000087bef                ToCoNet_ChMgr_bCh_Reconfig
                0x0000000000087c57                ToCoNet_ChMgr_vCh_TxFin
                0x0000000000087c83                vHnd_E_STATE_WAIT_TX.25249
                0x0000000000087cf3                vHnd_E_STATE_IDLE.25241
                0x0000000000087d57                vAHI_TimerEnable.part.1.23983.constprop.233
                0x0000000000087dc2                pinMode(unsigned char, mwx::L1::enum_wapper<PIN_MODE::eMWX_DIO_MODE, unsigned char>)
                0x0000000000087f38                bAHI_SetClockRate
                0x0000000000088043                bAES_CCM_DecodeKey
 .text.unlikely
                0x0000000000088100       0x54 C:\Users\sato\AppData\Local\Temp\cc9Mzq89.ltrans11.ltrans.o
                0x0000000000088100                u32AppQApiInitInt_PATCH
                0x000000000008810f                vAHI_MemoryHold.23880
 .text          0x0000000000088154      0xba2 C:\Users\sato\AppData\Local\Temp\cc9Mzq89.ltrans12.ltrans.o
                0x0000000000088154                vAHI_IntHandlerSpiMaster
                0x000000000008817a                vAHI_IntHandlerAnalogPeriph
                0x000000000008819a                vTTIBLETimerExpired
                0x00000000000881a5                _ZN3mwx2L120periph_pulse_counter10_on_wakeupEv.part.18.6433
                0x000000000008821b                u32AHI_DioWakeStatus
                0x000000000008822c                vAHI_DioWakeEdge
                0x000000000008824c                vAHI_DioSetPullup
                0x000000000008826c                vAHI_DioSetOutput
                0x0000000000088280                vAHI_DioSetDirection
                0x0000000000088294                vACI_CmdWaitBusy
                0x00000000000882f8                vACI_OptimisedCcmStar
                0x0000000000088510                vTAIdisableInterrupt
                0x0000000000088529                psRemove.part.0.22727
                0x0000000000088558                vMAC_MISCpollConfirm
                0x0000000000088589                MAC_u8AclFindInfo
                0x00000000000886b3                vTASretrieveSecurity
                0x00000000000886d5                MAC_bLookUpKeyDescriptor.20279
                0x000000000008874f                u8TSCframeIncrease
                0x0000000000088788                vTSCpostTransmitUpdate
                0x00000000000887b8                vCopyToDataFromMacAddr.20189
                0x00000000000887eb                bTSCgetOutgoingInfo
                0x00000000000888f4                vDoGoOff.19469
                0x000000000008890e                psTAQsearchFifo
                0x0000000000088957                bTAQremoveFromFifo
                0x0000000000088994                vTTITransactionTimerExpired
                0x00000000000889bd                vTAMinsertEvent
                0x0000000000088a23                vTTITimer2Expired
                0x0000000000088a27                vTTITimer1Expired
                0x0000000000088a2b                vTAM_TxRetryTimeout
                0x0000000000088a2f                vTACsetTxFrameDefaults
                0x0000000000088a55                u8TACgetHeaderSize
                0x0000000000088a92                bUpdateTime.18507
                0x0000000000088acd                vTACbuildBeacon
                0x0000000000088cd5                u32TACpayloadToU32M
 .text          0x0000000000088cf6      0x8de C:\Users\sato\AppData\Local\Temp\cc9Mzq89.ltrans13.ltrans.o
                0x0000000000088cf6                ToCoNet_vMain
 .text          0x00000000000895d4      0xa5a C:\Users\sato\AppData\Local\Temp\cc9Mzq89.ltrans14.ltrans.o
                0x00000000000895d4                mac_vLPBAdjustBeaconOffset
                0x0000000000089631                mac_u32LPBGetBeaconTimeout
                0x000000000008963a                eWEnDTmrExpiry.13168
                0x0000000000089645                eWEnDEdDone.13165
                0x00000000000896a0                eGenlDontCare.13162
                0x00000000000896a5                eGenlIllegal.12787
                0x00000000000896ac                u32GetTimer0
                0x00000000000896b3                vSetTimer0
                0x00000000000896c2                _out_fct.5644
                0x00000000000896d4                _out_null.5650
                0x00000000000896d7                vOutputStream.5515
                0x00000000000896e3                vHandlerPatch.4628
                0x000000000008971a                vTACu32ToPayloadM
                0x0000000000089732                bTACframeInProgress
                0x000000000008975c                bTACassessBeaconForPayload
                0x00000000000897ad                bIsBbcSafeForTx
                0x00000000000897e2                vTATwriteAclMaterialToHardware
                0x0000000000089807                vTATsetBLE
                0x000000000008983e                vTATgetFramePayload
                0x000000000008985b                eTATreadTXstatus
                0x00000000000898a1                vTAHsetPhyStateDirect.part.0.17648
                0x00000000000898bd                vMEMreturn
                0x000000000008992e                vTACinformOriginator
                0x0000000000089950                pvMEMget
                0x000000000008997c                vTAMDEdetermineNullState
                0x0000000000089996                vTAMCOupdatePendingList
                0x0000000000089a68                vTAMCOsetCoordinator
                0x0000000000089a8e                eScanHandleEvt.part.0.13198
                0x0000000000089ab7                mac_eDcfmIndPost
                0x0000000000089ad8                mac_psDcfmIndGetBuf
                0x0000000000089af9                vMLMErxEnableConfirm
                0x0000000000089b2b                vMLMEcommStatus
                0x0000000000089b8e                vMLMEcommStatusFromFrame
                0x0000000000089bd2                vMLMEsyncLoss
                0x0000000000089c05                vPMICpostFailedAssocDcfm
                0x0000000000089c3d                vPMICassocReqTO_2.11615
                0x0000000000089c54                MAC_vPibSetPanId
                0x0000000000089c6f                vHandleTofRequest.9721
                0x0000000000089c72                vAppApiDefSetPrbsSeed
                0x0000000000089c96                _ZN3mwx2L113serial_parserINS0_10alloc_heapIhEEEC1Ev.local.16
                0x0000000000089cb8                _ZN3mwx2L16twenetC1Ev.local.22
                0x0000000000089d4f                _ZN3mwx2L110serial_jenC1Eh.local.71
                0x0000000000089d7f                _ZN3mwx2L115periph_analogueC1Ev.local.89
                0x0000000000089daa                _ZN3mwx2L112appdefs_virt8on_eventEmRm.local.98
                0x0000000000089dc2                _ZN3mwx2L112appdefs_virt18cbToCoNet_vHwEventEmm.local.100
                0x0000000000089dda                _ZN3mwx2L112appdefs_virt18cbToCoNet_vTxEventERNS0_12packet_ev_txE.local.101
                0x0000000000089df2                _ZN3mwx2L112appdefs_virt19cbToCoNet_vNwkEventERNS0_13packet_ev_nwkE.local.103
                0x0000000000089e0a                s_div_by
                0x0000000000089e3b                u8CCITT8
                0x0000000000089e61                bAES_CCM_KeyReg
                0x0000000000089ea0                PRSEV_vSetState
                0x0000000000089eb0                PRSEV_vProcessEv_core.3484
                0x0000000000089f52                PRSEV_vProcessEvPost
                0x0000000000089f84                bFifoPush.3225
                0x0000000000089fbd                vAppQApiPostMlme.3211
                0x0000000000089fdc                vAppQApiPostMcps.3218
                0x0000000000089ff7                pvFifoPull.3222
                0x000000000008a01e                psAppQApiGetMlmeBuffer.3208
                0x000000000008a026                psAppQApiGetMcpsBuffer.3215
 .text.unlikely
                0x000000000008a02e       0x65 C:\Users\sato\AppData\Local\Temp\cc9Mzq89.ltrans14.ltrans.o
                0x000000000008a02e                _ZN3mwx2L112appdefs_virt18cbToCoNet_vRxEventERNS0_9packet_rxE.local.102
                0x000000000008a046                PRSEV_u8Register
                0x000000000008a084                _PRSEV_vProcessEvSingleH
 .text          0x000000000008a093      0x6ff C:\Users\sato\AppData\Local\Temp\cc9Mzq89.ltrans15.ltrans.o
                0x000000000008a093                UART_vHandleUartInterrupt.4755
                0x000000000008a11a                vXCV_IntHandlerBbc
                0x000000000008a1bd                vTAIsetRxEnableTime
                0x000000000008a1de                _ZN3mwx2L115periph_analogue5setupEbhPFvvE.local.88.constprop.155
                0x000000000008a278                _ZL5delaym.1877
                0x000000000008a33b                bAHI_ReadMACID
                0x000000000008a381                vTAMRXEsetPhy
                0x000000000008a444                vTAHsetPhyState
                0x000000000008a474                vTAMCOint2Fired
                0x000000000008a494                vSetPHYfromMacValue.16305
                0x000000000008a4c6                vTAMDEint1FiredWaitDR
                0x000000000008a4d3                vTACsetPHYfromMacValue
                0x000000000008a4f4                vTAMRXEsetReceiveForPibChange
                0x000000000008a534                vMLMEbeaconNotify
                0x000000000008a692                vMCPSframeReceived
                0x000000000008a755                _ZN3mwx2L114periph_twowireC1Eh.local.40
 .text.unlikely
                0x000000000008a792      0x181 C:\Users\sato\AppData\Local\Temp\cc9Mzq89.ltrans15.ltrans.o
                0x000000000008a80b                bStartXtal32k.23787
 .text          0x000000000008a913      0x9e6 C:\Users\sato\AppData\Local\Temp\cc9Mzq89.ltrans16.ltrans.o
                0x000000000008a913                TSV_eStart
                0x000000000008a9f7                vTAMDEstartSync
                0x000000000008aa75                vDeterminePowerState.16429
                0x000000000008aaf8                vTAM_TxRetryTimer
                0x000000000008ab04                eTAStransmitRequest
                0x000000000008ae9f                vPMICassocReqTO_1.11608
                0x000000000008af27                vTAM_MCPSdataRequest
                0x000000000008af6a                bTACcheckPANconflict
                0x000000000008b023                TSV_eOpen
                0x000000000008b02b                vAppApiDefRestoreMacSettings
                0x000000000008b112                vAppApiDefSaveMacSettings
                0x000000000008b16f                mac_vLPBSleep
                0x000000000008b22d                pvAppApiDefGetMacAddrLocation
                0x000000000008b236                eAppApiDefPlmeGet
                0x000000000008b288                eAppApiDefPlmeSet
 *fill*         0x000000000008b2f9        0x3 00
 .text          0x000000000008b2fc      0x780 C:\Users\sato\AppData\Local\Temp\cc9Mzq89.ltrans17.ltrans.o
                0x000000000008b2fc                eGenTmrExpiry.13480
                0x000000000008b33e                eWEDTEdDone.13483
                0x000000000008b362                TSV_eStop
                0x000000000008b420                bPMICdisassocReqSent.11604
                0x000000000008b4da                MAC_vHandleMcpsReqRsp
                0x000000000008b567                bMCPSframeTXcomplete.14215
                0x000000000008b5bc                bSendSyncLoss.18442
                0x000000000008b5d4                bPollReqSent.22038
                0x000000000008b5ec                bTASsendCommStatusInd
                0x000000000008b601                bAssocRespSent.11600
                0x000000000008b614                eTACprocessFrameTXcomplete
                0x000000000008b791                vTAMCOframeTXnobeacon
                0x000000000008b7a6                vTAMCOframeStarting
                0x000000000008b7bf                vTAMDEframeTXDEnull
                0x000000000008b7e2                vTAMDEframeTXtrackingCAPgts
                0x000000000008b80e                bPMICassocReqSent.11596
                0x000000000008b890                bPMICassocReqPollSent.11611
                0x000000000008b8e4                eWChCChanChgd.13195
 .text          0x000000000008ba7c      0x3ec C:\Users\sato\AppData\Local\Temp\cc9Mzq89.ltrans18.ltrans.o
                0x000000000008bac7                SERIAL_bTxChar
                0x000000000008bb78                TWETERM_iPutS.25615
                0x000000000008bb9d                TWETERM_iPutC.25619
                0x000000000008bbae                TWETERM_vFlush.25592
                0x000000000008bc2c                eGenRxHdrDone.13178
                0x000000000008bc3c                vTimerConfig
                0x000000000008be0b                _ZN3mwx2L112periph_timer6_startEv.part.8.6415
                0x000000000008be32                _ZN3mwx2L112periph_timer10_on_wakeupEv.local.95
                0x000000000008be55                _ZN3mwx2L110serial_jen5writeEi.local.110.constprop.242
 .text          0x000000000008be68      0x523 C:\Users\sato\AppData\Local\Temp\cc9Mzq89.ltrans19.ltrans.o
                0x000000000008be68                vAppApiDefMcpsRequest
                0x000000000008be93                vHnd_E_STATE_PREPARE_TX.25236
 .text          0x000000000008c38b       0x25 c:/users/sato/documents/mwstage-2022-08_win10-1/mwstage/tools/ba-elf-ba2-r36379.w10/bin/../lib/gcc/ba-elf/4.7.4/../../../../ba-elf/lib/mcpu_jn51xx_sizeopt\libc.a(lib_a-memcmp.o)
                0x000000000008c38b                memcmp
 .text          0x000000000008c3b0       0x39 c:/users/sato/documents/mwstage-2022-08_win10-1/mwstage/tools/ba-elf-ba2-r36379.w10/bin/../lib/gcc/ba-elf/4.7.4/mcpu_jn51xx_sizeopt\libgcc.a(_fixunsdfsi.o)
                0x000000000008c3b0                __fixunsdfsi
 .text          0x000000000008c3e9      0x350 c:/users/sato/documents/mwstage-2022-08_win10-1/mwstage/tools/ba-elf-ba2-r36379.w10/bin/../lib/gcc/ba-elf/4.7.4/mcpu_jn51xx_sizeopt\libgcc.a(_udivdi3.o)
                0x000000000008c3e9                __udivdi3
 .text          0x000000000008c739      0x312 c:/users/sato/documents/mwstage-2022-08_win10-1/mwstage/tools/ba-elf-ba2-r36379.w10/bin/../lib/gcc/ba-elf/4.7.4/mcpu_jn51xx_sizeopt\libgcc.a(_umoddi3.o)
                0x000000000008c739                __umoddi3
 .text          0x000000000008ca4b       0x27 C:/Users/sato/Documents/MWSTAGE-2022-08_win10-1/MWSTAGE/MWSDK/ChipLib/SW4063V1416/Components/Library\libHardwareApi_JN5169.a(AHI_Interrupt.o)
                0x000000000008ca4b                vAHI_InterruptSetPriority
                0x000000000008ca69                vAHI_InterruptSetActivePriorityLevel
 .text.vMicroSyscall
                0x000000000008ca72       0x17 C:/Users/sato/Documents/MWSTAGE-2022-08_win10-1/MWSTAGE/MWSDK/ChipLib/SW4063V1416/Components/Library\libMicroSpecific_JN516x.a(MicroSyscall_ba.o)
                0x000000000008ca72                vMicroSyscall
 .text          0x000000000008ca89       0x12 c:/users/sato/documents/mwstage-2022-08_win10-1/mwstage/tools/ba-elf-ba2-r36379.w10/bin/../lib/gcc/ba-elf/4.7.4/../../../../ba-elf/lib/mcpu_jn51xx_sizeopt\libc.a(lib_a-memset.o)
                0x000000000008ca89                memset
 .text          0x000000000008ca9b       0x84 c:/users/sato/documents/mwstage-2022-08_win10-1/mwstage/tools/ba-elf-ba2-r36379.w10/bin/../lib/gcc/ba-elf/4.7.4/../../../../ba-elf/lib/mcpu_jn51xx_sizeopt\libc.a(lib_a-sprintf.o)
                0x000000000008ca9b                _sprintf_r
                0x000000000008cad9                sprintf
 .text          0x000000000008cb1f       0x25 c:/users/sato/documents/mwstage-2022-08_win10-1/mwstage/tools/ba-elf-ba2-r36379.w10/bin/../lib/gcc/ba-elf/4.7.4/../../../../ba-elf/lib/mcpu_jn51xx_sizeopt\libc.a(lib_a-strcmp.o)
                0x000000000008cb1f                strcmp
 .text          0x000000000008cb44     0x10e4 c:/users/sato/documents/mwstage-2022-08_win10-1/mwstage/tools/ba-elf-ba2-r36379.w10/bin/../lib/gcc/ba-elf/4.7.4/../../../../ba-elf/lib/mcpu_jn51xx_sizeopt\libc.a(lib_a-svfprintf.o)
                0x000000000008cb44                _svfprintf_r
 .text          0x000000000008dc28      0xd83 c:/users/sato/documents/mwstage-2022-08_win10-1/mwstage/tools/ba-elf-ba2-r36379.w10/bin/../lib/gcc/ba-elf/4.7.4/../../../../ba-elf/lib/mcpu_jn51xx_sizeopt\libc.a(lib_a-dtoa.o)
                0x000000000008dd73                _dtoa_r
 .text          0x000000000008e9ab       0x86 c:/users/sato/documents/mwstage-2022-08_win10-1/mwstage/tools/ba-elf-ba2-r36379.w10/bin/../lib/gcc/ba-elf/4.7.4/../../../../ba-elf/lib/mcpu_jn51xx_sizeopt\libc.a(lib_a-locale.o)
                0x000000000008e9ab                _setlocale_r
                0x000000000008e9f1                __locale_charset
                0x000000000008e9fa                __locale_mb_cur_max
                0x000000000008ea03                __locale_msgcharset
                0x000000000008ea0c                __locale_cjk_lang
                0x000000000008ea11                _localeconv_r
                0x000000000008ea1a                setlocale
                0x000000000008ea28                localeconv
 .text          0x000000000008ea31      0x4ba c:/users/sato/documents/mwstage-2022-08_win10-1/mwstage/tools/ba-elf-ba2-r36379.w10/bin/../lib/gcc/ba-elf/4.7.4/../../../../ba-elf/lib/mcpu_jn51xx_sizeopt\libc.a(lib_a-mallocr.o)
                0x000000000008ea31                _malloc_r
 .text          0x000000000008eeeb       0x19 c:/users/sato/documents/mwstage-2022-08_win10-1/mwstage/tools/ba-elf-ba2-r36379.w10/bin/../lib/gcc/ba-elf/4.7.4/../../../../ba-elf/lib/mcpu_jn51xx_sizeopt\libc.a(lib_a-memchr.o)
                0x000000000008eeeb                memchr
 .text          0x000000000008ef04       0x19 c:/users/sato/documents/mwstage-2022-08_win10-1/mwstage/tools/ba-elf-ba2-r36379.w10/bin/../lib/gcc/ba-elf/4.7.4/../../../../ba-elf/lib/mcpu_jn51xx_sizeopt\libc.a(lib_a-memcpy.o)
 .text          0x000000000008ef1d        0x6 c:/users/sato/documents/mwstage-2022-08_win10-1/mwstage/tools/ba-elf-ba2-r36379.w10/bin/../lib/gcc/ba-elf/4.7.4/../../../../ba-elf/lib/mcpu_jn51xx_sizeopt\libc.a(lib_a-mlock.o)
                0x000000000008ef1d                __malloc_lock
                0x000000000008ef20                __malloc_unlock
 .text          0x000000000008ef23      0x8bb c:/users/sato/documents/mwstage-2022-08_win10-1/mwstage/tools/ba-elf-ba2-r36379.w10/bin/../lib/gcc/ba-elf/4.7.4/../../../../ba-elf/lib/mcpu_jn51xx_sizeopt\libc.a(lib_a-mprec.o)
                0x000000000008ef23                _Balloc
                0x000000000008ef7b                _Bfree
                0x000000000008ef95                __multadd
                0x000000000008f022                __s2b
                0x000000000008f0af                __hi0bits
                0x000000000008f104                __lo0bits
                0x000000000008f17d                __i2b
                0x000000000008f192                __multiply
                0x000000000008f2d3                __pow5mult
                0x000000000008f352                __lshift
                0x000000000008f406                __mcmp
                0x000000000008f445                __mdiff
                0x000000000008f527                __ulp
                0x000000000008f56b                __b2d
                0x000000000008f60e                __d2b
                0x000000000008f6cd                __ratio
                0x000000000008f71d                _mprec_log10
                0x000000000008f751                __copybits
                0x000000000008f78a                __any_on
 .text          0x000000000008f7de       0x23 c:/users/sato/documents/mwstage-2022-08_win10-1/mwstage/tools/ba-elf-ba2-r36379.w10/bin/../lib/gcc/ba-elf/4.7.4/../../../../ba-elf/lib/mcpu_jn51xx_sizeopt\libc.a(lib_a-sbrkr.o)
                0x000000000008f7de                _sbrk_r
 .text          0x000000000008f801       0x5c c:/users/sato/documents/mwstage-2022-08_win10-1/mwstage/tools/ba-elf-ba2-r36379.w10/bin/../lib/gcc/ba-elf/4.7.4/../../../../ba-elf/lib/mcpu_jn51xx_sizeopt\libc.a(lib_a-s_fpclassify.o)
                0x000000000008f801                __fpclassifyd
 .text          0x000000000008f85d       0x12 c:/users/sato/documents/mwstage-2022-08_win10-1/mwstage/tools/ba-elf-ba2-r36379.w10/bin/../lib/gcc/ba-elf/4.7.4/../../../../ba-elf/lib/mcpu_jn51xx_sizeopt\libc.a(lib_a-strlen.o)
                0x000000000008f85d                strlen
 .text          0x000000000008f86f      0x8f1 c:/users/sato/documents/mwstage-2022-08_win10-1/mwstage/tools/ba-elf-ba2-r36379.w10/bin/../lib/gcc/ba-elf/4.7.4/../../../../ba-elf/lib/mcpu_jn51xx_sizeopt\libc.a(lib_a-svfiprintf.o)
                0x000000000008f86f                __ssprint_r
                0x000000000008f993                _svfiprintf_r
 .text          0x0000000000090160       0x64 c:/users/sato/documents/mwstage-2022-08_win10-1/mwstage/tools/ba-elf-ba2-r36379.w10/bin/../lib/gcc/ba-elf/4.7.4/../../../../ba-elf/lib/mcpu_jn51xx_sizeopt\libc.a(lib_a-callocr.o)
                0x0000000000090160                _calloc_r
 .text          0x00000000000901c4      0x271 c:/users/sato/documents/mwstage-2022-08_win10-1/mwstage/tools/ba-elf-ba2-r36379.w10/bin/../lib/gcc/ba-elf/4.7.4/../../../../ba-elf/lib/mcpu_jn51xx_sizeopt\libc.a(lib_a-freer.o)
                0x00000000000901c4                _malloc_trim_r
                0x0000000000090278                _free_r
 .text          0x0000000000090435      0x1d0 c:/users/sato/documents/mwstage-2022-08_win10-1/mwstage/tools/ba-elf-ba2-r36379.w10/bin/../lib/gcc/ba-elf/4.7.4/../../../../ba-elf/lib/mcpu_jn51xx_sizeopt\libc.a(lib_a-glue.o)
                0x0000000000090435                _read
                0x000000000009044f                _write
                0x0000000000090469                _open
                0x0000000000090483                _close
                0x000000000009049d                _isatty
                0x00000000000904b8                _lseek
                0x00000000000904d3                _fstat
                0x00000000000904ee                _times
                0x0000000000090509                _time
                0x0000000000090524                _creat
                0x000000000009053f                _link
                0x000000000009055a                _unlink
                0x0000000000090575                _fork
                0x000000000009058f                isatty
                0x0000000000090591                __unlink
                0x0000000000090593                _exit
                0x0000000000090597                _kill
                0x000000000009059b                _getpid
                0x00000000000905a0                _sbrk
 .text          0x0000000000090605       0x44 c:/users/sato/documents/mwstage-2022-08_win10-1/mwstage/tools/ba-elf-ba2-r36379.w10/bin/../lib/gcc/ba-elf/4.7.4/../../../../ba-elf/lib/mcpu_jn51xx_sizeopt\libc.a(lib_a-memmove.o)
                0x0000000000090605                memmove
 .text          0x0000000000090649      0x33c c:/users/sato/documents/mwstage-2022-08_win10-1/mwstage/tools/ba-elf-ba2-r36379.w10/bin/../lib/gcc/ba-elf/4.7.4/../../../../ba-elf/lib/mcpu_jn51xx_sizeopt\libc.a(lib_a-reallocr.o)
                0x0000000000090649                _realloc_r
 .text          0x0000000000090985        0x9 c:/users/sato/documents/mwstage-2022-08_win10-1/mwstage/tools/ba-elf-ba2-r36379.w10/bin/../lib/gcc/ba-elf/4.7.4/../../../../ba-elf/lib/mcpu_jn51xx_sizeopt\libc.a(lib_a-errno.o)
                0x0000000000090985                __errno
 *fill*         0x000000000009098e        0x2 00
 .text          0x0000000000090990      0x204 c:/users/sato/documents/mwstage-2022-08_win10-1/mwstage/tools/ba-elf-ba2-r36379.w10/bin/../lib/gcc/ba-elf/4.7.4/mcpu_jn51xx_sizeopt\libgcc.a(__udivsi3.o)
                0x0000000000090990                __udivsi3
 .text          0x0000000000090b94       0x30 c:/users/sato/documents/mwstage-2022-08_win10-1/mwstage/tools/ba-elf-ba2-r36379.w10/bin/../lib/gcc/ba-elf/4.7.4/mcpu_jn51xx_sizeopt\libgcc.a(__divsi3.o)
                0x0000000000090b94                __divsi3
 .text          0x0000000000090bc4      0x1b0 c:/users/sato/documents/mwstage-2022-08_win10-1/mwstage/tools/ba-elf-ba2-r36379.w10/bin/../lib/gcc/ba-elf/4.7.4/mcpu_jn51xx_sizeopt\libgcc.a(__umodsi3.o)
                0x0000000000090bc4                __umodsi3
 .text          0x0000000000090d74       0x24 c:/users/sato/documents/mwstage-2022-08_win10-1/mwstage/tools/ba-elf-ba2-r36379.w10/bin/../lib/gcc/ba-elf/4.7.4/mcpu_jn51xx_sizeopt\libgcc.a(__modsi3.o)
                0x0000000000090d74                __modsi3
 .text          0x0000000000090d98      0x682 c:/users/sato/documents/mwstage-2022-08_win10-1/mwstage/tools/ba-elf-ba2-r36379.w10/bin/../lib/gcc/ba-elf/4.7.4/mcpu_jn51xx_sizeopt\libgcc.a(adddf3.o)
                0x0000000000090d98                __adddf3
 *fill*         0x000000000009141a        0x2 00
 .text          0x000000000009141c      0x5c8 c:/users/sato/documents/mwstage-2022-08_win10-1/mwstage/tools/ba-elf-ba2-r36379.w10/bin/../lib/gcc/ba-elf/4.7.4/mcpu_jn51xx_sizeopt\libgcc.a(divdf3.o)
                0x000000000009141c                __divdf3
 .text          0x00000000000919e4       0x7f c:/users/sato/documents/mwstage-2022-08_win10-1/mwstage/tools/ba-elf-ba2-r36379.w10/bin/../lib/gcc/ba-elf/4.7.4/mcpu_jn51xx_sizeopt\libgcc.a(eqdf2.o)
                0x00000000000919e4                __nedf2
                0x00000000000919e4                __eqdf2
 .text          0x0000000000091a63       0xca c:/users/sato/documents/mwstage-2022-08_win10-1/mwstage/tools/ba-elf-ba2-r36379.w10/bin/../lib/gcc/ba-elf/4.7.4/mcpu_jn51xx_sizeopt\libgcc.a(gedf2.o)
                0x0000000000091a63                __gedf2
                0x0000000000091a63                __gtdf2
 .text          0x0000000000091b2d       0xcb c:/users/sato/documents/mwstage-2022-08_win10-1/mwstage/tools/ba-elf-ba2-r36379.w10/bin/../lib/gcc/ba-elf/4.7.4/mcpu_jn51xx_sizeopt\libgcc.a(ledf2.o)
                0x0000000000091b2d                __ledf2
                0x0000000000091b2d                __ltdf2
 .text          0x0000000000091bf8      0x488 c:/users/sato/documents/mwstage-2022-08_win10-1/mwstage/tools/ba-elf-ba2-r36379.w10/bin/../lib/gcc/ba-elf/4.7.4/mcpu_jn51xx_sizeopt\libgcc.a(muldf3.o)
                0x0000000000091bf8                __muldf3
 .text          0x0000000000092080      0x693 c:/users/sato/documents/mwstage-2022-08_win10-1/mwstage/tools/ba-elf-ba2-r36379.w10/bin/../lib/gcc/ba-elf/4.7.4/mcpu_jn51xx_sizeopt\libgcc.a(subdf3.o)
                0x0000000000092080                __subdf3
 .text          0x0000000000092713       0x64 c:/users/sato/documents/mwstage-2022-08_win10-1/mwstage/tools/ba-elf-ba2-r36379.w10/bin/../lib/gcc/ba-elf/4.7.4/mcpu_jn51xx_sizeopt\libgcc.a(fixdfsi.o)
                0x0000000000092713                __fixdfsi
 .text          0x0000000000092777       0x61 c:/users/sato/documents/mwstage-2022-08_win10-1/mwstage/tools/ba-elf-ba2-r36379.w10/bin/../lib/gcc/ba-elf/4.7.4/mcpu_jn51xx_sizeopt\libgcc.a(floatsidf.o)
                0x0000000000092777                __floatsidf
 .text          0x00000000000927d8       0x4f c:/users/sato/documents/mwstage-2022-08_win10-1/mwstage/tools/ba-elf-ba2-r36379.w10/bin/../lib/gcc/ba-elf/4.7.4/mcpu_jn51xx_sizeopt\libgcc.a(floatunsidf.o)
                0x00000000000927d8                __floatunsidf
                0x0000000000092827                _flash_end = ABSOLUTE (.)

.rela.dyn       0x0000000000092828        0x0
 .rela.text     0x0000000000000000        0x0 c:/users/sato/documents/mwstage-2022-08_win10-1/mwstage/tools/ba-elf-ba2-r36379.w10/bin/../lib/gcc/ba-elf/4.7.4/../../../../ba-elf/lib/mcpu_jn51xx_sizeopt\libc.a(lib_a-sprintf.o)
 .rela.rodata   0x0000000000000000        0x0 c:/users/sato/documents/mwstage-2022-08_win10-1/mwstage/tools/ba-elf-ba2-r36379.w10/bin/../lib/gcc/ba-elf/4.7.4/../../../../ba-elf/lib/mcpu_jn51xx_sizeopt\libc.a(lib_a-sprintf.o)
 .rela.data     0x0000000000000000        0x0 c:/users/sato/documents/mwstage-2022-08_win10-1/mwstage/tools/ba-elf-ba2-r36379.w10/bin/../lib/gcc/ba-elf/4.7.4/../../../../ba-elf/lib/mcpu_jn51xx_sizeopt\libc.a(lib_a-sprintf.o)
 .rela.text.unlikely
                0x0000000000000000        0x0 c:/users/sato/documents/mwstage-2022-08_win10-1/mwstage/tools/ba-elf-ba2-r36379.w10/bin/../lib/gcc/ba-elf/4.7.4/../../../../ba-elf/lib/mcpu_jn51xx_sizeopt\libc.a(lib_a-sprintf.o)
                0x000000000400004c                . = ORIGIN (ram)

.data           0x000000000400004c      0x8d0 load address 0x0000000000092828
                0x000000000400004c                _ram_data_start = ABSOLUTE (.)
 *(.data*)
 .data          0x000000000400004c        0x8 C:\Users\sato\AppData\Local\Temp\cc9Mzq89.ltrans1.ltrans.o
                0x000000000400004c                u32HeapStart
 .data          0x0000000004000054        0x1 C:\Users\sato\AppData\Local\Temp\cc9Mzq89.ltrans3.ltrans.o
                0x0000000004000054                _mwx_periph_u8_grain_gpio
 .data          0x0000000004000055        0x1 C:\Users\sato\AppData\Local\Temp\cc9Mzq89.ltrans4.ltrans.o
                0x0000000004000055                _toconet_tx_u8_init_queue_flag
 .data          0x0000000004000056        0x1 C:\Users\sato\AppData\Local\Temp\cc9Mzq89.ltrans9.ltrans.o
 .data.initinboot
                0x0000000004000057        0x1 C:\Users\sato\AppData\Local\Temp\cc9Mzq89.ltrans9.ltrans.o
                0x0000000004000057                gMAC_u8MaxBuffers
 .data          0x0000000004000058        0x2 C:\Users\sato\AppData\Local\Temp\cc9Mzq89.ltrans13.ltrans.o
 .data          0x000000000400005a        0x1 C:\Users\sato\AppData\Local\Temp\cc9Mzq89.ltrans19.ltrans.o
                0x000000000400005a                u8TxWkrNow.25359
 *fill*         0x000000000400005b        0x5 00
 .data          0x0000000004000060      0x430 c:/users/sato/documents/mwstage-2022-08_win10-1/mwstage/tools/ba-elf-ba2-r36379.w10/bin/../lib/gcc/ba-elf/4.7.4/../../../../ba-elf/lib/mcpu_jn51xx_sizeopt\libc.a(lib_a-impure.o)
                0x0000000004000060                _impure_ptr
 .data          0x0000000004000490       0x7c c:/users/sato/documents/mwstage-2022-08_win10-1/mwstage/tools/ba-elf-ba2-r36379.w10/bin/../lib/gcc/ba-elf/4.7.4/../../../../ba-elf/lib/mcpu_jn51xx_sizeopt\libc.a(lib_a-locale.o)
                0x0000000004000490                __mb_cur_max
 .data          0x000000000400050c      0x410 c:/users/sato/documents/mwstage-2022-08_win10-1/mwstage/tools/ba-elf-ba2-r36379.w10/bin/../lib/gcc/ba-elf/4.7.4/../../../../ba-elf/lib/mcpu_jn51xx_sizeopt\libc.a(lib_a-mallocr.o)
                0x000000000400050c                __malloc_sbrk_base
                0x0000000004000510                __malloc_trim_threshold
                0x0000000004000514                __malloc_av_
 *(.data.*)
                0x000000000400091c                . = ALIGN (0x4)
                0x000000000400091c                _ram_data_end = ABSOLUTE (.)

.bss            0x000000000400091c     0x1638 load address 0x00000000000930f8
                0x000000000400091c                _bss_start = ABSOLUTE (.)
 *(.bss*)
 .bss           0x000000000400091c       0x40 C:\Users\sato\AppData\Local\Temp\cc9Mzq89.ltrans0.ltrans.o
                0x000000000400091c                g_sLP
                0x0000000004000958                g_pvMac
 .bss.initinboot
                0x000000000400095c      0x1c0 C:\Users\sato\AppData\Local\Temp\cc9Mzq89.ltrans0.ltrans.o
                0x000000000400095c                g_sMac
 .bss           0x0000000004000b1c        0x8 C:\Users\sato\AppData\Local\Temp\cc9Mzq89.ltrans1.ltrans.o
 .bss.dontinitinboot
                0x0000000004000b24        0x4 C:\Users\sato\AppData\Local\Temp\cc9Mzq89.ltrans1.ltrans.o
 .bss           0x0000000004000b28      0x290 C:\Users\sato\AppData\Local\Temp\cc9Mzq89.ltrans2.ltrans.o
                0x0000000004000b28                u8AppId_Pkt_head.4501
                0x0000000004000b2c                u32AppId.4498
                0x0000000004000b30                u32MyAddr.4500
                0x0000000004000b34                bRxQueue_Init.4499
                0x0000000004000b38                psRxQueueList.4497
                0x0000000004000b4c                asEventHandler.3551
                0x0000000004000bec                sEvVars
                0x0000000004000c08                u32TickCount_ms
                0x0000000004000c0c                au8Txdatabuff_idx_sTxQueue
                0x0000000004000c10                u8TxBuffSiz_sTxQueue
                0x0000000004000c14                sTxdatabuff_sTxQueue
                0x0000000004000c18                sTxQueue
                0x0000000004000c34                au8Rxdatabuff_idx_sRxQueue
                0x0000000004000c38                u8RxBuffSiz_sRxQueue
                0x0000000004000c3c                sRxdatabuff_sRxQueue
                0x0000000004000c40                sRxQueue
                0x0000000004000c5c                au8Rxdatabuff_idx_sRxQueueCmd
                0x0000000004000c60                u8RxBuffSiz_sRxQueueCmd
                0x0000000004000c64                sRxdatabuff_sRxQueueCmd
                0x0000000004000c68                sRxQueueCmd.2613
                0x0000000004000c84                sContext.4622
                0x0000000004000cb0                the_twelite
                0x0000000004000d48                TWENET_u8RFdevice_minor.3922
                0x0000000004000d49                TWENET_u8RFdevice_major.3921
                0x0000000004000d4a                _TWENET_TX_POWER_MAX
                0x0000000004000d4c                sToCoNet_Modules
 .bss           0x0000000004000db8      0x10c C:\Users\sato\AppData\Local\Temp\cc9Mzq89.ltrans3.ltrans.o
                0x0000000004000db8                lcd_control
                0x0000000004000dbc                the_mac
                0x0000000004000dd8                Timer4
                0x0000000004000de0                Timer3
                0x0000000004000de8                Timer2
                0x0000000004000df0                Timer1
                0x0000000004000df8                Timer0
                0x0000000004000e00                Analogue
                0x0000000004000e18                SPI
                0x0000000004000e1c                Wire
                0x0000000004000e34                SerialParser
                0x0000000004000e70                Serial1
                0x0000000004000e90                Serial
                0x0000000004000eb0                Buttons
                0x0000000004000eb8                PulseCounter1
                0x0000000004000ebc                PulseCounter0
 .bss           0x0000000004000ec4      0x618 C:\Users\sato\AppData\Local\Temp\cc9Mzq89.ltrans4.ltrans.o
 .bss           0x00000000040014dc       0x64 C:\Users\sato\AppData\Local\Temp\cc9Mzq89.ltrans5.ltrans.o
                0x00000000040014dc                prUart1AppCallback.24423
                0x00000000040014e0                prUart0AppCallback.24422
                0x00000000040014e4                sOpt.4804
                0x00000000040014f4                _psSerial
 .bss           0x0000000004001540        0x8 C:\Users\sato\AppData\Local\Temp\cc9Mzq89.ltrans7.ltrans.o
                0x0000000004001540                prAppHwCallback.3449
                0x0000000004001544                TxWorker_u8Num.25316
 .bss           0x0000000004001548       0x90 C:\Users\sato\AppData\Local\Temp\cc9Mzq89.ltrans8.ltrans.o
                0x0000000004001548                _ZL5_vcbs.7211
                0x000000000400155c                sToCoNet_AppContext
                0x0000000004001578                sToCoNet_Context
                0x00000000040015c0                sAssocSecurity.12225
                0x00000000040015cc                g_bJenieBackwardsCompatibilityMode
 .bss           0x00000000040015d8       0x24 C:\Users\sato\AppData\Local\Temp\cc9Mzq89.ltrans9.ltrans.o
                0x00000000040015d8                i8TxPower.15015
                0x00000000040015dc                g_sXcv
                0x00000000040015e0                prMcpsRequest.8609
                0x00000000040015e4                prMlmeRequest.8608
                0x00000000040015e8                prOriginalHandler.4632
 .bss.initinboot
                0x00000000040015fc        0x8 C:\Users\sato\AppData\Local\Temp\cc9Mzq89.ltrans9.ltrans.o
                0x00000000040015fc                g_u32MacAddrLocation
                0x0000000004001600                prvUserTxStartedCallback
 .bss.dontinitinboot
                0x0000000004001604        0x1 C:\Users\sato\AppData\Local\Temp\cc9Mzq89.ltrans10.ltrans.o
                0x0000000004001604                u8SecurityMode.21505
 *fill*         0x0000000004001605        0x3 00
 .bss           0x0000000004001608      0x730 C:\Users\sato\AppData\Local\Temp\cc9Mzq89.ltrans11.ltrans.o
                0x0000000004001608                prSpiAppCallback.23751
                0x000000000400160c                prSiAppCallback.24986
                0x0000000004001610                prAppMcpsCallback.3447
                0x0000000004001614                prAppMlmeCallback.3448
 .bss.initinboot
                0x0000000004001d38        0x4 C:\Users\sato\AppData\Local\Temp\cc9Mzq89.ltrans11.ltrans.o
                0x0000000004001d38                prSysCtrlAppCallback.23959
 .bss           0x0000000004001d3c        0x1 C:\Users\sato\AppData\Local\Temp\cc9Mzq89.ltrans12.ltrans.o
                0x0000000004001d3c                u8TAM_TxStatusOverride
 *fill*         0x0000000004001d3d        0x3 00
 .bss           0x0000000004001d40       0x8c C:\Users\sato\AppData\Local\Temp\cc9Mzq89.ltrans13.ltrans.o
                0x0000000004001d40                sMcpsIndQueue.3443
                0x0000000004001d50                sMcpsIndBufferQueue.3441
                0x0000000004001d60                sMlmeIndQueue.3444
                0x0000000004001d70                sMlmeIndBufferQueue.3442
                0x0000000004001d80                sHwIndQueue.3445
                0x0000000004001d90                sHwIndBufferQueue.3446
                0x0000000004001da0                _u32_INT_adc_comp
                0x0000000004001da4                _u32_INT_ticktimer
                0x0000000004001da8                the_vsettings
                0x0000000004001dac                _periph_availmap
 .bss           0x0000000004001dcc       0x18 C:\Users\sato\AppData\Local\Temp\cc9Mzq89.ltrans14.ltrans.o
 .bss           0x0000000004001de4       0x24 C:\Users\sato\AppData\Local\Temp\cc9Mzq89.ltrans15.ltrans.o
                0x0000000004001de4                bTxEventQueued.19337
                0x0000000004001de5                u8TxEventStatus.19338
                0x0000000004001de6                gbTimeOutFlag.23955
                0x0000000004001de8                sAppHousekeeping
                0x0000000004001e00                prApAppCallback.23517
                0x0000000004001e04                bIntEnableFlag.23514
 .bss           0x0000000004001e08       0x1c C:\Users\sato\AppData\Local\Temp\cc9Mzq89.ltrans16.ltrans.o
 .bss.initinboot
                0x0000000004001e24        0x1 C:\Users\sato\AppData\Local\Temp\cc9Mzq89.ltrans16.ltrans.o
 *fill*         0x0000000004001e25        0x3 00
 .bss           0x0000000004001e28       0x14 C:\Users\sato\AppData\Local\Temp\cc9Mzq89.ltrans17.ltrans.o
                0x0000000004001e28                s_sTimerList
                0x0000000004001e38                u8AssocResponsesInProgress.12224
 .bss           0x0000000004001e3c       0x80 C:\Users\sato\AppData\Local\Temp\cc9Mzq89.ltrans18.ltrans.o
                0x0000000004001e3c                asUARTS.4797
                0x0000000004001e5c                _SERIAL_bmTxIntEnabled
                0x0000000004001e60                asSerialPorts
                0x0000000004001e98                apfTimerAppCallback.24168
                0x0000000004001eac                prTickTimeAppCallback
                0x0000000004001eb0                au16TimerSettings.24117
 .bss           0x0000000004001ebc       0x1c C:\Users\sato\AppData\Local\Temp\cc9Mzq89.ltrans19.ltrans.o
                0x0000000004001ebc                sCh_Context.3081
                0x0000000004001ec0                the_vhw
                0x0000000004001ec4                the_vnet2
                0x0000000004001ec8                the_vnet
                0x0000000004001ecc                the_vapp
                0x0000000004001ed0                asTx.25315
 .bss.dontinitinboot
                0x0000000004001ed8       0x40 C:/Users/sato/Documents/MWSTAGE-2022-08_win10-1/MWSTAGE/MWSDK/ChipLib/SW4063V1416/Components/Library\libBoot_JN516x.a(ExceptionHandler.o)
                0x0000000004001ed8                isr_handlers
 .bss           0x0000000004001f18       0x34 c:/users/sato/documents/mwstage-2022-08_win10-1/mwstage/tools/ba-elf-ba2-r36379.w10/bin/../lib/gcc/ba-elf/4.7.4/../../../../ba-elf/lib/mcpu_jn51xx_sizeopt\libc.a(lib_a-mallocr.o)
                0x0000000004001f18                __malloc_current_mallinfo
                0x0000000004001f40                __malloc_max_total_mem
                0x0000000004001f44                __malloc_max_sbrked_mem
                0x0000000004001f48                __malloc_top_pad
 .bss           0x0000000004001f4c        0x4 c:/users/sato/documents/mwstage-2022-08_win10-1/mwstage/tools/ba-elf-ba2-r36379.w10/bin/../lib/gcc/ba-elf/4.7.4/../../../../ba-elf/lib/mcpu_jn51xx_sizeopt\libc.a(lib_a-glue.o)
 *(.bss.*)
 *(.scommon*)
 .scommon       0x0000000004001f50        0x4 c:/users/sato/documents/mwstage-2022-08_win10-1/mwstage/tools/ba-elf-ba2-r36379.w10/bin/../lib/gcc/ba-elf/4.7.4/../../../../ba-elf/lib/mcpu_jn51xx_sizeopt\libc.a(lib_a-reent.o)
                0x0000000004001f50                errno
 *(.scommon.*)
 *(COMMON)
                0x0000000004001f54                . = ALIGN (0x4)
                0x0000000004001f54                _bss_end = ABSOLUTE (.)
                0x0000000004001f54                end = .

.heap           0x0000000004001f54      0xd16 load address 0x0000000000094730
                0x0000000004001f54                _heap_start = ABSOLUTE (.)
                0x0000000004002c6a                . = (. + __minimum_heap_size)
 *fill*         0x0000000004001f54      0xd16 00

.stack          0x0000000004007800      0x800 load address 0x0000000000099fdc
                0x0000000004007800                _heap_end = ABSOLUTE (.)
                0x0000000004007800                _stack_low_water_mark = ABSOLUTE (.)
                0x0000000004008000                . = (. + __stack_size)
 *fill*         0x0000000004007800      0x800 00
                0x0000000004008000                _stack = .

.test           0x00000000000930f8        0x1
                0x00000000000930f8        0x1 BYTE 0xff
                0x0000000000092828                _flash_data_start = LOADADDR (.data)
                0x00000000000008d0                _ram_data_len = (((_ram_data_end - _ram_data_start) + 0x3) & 0xfffffffffffffffc)
                0x0000000000001638                _bss_len = (((_bss_end - _bss_start) + 0x3) & 0xfffffffffffffffc)
                0x00000000000130f8                _image_len = ((((_flash_end - _flash_start) + _ram_data_len) + 0x3) & 0xfffffffffffffffc)
                0x0000000004008000                _ram_top = (ABSOLUTE (ORIGIN (ram)) + 0x7fb4)
                0x0000000004008000                ram_top = (ABSOLUTE (ORIGIN (ram)) + 0x7fb4)
                0x0000000001001580                _app_ram_start = 0x1001580
                0x000000000400004c                PROVIDE (_heap_location, u32HeapStart)
                0x000000000400004c                PROVIDE (heap_location, u32HeapStart)
                0x000000000008b023                TSV_eOpenVector = TSV_eOpen
                0x000000000008a913                TSV_eStartVector = TSV_eStart
                0x000000000008b362                TSV_eStopVector = TSV_eStop
                0x000000000008291d                pvAppApiGetMacHandle = pvAppApiDefGetMacHandle
                0x000000000008660d                u32AppApiInit = u32AppApiDefInit
                0x00000000000828f2                vAppApiMlmeRequest = vAppApiDefMlmeRequest
                0x000000000008be68                vAppApiMcpsRequest = vAppApiDefMcpsRequest
                0x000000000008b288                eAppApiPlmeSet = eAppApiDefPlmeSet
                0x000000000008b236                eAppApiPlmeGet = eAppApiDefPlmeGet
                0x000000000008b22d                pvAppApiGetMacAddrLocation = pvAppApiDefGetMacAddrLocation
                0x000000000008b112                vAppApiSaveMacSettings = vAppApiDefSaveMacSettings
                0x000000000008b02b                vAppApiRestoreMacSettings = vAppApiDefRestoreMacSettings
OUTPUT(objs_RED/Wireless_EM_Switch_RED_L1305_V0-1-0.elf elf32-ba)

.comment        0x0000000000000000       0x11
 .comment       0x0000000000000000       0x12 C:\Users\sato\AppData\Local\Temp\cc9Mzq89.ltrans0.ltrans.o
 .comment       0x0000000000000000       0x12 C:\Users\sato\AppData\Local\Temp\cc9Mzq89.ltrans1.ltrans.o
 .comment       0x0000000000000000       0x12 C:\Users\sato\AppData\Local\Temp\cc9Mzq89.ltrans2.ltrans.o
 .comment       0x0000000000000000       0x12 C:\Users\sato\AppData\Local\Temp\cc9Mzq89.ltrans3.ltrans.o
 .comment       0x0000000000000000       0x12 C:\Users\sato\AppData\Local\Temp\cc9Mzq89.ltrans4.ltrans.o
 .comment       0x0000000000000000       0x12 C:\Users\sato\AppData\Local\Temp\cc9Mzq89.ltrans5.ltrans.o
 .comment       0x0000000000000000       0x12 C:\Users\sato\AppData\Local\Temp\cc9Mzq89.ltrans6.ltrans.o
 .comment       0x0000000000000000       0x12 C:\Users\sato\AppData\Local\Temp\cc9Mzq89.ltrans7.ltrans.o
 .comment       0x0000000000000000       0x12 C:\Users\sato\AppData\Local\Temp\cc9Mzq89.ltrans8.ltrans.o
 .comment       0x0000000000000000       0x12 C:\Users\sato\AppData\Local\Temp\cc9Mzq89.ltrans9.ltrans.o
 .comment       0x0000000000000000       0x12 C:\Users\sato\AppData\Local\Temp\cc9Mzq89.ltrans10.ltrans.o
 .comment       0x0000000000000000       0x12 C:\Users\sato\AppData\Local\Temp\cc9Mzq89.ltrans11.ltrans.o
 .comment       0x0000000000000000       0x12 C:\Users\sato\AppData\Local\Temp\cc9Mzq89.ltrans12.ltrans.o
 .comment       0x0000000000000000       0x12 C:\Users\sato\AppData\Local\Temp\cc9Mzq89.ltrans13.ltrans.o
 .comment       0x0000000000000000       0x12 C:\Users\sato\AppData\Local\Temp\cc9Mzq89.ltrans14.ltrans.o
 .comment       0x0000000000000000       0x12 C:\Users\sato\AppData\Local\Temp\cc9Mzq89.ltrans15.ltrans.o
 .comment       0x0000000000000000       0x12 C:\Users\sato\AppData\Local\Temp\cc9Mzq89.ltrans16.ltrans.o
 .comment       0x0000000000000000       0x12 C:\Users\sato\AppData\Local\Temp\cc9Mzq89.ltrans17.ltrans.o
 .comment       0x0000000000000000       0x12 C:\Users\sato\AppData\Local\Temp\cc9Mzq89.ltrans18.ltrans.o
 .comment       0x0000000000000000       0x12 C:\Users\sato\AppData\Local\Temp\cc9Mzq89.ltrans19.ltrans.o
 .comment       0x0000000000000000       0x12 c:/users/sato/documents/mwstage-2022-08_win10-1/mwstage/tools/ba-elf-ba2-r36379.w10/bin/../lib/gcc/ba-elf/4.7.4/../../../../ba-elf/lib/mcpu_jn51xx_sizeopt\libc.a(lib_a-memcmp.o)
 .comment       0x0000000000000000       0x12 c:/users/sato/documents/mwstage-2022-08_win10-1/mwstage/tools/ba-elf-ba2-r36379.w10/bin/../lib/gcc/ba-elf/4.7.4/mcpu_jn51xx_sizeopt\libgcc.a(_fixunsdfsi.o)
 .comment       0x0000000000000000       0x12 c:/users/sato/documents/mwstage-2022-08_win10-1/mwstage/tools/ba-elf-ba2-r36379.w10/bin/../lib/gcc/ba-elf/4.7.4/mcpu_jn51xx_sizeopt\libgcc.a(_udivdi3.o)
 .comment       0x0000000000000000       0x12 c:/users/sato/documents/mwstage-2022-08_win10-1/mwstage/tools/ba-elf-ba2-r36379.w10/bin/../lib/gcc/ba-elf/4.7.4/mcpu_jn51xx_sizeopt\libgcc.a(_umoddi3.o)
 .comment       0x0000000000000000       0x11 C:/Users/sato/Documents/MWSTAGE-2022-08_win10-1/MWSTAGE/MWSDK/ChipLib/SW4063V1416/Components/Library\libMicroSpecific_JN516x.a(MicroSyscall_ba.o)
                                         0x12 (size before relaxing)
 .comment       0x0000000000000000       0x12 c:/users/sato/documents/mwstage-2022-08_win10-1/mwstage/tools/ba-elf-ba2-r36379.w10/bin/../lib/gcc/ba-elf/4.7.4/../../../../ba-elf/lib/mcpu_jn51xx_sizeopt\libc.a(lib_a-memset.o)
 .comment       0x0000000000000000       0x12 c:/users/sato/documents/mwstage-2022-08_win10-1/mwstage/tools/ba-elf-ba2-r36379.w10/bin/../lib/gcc/ba-elf/4.7.4/../../../../ba-elf/lib/mcpu_jn51xx_sizeopt\libc.a(lib_a-sprintf.o)
 .comment       0x0000000000000000       0x12 c:/users/sato/documents/mwstage-2022-08_win10-1/mwstage/tools/ba-elf-ba2-r36379.w10/bin/../lib/gcc/ba-elf/4.7.4/../../../../ba-elf/lib/mcpu_jn51xx_sizeopt\libc.a(lib_a-strcmp.o)
 .comment       0x0000000000000000       0x12 c:/users/sato/documents/mwstage-2022-08_win10-1/mwstage/tools/ba-elf-ba2-r36379.w10/bin/../lib/gcc/ba-elf/4.7.4/../../../../ba-elf/lib/mcpu_jn51xx_sizeopt\libc.a(lib_a-svfprintf.o)
 .comment       0x0000000000000000       0x12 c:/users/sato/documents/mwstage-2022-08_win10-1/mwstage/tools/ba-elf-ba2-r36379.w10/bin/../lib/gcc/ba-elf/4.7.4/../../../../ba-elf/lib/mcpu_jn51xx_sizeopt\libc.a(lib_a-dtoa.o)
 .comment       0x0000000000000000       0x12 c:/users/sato/documents/mwstage-2022-08_win10-1/mwstage/tools/ba-elf-ba2-r36379.w10/bin/../lib/gcc/ba-elf/4.7.4/../../../../ba-elf/lib/mcpu_jn51xx_sizeopt\libc.a(lib_a-impure.o)
 .comment       0x0000000000000000       0x12 c:/users/sato/documents/mwstage-2022-08_win10-1/mwstage/tools/ba-elf-ba2-r36379.w10/bin/../lib/gcc/ba-elf/4.7.4/../../../../ba-elf/lib/mcpu_jn51xx_sizeopt\libc.a(lib_a-locale.o)
 .comment       0x0000000000000000       0x12 c:/users/sato/documents/mwstage-2022-08_win10-1/mwstage/tools/ba-elf-ba2-r36379.w10/bin/../lib/gcc/ba-elf/4.7.4/../../../../ba-elf/lib/mcpu_jn51xx_sizeopt\libc.a(lib_a-mallocr.o)
 .comment       0x0000000000000000       0x12 c:/users/sato/documents/mwstage-2022-08_win10-1/mwstage/tools/ba-elf-ba2-r36379.w10/bin/../lib/gcc/ba-elf/4.7.4/../../../../ba-elf/lib/mcpu_jn51xx_sizeopt\libc.a(lib_a-memchr.o)
 .comment       0x0000000000000000       0x12 c:/users/sato/documents/mwstage-2022-08_win10-1/mwstage/tools/ba-elf-ba2-r36379.w10/bin/../lib/gcc/ba-elf/4.7.4/../../../../ba-elf/lib/mcpu_jn51xx_sizeopt\libc.a(lib_a-memcpy.o)
 .comment       0x0000000000000000       0x12 c:/users/sato/documents/mwstage-2022-08_win10-1/mwstage/tools/ba-elf-ba2-r36379.w10/bin/../lib/gcc/ba-elf/4.7.4/../../../../ba-elf/lib/mcpu_jn51xx_sizeopt\libc.a(lib_a-mlock.o)
 .comment       0x0000000000000000       0x12 c:/users/sato/documents/mwstage-2022-08_win10-1/mwstage/tools/ba-elf-ba2-r36379.w10/bin/../lib/gcc/ba-elf/4.7.4/../../../../ba-elf/lib/mcpu_jn51xx_sizeopt\libc.a(lib_a-mprec.o)
 .comment       0x0000000000000000       0x12 c:/users/sato/documents/mwstage-2022-08_win10-1/mwstage/tools/ba-elf-ba2-r36379.w10/bin/../lib/gcc/ba-elf/4.7.4/../../../../ba-elf/lib/mcpu_jn51xx_sizeopt\libc.a(lib_a-sbrkr.o)
 .comment       0x0000000000000000       0x12 c:/users/sato/documents/mwstage-2022-08_win10-1/mwstage/tools/ba-elf-ba2-r36379.w10/bin/../lib/gcc/ba-elf/4.7.4/../../../../ba-elf/lib/mcpu_jn51xx_sizeopt\libc.a(lib_a-s_fpclassify.o)
 .comment       0x0000000000000000       0x12 c:/users/sato/documents/mwstage-2022-08_win10-1/mwstage/tools/ba-elf-ba2-r36379.w10/bin/../lib/gcc/ba-elf/4.7.4/../../../../ba-elf/lib/mcpu_jn51xx_sizeopt\libc.a(lib_a-strlen.o)
 .comment       0x0000000000000000       0x12 c:/users/sato/documents/mwstage-2022-08_win10-1/mwstage/tools/ba-elf-ba2-r36379.w10/bin/../lib/gcc/ba-elf/4.7.4/../../../../ba-elf/lib/mcpu_jn51xx_sizeopt\libc.a(lib_a-svfiprintf.o)
 .comment       0x0000000000000000       0x12 c:/users/sato/documents/mwstage-2022-08_win10-1/mwstage/tools/ba-elf-ba2-r36379.w10/bin/../lib/gcc/ba-elf/4.7.4/../../../../ba-elf/lib/mcpu_jn51xx_sizeopt\libc.a(lib_a-callocr.o)
 .comment       0x0000000000000000       0x12 c:/users/sato/documents/mwstage-2022-08_win10-1/mwstage/tools/ba-elf-ba2-r36379.w10/bin/../lib/gcc/ba-elf/4.7.4/../../../../ba-elf/lib/mcpu_jn51xx_sizeopt\libc.a(lib_a-freer.o)
 .comment       0x0000000000000000       0x12 c:/users/sato/documents/mwstage-2022-08_win10-1/mwstage/tools/ba-elf-ba2-r36379.w10/bin/../lib/gcc/ba-elf/4.7.4/../../../../ba-elf/lib/mcpu_jn51xx_sizeopt\libc.a(lib_a-glue.o)
 .comment       0x0000000000000000       0x12 c:/users/sato/documents/mwstage-2022-08_win10-1/mwstage/tools/ba-elf-ba2-r36379.w10/bin/../lib/gcc/ba-elf/4.7.4/../../../../ba-elf/lib/mcpu_jn51xx_sizeopt\libc.a(lib_a-memmove.o)
 .comment       0x0000000000000000       0x12 c:/users/sato/documents/mwstage-2022-08_win10-1/mwstage/tools/ba-elf-ba2-r36379.w10/bin/../lib/gcc/ba-elf/4.7.4/../../../../ba-elf/lib/mcpu_jn51xx_sizeopt\libc.a(lib_a-reallocr.o)
 .comment       0x0000000000000000       0x12 c:/users/sato/documents/mwstage-2022-08_win10-1/mwstage/tools/ba-elf-ba2-r36379.w10/bin/../lib/gcc/ba-elf/4.7.4/../../../../ba-elf/lib/mcpu_jn51xx_sizeopt\libc.a(lib_a-reent.o)
 .comment       0x0000000000000000       0x12 c:/users/sato/documents/mwstage-2022-08_win10-1/mwstage/tools/ba-elf-ba2-r36379.w10/bin/../lib/gcc/ba-elf/4.7.4/../../../../ba-elf/lib/mcpu_jn51xx_sizeopt\libc.a(lib_a-errno.o)
 .comment       0x0000000000000000       0x12 c:/users/sato/documents/mwstage-2022-08_win10-1/mwstage/tools/ba-elf-ba2-r36379.w10/bin/../lib/gcc/ba-elf/4.7.4/mcpu_jn51xx_sizeopt\libgcc.a(adddf3.o)
 .comment       0x0000000000000000       0x12 c:/users/sato/documents/mwstage-2022-08_win10-1/mwstage/tools/ba-elf-ba2-r36379.w10/bin/../lib/gcc/ba-elf/4.7.4/mcpu_jn51xx_sizeopt\libgcc.a(divdf3.o)
 .comment       0x0000000000000000       0x12 c:/users/sato/documents/mwstage-2022-08_win10-1/mwstage/tools/ba-elf-ba2-r36379.w10/bin/../lib/gcc/ba-elf/4.7.4/mcpu_jn51xx_sizeopt\libgcc.a(eqdf2.o)
 .comment       0x0000000000000000       0x12 c:/users/sato/documents/mwstage-2022-08_win10-1/mwstage/tools/ba-elf-ba2-r36379.w10/bin/../lib/gcc/ba-elf/4.7.4/mcpu_jn51xx_sizeopt\libgcc.a(gedf2.o)
 .comment       0x0000000000000000       0x12 c:/users/sato/documents/mwstage-2022-08_win10-1/mwstage/tools/ba-elf-ba2-r36379.w10/bin/../lib/gcc/ba-elf/4.7.4/mcpu_jn51xx_sizeopt\libgcc.a(ledf2.o)
 .comment       0x0000000000000000       0x12 c:/users/sato/documents/mwstage-2022-08_win10-1/mwstage/tools/ba-elf-ba2-r36379.w10/bin/../lib/gcc/ba-elf/4.7.4/mcpu_jn51xx_sizeopt\libgcc.a(muldf3.o)
 .comment       0x0000000000000000       0x12 c:/users/sato/documents/mwstage-2022-08_win10-1/mwstage/tools/ba-elf-ba2-r36379.w10/bin/../lib/gcc/ba-elf/4.7.4/mcpu_jn51xx_sizeopt\libgcc.a(subdf3.o)
 .comment       0x0000000000000000       0x12 c:/users/sato/documents/mwstage-2022-08_win10-1/mwstage/tools/ba-elf-ba2-r36379.w10/bin/../lib/gcc/ba-elf/4.7.4/mcpu_jn51xx_sizeopt\libgcc.a(fixdfsi.o)
 .comment       0x0000000000000000       0x12 c:/users/sato/documents/mwstage-2022-08_win10-1/mwstage/tools/ba-elf-ba2-r36379.w10/bin/../lib/gcc/ba-elf/4.7.4/mcpu_jn51xx_sizeopt\libgcc.a(floatsidf.o)
 .comment       0x0000000000000000       0x12 c:/users/sato/documents/mwstage-2022-08_win10-1/mwstage/tools/ba-elf-ba2-r36379.w10/bin/../lib/gcc/ba-elf/4.7.4/mcpu_jn51xx_sizeopt\libgcc.a(floatunsidf.o)

.debug_info     0x0000000000000000    0x11452
 .debug_info    0x0000000000000000       0xf3 c:/users/sato/documents/mwstage-2022-08_win10-1/mwstage/tools/ba-elf-ba2-r36379.w10/bin/../lib/gcc/ba-elf/4.7.4/../../../../ba-elf/lib/mcpu_jn51xx_sizeopt\libc.a(lib_a-memcmp.o)
 .debug_info    0x00000000000000f3       0xd3 c:/users/sato/documents/mwstage-2022-08_win10-1/mwstage/tools/ba-elf-ba2-r36379.w10/bin/../lib/gcc/ba-elf/4.7.4/mcpu_jn51xx_sizeopt\libgcc.a(_fixunsdfsi.o)
 .debug_info    0x00000000000001c6      0x648 c:/users/sato/documents/mwstage-2022-08_win10-1/mwstage/tools/ba-elf-ba2-r36379.w10/bin/../lib/gcc/ba-elf/4.7.4/mcpu_jn51xx_sizeopt\libgcc.a(_udivdi3.o)
 .debug_info    0x000000000000080e      0x69d c:/users/sato/documents/mwstage-2022-08_win10-1/mwstage/tools/ba-elf-ba2-r36379.w10/bin/../lib/gcc/ba-elf/4.7.4/mcpu_jn51xx_sizeopt\libgcc.a(_umoddi3.o)
 .debug_info    0x0000000000000eab       0xaa C:/Users/sato/Documents/MWSTAGE-2022-08_win10-1/MWSTAGE/MWSDK/ChipLib/SW4063V1416/Components/Library\libBoot_JN516x.a(ExceptionHandler.o)
 .debug_info    0x0000000000000f55       0xd7 c:/users/sato/documents/mwstage-2022-08_win10-1/mwstage/tools/ba-elf-ba2-r36379.w10/bin/../lib/gcc/ba-elf/4.7.4/../../../../ba-elf/lib/mcpu_jn51xx_sizeopt\libc.a(lib_a-memset.o)
 .debug_info    0x000000000000102c      0xac6 c:/users/sato/documents/mwstage-2022-08_win10-1/mwstage/tools/ba-elf-ba2-r36379.w10/bin/../lib/gcc/ba-elf/4.7.4/../../../../ba-elf/lib/mcpu_jn51xx_sizeopt\libc.a(lib_a-sprintf.o)
 .debug_info    0x0000000000001af2       0xbb c:/users/sato/documents/mwstage-2022-08_win10-1/mwstage/tools/ba-elf-ba2-r36379.w10/bin/../lib/gcc/ba-elf/4.7.4/../../../../ba-elf/lib/mcpu_jn51xx_sizeopt\libc.a(lib_a-strcmp.o)
 .debug_info    0x0000000000001bad     0x1797 c:/users/sato/documents/mwstage-2022-08_win10-1/mwstage/tools/ba-elf-ba2-r36379.w10/bin/../lib/gcc/ba-elf/4.7.4/../../../../ba-elf/lib/mcpu_jn51xx_sizeopt\libc.a(lib_a-svfprintf.o)
 .debug_info    0x0000000000003344     0x143b c:/users/sato/documents/mwstage-2022-08_win10-1/mwstage/tools/ba-elf-ba2-r36379.w10/bin/../lib/gcc/ba-elf/4.7.4/../../../../ba-elf/lib/mcpu_jn51xx_sizeopt\libc.a(lib_a-dtoa.o)
 .debug_info    0x000000000000477f      0x970 c:/users/sato/documents/mwstage-2022-08_win10-1/mwstage/tools/ba-elf-ba2-r36379.w10/bin/../lib/gcc/ba-elf/4.7.4/../../../../ba-elf/lib/mcpu_jn51xx_sizeopt\libc.a(lib_a-impure.o)
 .debug_info    0x00000000000050ef      0xd1a c:/users/sato/documents/mwstage-2022-08_win10-1/mwstage/tools/ba-elf-ba2-r36379.w10/bin/../lib/gcc/ba-elf/4.7.4/../../../../ba-elf/lib/mcpu_jn51xx_sizeopt\libc.a(lib_a-locale.o)
 .debug_info    0x0000000000005e09      0xe1c c:/users/sato/documents/mwstage-2022-08_win10-1/mwstage/tools/ba-elf-ba2-r36379.w10/bin/../lib/gcc/ba-elf/4.7.4/../../../../ba-elf/lib/mcpu_jn51xx_sizeopt\libc.a(lib_a-mallocr.o)
 .debug_info    0x0000000000006c25       0xfc c:/users/sato/documents/mwstage-2022-08_win10-1/mwstage/tools/ba-elf-ba2-r36379.w10/bin/../lib/gcc/ba-elf/4.7.4/../../../../ba-elf/lib/mcpu_jn51xx_sizeopt\libc.a(lib_a-memchr.o)
 .debug_info    0x0000000000006d21      0x106 c:/users/sato/documents/mwstage-2022-08_win10-1/mwstage/tools/ba-elf-ba2-r36379.w10/bin/../lib/gcc/ba-elf/4.7.4/../../../../ba-elf/lib/mcpu_jn51xx_sizeopt\libc.a(lib_a-memcpy.o)
 .debug_info    0x0000000000006e27      0x994 c:/users/sato/documents/mwstage-2022-08_win10-1/mwstage/tools/ba-elf-ba2-r36379.w10/bin/../lib/gcc/ba-elf/4.7.4/../../../../ba-elf/lib/mcpu_jn51xx_sizeopt\libc.a(lib_a-mlock.o)
 .debug_info    0x00000000000077bb     0x1744 c:/users/sato/documents/mwstage-2022-08_win10-1/mwstage/tools/ba-elf-ba2-r36379.w10/bin/../lib/gcc/ba-elf/4.7.4/../../../../ba-elf/lib/mcpu_jn51xx_sizeopt\libc.a(lib_a-mprec.o)
 .debug_info    0x0000000000008eff      0x9db c:/users/sato/documents/mwstage-2022-08_win10-1/mwstage/tools/ba-elf-ba2-r36379.w10/bin/../lib/gcc/ba-elf/4.7.4/../../../../ba-elf/lib/mcpu_jn51xx_sizeopt\libc.a(lib_a-sbrkr.o)
 .debug_info    0x00000000000098da      0x149 c:/users/sato/documents/mwstage-2022-08_win10-1/mwstage/tools/ba-elf-ba2-r36379.w10/bin/../lib/gcc/ba-elf/4.7.4/../../../../ba-elf/lib/mcpu_jn51xx_sizeopt\libc.a(lib_a-s_fpclassify.o)
 .debug_info    0x0000000000009a23       0xc8 c:/users/sato/documents/mwstage-2022-08_win10-1/mwstage/tools/ba-elf-ba2-r36379.w10/bin/../lib/gcc/ba-elf/4.7.4/../../../../ba-elf/lib/mcpu_jn51xx_sizeopt\libc.a(lib_a-strlen.o)
 .debug_info    0x0000000000009aeb     0x111f c:/users/sato/documents/mwstage-2022-08_win10-1/mwstage/tools/ba-elf-ba2-r36379.w10/bin/../lib/gcc/ba-elf/4.7.4/../../../../ba-elf/lib/mcpu_jn51xx_sizeopt\libc.a(lib_a-svfiprintf.o)
 .debug_info    0x000000000000ac0a      0xad5 c:/users/sato/documents/mwstage-2022-08_win10-1/mwstage/tools/ba-elf-ba2-r36379.w10/bin/../lib/gcc/ba-elf/4.7.4/../../../../ba-elf/lib/mcpu_jn51xx_sizeopt\libc.a(lib_a-callocr.o)
 .debug_info    0x000000000000b6df      0xd1b c:/users/sato/documents/mwstage-2022-08_win10-1/mwstage/tools/ba-elf-ba2-r36379.w10/bin/../lib/gcc/ba-elf/4.7.4/../../../../ba-elf/lib/mcpu_jn51xx_sizeopt\libc.a(lib_a-freer.o)
 .debug_info    0x000000000000c3fa      0xa5a c:/users/sato/documents/mwstage-2022-08_win10-1/mwstage/tools/ba-elf-ba2-r36379.w10/bin/../lib/gcc/ba-elf/4.7.4/../../../../ba-elf/lib/mcpu_jn51xx_sizeopt\libc.a(lib_a-glue.o)
 .debug_info    0x000000000000ce54      0x106 c:/users/sato/documents/mwstage-2022-08_win10-1/mwstage/tools/ba-elf-ba2-r36379.w10/bin/../lib/gcc/ba-elf/4.7.4/../../../../ba-elf/lib/mcpu_jn51xx_sizeopt\libc.a(lib_a-memmove.o)
 .debug_info    0x000000000000cf5a      0xd45 c:/users/sato/documents/mwstage-2022-08_win10-1/mwstage/tools/ba-elf-ba2-r36379.w10/bin/../lib/gcc/ba-elf/4.7.4/../../../../ba-elf/lib/mcpu_jn51xx_sizeopt\libc.a(lib_a-reallocr.o)
 .debug_info    0x000000000000dc9f      0xb29 c:/users/sato/documents/mwstage-2022-08_win10-1/mwstage/tools/ba-elf-ba2-r36379.w10/bin/../lib/gcc/ba-elf/4.7.4/../../../../ba-elf/lib/mcpu_jn51xx_sizeopt\libc.a(lib_a-reent.o)
 .debug_info    0x000000000000e7c8      0x969 c:/users/sato/documents/mwstage-2022-08_win10-1/mwstage/tools/ba-elf-ba2-r36379.w10/bin/../lib/gcc/ba-elf/4.7.4/../../../../ba-elf/lib/mcpu_jn51xx_sizeopt\libc.a(lib_a-errno.o)
 .debug_info    0x000000000000f131       0xb7 c:/users/sato/documents/mwstage-2022-08_win10-1/mwstage/tools/ba-elf-ba2-r36379.w10/bin/../lib/gcc/ba-elf/4.7.4/mcpu_jn51xx_sizeopt\libgcc.a(__udivsi3.o)
 .debug_info    0x000000000000f1e8       0xb7 c:/users/sato/documents/mwstage-2022-08_win10-1/mwstage/tools/ba-elf-ba2-r36379.w10/bin/../lib/gcc/ba-elf/4.7.4/mcpu_jn51xx_sizeopt\libgcc.a(__divsi3.o)
 .debug_info    0x000000000000f29f       0xb7 c:/users/sato/documents/mwstage-2022-08_win10-1/mwstage/tools/ba-elf-ba2-r36379.w10/bin/../lib/gcc/ba-elf/4.7.4/mcpu_jn51xx_sizeopt\libgcc.a(__umodsi3.o)
 .debug_info    0x000000000000f356       0xb7 c:/users/sato/documents/mwstage-2022-08_win10-1/mwstage/tools/ba-elf-ba2-r36379.w10/bin/../lib/gcc/ba-elf/4.7.4/mcpu_jn51xx_sizeopt\libgcc.a(__modsi3.o)
 .debug_info    0x000000000000f40d      0x4b2 c:/users/sato/documents/mwstage-2022-08_win10-1/mwstage/tools/ba-elf-ba2-r36379.w10/bin/../lib/gcc/ba-elf/4.7.4/mcpu_jn51xx_sizeopt\libgcc.a(adddf3.o)
 .debug_info    0x000000000000f8bf      0x5c5 c:/users/sato/documents/mwstage-2022-08_win10-1/mwstage/tools/ba-elf-ba2-r36379.w10/bin/../lib/gcc/ba-elf/4.7.4/mcpu_jn51xx_sizeopt\libgcc.a(divdf3.o)
 .debug_info    0x000000000000fe84      0x1e7 c:/users/sato/documents/mwstage-2022-08_win10-1/mwstage/tools/ba-elf-ba2-r36379.w10/bin/../lib/gcc/ba-elf/4.7.4/mcpu_jn51xx_sizeopt\libgcc.a(eqdf2.o)
 .debug_info    0x000000000001006b      0x20b c:/users/sato/documents/mwstage-2022-08_win10-1/mwstage/tools/ba-elf-ba2-r36379.w10/bin/../lib/gcc/ba-elf/4.7.4/mcpu_jn51xx_sizeopt\libgcc.a(gedf2.o)
 .debug_info    0x0000000000010276      0x20b c:/users/sato/documents/mwstage-2022-08_win10-1/mwstage/tools/ba-elf-ba2-r36379.w10/bin/../lib/gcc/ba-elf/4.7.4/mcpu_jn51xx_sizeopt\libgcc.a(ledf2.o)
 .debug_info    0x0000000000010481      0x5c7 c:/users/sato/documents/mwstage-2022-08_win10-1/mwstage/tools/ba-elf-ba2-r36379.w10/bin/../lib/gcc/ba-elf/4.7.4/mcpu_jn51xx_sizeopt\libgcc.a(muldf3.o)
 .debug_info    0x0000000000010a48      0x4b2 c:/users/sato/documents/mwstage-2022-08_win10-1/mwstage/tools/ba-elf-ba2-r36379.w10/bin/../lib/gcc/ba-elf/4.7.4/mcpu_jn51xx_sizeopt\libgcc.a(subdf3.o)
 .debug_info    0x0000000000010efa      0x1b7 c:/users/sato/documents/mwstage-2022-08_win10-1/mwstage/tools/ba-elf-ba2-r36379.w10/bin/../lib/gcc/ba-elf/4.7.4/mcpu_jn51xx_sizeopt\libgcc.a(fixdfsi.o)
 .debug_info    0x00000000000110b1      0x1d6 c:/users/sato/documents/mwstage-2022-08_win10-1/mwstage/tools/ba-elf-ba2-r36379.w10/bin/../lib/gcc/ba-elf/4.7.4/mcpu_jn51xx_sizeopt\libgcc.a(floatsidf.o)
 .debug_info    0x0000000000011287      0x1cb c:/users/sato/documents/mwstage-2022-08_win10-1/mwstage/tools/ba-elf-ba2-r36379.w10/bin/../lib/gcc/ba-elf/4.7.4/mcpu_jn51xx_sizeopt\libgcc.a(floatunsidf.o)

.debug_abbrev   0x0000000000000000     0x3897
 .debug_abbrev  0x0000000000000000       0x8e c:/users/sato/documents/mwstage-2022-08_win10-1/mwstage/tools/ba-elf-ba2-r36379.w10/bin/../lib/gcc/ba-elf/4.7.4/../../../../ba-elf/lib/mcpu_jn51xx_sizeopt\libc.a(lib_a-memcmp.o)
 .debug_abbrev  0x000000000000008e       0x60 c:/users/sato/documents/mwstage-2022-08_win10-1/mwstage/tools/ba-elf-ba2-r36379.w10/bin/../lib/gcc/ba-elf/4.7.4/mcpu_jn51xx_sizeopt\libgcc.a(_fixunsdfsi.o)
 .debug_abbrev  0x00000000000000ee      0x15d c:/users/sato/documents/mwstage-2022-08_win10-1/mwstage/tools/ba-elf-ba2-r36379.w10/bin/../lib/gcc/ba-elf/4.7.4/mcpu_jn51xx_sizeopt\libgcc.a(_udivdi3.o)
 .debug_abbrev  0x000000000000024b      0x175 c:/users/sato/documents/mwstage-2022-08_win10-1/mwstage/tools/ba-elf-ba2-r36379.w10/bin/../lib/gcc/ba-elf/4.7.4/mcpu_jn51xx_sizeopt\libgcc.a(_umoddi3.o)
 .debug_abbrev  0x00000000000003c0       0x14 C:/Users/sato/Documents/MWSTAGE-2022-08_win10-1/MWSTAGE/MWSDK/ChipLib/SW4063V1416/Components/Library\libBoot_JN516x.a(ExceptionHandler.o)
 .debug_abbrev  0x00000000000003d4       0x8e c:/users/sato/documents/mwstage-2022-08_win10-1/mwstage/tools/ba-elf-ba2-r36379.w10/bin/../lib/gcc/ba-elf/4.7.4/../../../../ba-elf/lib/mcpu_jn51xx_sizeopt\libc.a(lib_a-memset.o)
 .debug_abbrev  0x0000000000000462      0x1f6 c:/users/sato/documents/mwstage-2022-08_win10-1/mwstage/tools/ba-elf-ba2-r36379.w10/bin/../lib/gcc/ba-elf/4.7.4/../../../../ba-elf/lib/mcpu_jn51xx_sizeopt\libc.a(lib_a-sprintf.o)
 .debug_abbrev  0x0000000000000658       0x63 c:/users/sato/documents/mwstage-2022-08_win10-1/mwstage/tools/ba-elf-ba2-r36379.w10/bin/../lib/gcc/ba-elf/4.7.4/../../../../ba-elf/lib/mcpu_jn51xx_sizeopt\libc.a(lib_a-strcmp.o)
 .debug_abbrev  0x00000000000006bb      0x358 c:/users/sato/documents/mwstage-2022-08_win10-1/mwstage/tools/ba-elf-ba2-r36379.w10/bin/../lib/gcc/ba-elf/4.7.4/../../../../ba-elf/lib/mcpu_jn51xx_sizeopt\libc.a(lib_a-svfprintf.o)
 .debug_abbrev  0x0000000000000a13      0x2b3 c:/users/sato/documents/mwstage-2022-08_win10-1/mwstage/tools/ba-elf-ba2-r36379.w10/bin/../lib/gcc/ba-elf/4.7.4/../../../../ba-elf/lib/mcpu_jn51xx_sizeopt\libc.a(lib_a-dtoa.o)
 .debug_abbrev  0x0000000000000cc6      0x162 c:/users/sato/documents/mwstage-2022-08_win10-1/mwstage/tools/ba-elf-ba2-r36379.w10/bin/../lib/gcc/ba-elf/4.7.4/../../../../ba-elf/lib/mcpu_jn51xx_sizeopt\libc.a(lib_a-impure.o)
 .debug_abbrev  0x0000000000000e28      0x2a1 c:/users/sato/documents/mwstage-2022-08_win10-1/mwstage/tools/ba-elf-ba2-r36379.w10/bin/../lib/gcc/ba-elf/4.7.4/../../../../ba-elf/lib/mcpu_jn51xx_sizeopt\libc.a(lib_a-locale.o)