Archive member included because of file (symbol)

/Users/tomohiro/Documents/MWSTAGE/MWSDK/TWENET/current/lib/libTWENET_RED.a(ToCoNet_event.o)
                              objs_RED/communication.o (PRSEV_u8RegisterEx)
/Users/tomohiro/Documents/MWSTAGE/MWSDK/TWENET/current/lib/libTWENET_RED.a(ToCoNet_main.o)
                              objs_RED/lcd.o (sToCoNet_Context)
/Users/tomohiro/Documents/MWSTAGE/MWSDK/TWENET/current/lib/libTWENET_RED.a(ToCoNet_utils.o)
                              /Users/tomohiro/Documents/MWSTAGE/MWSDK/TWENET/current/lib/libTWENET_RED.a(ToCoNet_main.o) (ToCoNet_u32GetVersion)
/Users/tomohiro/Documents/MWSTAGE/MWSDK/TWENET/current/lib/libTWENET_RED.a(ToCoNet_mod_Nwk_Common.o)
                              /Users/tomohiro/Documents/MWSTAGE/MWSDK/TWENET/current/lib/libTWENET_RED.a(ToCoNet_main.o) (ToCoNet_vRxProc_Mod)
/Users/tomohiro/Documents/MWSTAGE/MWSDK/TWENET/current/lib/libTWENET_RED.a(ToCoNet_mod_Channel_Mgr.o)
                              /Users/tomohiro/Documents/MWSTAGE/MWSDK/TWENET/current/lib/libTWENET_RED.a(ToCoNet_main.o) (ToCoNet_ChMgr_bCh_Reconfig)
/Users/tomohiro/Documents/MWSTAGE/MWSDK/TWENET/current/lib/libTWENET_RED.a(Version.o)
                              /Users/tomohiro/Documents/MWSTAGE/MWSDK/TWENET/current/lib/libTWENET_RED.a(ToCoNet_utils.o) (au8ToCoNetVersionInfo)
/Users/tomohiro/Documents/MWSTAGE/MWSDK/TWENET/current/lib/libTWENET_RED.a(AppQueueApi_ToCoNet.o)
                              /Users/tomohiro/Documents/MWSTAGE/MWSDK/TWENET/current/lib/libTWENET_RED.a(ToCoNet_main.o) (_u32_INT_ticktimer)
/Users/tomohiro/Documents/MWSTAGE/MWSDK/TWENET/current/lib/libTWENEText_RED.a(AppStart.o)
                              (AppColdStart)
/Users/tomohiro/Documents/MWSTAGE/MWSDK/TWENET/current/lib/libTWENEText_RED.a(getMacAddr.o)
                              /Users/tomohiro/Documents/MWSTAGE/MWSDK/TWENET/current/lib/libTWENET_RED.a(ToCoNet_main.o) (ToCoNet_u32GetSerialOnBoot)
/Users/tomohiro/Documents/MWSTAGE/MWSDK/TWENET/current/lib/libTWENEText_RED.a(mac.o)
                              /Users/tomohiro/Documents/MWSTAGE/MWSDK/TWENET/current/lib/libTWENET_RED.a(ToCoNet_main.o) (Mac_vInit)
/Users/tomohiro/Documents/MWSTAGE/MWSDK/TWENET/current/lib/libTWENEText_RED.a(AES_CCM.o)
                              /Users/tomohiro/Documents/MWSTAGE/MWSDK/TWENET/current/lib/libTWENEText_RED.a(AppStart.o) (bAES_CCM_KeyReg)
/Users/tomohiro/Documents/MWSTAGE/MWSDK/TWENET/current/lib/libTWENEText_RED.a(no_ack_handler.o)
                              /Users/tomohiro/Documents/MWSTAGE/MWSDK/TWENET/current/lib/libTWENEText_RED.a(AppStart.o) (vInstallNoAckHandler)
/Users/tomohiro/Documents/MWSTAGE/MWSDK/TWENET/current/lib/libTWENEText_RED.a(Version.o)
                              /Users/tomohiro/Documents/MWSTAGE/MWSDK/TWENET/current/lib/libTWENET_RED.a(ToCoNet_utils.o) (au8ToCoNetExtVersionInfo)
/Users/tomohiro/Documents/MWSTAGE/MWSDK/TWENET/current/lib/libTWENETutils_RED.a(serial.o)
                              objs_RED/Interrupt.o (SERIAL_bTxChar)
/Users/tomohiro/Documents/MWSTAGE/MWSDK/TWENET/current/lib/libTWENETutils_RED.a(uart.o)
                              /Users/tomohiro/Documents/MWSTAGE/MWSDK/TWENET/current/lib/libTWENETutils_RED.a(serial.o) (UART_vInit)
/Users/tomohiro/Documents/MWSTAGE/MWSDK/TWENET/current/lib/libTWENETutils_RED.a(ByteQueue.o)
                              /Users/tomohiro/Documents/MWSTAGE/MWSDK/TWENET/current/lib/libTWENET_RED.a(ToCoNet_main.o) (QUEUE__vInit)
/Users/tomohiro/Documents/MWSTAGE/MWSDK/TWENET/current/lib/libTWENETutils_RED.a(ccitt8.o)
                              /Users/tomohiro/Documents/MWSTAGE/MWSDK/TWENET/current/lib/libTWENEText_RED.a(AppStart.o) (u8CCITT8)
/Users/tomohiro/Documents/MWSTAGE/MWSDK/TWENET/current/lib/libTWENETutils_RED.a(utils.o)
                              objs_RED/main.o (vTimerConfig)
/Users/tomohiro/Documents/MWSTAGE/MWSDK/TWENET/current/lib/libTWENETutils_RED.a(ccm.o)
                              /Users/tomohiro/Documents/MWSTAGE/MWSDK/TWENET/current/lib/libTWENEText_RED.a(AES_CCM.o) (ccm_init_and_key)
/Users/tomohiro/Documents/MWSTAGE/MWSDK/TWENET/current/lib/libTWENETutils_RED.a(Version.o)
                              /Users/tomohiro/Documents/MWSTAGE/MWSDK/TWENET/current/lib/libTWENET_RED.a(ToCoNet_utils.o) (au8ToCoNetUtilsVersionInfo)
/Users/tomohiro/Documents/MWSTAGE/MWSDK/TWENET/current/lib/libTWENETutils_RED.a(aescrypt.o)
                              /Users/tomohiro/Documents/MWSTAGE/MWSDK/TWENET/current/lib/libTWENETutils_RED.a(ccm.o) (aes_encrypt)
/Users/tomohiro/Documents/MWSTAGE/MWSDK/TWENET/current/lib/libTWENETutils_RED.a(aeskey.o)
                              /Users/tomohiro/Documents/MWSTAGE/MWSDK/TWENET/current/lib/libTWENETutils_RED.a(ccm.o) (aes_encrypt_key)
/Users/tomohiro/Documents/MWSTAGE/MWSDK/TWENET/current/lib/libTWENETutils_RED.a(aestab.o)
                              /Users/tomohiro/Documents/MWSTAGE/MWSDK/TWENET/current/lib/libTWENETutils_RED.a(aeskey.o) (t_im)
[...]
Memory Configuration

Name             Origin             Length             Attributes
flash            0x0000000000080000 0x0000000000080000
ram              0x000000000400004c 0x0000000000007fb4
*default*        0x0000000000000000 0xffffffffffffffff

Linker script and memory map

LOAD objs_RED/_mwx_version.o
LOAD objs_RED/Interrupt.o
LOAD objs_RED/LED.o
LOAD objs_RED/communication.o
LOAD objs_RED/lcd.o
LOAD objs_RED/main.o
LOAD /Users/tomohiro/Documents/MWSTAGE/MWSDK/TWENET/current/lib/libTWENET_RED.a
LOAD /Users/tomohiro/Documents/MWSTAGE/MWSDK/TWENET/current/lib/libTWENEText_RED.a
LOAD /Users/tomohiro/Documents/MWSTAGE/MWSDK/TWENET/current/lib/libTWENETutils_RED.a
LOAD /Users/tomohiro/Documents/MWSTAGE/MWSDK/TWENET/current/lib/libTWENETstgs_RED.a
LOAD /Users/tomohiro/Documents/MWSTAGE/MWSDK/TWENET/current/lib/libmwx_RED.a
LOAD /Users/tomohiro/Documents/MWSTAGE/MWSDK/TWENET/current/lib/libEASTL_RED.a
START GROUP
LOAD /Users/tomohiro/Documents/MWSTAGE/MWSDK/ChipLib/SW4063V1416/Components/Library/libAppApi_JN5169.a
LOAD /Users/tomohiro/Documents/MWSTAGE/MWSDK/ChipLib/SW4063V1416/Components/Library/libMAC_JN5169.a
LOAD /Users/tomohiro/Documents/MWSTAGE/MWSDK/ChipLib/SW4063V1416/Components/Library/libTimerServer_JN516x.a
LOAD /Users/tomohiro/Documents/MWSTAGE/MWSDK/ChipLib/SW4063V1416/Components/Library/libTOF_JN516x.a
LOAD /Users/tomohiro/Documents/MWSTAGE/MWSDK/ChipLib/SW4063V1416/Components/Library/libXcv_JN5169.a
LOAD /Users/tomohiro/Documents/MWSTAGE/MWSDK/ChipLib/SW4063V1416/Components/Library/libMMAC_JN5169.a
LOAD /Users/tomohiro/Documents/MWSTAGE/MWSDK/ChipLib/SW4063V1416/Components/Library/libJPT_JN5169.a
LOAD /Users/tomohiro/Documents/MWSTAGE/MWSDK/ChipLib/SW4063V1416/Components/Library/libAes_JN516x.a
LOAD /Users/tomohiro/Documents/MWSTAGE/MWSDK/ChipLib/SW4063V1416/Components/Library/libHardwareApi_JN5169.a
LOAD /Users/tomohiro/Documents/MWSTAGE/MWSDK/ChipLib/SW4063V1416/Components/Library/libMicroSpecific_JN516x.a
LOAD /Users/tomohiro/Documents/MWSTAGE/MWSDK/ChipLib/SW4063V1416/Components/Library/libBoot_JN516x.a
LOAD /Users/tomohiro/Documents/MWSTAGE/MWSDK/ChipLib/SW4063V1416/Components/Library/libPDM_EEPROM_JN516x_NO_RTOS.a
LOAD /Users/tomohiro/Documents/MWSTAGE/MWSDK/TWENET/current/lib/libTWENET_RED.a
LOAD /Users/tomohiro/Documents/MWSTAGE/MWSDK/TWENET/current/lib/libTWENEText_RED.a
LOAD /Users/tomohiro/Documents/MWSTAGE/MWSDK/TWENET/current/lib/libTWENETutils_RED.a
LOAD /Users/tomohiro/Documents/MWSTAGE/MWSDK/TWENET/current/lib/libTWENETstgs_RED.a
LOAD /Users/tomohiro/Documents/MWSTAGE/MWSDK/TWENET/current/lib/libmwx_RED.a
LOAD /Users/tomohiro/Documents/MWSTAGE/MWSDK/TWENET/current/lib/libEASTL_RED.a
END GROUP
LOAD /Users/tomohiro/Documents/MWSTAGE/Tools/ba-elf-ba2-r36379/bin/../lib/gcc/ba-elf/4.7.4/../../../../ba-elf/lib/libstdc++.a
LOAD /Users/tomohiro/Documents/MWSTAGE/Tools/ba-elf-ba2-r36379/bin/../lib/gcc/ba-elf/4.7.4/../../../../ba-elf/lib/libm.a
LOAD /Users/tomohiro/Documents/MWSTAGE/Tools/ba-elf-ba2-r36379/bin/../lib/gcc/ba-elf/4.7.4/../../../../ba-elf/lib/libc.a
LOAD /Users/tomohiro/Documents/MWSTAGE/Tools/ba-elf-ba2-r36379/bin/../lib/gcc/ba-elf/4.7.4/libgcc.a
LOAD /Users/tomohiro/Documents/MWSTAGE/Tools/ba-elf-ba2-r36379/bin/../lib/gcc/ba-elf/4.7.4/../../../../ba-elf/lib/libc.a
                0x0000000000000800                _stack_size = 0x800
                0x0000000000080038                exception_vsr_table = 0x80038
                0x0000000004000000                pSPIflashFncTable = 0x4000000
                0x0000000000000044                restore_state = 0x44
                0x000000000000004a                bZSPIWaitWIPClear = 0x4a
                0x0000000000000050                u16ZSPIflashRDID = 0x50
                0x0000000000000056                u8SelectFlashChipType = 0x56
                0x000000000000005c                memcpy = 0x5c
                0x0000000000000066                vBootFlashProg = 0x66
                [0x0000000000000d16]                __minimum_heap_size = DEFINED (__minimum_heap_size)?__minimum_heap_size:0xd16
                [0x0000000000000800]                __stack_size = DEFINED (__stack_size)?__stack_size:0x800
                0x0000000000000000                _SwConfig = (DEFINED (g_bSWConf_Debug) | (DEFINED (g_bSWConf_AltDebugPort) << 0x1))

.version        0x000000000007fffc        0x4
                0x000000000007fffc        0x4 LONG 0xf03000b

.bir            0x0000000000080000       0x10
                0x0000000000080000                _flash_start = ABSOLUTE (.)
                0x0000000000080000                _flash_beg = ABSOLUTE (.)
                0x0000000000080000        0x4 LONG 0x12345678
                0x0000000000080004        0x4 LONG 0x11223344
                0x0000000000080008        0x4 LONG 0x55667788
                0x000000000008000c        0x1 BYTE 0x8
                0x000000000008000d        0x1 BYTE 0x1
                0x000000000008000e        0x2 SHORT 0x0

.flashheader    0x0000000000080010       0x28
                0x0000000000080010        0x4 LONG 0x0
                0x0000000000080014        0x4 LONG 0x0
                0x0000000000080018        0x4 LONG 0x0
                0x000000000008001c        0x2 SHORT 0x0
                0x000000000008001e        0x2 SHORT 0x0 ABSOLUTE (_SwConfig)
                0x0000000000080020                _enc_start = ABSOLUTE (.)
                0x0000000000080020        0x4 LONG 0x16cb8 ABSOLUTE (_image_len)
                0x0000000000080024        0x4 LONG 0x963a8 ABSOLUTE (_flash_data_start)
                0x0000000000080028        0x2 SHORT 0x13 ((ABSOLUTE (_ram_data_start) / 0x4) & 0xffff)
                0x000000000008002a        0x2 SHORT 0x244 ((ABSOLUTE (_ram_data_len) / 0x4) & 0xffff)
                0x000000000008002c        0x2 SHORT 0x257 ((ABSOLUTE (_bss_start) / 0x4) & 0xffff)
                0x000000000008002e        0x2 SHORT 0x5cd ((ABSOLUTE (_bss_len) / 0x4) & 0xffff)
                0x0000000000080030        0x4 LONG 0x8385d ABSOLUTE (AppWarmStart)
                0x0000000000080034        0x4 LONG 0x83339 ABSOLUTE (AppColdStart)
                0x0000000000000000                _enc_offset = (_enc_start & 0xf)
                0x0000000000000044                PROVIDE (vException_BusError, restore_state)
                0x0000000000000044                PROVIDE (vException_UnalignedAccess, restore_state)
                0x0000000000000044                PROVIDE (vException_IllegalInstruction, restore_state)
                0x0000000000000044                PROVIDE (vException_SysCall, restore_state)
                0x0000000000000044                PROVIDE (vException_Trap, restore_state)
                0x0000000000000044                PROVIDE (vException_StackOverflow, restore_state)
                0x0000000000080038                . = ABSOLUTE (exception_vsr_table)

.vsr_table      0x0000000000080038       0x18
                0x0000000000080038        0x4 LONG 0x44 ABSOLUTE (vException_BusError)
                0x000000000008003c        0x4 LONG 0x44 ABSOLUTE (vException_UnalignedAccess)
                0x0000000000080040        0x4 LONG 0x44 ABSOLUTE (vException_IllegalInstruction)
                0x0000000000080044        0x4 LONG 0x44 ABSOLUTE (vException_SysCall)
                0x0000000000080048        0x4 LONG 0x44 ABSOLUTE (vException_Trap)
                0x000000000008004c        0x4 LONG 0x44 ABSOLUTE (vException_StackOverflow)

.vsr_handlers   0x0000000000080050       0xaa
 *(.vsr_handlers)
 .vsr_handlers  0x0000000000080050       0xaa /Users/tomohiro/Documents/MWSTAGE/MWSDK/ChipLib/SW4063V1416/Components/Library/libBoot_JN516x.a(ExceptionHandler.o)
                0x0000000000080050                _exception_external_interrupt
                0x00000000000800f8                _default_vsr_dummy

.rodata         0x0000000000080100      0x9c1
 *(.rodata*)
 .rodata.str1.1
                0x0000000000080100       0x86 objs_RED/Interrupt.o
 .rodata.str1.1
                0x0000000000080186       0x8f objs_RED/communication.o
 .rodata.CHANNEL
                0x0000000000080215        0x1 objs_RED/communication.o
                0x0000000000080215                CHANNEL
 *fill*         0x0000000000080216        0x2 00
 .rodata.APP_ID
                0x0000000000080218        0x4 objs_RED/communication.o
                0x0000000000080218                APP_ID
 .rodata.str1.1
                0x000000000008021c       0x1b objs_RED/lcd.o
 .rodata._ZN3lcd12antenna_3barE
                0x0000000000080237        0x8 objs_RED/lcd.o
                0x0000000000080237                lcd::antenna_3bar
 .rodata._ZN3lcd12antenna_2barE
                0x000000000008023f        0x8 objs_RED/lcd.o
                0x000000000008023f                lcd::antenna_2bar
 .rodata._ZN3lcd12antenna_1barE
                0x0000000000080247        0x8 objs_RED/lcd.o
                0x0000000000080247                lcd::antenna_1bar
 .rodata._ZN3lcd11antenna_barE
                0x000000000008024f        0x8 objs_RED/lcd.o
                0x000000000008024f                lcd::antenna_bar
 .rodata.str1.1
                0x0000000000080257       0xa3 objs_RED/main.o
                                        0x117 (size before relaxing)
 .rodata.EM_SW  0x00000000000802fa        0x1 objs_RED/main.o
                0x00000000000802fa                EM_SW
 .rodata.LED_G  0x00000000000802fb        0x1 objs_RED/main.o
                0x00000000000802fb                LED_G
 .rodata.LED_R  0x00000000000802fc        0x1 objs_RED/main.o
                0x00000000000802fc                LED_R
 .rodata.au8ToCoNetVersionInfo
                0x00000000000802fd        0xc /Users/tomohiro/Documents/MWSTAGE/MWSDK/TWENET/current/lib/libTWENET_RED.a(Version.o)
                0x00000000000802fd                au8ToCoNetVersionInfo
 .rodata.str1.1
                0x0000000000080309       0x11 /Users/tomohiro/Documents/MWSTAGE/MWSDK/TWENET/current/lib/libTWENEText_RED.a(AppStart.o)
 .rodata        0x000000000008031a       0x39 /Users/tomohiro/Documents/MWSTAGE/MWSDK/TWENET/current/lib/libTWENEText_RED.a(AppStart.o)
 *fill*         0x0000000000080353        0x1 00
 .rodata.au8k.5820
                0x0000000000080354       0x20 /Users/tomohiro/Documents/MWSTAGE/MWSDK/TWENET/current/lib/libTWENEText_RED.a(AppStart.o)
 .rodata.au8k.5801
                0x0000000000080374       0x20 /Users/tomohiro/Documents/MWSTAGE/MWSDK/TWENET/current/lib/libTWENEText_RED.a(AppStart.o)
 .rodata.str1.1
                0x0000000000080394       0x11 /Users/tomohiro/Documents/MWSTAGE/MWSDK/TWENET/current/lib/libTWENEText_RED.a(mac.o)
 *fill*         0x00000000000803a5        0x3 00
 .rodata.u32MacLow_TOCOS
                0x00000000000803a8        0x4 /Users/tomohiro/Documents/MWSTAGE/MWSDK/TWENET/current/lib/libTWENEText_RED.a(mac.o)
                0x00000000000803a8                u32MacLow_TOCOS
 .rodata.u32MacHigh_TOCOS
                0x00000000000803ac        0x4 /Users/tomohiro/Documents/MWSTAGE/MWSDK/TWENET/current/lib/libTWENEText_RED.a(mac.o)
                0x00000000000803ac                u32MacHigh_TOCOS
 .rodata.u8CRCTable
                0x00000000000803b0      0x100 /Users/tomohiro/Documents/MWSTAGE/MWSDK/TWENET/current/lib/libTWENETutils_RED.a(ccitt8.o)
 .rodata.str1.1
                0x00000000000804b0       0x12 /Users/tomohiro/Documents/MWSTAGE/MWSDK/TWENET/current/lib/libTWENETstgs_RED.a(printf.o)
 *fill*         0x00000000000804c2        0x6 00
 .rodata.pow10.1520
                0x00000000000804c8       0x50 /Users/tomohiro/Documents/MWSTAGE/MWSDK/TWENET/current/lib/libTWENETstgs_RED.a(printf.o)
 .rodata.str1.1
                0x0000000000080518        0xe /Users/tomohiro/Documents/MWSTAGE/MWSDK/TWENET/current/lib/libmwx_RED.a(mwx_debug.o)
 .rodata._ZN3mwx2L1L19_ADC_PIN_TO_AHI_DEFE
                0x0000000000080526        0x5 /Users/tomohiro/Documents/MWSTAGE/MWSDK/TWENET/current/lib/libmwx_RED.a(mwx_appcore.o)
 .rodata._ZN3mwx2L112periph_timer14_au8_timer_idsE
                0x000000000008052b        0x5 /Users/tomohiro/Documents/MWSTAGE/MWSDK/TWENET/current/lib/libmwx_RED.a(mwx_periph_dio.o)
                0x000000000008052b                mwx::L1::periph_timer::_au8_timer_ids
 .rodata._ZN3mwx2L1L19_ADC_PIN_TO_AHI_DEFE
                0x0000000000080530        0x5 /Users/tomohiro/Documents/MWSTAGE/MWSDK/TWENET/current/lib/libmwx_RED.a(mwx_periph_analogue.o)
 .rodata.str1.1
                0x0000000000080535       0xe0 /Users/tomohiro/Documents/MWSTAGE/MWSDK/TWENET/current/lib/libmwx_RED.a(mwx_nwk_simple.o)
                                         0xe2 (size before relaxing)
 .rodata.str1.1
                0x0000000000080615       0x1f /Users/tomohiro/Documents/MWSTAGE/MWSDK/TWENET/current/lib/libmwx_RED.a(mwx_duplicate_checker.o)
 .rodata.s_sPibInit
                0x0000000000080634       0x18 /Users/tomohiro/Documents/MWSTAGE/MWSDK/ChipLib/SW4063V1416/Components/Library/libMAC_JN5169.a(mac_pib_mlme.o)
 .rodata.s_atScanEvtST
                0x000000000008064c       0x31 /Users/tomohiro/Documents/MWSTAGE/MWSDK/ChipLib/SW4063V1416/Components/Library/libMAC_JN5169.a(mac_scan.o)
 *fill*         0x000000000008067d        0x3 00
 .rodata.s_aprScanHandleEvt
                0x0000000000080680       0x30 /Users/tomohiro/Documents/MWSTAGE/MWSDK/ChipLib/SW4063V1416/Components/Library/libMAC_JN5169.a(mac_scan.o)
 .rodata.aeXcvBbcEvtToScanEvt.5419
                0x00000000000806b0        0xa /Users/tomohiro/Documents/MWSTAGE/MWSDK/ChipLib/SW4063V1416/Components/Library/libMAC_JN5169.a(mac_scan.o)
 .rodata.aeXcvPhyEvtToScanEvt.5424
                0x00000000000806ba        0x6 /Users/tomohiro/Documents/MWSTAGE/MWSDK/ChipLib/SW4063V1416/Components/Library/libMAC_JN5169.a(mac_scan.o)
 .rodata.psTamXcvContext
                0x00000000000806c0        0x4 /Users/tomohiro/Documents/MWSTAGE/MWSDK/ChipLib/SW4063V1416/Components/Library/libMAC_JN5169.a(TAM.o)
                0x00000000000806c0                psTamXcvContext
 .rodata.psTamMacContext
                0x00000000000806c4        0x4 /Users/tomohiro/Documents/MWSTAGE/MWSDK/ChipLib/SW4063V1416/Components/Library/libMAC_JN5169.a(TAM.o)
                0x00000000000806c4                psTamMacContext
 .rodata.psTAMcontext
                0x00000000000806c8        0x4 /Users/tomohiro/Documents/MWSTAGE/MWSDK/ChipLib/SW4063V1416/Components/Library/libMAC_JN5169.a(TAM.o)
                0x00000000000806c8                psTAMcontext
 .rodata.au8XcvToTAMevent.5169
                0x00000000000806cc        0xa /Users/tomohiro/Documents/MWSTAGE/MWSDK/ChipLib/SW4063V1416/Components/Library/libMAC_JN5169.a(TAM.o)
 .rodata        0x00000000000806d6        0xe /Users/tomohiro/Documents/MWSTAGE/MWSDK/ChipLib/SW4063V1416/Components/Library/libMAC_JN5169.a(TAMcommon.o)
 .rodata.au8StateActions
                0x00000000000806e4       0x8c /Users/tomohiro/Documents/MWSTAGE/MWSDK/ChipLib/SW4063V1416/Components/Library/libMAC_JN5169.a(TAMevent.o)
                0x00000000000806e4                au8StateActions
 .rodata.apvActionCalls
                0x0000000000080770       0x88 /Users/tomohiro/Documents/MWSTAGE/MWSDK/ChipLib/SW4063V1416/Components/Library/libMAC_JN5169.a(TAMevent.o)
                0x0000000000080770                apvActionCalls
 .rodata.au8MICLenLUT.4350
                0x00000000000807f8        0x4 /Users/tomohiro/Documents/MWSTAGE/MWSDK/ChipLib/SW4063V1416/Components/Library/libMAC_JN5169.a(TAMsecurity.o)
 .rodata.CSWTCH.31
                0x00000000000807fc        0x3 /Users/tomohiro/Documents/MWSTAGE/MWSDK/ChipLib/SW4063V1416/Components/Library/libMAC_JN5169.a(TAMsecurity.o)
 .rodata.CSWTCH.7
                0x00000000000807ff        0x7 /Users/tomohiro/Documents/MWSTAGE/MWSDK/ChipLib/SW4063V1416/Components/Library/libMAC_JN5169.a(TAM_AES.o)
 .rodata.CSWTCH.12
                0x0000000000080806        0x3 /Users/tomohiro/Documents/MWSTAGE/MWSDK/ChipLib/SW4063V1416/Components/Library/libMAC_JN5169.a(TAM_AES.o)
 .rodata.asPowerSettings.4033
                0x0000000000080809       0x2b /Users/tomohiro/Documents/MWSTAGE/MWSDK/ChipLib/SW4063V1416/Components/Library/libMMAC_JN5169.a(MMAC.o)
 .rodata.TST_mod_def
                0x0000000000080834       0x40 /Users/tomohiro/Documents/MWSTAGE/MWSDK/ChipLib/SW4063V1416/Components/Library/libJPT_JN5169.a(JPT_RadioTxPowerTests.o)
 .rodata.au8dataSizeTable
                0x0000000000080874        0xd /Users/tomohiro/Documents/MWSTAGE/MWSDK/ChipLib/SW4063V1416/Components/Library/libAes_JN516x.a(AEScoprocessorAPI.o)
                0x0000000000080874                au8dataSizeTable
 .rodata.au8FlashWaitStates32MXO
                0x0000000000080881        0x8 /Users/tomohiro/Documents/MWSTAGE/MWSDK/ChipLib/SW4063V1416/Components/Library/libHardwareApi_JN5169.a(AHI_System.o)
 .rodata.au8FlashWaitStatesHSRCO
                0x0000000000080889        0x8 /Users/tomohiro/Documents/MWSTAGE/MWSDK/ChipLib/SW4063V1416/Components/Library/libHardwareApi_JN5169.a(AHI_System.o)
 *fill*         0x0000000000080891        0x3 00
 .rodata.CSWTCH.35
                0x0000000000080894       0x14 /Users/tomohiro/Documents/MWSTAGE/MWSDK/ChipLib/SW4063V1416/Components/Library/libHardwareApi_JN5169.a(AHI_Timer.o)
 .rodata.au32UartAddrOffset
                0x00000000000808a8        0x8 /Users/tomohiro/Documents/MWSTAGE/MWSDK/ChipLib/SW4063V1416/Components/Library/libHardwareApi_JN5169.a(AHI_Uart.o)
                0x00000000000808a8                au32UartAddrOffset
 .rodata.str1.1
                0x00000000000808b0       0x11 /Users/tomohiro/Documents/MWSTAGE/MWSDK/TWENET/current/lib/libTWENET_RED.a(ToCoNet_mod_Tx.o)
 *fill*         0x00000000000808c1        0x3 00
 .rodata.asStateFuncTbl
                0x00000000000808c4       0x38 /Users/tomohiro/Documents/MWSTAGE/MWSDK/TWENET/current/lib/libTWENET_RED.a(ToCoNet_mod_Tx.o)
 .rodata.str1.1
                0x00000000000808fc       0x2e /Users/tomohiro/Documents/MWSTAGE/Tools/ba-elf-ba2-r36379/bin/../lib/gcc/ba-elf/4.7.4/../../../../ba-elf/lib/libc.a(lib_a-svfprintf.o)
                                         0x34 (size before relaxing)
 .rodata        0x000000000008092a       0x20 /Users/tomohiro/Documents/MWSTAGE/Tools/ba-elf-ba2-r36379/bin/../lib/gcc/ba-elf/4.7.4/../../../../ba-elf/lib/libc.a(lib_a-svfprintf.o)
 .rodata.str1.1
                0x000000000008094a        0xd /Users/tomohiro/Documents/MWSTAGE/Tools/ba-elf-ba2-r36379/bin/../lib/gcc/ba-elf/4.7.4/../../../../ba-elf/lib/libc.a(lib_a-dtoa.o)
                                          0xf (size before relaxing)
 .rodata.str1.1
                0x0000000000080957        0x2 /Users/tomohiro/Documents/MWSTAGE/Tools/ba-elf-ba2-r36379/bin/../lib/gcc/ba-elf/4.7.4/../../../../ba-elf/lib/libc.a(lib_a-impure.o)
 .rodata.str1.1
                0x0000000000080959        0x6 /Users/tomohiro/Documents/MWSTAGE/Tools/ba-elf-ba2-r36379/bin/../lib/gcc/ba-elf/4.7.4/../../../../ba-elf/lib/libc.a(lib_a-locale.o)
                                          0xb (size before relaxing)
 *fill*         0x000000000008095f        0x1 00
 .rodata        0x0000000000080960      0x128 /Users/tomohiro/Documents/MWSTAGE/Tools/ba-elf-ba2-r36379/bin/../lib/gcc/ba-elf/4.7.4/../../../../ba-elf/lib/libc.a(lib_a-mprec.o)
                0x0000000000080960                __mprec_tinytens
                0x0000000000080988                __mprec_bigtens
                0x00000000000809b0                __mprec_tens
 .rodata.str1.1
                0x0000000000000000       0x22 /Users/tomohiro/Documents/MWSTAGE/Tools/ba-elf-ba2-r36379/bin/../lib/gcc/ba-elf/4.7.4/../../../../ba-elf/lib/libc.a(lib_a-svfiprintf.o)
 .rodata        0x0000000000080a88       0x20 /Users/tomohiro/Documents/MWSTAGE/Tools/ba-elf-ba2-r36379/bin/../lib/gcc/ba-elf/4.7.4/../../../../ba-elf/lib/libc.a(lib_a-svfiprintf.o)
 .rodata        0x0000000000080aa8       0x19 /Users/tomohiro/Documents/MWSTAGE/Tools/ba-elf-ba2-r36379/bin/../lib/gcc/ba-elf/4.7.4/../../../../ba-elf/lib/libc.a(lib_a-glue.o)

.text           0x0000000000080ac4    0x158e3
 *(.text*)
 .text._ZN3mwx2L110serial_jen5writeEi
                0x0000000000080ac4       0x33 objs_RED/Interrupt.o
                0x0000000000080ac4                mwx::L1::serial_jen::write(int)
 .text._ZN3mwx2L16streamINS0_10serial_jenEElsERNS0_18MWX_Stream_EndLineE.isra.59.constprop.60
                0x0000000000080af7       0x24 objs_RED/Interrupt.o
 .text._ZN9INTERRUPT17transmit_completeERN3mwx2L112packet_ev_txE
                0x0000000000080b1b        0x3 objs_RED/Interrupt.o
                0x0000000000080b1b                INTERRUPT::transmit_complete(mwx::L1::packet_ev_tx&)
 .text._ZN9INTERRUPT17event_dio_handlerILi18EEEvm
                0x0000000000080b1e        0xb objs_RED/Interrupt.o
                0x0000000000080b1e                void INTERRUPT::event_dio_handler<18>(unsigned long)
 .text._ZN9INTERRUPT17int_timer_handlerILi0EEEvmRh
                0x0000000000080b29       0xbf objs_RED/Interrupt.o
                0x0000000000080b29                void INTERRUPT::int_timer_handler<0>(unsigned long, unsigned char&)
 .text._ZN9INTERRUPT17int_timer_handlerILi1EEEvmRh
                0x0000000000080be8       0x20 objs_RED/Interrupt.o
                0x0000000000080be8                void INTERRUPT::int_timer_handler<1>(unsigned long, unsigned char&)
 .text._ZN9INTERRUPT17int_timer_handlerILi2EEEvmRh
                0x0000000000080c08      0x11f objs_RED/Interrupt.o
                0x0000000000080c08                void INTERRUPT::int_timer_handler<2>(unsigned long, unsigned char&)
 .text._ZN9INTERRUPT19event_timer_handlerILi2EEEvm
                0x0000000000080d27       0x88 objs_RED/Interrupt.o
                0x0000000000080d27                void INTERRUPT::event_timer_handler<2>(unsigned long)
 .text._ZN9INTERRUPT17cbTweNet_vHwEventEmm
                0x0000000000080daf       0x1c objs_RED/Interrupt.o
                0x0000000000080daf                INTERRUPT::cbTweNet_vHwEvent(unsigned long, unsigned long)
 .text._ZN9INTERRUPT19processStateMachineEP8_tsEvent7teEventm
                0x0000000000080dcb        0x3 objs_RED/Interrupt.o
                0x0000000000080dcb                INTERRUPT::processStateMachine(_tsEvent*, teEvent, unsigned long)
 .text._ZN3mwx2L16streamINS0_10serial_jenEE6_printEPKc
                0x0000000000080dce       0x21 objs_RED/Interrupt.o
                0x0000000000080dce                mwx::L1::stream<mwx::L1::serial_jen>::_print(char const*)
 .text._ZN9INTERRUPT17int_timer_handlerILi3EEEvmRh
                0x0000000000080def      0x146 objs_RED/Interrupt.o
                0x0000000000080def                void INTERRUPT::int_timer_handler<3>(unsigned long, unsigned char&)
 .text._ZN9INTERRUPT15int_dio_handlerILi18EEEvmRh
                0x0000000000080f35       0x32 objs_RED/Interrupt.o
                0x0000000000080f35                void INTERRUPT::int_dio_handler<18>(unsigned long, unsigned char&)
 *fill*         0x0000000000080f67        0x1 00
 .text._ZN9INTERRUPT16cbTweNet_u8HwIntEmm
                0x0000000000080f68       0x94 objs_RED/Interrupt.o
                0x0000000000080f68                INTERRUPT::cbTweNet_u8HwInt(unsigned long, unsigned long)
 .text._ZL12digitalWritehN3mwx2L111enum_wapperIN9PIN_STATE16eMWX_DIO_HIGHLOWEhEE.isra.1
                0x0000000000080ffc       0x3f objs_RED/LED.o
 .text._Z17Timer_LED_Control9LED_color9LED_flash
                0x000000000008103b       0xc4 objs_RED/LED.o
                0x000000000008103b                Timer_LED_Control(LED_color, LED_flash)
 .text._ZN3mwx2L112appdefs_crtpINS0_9NwkSimpleEE15_cbTweNet_vMainEPv
                0x00000000000810ff        0x3 objs_RED/communication.o
                0x00000000000810ff                mwx::L1::appdefs_crtp<mwx::L1::NwkSimple>::_cbTweNet_vMain(void*)
 .text._ZN3mwx2L112appdefs_crtpINS0_9NwkSimpleEE19_cbTweNet_vNwkEventEPvRNS0_13packet_ev_nwkE
                0x0000000000081102        0x9 objs_RED/communication.o
                0x0000000000081102                mwx::L1::appdefs_crtp<mwx::L1::NwkSimple>::_cbTweNet_vNwkEvent(void*, mwx::L1::packet_ev_nwk&)
 .text._ZN3mwx2L114processev_crtpINS0_9NwkSimpleEE14vProcessEvCoreEP8_tsEvent7teEventm
                0x000000000008110b       0x16 objs_RED/communication.o
                0x000000000008110b                mwx::L1::processev_crtp<mwx::L1::NwkSimple>::vProcessEvCore(_tsEvent*, teEvent, unsigned long)
 .text._ZN3mwx2L112appdefs_crtpINS0_9NwkSimpleEE9_on_eventEPvmRm
                0x0000000000081121       0x18 objs_RED/communication.o
                0x0000000000081121                mwx::L1::appdefs_crtp<mwx::L1::NwkSimple>::_on_event(void*, unsigned long, unsigned long&)
 .text._ZN3mwx2L112appdefs_crtpINS0_9NwkSimpleEE18_cbTweNet_vRxEventEPvRNS0_9packet_rxE
                0x0000000000081139        0x9 objs_RED/communication.o
                0x0000000000081139                mwx::L1::appdefs_crtp<mwx::L1::NwkSimple>::_cbTweNet_vRxEvent(void*, mwx::L1::packet_rx&)
 .text._ZN3mwx2L112appdefs_crtpINS0_9NwkSimpleEE18_cbTweNet_vHwEventEPvmm
                0x0000000000081142        0x9 objs_RED/communication.o
                0x0000000000081142                mwx::L1::appdefs_crtp<mwx::L1::NwkSimple>::_cbTweNet_vHwEvent(void*, unsigned long, unsigned long)
 .text._ZN3mwx2L112appdefs_crtpINS0_9NwkSimpleEE17_cbTweNet_u8HwIntEPvmm
                0x000000000008114b        0x9 objs_RED/communication.o
                0x000000000008114b                mwx::L1::appdefs_crtp<mwx::L1::NwkSimple>::_cbTweNet_u8HwInt(void*, unsigned long, unsigned long)
 .text._ZN3mwx2L111_printobj_1IhE9_do_printEPvPFvcS3_ES3_
                0x0000000000081154       0x15 objs_RED/communication.o
                0x0000000000081154                mwx::L1::_printobj_1<unsigned char>::_do_print(void*, void (*)(char, void*), void*)
 .text._ZN3mwx2L110serial_jen7vOutputEcPv
                0x0000000000081169       0x31 objs_RED/communication.o
                0x0000000000081169                mwx::L1::serial_jen::vOutput(char, void*)
 .text._ZN3mwx2L112appdefs_crtpINS0_9NwkSimpleEE18_cbTweNet_vTxEventEPvRNS0_12packet_ev_txE
                0x000000000008119a       0x1a objs_RED/communication.o
                0x000000000008119a                mwx::L1::appdefs_crtp<mwx::L1::NwkSimple>::_cbTweNet_vTxEvent(void*, mwx::L1::packet_ev_tx&)
 .text._ZN3mwx2L19_printobj8do_printEPFvcPvES2_
                0x00000000000811b4       0x2a objs_RED/communication.o
                0x00000000000811b4                mwx::L1::_printobj::do_print(void (*)(char, void*), void*)
 .text._ZN3mwx2L19packet_txC2Ev
                0x00000000000811de       0x33 objs_RED/communication.o
                0x00000000000811de                mwx::L1::packet_tx::packet_tx()
                0x00000000000811de                mwx::L1::packet_tx::packet_tx()
 .text._ZN3mwx2L19NwkSimpleC2Ev
                0x0000000000081211       0x44 objs_RED/communication.o
                0x0000000000081211                mwx::L1::NwkSimple::NwkSimple()
                0x0000000000081211                mwx::L1::NwkSimple::NwkSimple()
 .text._Z9vTransmitmhh
                0x0000000000081255      0x1b6 objs_RED/communication.o
                0x0000000000081255                vTransmit(unsigned long, unsigned char, unsigned char)
 .text._ZN3mwx2L113_expand_bytesIIRtRmEEEiPKhS5_S2_DpOT_
                0x000000000008140b       0x68 objs_RED/communication.o
                0x000000000008140b                _ZN3mwx2L113_expand_bytesIJRtRmEEEiPKhS5_S2_DpOT_
                0x000000000008140b                int mwx::L1::_expand_bytes<unsigned short&, unsigned long&>(unsigned char const*, unsigned char const*, unsigned short&, unsigned short&, unsigned long&)
 .text._Z12on_rx_packetRN3mwx2L19packet_rxERh
                0x0000000000081473       0x58 objs_RED/communication.o
                0x0000000000081473                on_rx_packet(mwx::L1::packet_rx&, unsigned char&)
 .text._ZL5delaym
                0x00000000000814cb       0x2b objs_RED/lcd.o
 .text._ZN3mwx2L114periph_twowire9busy_waitEv.isra.0
                0x00000000000814f6       0x3c objs_RED/lcd.o
 .text._ZL17delayMicrosecondsm.constprop.6
                0x0000000000081532       0x2a objs_RED/lcd.o
 .text._ZN3mwx2L114periph_twowire14cmd_tx_no_stopEb.isra.3.constprop.8
                0x000000000008155c       0x17 objs_RED/lcd.o
 .text._ZN3mwx2L114periph_twowire5writeEPKhh
                0x0000000000081573       0x51 objs_RED/lcd.o
                0x0000000000081573                mwx::L1::periph_twowire::write(unsigned char const*, unsigned char)
 .text._ZN3mwx2L114periph_twowire17beginTransmissionEh
                0x00000000000815c4       0x31 objs_RED/lcd.o
                0x00000000000815c4                mwx::L1::periph_twowire::beginTransmission(unsigned char)
 .text._ZN3lcd7commandEh
                0x00000000000815f5       0x51 objs_RED/lcd.o
                0x00000000000815f5                lcd::command(unsigned char)
 .text._ZN3lcd4dataEh
                0x0000000000081646       0x54 objs_RED/lcd.o
                0x0000000000081646                lcd::data(unsigned char)
 .text._ZN3lcd5printEPKc
                0x000000000008169a       0x1f objs_RED/lcd.o
                0x000000000008169a                lcd::print(char const*)
 .text._ZN3lcd9setCursorEhh
                0x00000000000816b9       0x2f objs_RED/lcd.o
                0x00000000000816b9                lcd::setCursor(unsigned char, unsigned char)
 .text._ZN3lcd5cleanEv
                0x00000000000816e8       0x10 objs_RED/lcd.o
                0x00000000000816e8                lcd::clean()
 .text._ZN3lcd17defineAntennaBarsEv
                0x00000000000816f8       0x86 objs_RED/lcd.o
                0x00000000000816f8                lcd::defineAntennaBars()
 .text._ZN3lcd5setupEv
                0x000000000008177e       0x65 objs_RED/lcd.o
                0x000000000008177e                lcd::setup()
 .text._ZN3lcd16printAntennaBarsEc
                0x00000000000817e3       0x5c objs_RED/lcd.o
                0x00000000000817e3                lcd::printAntennaBars(char)
 .text._Z17LCD_Timer_Controlv
                0x000000000008183f      0x276 objs_RED/lcd.o
                0x000000000008183f                LCD_Timer_Control()
 .text._ZN3mwx2L112appdefs_crtpI9INTERRUPTE15_cbTweNet_vMainEPv
                0x0000000000081ab5        0x3 objs_RED/main.o
                0x0000000000081ab5                mwx::L1::appdefs_crtp<INTERRUPT>::_cbTweNet_vMain(void*)
 .text._ZN3mwx2L112appdefs_crtpI9INTERRUPTE19_cbTweNet_vNwkEventEPvRNS0_13packet_ev_nwkE
                0x0000000000081ab8        0x3 objs_RED/main.o
                0x0000000000081ab8                mwx::L1::appdefs_crtp<INTERRUPT>::_cbTweNet_vNwkEvent(void*, mwx::L1::packet_ev_nwk&)
 .text._ZN3mwx2L112appdefs_crtpI9INTERRUPTE18_cbTweNet_vRxEventEPvRNS0_9packet_rxE
                0x0000000000081abb        0x3 objs_RED/main.o
                0x0000000000081abb                mwx::L1::appdefs_crtp<INTERRUPT>::_cbTweNet_vRxEvent(void*, mwx::L1::packet_rx&)
 .text._ZN3mwx2L112appdefs_crtpI9INTERRUPTE9_on_eventEPvmRm
                0x0000000000081abe        0x3 objs_RED/main.o
                0x0000000000081abe                mwx::L1::appdefs_crtp<INTERRUPT>::_on_event(void*, unsigned long, unsigned long&)
 .text._ZN3mwx2L114processev_crtpI9INTERRUPTE14vProcessEvCoreEP8_tsEvent7teEventm
                0x0000000000081ac1       0x16 objs_RED/main.o
                0x0000000000081ac1                mwx::L1::processev_crtp<INTERRUPT>::vProcessEvCore(_tsEvent*, teEvent, unsigned long)
 .text._ZN3mwx2L112appdefs_crtpI9INTERRUPTE18_cbTweNet_vTxEventEPvRNS0_12packet_ev_txE
                0x0000000000081ad7        0x9 objs_RED/main.o
                0x0000000000081ad7                mwx::L1::appdefs_crtp<INTERRUPT>::_cbTweNet_vTxEvent(void*, mwx::L1::packet_ev_tx&)
 .text._ZN3mwx2L112appdefs_crtpI9INTERRUPTE18_cbTweNet_vHwEventEPvmm
                0x0000000000081ae0        0x9 objs_RED/main.o
                0x0000000000081ae0                mwx::L1::appdefs_crtp<INTERRUPT>::_cbTweNet_vHwEvent(void*, unsigned long, unsigned long)
 .text._ZN3mwx2L112appdefs_crtpI9INTERRUPTE17_cbTweNet_u8HwIntEPvmm
                0x0000000000081ae9        0x9 objs_RED/main.o
                0x0000000000081ae9                mwx::L1::appdefs_crtp<INTERRUPT>::_cbTweNet_u8HwInt(void*, unsigned long, unsigned long)
 .text._ZN3mwx2L112appdefs_virt5setupEv.part.1
                0x0000000000081af2       0x26 objs_RED/main.o
 .text._ZN3mwx2L16streamINS0_10serial_jenEElsERNS0_18MWX_Stream_EndLineE.isra.28.constprop.31
                0x0000000000081b18       0x24 objs_RED/main.o
 .text._ZN3mwx2L112periph_timer5setupEv
                0x0000000000081b3c       0x2f objs_RED/main.o
                0x0000000000081b3c                mwx::L1::periph_timer::setup()
 .text._ZN3mwx2L112periph_timer5beginEtbb
                0x0000000000081b6b      0x15c objs_RED/main.o
                0x0000000000081b6b                mwx::L1::periph_timer::begin(unsigned short, bool, bool)
 .text._ZN3mwx2L112periph_timer5_stopEv
                0x0000000000081cc7       0x29 objs_RED/main.o
                0x0000000000081cc7                mwx::L1::periph_timer::_stop()
 .text._Z4loopv
                0x0000000000081cf0       0x9f objs_RED/main.o
                0x0000000000081cf0                loop()
 .text._ZN3mwx2L114processev_crtpI9INTERRUPTEC2Ev
                0x0000000000081d8f       0x33 objs_RED/main.o
                0x0000000000081d8f                mwx::L1::processev_crtp<INTERRUPT>::processev_crtp()
                0x0000000000081d8f                mwx::L1::processev_crtp<INTERRUPT>::processev_crtp()
 .text._Z5setupv
                0x0000000000081dc2      0x331 objs_RED/main.o
                0x0000000000081dc2                setup()
 .text.PRSEV_vProcessEv_core
                0x00000000000820f3       0xa2 /Users/tomohiro/Documents/MWSTAGE/MWSDK/TWENET/current/lib/libTWENET_RED.a(ToCoNet_event.o)
 .text.PRSEV_vInit
                0x0000000000082195       0x4a /Users/tomohiro/Documents/MWSTAGE/MWSDK/TWENET/current/lib/libTWENET_RED.a(ToCoNet_event.o)
                0x0000000000082195                PRSEV_vInit
 .text.PRSEV_u8Register
                0x00000000000821df       0x3e /Users/tomohiro/Documents/MWSTAGE/MWSDK/TWENET/current/lib/libTWENET_RED.a(ToCoNet_event.o)
                0x00000000000821df                PRSEV_u8Register
 .text.PRSEV_u8RegisterEx
                0x000000000008221d       0x3e /Users/tomohiro/Documents/MWSTAGE/MWSDK/TWENET/current/lib/libTWENET_RED.a(ToCoNet_event.o)
                0x000000000008221d                PRSEV_u8RegisterEx
 .text.PRSEV_peGetContextH
                0x000000000008225b       0x1c /Users/tomohiro/Documents/MWSTAGE/MWSDK/TWENET/current/lib/libTWENET_RED.a(ToCoNet_event.o)
                0x000000000008225b                PRSEV_peGetContextH
 .text.PRSEV_vSetStateAll
                0x0000000000082277       0x3b /Users/tomohiro/Documents/MWSTAGE/MWSDK/TWENET/current/lib/libTWENET_RED.a(ToCoNet_event.o)
                0x0000000000082277                PRSEV_vSetStateAll
 .text.PRSEV_vSetState
                0x00000000000822b2       0x10 /Users/tomohiro/Documents/MWSTAGE/MWSDK/TWENET/current/lib/libTWENET_RED.a(ToCoNet_event.o)
                0x00000000000822b2                PRSEV_vSetState
 .text.PRSEV_vProcessEvPost
                0x00000000000822c2       0x32 /Users/tomohiro/Documents/MWSTAGE/MWSDK/TWENET/current/lib/libTWENET_RED.a(ToCoNet_event.o)
                0x00000000000822c2                PRSEV_vProcessEvPost
 .text._PRSEV_vProcessEv
                0x00000000000822f4        0xf /Users/tomohiro/Documents/MWSTAGE/MWSDK/TWENET/current/lib/libTWENET_RED.a(ToCoNet_event.o)
                0x00000000000822f4                _PRSEV_vProcessEv
 .text._PRSEV_vProcessEvSingle
                0x0000000000082303        0xd /Users/tomohiro/Documents/MWSTAGE/MWSDK/TWENET/current/lib/libTWENET_RED.a(ToCoNet_event.o)
                0x0000000000082303                _PRSEV_vProcessEvSingle
 .text._PRSEV_vProcessEvSingleH
                0x0000000000082310        0xf /Users/tomohiro/Documents/MWSTAGE/MWSDK/TWENET/current/lib/libTWENET_RED.a(ToCoNet_event.o)
                0x0000000000082310                _PRSEV_vProcessEvSingleH
 .text.PRSEV_bPostEvent
                0x000000000008231f       0x24 /Users/tomohiro/Documents/MWSTAGE/MWSDK/TWENET/current/lib/libTWENET_RED.a(ToCoNet_event.o)
                0x000000000008231f                PRSEV_bPostEvent
 .text.ToCoNet_Event_StateExec
                0x0000000000082343       0x34 /Users/tomohiro/Documents/MWSTAGE/MWSDK/TWENET/current/lib/libTWENET_RED.a(ToCoNet_event.o)
                0x0000000000082343                ToCoNet_Event_StateExec
 .text.vProcessIncomingHwEvent
                0x0000000000082377       0xc5 /Users/tomohiro/Documents/MWSTAGE/MWSDK/TWENET/current/lib/libTWENET_RED.a(ToCoNet_main.o)
 .text.u8HwEventHandler
                0x000000000008243c       0x1d /Users/tomohiro/Documents/MWSTAGE/MWSDK/TWENET/current/lib/libTWENET_RED.a(ToCoNet_main.o)
 .text.vProcessEvCoreMac
                0x0000000000082459       0x67 /Users/tomohiro/Documents/MWSTAGE/MWSDK/TWENET/current/lib/libTWENET_RED.a(ToCoNet_main.o)
                0x0000000000082459                vProcessEvCoreMac
 .text.ToCoNet_vDebugInit
                0x00000000000824c0        0x9 /Users/tomohiro/Documents/MWSTAGE/MWSDK/TWENET/current/lib/libTWENET_RED.a(ToCoNet_main.o)
                0x00000000000824c0                ToCoNet_vDebugInit
 .text.ToCoNet_vDebugLevel
                0x00000000000824c9        0x9 /Users/tomohiro/Documents/MWSTAGE/MWSDK/TWENET/current/lib/libTWENET_RED.a(ToCoNet_main.o)
                0x00000000000824c9                ToCoNet_vDebugLevel
 .text.ToCoNet_vInit
                0x00000000000824d2      0x131 /Users/tomohiro/Documents/MWSTAGE/MWSDK/TWENET/current/lib/libTWENET_RED.a(ToCoNet_main.o)
                0x00000000000824d2                ToCoNet_vInit
 .text.ToCoNet_vStart
                0x0000000000082603      0x3be /Users/tomohiro/Documents/MWSTAGE/MWSDK/TWENET/current/lib/libTWENET_RED.a(ToCoNet_main.o)
                0x0000000000082603                ToCoNet_vStart
 .text.ToCoNet_vMacStart
                0x00000000000829c1        0xe /Users/tomohiro/Documents/MWSTAGE/MWSDK/TWENET/current/lib/libTWENET_RED.a(ToCoNet_main.o)
                0x00000000000829c1                ToCoNet_vMacStart
 .text.ToCoNet_vMain
                0x00000000000829cf      0x214 /Users/tomohiro/Documents/MWSTAGE/MWSDK/TWENET/current/lib/libTWENET_RED.a(ToCoNet_main.o)
                0x00000000000829cf                ToCoNet_vMain
 .text.ToCoNet_vRfConfig
                0x0000000000082be3        0x3 /Users/tomohiro/Documents/MWSTAGE/MWSDK/TWENET/current/lib/libTWENET_RED.a(ToCoNet_main.o)
                0x0000000000082be3                ToCoNet_vRfConfig
 .text.ToCoNet_bMaxTxQueueAvailable
                0x0000000000082be6       0x1b /Users/tomohiro/Documents/MWSTAGE/MWSDK/TWENET/current/lib/libTWENET_RED.a(ToCoNet_main.o)
                0x0000000000082be6                ToCoNet_bMaxTxQueueAvailable
 .text.ToCoNet_bMacTxReq
                0x0000000000082c01      0x123 /Users/tomohiro/Documents/MWSTAGE/MWSDK/TWENET/current/lib/libTWENET_RED.a(ToCoNet_main.o)
                0x0000000000082c01                ToCoNet_bMacTxReq
 .text._ToCoNet_bRaisePanic
                0x0000000000082d24       0x31 /Users/tomohiro/Documents/MWSTAGE/MWSDK/TWENET/current/lib/libTWENET_RED.a(ToCoNet_main.o)
                0x0000000000082d24                _ToCoNet_bRaisePanic
 .text.ToCoNet_u32GetVersion
                0x0000000000082d55       0x21 /Users/tomohiro/Documents/MWSTAGE/MWSDK/TWENET/current/lib/libTWENET_RED.a(ToCoNet_utils.o)
                0x0000000000082d55                ToCoNet_u32GetVersion
 .text.ToCoNet_u16GetPanId
                0x0000000000082d76        0x9 /Users/tomohiro/Documents/MWSTAGE/MWSDK/TWENET/current/lib/libTWENET_RED.a(ToCoNet_utils.o)
                0x0000000000082d76                ToCoNet_u16GetPanId
 .text.ToCoNet_u32GetSerial
                0x0000000000082d7f        0x9 /Users/tomohiro/Documents/MWSTAGE/MWSDK/TWENET/current/lib/libTWENET_RED.a(ToCoNet_utils.o)
                0x0000000000082d7f                ToCoNet_u32GetSerial
 .text.ToCoNet_u32GetRand
                0x0000000000082d88       0x62 /Users/tomohiro/Documents/MWSTAGE/MWSDK/TWENET/current/lib/libTWENET_RED.a(ToCoNet_utils.o)
                0x0000000000082d88                ToCoNet_u32GetRand
 .text.ToCoNet_vRxProc_Mod
                0x0000000000082dea       0x41 /Users/tomohiro/Documents/MWSTAGE/MWSDK/TWENET/current/lib/libTWENET_RED.a(ToCoNet_mod_Nwk_Common.o)
                0x0000000000082dea                ToCoNet_vRxProc_Mod
 .text.ToCoNet_vRxProc_App
                0x0000000000082e2b       0x8c /Users/tomohiro/Documents/MWSTAGE/MWSDK/TWENET/current/lib/libTWENET_RED.a(ToCoNet_mod_Nwk_Common.o)
                0x0000000000082e2b                ToCoNet_vRxProc_App
 .text.ToCoNet_ChMgr_bCh_OnTx
                0x0000000000082eb7       0x69 /Users/tomohiro/Documents/MWSTAGE/MWSDK/TWENET/current/lib/libTWENET_RED.a(ToCoNet_mod_Channel_Mgr.o)
                0x0000000000082eb7                ToCoNet_ChMgr_bCh_OnTx
 .text.ToCoNet_ChMgr_bCh_Reconfig
                0x0000000000082f20       0x69 /Users/tomohiro/Documents/MWSTAGE/MWSDK/TWENET/current/lib/libTWENET_RED.a(ToCoNet_mod_Channel_Mgr.o)
                0x0000000000082f20                ToCoNet_ChMgr_bCh_Reconfig
 .text.ToCoNet_ChMgr_vCh_TxFin
                0x0000000000082f89       0x2c /Users/tomohiro/Documents/MWSTAGE/MWSDK/TWENET/current/lib/libTWENET_RED.a(ToCoNet_mod_Channel_Mgr.o)
                0x0000000000082f89                ToCoNet_ChMgr_vCh_TxFin
 .text.pvFifoPull
                0x0000000000082fb5       0x27 /Users/tomohiro/Documents/MWSTAGE/MWSDK/TWENET/current/lib/libTWENET_RED.a(AppQueueApi_ToCoNet.o)
 .text.psAppQApiGetMcpsBuffer
                0x0000000000082fdc        0x8 /Users/tomohiro/Documents/MWSTAGE/MWSDK/TWENET/current/lib/libTWENET_RED.a(AppQueueApi_ToCoNet.o)
 .text.psAppQApiGetMlmeBuffer
                0x0000000000082fe4        0x8 /Users/tomohiro/Documents/MWSTAGE/MWSDK/TWENET/current/lib/libTWENET_RED.a(AppQueueApi_ToCoNet.o)
 .text.bFifoPush
                0x0000000000082fec       0x39 /Users/tomohiro/Documents/MWSTAGE/MWSDK/TWENET/current/lib/libTWENET_RED.a(AppQueueApi_ToCoNet.o)
 .text.vAppQApiPostMcps
                0x0000000000083025       0x1b /Users/tomohiro/Documents/MWSTAGE/MWSDK/TWENET/current/lib/libTWENET_RED.a(AppQueueApi_ToCoNet.o)
 .text.vAppQApiPostMlme
                0x0000000000083040       0x1f /Users/tomohiro/Documents/MWSTAGE/MWSDK/TWENET/current/lib/libTWENET_RED.a(AppQueueApi_ToCoNet.o)
 .text.vAppQApiPostHwIntT
                0x000000000008305f       0xbd /Users/tomohiro/Documents/MWSTAGE/MWSDK/TWENET/current/lib/libTWENET_RED.a(AppQueueApi_ToCoNet.o)
 .text.u32AppQApiInitInt_PATCH
                0x000000000008311c        0xa /Users/tomohiro/Documents/MWSTAGE/MWSDK/TWENET/current/lib/libTWENET_RED.a(AppQueueApi_ToCoNet.o)
                0x000000000008311c                u32AppQApiInitInt_PATCH
 .text.u32AppQApiInitNetwork
                0x0000000000083126       0x1f /Users/tomohiro/Documents/MWSTAGE/MWSDK/TWENET/current/lib/libTWENET_RED.a(AppQueueApi_ToCoNet.o)
                0x0000000000083126                u32AppQApiInitNetwork
 .text.u32AppQApiInitT
                0x0000000000083145      0x1b8 /Users/tomohiro/Documents/MWSTAGE/MWSDK/TWENET/current/lib/libTWENET_RED.a(AppQueueApi_ToCoNet.o)
                0x0000000000083145                u32AppQApiInitT
 .text.psAppQApiReadMlmeIndT
                0x00000000000832fd        0x9 /Users/tomohiro/Documents/MWSTAGE/MWSDK/TWENET/current/lib/libTWENET_RED.a(AppQueueApi_ToCoNet.o)
                0x00000000000832fd                psAppQApiReadMlmeIndT
 .text.psAppQApiReadMcpsIndT
                0x0000000000083306        0x9 /Users/tomohiro/Documents/MWSTAGE/MWSDK/TWENET/current/lib/libTWENET_RED.a(AppQueueApi_ToCoNet.o)
                0x0000000000083306                psAppQApiReadMcpsIndT
 .text.psAppQApiReadHwIndT
                0x000000000008330f        0x9 /Users/tomohiro/Documents/MWSTAGE/MWSDK/TWENET/current/lib/libTWENET_RED.a(AppQueueApi_ToCoNet.o)
                0x000000000008330f                psAppQApiReadHwIndT
 .text.vAppQApiReturnMlmeIndBufferT
                0x0000000000083318        0xb /Users/tomohiro/Documents/MWSTAGE/MWSDK/TWENET/current/lib/libTWENET_RED.a(AppQueueApi_ToCoNet.o)
                0x0000000000083318                vAppQApiReturnMlmeIndBufferT
 .text.vAppQApiReturnMcpsIndBufferT
                0x0000000000083323        0xb /Users/tomohiro/Documents/MWSTAGE/MWSDK/TWENET/current/lib/libTWENET_RED.a(AppQueueApi_ToCoNet.o)
                0x0000000000083323                vAppQApiReturnMcpsIndBufferT
 .text.vAppQApiReturnHwIndBufferT
                0x000000000008332e        0xb /Users/tomohiro/Documents/MWSTAGE/MWSDK/TWENET/current/lib/libTWENET_RED.a(AppQueueApi_ToCoNet.o)
                0x000000000008332e                vAppQApiReturnHwIndBufferT
 .text.AppColdStart
                0x0000000000083339      0x4fe /Users/tomohiro/Documents/MWSTAGE/MWSDK/TWENET/current/lib/libTWENEText_RED.a(AppStart.o)
                0x0000000000083339                AppColdStart
 .text._ToCoNet_vMacInit
                0x0000000000083837       0x26 /Users/tomohiro/Documents/MWSTAGE/MWSDK/TWENET/current/lib/libTWENEText_RED.a(AppStart.o)
                0x0000000000083837                _ToCoNet_vMacInit
 .text.AppWarmStart
                0x000000000008385d       0x93 /Users/tomohiro/Documents/MWSTAGE/MWSDK/TWENET/current/lib/libTWENEText_RED.a(AppStart.o)
                0x000000000008385d                AppWarmStart
 .text._ToCoNet_bRfChChannel
                0x00000000000838f0       0x97 /Users/tomohiro/Documents/MWSTAGE/MWSDK/TWENET/current/lib/libTWENEText_RED.a(AppStart.o)
                0x00000000000838f0                _ToCoNet_bRfChChannel
 .text._ToCoNet_vRfConfig
                0x0000000000083987      0x113 /Users/tomohiro/Documents/MWSTAGE/MWSDK/TWENET/current/lib/libTWENEText_RED.a(AppStart.o)
                0x0000000000083987                _ToCoNet_vRfConfig
 .text.ToCoNet_u32GetSerialOnBoot
                0x0000000000083a9a       0x43 /Users/tomohiro/Documents/MWSTAGE/MWSDK/TWENET/current/lib/libTWENEText_RED.a(getMacAddr.o)
                0x0000000000083a9a                ToCoNet_u32GetSerialOnBoot
 .text.Mac_vInit
                0x0000000000083add       0x4c /Users/tomohiro/Documents/MWSTAGE/MWSDK/TWENET/current/lib/libTWENEText_RED.a(mac.o)
                0x0000000000083add                Mac_vInit
 .text.Mac_bRxQueueReg
                0x0000000000083b29       0x38 /Users/tomohiro/Documents/MWSTAGE/MWSDK/TWENET/current/lib/libTWENEText_RED.a(mac.o)
                0x0000000000083b29                Mac_bRxQueueReg
 .text.bEncodeAES
                0x0000000000083b61       0xae /Users/tomohiro/Documents/MWSTAGE/MWSDK/TWENET/current/lib/libTWENEText_RED.a(mac.o)
                0x0000000000083b61                bEncodeAES
 .text.Mac_bTransmit
                0x0000000000083c0f      0x21c /Users/tomohiro/Documents/MWSTAGE/MWSDK/TWENET/current/lib/libTWENEText_RED.a(mac.o)
                0x0000000000083c0f                Mac_bTransmit
 .text.bDecodeAES
                0x0000000000083e2b       0xc9 /Users/tomohiro/Documents/MWSTAGE/MWSDK/TWENET/current/lib/libTWENEText_RED.a(mac.o)
                0x0000000000083e2b                bDecodeAES
 .text.Mac_vHandleMcpsDataInd
                0x0000000000083ef4      0x2de /Users/tomohiro/Documents/MWSTAGE/MWSDK/TWENET/current/lib/libTWENEText_RED.a(mac.o)
                0x0000000000083ef4                Mac_vHandleMcpsDataInd
 .text.Mac_vReset
                0x00000000000841d2       0x1d /Users/tomohiro/Documents/MWSTAGE/MWSDK/TWENET/current/lib/libTWENEText_RED.a(mac.o)
                0x00000000000841d2                Mac_vReset
 .text.Mac_vSetRetry
                0x00000000000841ef       0x18 /Users/tomohiro/Documents/MWSTAGE/MWSDK/TWENET/current/lib/libTWENEText_RED.a(mac.o)
                0x00000000000841ef                Mac_vSetRetry
 .text.Mac_vSetCCA
                0x0000000000084207       0x29 /Users/tomohiro/Documents/MWSTAGE/MWSDK/TWENET/current/lib/libTWENEText_RED.a(mac.o)
                0x0000000000084207                Mac_vSetCCA
 .text.bAES_CCM_DecodeKey
                0x0000000000084230       0x8e /Users/tomohiro/Documents/MWSTAGE/MWSDK/TWENET/current/lib/libTWENEText_RED.a(AES_CCM.o)
                0x0000000000084230                bAES_CCM_DecodeKey
 .text.bAES_CCM_EncodeKey
                0x00000000000842be       0x7f /Users/tomohiro/Documents/MWSTAGE/MWSDK/TWENET/current/lib/libTWENEText_RED.a(AES_CCM.o)
                0x00000000000842be                bAES_CCM_EncodeKey
 .text.bAES_CCM_KeyReg
                0x000000000008433d       0x3f /Users/tomohiro/Documents/MWSTAGE/MWSDK/TWENET/current/lib/libTWENEText_RED.a(AES_CCM.o)
                0x000000000008433d                bAES_CCM_KeyReg
 .text.bAES_CCM_Encode
                0x000000000008437c       0x1e /Users/tomohiro/Documents/MWSTAGE/MWSDK/TWENET/current/lib/libTWENEText_RED.a(AES_CCM.o)
                0x000000000008437c                bAES_CCM_Encode
 .text.bAES_CCM_Decode
                0x000000000008439a       0x1e /Users/tomohiro/Documents/MWSTAGE/MWSDK/TWENET/current/lib/libTWENEText_RED.a(AES_CCM.o)
                0x000000000008439a                bAES_CCM_Decode
 .text.vHandlerPatch
                0x00000000000843b8       0x37 /Users/tomohiro/Documents/MWSTAGE/MWSDK/TWENET/current/lib/libTWENEText_RED.a(no_ack_handler.o)
 .text.vInstallNoAckHandler
                0x00000000000843ef       0x2a /Users/tomohiro/Documents/MWSTAGE/MWSDK/TWENET/current/lib/libTWENEText_RED.a(no_ack_handler.o)
                0x00000000000843ef                vInstallNoAckHandler
 .text.SERIAL_vTxReady
                0x0000000000084419       0x2f /Users/tomohiro/Documents/MWSTAGE/MWSDK/TWENET/current/lib/libTWENETutils_RED.a(serial.o)
                0x0000000000084419                SERIAL_vTxReady
 .text.vRxChar  0x0000000000084448       0x35 /Users/tomohiro/Documents/MWSTAGE/MWSDK/TWENET/current/lib/libTWENETutils_RED.a(serial.o)
 .text.SERIAL_vInitEx
                0x000000000008447d       0x78 /Users/tomohiro/Documents/MWSTAGE/MWSDK/TWENET/current/lib/libTWENETutils_RED.a(serial.o)
                0x000000000008447d                SERIAL_vInitEx
 .text.SERIAL_bTxChar
                0x00000000000844f5       0x8e /Users/tomohiro/Documents/MWSTAGE/MWSDK/TWENET/current/lib/libTWENETutils_RED.a(serial.o)
                0x00000000000844f5                SERIAL_bTxChar
 .text.SERIAL_i16RxChar
                0x0000000000084583       0x41 /Users/tomohiro/Documents/MWSTAGE/MWSDK/TWENET/current/lib/libTWENETutils_RED.a(serial.o)
                0x0000000000084583                SERIAL_i16RxChar
 .text.SERIAL_bRxQueueEmpty
                0x00000000000845c4       0x17 /Users/tomohiro/Documents/MWSTAGE/MWSDK/TWENET/current/lib/libTWENETutils_RED.a(serial.o)
                0x00000000000845c4                SERIAL_bRxQueueEmpty
 .text.SERIAL_vFlush
                0x00000000000845db       0x49 /Users/tomohiro/Documents/MWSTAGE/MWSDK/TWENET/current/lib/libTWENETutils_RED.a(serial.o)
                0x00000000000845db                SERIAL_vFlush
 .text.UART_vHandleUartInterrupt
                0x0000000000084624       0x70 /Users/tomohiro/Documents/MWSTAGE/MWSDK/TWENET/current/lib/libTWENETutils_RED.a(uart.o)
 .text.UART_vInit
                0x0000000000084694      0x1a9 /Users/tomohiro/Documents/MWSTAGE/MWSDK/TWENET/current/lib/libTWENETutils_RED.a(uart.o)
                0x0000000000084694                UART_vInit
 .text.UART_vRtsStopFlow
                0x000000000008483d       0x20 /Users/tomohiro/Documents/MWSTAGE/MWSDK/TWENET/current/lib/libTWENETutils_RED.a(uart.o)
                0x000000000008483d                UART_vRtsStopFlow
 .text.UART_vRtsStartFlow
                0x000000000008485d       0x20 /Users/tomohiro/Documents/MWSTAGE/MWSDK/TWENET/current/lib/libTWENETutils_RED.a(uart.o)
                0x000000000008485d                UART_vRtsStartFlow
 .text.UART_vTxChar
                0x000000000008487d        0x4 /Users/tomohiro/Documents/MWSTAGE/MWSDK/TWENET/current/lib/libTWENETutils_RED.a(uart.o)
                0x000000000008487d                UART_vTxChar
 .text.UART_bTxReady
                0x0000000000084881        0xc /Users/tomohiro/Documents/MWSTAGE/MWSDK/TWENET/current/lib/libTWENETutils_RED.a(uart.o)
                0x0000000000084881                UART_bTxReady
 .text.UART_vSetTxInterrupt
                0x000000000008488d       0x18 /Users/tomohiro/Documents/MWSTAGE/MWSDK/TWENET/current/lib/libTWENETutils_RED.a(uart.o)
                0x000000000008488d                UART_vSetTxInterrupt
 .text.QUEUE__vInit
                0x00000000000848a5       0x12 /Users/tomohiro/Documents/MWSTAGE/MWSDK/TWENET/current/lib/libTWENETutils_RED.a(ByteQueue.o)
                0x00000000000848a5                QUEUE__vInit
 .text.QUEUE__vAddItem
                0x00000000000848b7       0x71 /Users/tomohiro/Documents/MWSTAGE/MWSDK/TWENET/current/lib/libTWENETutils_RED.a(ByteQueue.o)
                0x00000000000848b7                QUEUE__vAddItem
 .text.QUEUE__u8RemoveItem
                0x0000000000084928       0x6c /Users/tomohiro/Documents/MWSTAGE/MWSDK/TWENET/current/lib/libTWENETutils_RED.a(ByteQueue.o)
                0x0000000000084928                QUEUE__u8RemoveItem
 .text.QUEUE__vFlush
                0x0000000000084994       0x1f /Users/tomohiro/Documents/MWSTAGE/MWSDK/TWENET/current/lib/libTWENETutils_RED.a(ByteQueue.o)
                0x0000000000084994                QUEUE__vFlush
 .text.QUEUE__u16Count
                0x00000000000849b3        0x6 /Users/tomohiro/Documents/MWSTAGE/MWSDK/TWENET/current/lib/libTWENETutils_RED.a(ByteQueue.o)
                0x00000000000849b3                QUEUE__u16Count
 .text.u8CCITT8
                0x00000000000849b9       0x26 /Users/tomohiro/Documents/MWSTAGE/MWSDK/TWENET/current/lib/libTWENETutils_RED.a(ccitt8.o)
                0x00000000000849b9                u8CCITT8
 .text.s_div_by
                0x00000000000849df       0x31 /Users/tomohiro/Documents/MWSTAGE/MWSDK/TWENET/current/lib/libTWENETutils_RED.a(utils.o)
                0x00000000000849df                s_div_by
 .text.vTimerChangeHzCore.part.0
                0x0000000000084a10       0x34 /Users/tomohiro/Documents/MWSTAGE/MWSDK/TWENET/current/lib/libTWENETutils_RED.a(utils.o)
 *fill*         0x0000000000084a44        0x0 00
 .text.vTimerConfig
                0x0000000000084a44      0x168 /Users/tomohiro/Documents/MWSTAGE/MWSDK/TWENET/current/lib/libTWENETutils_RED.a(utils.o)
                0x0000000000084a44                vTimerConfig
 .text.vTimerStart
                0x0000000000084bac       0x8c /Users/tomohiro/Documents/MWSTAGE/MWSDK/TWENET/current/lib/libTWENETutils_RED.a(utils.o)
                0x0000000000084bac                vTimerStart
 .text.vTimerChangeHzEx
                0x0000000000084c38       0x25 /Users/tomohiro/Documents/MWSTAGE/MWSDK/TWENET/current/lib/libTWENETutils_RED.a(utils.o)
                0x0000000000084c38                vTimerChangeHzEx
 .text.vTimerStop
                0x0000000000084c5d       0x2f /Users/tomohiro/Documents/MWSTAGE/MWSDK/TWENET/current/lib/libTWENETutils_RED.a(utils.o)
                0x0000000000084c5d                vTimerStop
 .text.vTimerDisable
                0x0000000000084c8c       0x2a /Users/tomohiro/Documents/MWSTAGE/MWSDK/TWENET/current/lib/libTWENETutils_RED.a(utils.o)
                0x0000000000084c8c                vTimerDisable
 .text.TWEINTRCT_bIsVerbose
                0x0000000000084cb6        0x9 /Users/tomohiro/Documents/MWSTAGE/MWSDK/TWENET/current/lib/libTWENETstgs_RED.a(tweinteractive.o)
                0x0000000000084cb6                TWEINTRCT_bIsVerbose
 .text.vOutputStream
                0x0000000000084cbf        0xc /Users/tomohiro/Documents/MWSTAGE/MWSDK/TWENET/current/lib/libTWENETstgs_RED.a(tweprintf.o)
 .text.TWE_fprintf
                0x0000000000084ccb       0x31 /Users/tomohiro/Documents/MWSTAGE/MWSDK/TWENET/current/lib/libTWENETstgs_RED.a(tweprintf.o)
                0x0000000000084ccb                TWE_fprintf
 .text.TWE_vfprintf
                0x0000000000084cfc       0x21 /Users/tomohiro/Documents/MWSTAGE/MWSDK/TWENET/current/lib/libTWENETstgs_RED.a(tweprintf.o)
                0x0000000000084cfc                TWE_vfprintf
 .text.TWESYSUTL_vWaitPoll
                0x0000000000084d1d       0xa0 /Users/tomohiro/Documents/MWSTAGE/MWSDK/TWENET/current/lib/libTWENETstgs_RED.a(twesysutils.o)
                0x0000000000084d1d                TWESYSUTL_vWaitPoll
 .text.TWESYSUTL_vWaitPollMicro
                0x0000000000084dbd       0x67 /Users/tomohiro/Documents/MWSTAGE/MWSDK/TWENET/current/lib/libTWENETstgs_RED.a(twesysutils.o)
                0x0000000000084dbd                TWESYSUTL_vWaitPollMicro
 .text._out_null
                0x0000000000084e24        0x3 /Users/tomohiro/Documents/MWSTAGE/MWSDK/TWENET/current/lib/libTWENETstgs_RED.a(printf.o)
 .text._out_rev
                0x0000000000084e27       0xbc /Users/tomohiro/Documents/MWSTAGE/MWSDK/TWENET/current/lib/libTWENETstgs_RED.a(printf.o)
 .text._ntoa_format
                0x0000000000084ee3      0x1b2 /Users/tomohiro/Documents/MWSTAGE/MWSDK/TWENET/current/lib/libTWENETstgs_RED.a(printf.o)
 .text._ntoa_long
                0x0000000000085095       0xb6 /Users/tomohiro/Documents/MWSTAGE/MWSDK/TWENET/current/lib/libTWENETstgs_RED.a(printf.o)
 .text._ntoa_long_long
                0x000000000008514b       0xcf /Users/tomohiro/Documents/MWSTAGE/MWSDK/TWENET/current/lib/libTWENETstgs_RED.a(printf.o)
 .text._out_fct
                0x000000000008521a       0x15 /Users/tomohiro/Documents/MWSTAGE/MWSDK/TWENET/current/lib/libTWENETstgs_RED.a(printf.o)
 .text._ftoa    0x000000000008522f      0x417 /Users/tomohiro/Documents/MWSTAGE/MWSDK/TWENET/current/lib/libTWENETstgs_RED.a(printf.o)
 .text._etoa    0x0000000000085646      0x3e6 /Users/tomohiro/Documents/MWSTAGE/MWSDK/TWENET/current/lib/libTWENETstgs_RED.a(printf.o)
 *fill*         0x0000000000085a2c        0x0 00
 .text._vsnprintf
                0x0000000000085a2c      0x98c /Users/tomohiro/Documents/MWSTAGE/MWSDK/TWENET/current/lib/libTWENETstgs_RED.a(printf.o)
                0x0000000000085a2c                _vsnprintf
 .text.fctprintf
                0x00000000000863b8       0x2a /Users/tomohiro/Documents/MWSTAGE/MWSDK/TWENET/current/lib/libTWENETstgs_RED.a(printf.o)
                0x00000000000863b8                fctprintf
 .text.fctvprintf
                0x00000000000863e2       0x1f /Users/tomohiro/Documents/MWSTAGE/MWSDK/TWENET/current/lib/libTWENETstgs_RED.a(printf.o)
                0x00000000000863e2                fctvprintf
 .text.MWX_DebugMsg
                0x0000000000086401       0x43 /Users/tomohiro/Documents/MWSTAGE/MWSDK/TWENET/current/lib/libmwx_RED.a(mwx_debug.o)
                0x0000000000086401                MWX_DebugMsg
 .text.MWX_Panic
                0x0000000000086444       0x4f /Users/tomohiro/Documents/MWSTAGE/MWSDK/TWENET/current/lib/libmwx_RED.a(mwx_debug.o)
                0x0000000000086444                MWX_Panic
 .text._ZN3mwx2L110serial_jen13_set_baudrateEt.isra.2
                0x0000000000086493       0xa7 /Users/tomohiro/Documents/MWSTAGE/MWSDK/TWENET/current/lib/libmwx_RED.a(mwx_appcore.o)
 .text._ZN3mwx2L110serial_jen6_beginEv.part.25
                0x000000000008653a       0x5a /Users/tomohiro/Documents/MWSTAGE/MWSDK/TWENET/current/lib/libmwx_RED.a(mwx_appcore.o)
 .text._ZN3mwx2L110serial_jen10_on_wakeupEv.part.27
                0x0000000000086594       0x79 /Users/tomohiro/Documents/MWSTAGE/MWSDK/TWENET/current/lib/libmwx_RED.a(mwx_appcore.o)
 .text._ZN3mwx2L110serial_jenC2Eh
                0x000000000008660d       0x30 /Users/tomohiro/Documents/MWSTAGE/MWSDK/TWENET/current/lib/libmwx_RED.a(mwx_appcore.o)
                0x000000000008660d                mwx::L1::serial_jen::serial_jen(unsigned char)
                0x000000000008660d                mwx::L1::serial_jen::serial_jen(unsigned char)
 .text._ZN3mwx2L112appdefs_virt19cbToCoNet_vNwkEventERNS0_13packet_ev_nwkE
                0x000000000008663d       0x18 /Users/tomohiro/Documents/MWSTAGE/MWSDK/TWENET/current/lib/libmwx_RED.a(mwx_appcore.o)
                0x000000000008663d                mwx::L1::appdefs_virt::cbToCoNet_vNwkEvent(mwx::L1::packet_ev_nwk&)
 .text._ZN3mwx2L112appdefs_virt18cbToCoNet_vRxEventERNS0_9packet_rxE
                0x0000000000086655       0x18 /Users/tomohiro/Documents/MWSTAGE/MWSDK/TWENET/current/lib/libmwx_RED.a(mwx_appcore.o)
                0x0000000000086655                mwx::L1::appdefs_virt::cbToCoNet_vRxEvent(mwx::L1::packet_rx&)
 .text._ZN3mwx2L112appdefs_virt18cbToCoNet_vTxEventERNS0_12packet_ev_txE
                0x000000000008666d       0x18 /Users/tomohiro/Documents/MWSTAGE/MWSDK/TWENET/current/lib/libmwx_RED.a(mwx_appcore.o)
                0x000000000008666d                mwx::L1::appdefs_virt::cbToCoNet_vTxEvent(mwx::L1::packet_ev_tx&)
 .text._ZN3mwx2L112appdefs_virt18cbToCoNet_vHwEventEmm
                0x0000000000086685       0x18 /Users/tomohiro/Documents/MWSTAGE/MWSDK/TWENET/current/lib/libmwx_RED.a(mwx_appcore.o)
                0x0000000000086685                mwx::L1::appdefs_virt::cbToCoNet_vHwEvent(unsigned long, unsigned long)
 .text._ZN3mwx2L112appdefs_virt8on_eventEmRm
                0x000000000008669d       0x18 /Users/tomohiro/Documents/MWSTAGE/MWSDK/TWENET/current/lib/libmwx_RED.a(mwx_appcore.o)
                0x000000000008669d                mwx::L1::appdefs_virt::on_event(unsigned long, unsigned long&)
 .text._ZN3mwx2L114periph_twowireC2Eh
                0x00000000000866b5       0x3d /Users/tomohiro/Documents/MWSTAGE/MWSDK/TWENET/current/lib/libmwx_RED.a(mwx_appcore.o)
                0x00000000000866b5                mwx::L1::periph_twowire::periph_twowire(unsigned char)
                0x00000000000866b5                mwx::L1::periph_twowire::periph_twowire(unsigned char)
 .text._ZN3mwx2L112periph_timer10_on_wakeupEv
                0x00000000000866f2       0x44 /Users/tomohiro/Documents/MWSTAGE/MWSDK/TWENET/current/lib/libmwx_RED.a(mwx_appcore.o)
                0x00000000000866f2                mwx::L1::periph_timer::_on_wakeup()
 .text._ZN3mwx2L115periph_analogueC2Ev
                0x0000000000086736       0x2b /Users/tomohiro/Documents/MWSTAGE/MWSDK/TWENET/current/lib/libmwx_RED.a(mwx_appcore.o)
                0x0000000000086736                mwx::L1::periph_analogue::periph_analogue()
                0x0000000000086736                mwx::L1::periph_analogue::periph_analogue()
 .text._ZN3mwx2L115periph_analogue5setupEbhPFvvE
                0x0000000000086761       0x5f /Users/tomohiro/Documents/MWSTAGE/MWSDK/TWENET/current/lib/libmwx_RED.a(mwx_appcore.o)
                0x0000000000086761                mwx::L1::periph_analogue::setup(bool, unsigned char, void (*)())
 .text._ZN3mwx2L115periph_analogue10_adc_startEv
                0x00000000000867c0       0x55 /Users/tomohiro/Documents/MWSTAGE/MWSDK/TWENET/current/lib/libmwx_RED.a(mwx_appcore.o)
                0x00000000000867c0                mwx::L1::periph_analogue::_adc_start()
 .text._ZN3mwx2L123twenet_tx_cb_managementC2Ev
                0x0000000000086815       0x1e /Users/tomohiro/Documents/MWSTAGE/MWSDK/TWENET/current/lib/libmwx_RED.a(mwx_appcore.o)
                0x0000000000086815                mwx::L1::twenet_tx_cb_management::twenet_tx_cb_management()
                0x0000000000086815                mwx::L1::twenet_tx_cb_management::twenet_tx_cb_management()
 .text._ZN3mwx2L122twenet_rx_packet_queue5_pushERNS0_9packet_rxE
                0x0000000000086833       0x96 /Users/tomohiro/Documents/MWSTAGE/MWSDK/TWENET/current/lib/libmwx_RED.a(mwx_appcore.o)
                0x0000000000086833                mwx::L1::twenet_rx_packet_queue::_push(mwx::L1::packet_rx&)
 .text._Z13init_coldbootv
                0x00000000000868c9        0x3 /Users/tomohiro/Documents/MWSTAGE/MWSDK/TWENET/current/lib/libmwx_RED.a(mwx_appcore.o)
                0x00000000000868c9                init_coldboot()
 .text._Z13init_warmbootv
                0x00000000000868cc        0x3 /Users/tomohiro/Documents/MWSTAGE/MWSDK/TWENET/current/lib/libmwx_RED.a(mwx_appcore.o)
                0x00000000000868cc                init_warmboot()
 .text._Z6wakeupv
                0x00000000000868cf        0x3 /Users/tomohiro/Documents/MWSTAGE/MWSDK/TWENET/current/lib/libmwx_RED.a(mwx_appcore.o)
                0x00000000000868cf                wakeup()
 .text._Z5beginv
                0x00000000000868d2        0x3 /Users/tomohiro/Documents/MWSTAGE/MWSDK/TWENET/current/lib/libmwx_RED.a(mwx_appcore.o)
                0x00000000000868d2                begin()
 .text.cbToCoNet_vMain
                0x00000000000868d5       0xb4 /Users/tomohiro/Documents/MWSTAGE/MWSDK/TWENET/current/lib/libmwx_RED.a(mwx_appcore.o)
                0x00000000000868d5                cbToCoNet_vMain
 .text.cbToCoNet_vNwkEvent
                0x0000000000086989       0x90 /Users/tomohiro/Documents/MWSTAGE/MWSDK/TWENET/current/lib/libmwx_RED.a(mwx_appcore.o)
                0x0000000000086989                cbToCoNet_vNwkEvent
 *fill*         0x0000000000086a19        0x3 00
 .text.cbToCoNet_vHwEvent
                0x0000000000086a1c      0x160 /Users/tomohiro/Documents/MWSTAGE/MWSDK/TWENET/current/lib/libmwx_RED.a(mwx_appcore.o)
                0x0000000000086a1c                cbToCoNet_vHwEvent
 .text.cbToCoNet_u8HwInt
                0x0000000000086b7c       0x94 /Users/tomohiro/Documents/MWSTAGE/MWSDK/TWENET/current/lib/libmwx_RED.a(mwx_appcore.o)
                0x0000000000086b7c                cbToCoNet_u8HwInt
 .text._Z16_MWX_periph_initv
                0x0000000000086c10       0xef /Users/tomohiro/Documents/MWSTAGE/MWSDK/TWENET/current/lib/libmwx_RED.a(mwx_appcore.o)
                0x0000000000086c10                _MWX_periph_init()
 .text._Z14_MWX_vOnWakeupv
                0x0000000000086cff      0x1b6 /Users/tomohiro/Documents/MWSTAGE/MWSDK/TWENET/current/lib/libmwx_RED.a(mwx_appcore.o)
                0x0000000000086cff                _MWX_vOnWakeup()
 .text.cbAppWarmStart
                0x0000000000086eb5       0xe6 /Users/tomohiro/Documents/MWSTAGE/MWSDK/TWENET/current/lib/libmwx_RED.a(mwx_appcore.o)
                0x0000000000086eb5                cbAppWarmStart
 .text.cbToCoNet_vRxEvent
                0x0000000000086f9b       0xc1 /Users/tomohiro/Documents/MWSTAGE/MWSDK/TWENET/current/lib/libmwx_RED.a(mwx_appcore.o)
                0x0000000000086f9b                cbToCoNet_vRxEvent
 .text._Z10on_tx_compRN3mwx2L112packet_ev_txERh
                0x000000000008705c        0x6 /Users/tomohiro/Documents/MWSTAGE/MWSDK/TWENET/current/lib/libmwx_RED.a(mwx_appcore.o)
                0x000000000008705c                on_tx_comp(mwx::L1::packet_ev_tx&, unsigned char&)
 .text.cbToCoNet_vTxEvent
                0x0000000000087062      0x157 /Users/tomohiro/Documents/MWSTAGE/MWSDK/TWENET/current/lib/libmwx_RED.a(mwx_appcore.o)
                0x0000000000087062                cbToCoNet_vTxEvent
 .text._ZN3mwx2L113serial_parserINS0_10alloc_heapIhEEEC2Ev
                0x00000000000871b9       0x22 /Users/tomohiro/Documents/MWSTAGE/MWSDK/TWENET/current/lib/libmwx_RED.a(mwx_appcore.o)
                0x00000000000871b9                mwx::L1::serial_parser<mwx::L1::alloc_heap<unsigned char> >::serial_parser()
                0x00000000000871b9                mwx::L1::serial_parser<mwx::L1::alloc_heap<unsigned char> >::serial_parser()
 .text._ZN3mwx2L111alloc_localISt4pairINS0_9packet_rxE11tsRxDataAppELi2EEC2Ev
                0x00000000000871db       0x47 /Users/tomohiro/Documents/MWSTAGE/MWSDK/TWENET/current/lib/libmwx_RED.a(mwx_appcore.o)
                0x00000000000871db                mwx::L1::alloc_local<std::pair<mwx::L1::packet_rx, tsRxDataApp>, 2>::alloc_local()
                0x00000000000871db                mwx::L1::alloc_local<std::pair<mwx::L1::packet_rx, tsRxDataApp>, 2>::alloc_local()
 .text._ZN3mwx2L16twenetC2Ev
                0x0000000000087222       0x71 /Users/tomohiro/Documents/MWSTAGE/MWSDK/TWENET/current/lib/libmwx_RED.a(mwx_appcore.o)
                0x0000000000087222                mwx::L1::twenet::twenet()
                0x0000000000087222                mwx::L1::twenet::twenet()
 .text.cbAppColdStart
                0x0000000000087293      0x19f /Users/tomohiro/Documents/MWSTAGE/MWSDK/TWENET/current/lib/libmwx_RED.a(mwx_appcore.o)
                0x0000000000087293                cbAppColdStart
 .text._Znwm    0x0000000000087432       0x25 /Users/tomohiro/Documents/MWSTAGE/MWSDK/TWENET/current/lib/libmwx_RED.a(mwx_memory.o)
                0x0000000000087432                operator new(unsigned long)
 .text._Znam    0x0000000000087457        0x2 /Users/tomohiro/Documents/MWSTAGE/MWSDK/TWENET/current/lib/libmwx_RED.a(mwx_memory.o)
                0x0000000000087457                operator new[](unsigned long)
 *fill*         0x0000000000087459        0x3 00
 .text._Z7pinModehN3mwx2L111enum_wapperIN8PIN_MODE13eMWX_DIO_MODEEhEE
                0x000000000008745c      0x184 /Users/tomohiro/Documents/MWSTAGE/MWSDK/TWENET/current/lib/libmwx_RED.a(mwx_periph_dio.o)
                0x000000000008745c                pinMode(unsigned char, mwx::L1::enum_wapper<PIN_MODE::eMWX_DIO_MODE, unsigned char>)
 .text._Z12attachIntDiohN3mwx2L111enum_wapperIN12PIN_INT_MODE16eMWX_DIO_INTMODEEhEE
                0x00000000000875e0       0x31 /Users/tomohiro/Documents/MWSTAGE/MWSDK/TWENET/current/lib/libmwx_RED.a(mwx_periph_dio.o)
                0x00000000000875e0                attachIntDio(unsigned char, mwx::L1::enum_wapper<PIN_INT_MODE::eMWX_DIO_INTMODE, unsigned char>)
 .text._Z12detachIntDioh
                0x0000000000087611        0xa /Users/tomohiro/Documents/MWSTAGE/MWSDK/TWENET/current/lib/libmwx_RED.a(mwx_periph_dio.o)
                0x0000000000087611                detachIntDio(unsigned char)
 .text._ZN3mwx2L114periph_buttons5beginEmht
                0x000000000008761b       0x70 /Users/tomohiro/Documents/MWSTAGE/MWSDK/TWENET/current/lib/libmwx_RED.a(mwx_periph_buttons.o)
                0x000000000008761b                mwx::L1::periph_buttons::begin(unsigned long, unsigned char, unsigned short)
 .text._ZN3mwx2L114periph_buttons6_checkEv
                0x000000000008768b       0xf8 /Users/tomohiro/Documents/MWSTAGE/MWSDK/TWENET/current/lib/libmwx_RED.a(mwx_periph_buttons.o)
                0x000000000008768b                mwx::L1::periph_buttons::_check()
 .text._ZN3mwx2L115periph_analogue11ADC_handlerEmm
                0x0000000000087783       0x9a /Users/tomohiro/Documents/MWSTAGE/MWSDK/TWENET/current/lib/libmwx_RED.a(mwx_periph_analogue.o)
                0x0000000000087783                mwx::L1::periph_analogue::ADC_handler(unsigned long, unsigned long)
 .text._ZN3mwx2L110twenet_mac8transmitERNS0_9packet_txE
                0x000000000008781d       0xb6 /Users/tomohiro/Documents/MWSTAGE/MWSDK/TWENET/current/lib/libmwx_RED.a(mwx_nwk_simple.o)
                0x000000000008781d                mwx::L1::twenet_mac::transmit(mwx::L1::packet_tx&)
 .text._ZN3mwx2L19NwkSimple9on_createERm
                0x00000000000878d3       0x50 /Users/tomohiro/Documents/MWSTAGE/MWSDK/TWENET/current/lib/libmwx_RED.a(mwx_nwk_simple.o)
                0x00000000000878d3                mwx::L1::NwkSimple::on_create(unsigned long&)
 .text._ZN3mwx2L19NwkSimple8on_beginERm
                0x0000000000087923       0x3e /Users/tomohiro/Documents/MWSTAGE/MWSDK/TWENET/current/lib/libmwx_RED.a(mwx_nwk_simple.o)
                0x0000000000087923                mwx::L1::NwkSimple::on_begin(unsigned long&)
 .text._ZN3mwx2L19NwkSimple8transmitERNS0_20packet_tx_nwk_simpleIS1_EE
                0x0000000000087961      0x158 /Users/tomohiro/Documents/MWSTAGE/MWSDK/TWENET/current/lib/libmwx_RED.a(mwx_nwk_simple.o)
                0x0000000000087961                mwx::L1::NwkSimple::transmit(mwx::L1::packet_tx_nwk_simple<mwx::L1::NwkSimple>&)
 .text._ZN3mwx2L19NwkSimple16cbTweNet_u8HwIntEmm
                0x0000000000087ab9        0x5 /Users/tomohiro/Documents/MWSTAGE/MWSDK/TWENET/current/lib/libmwx_RED.a(mwx_nwk_simple.o)
                0x0000000000087ab9                mwx::L1::NwkSimple::cbTweNet_u8HwInt(unsigned long, unsigned long)
 .text._ZN3mwx2L19NwkSimple17cbTweNet_vHwEventEmm
                0x0000000000087abe        0x3 /Users/tomohiro/Documents/MWSTAGE/MWSDK/TWENET/current/lib/libmwx_RED.a(mwx_nwk_simple.o)
                0x0000000000087abe                mwx::L1::NwkSimple::cbTweNet_vHwEvent(unsigned long, unsigned long)
 .text._ZN3mwx2L19NwkSimple19processStateMachineEP8_tsEvent7teEventm
                0x0000000000087ac1       0x26 /Users/tomohiro/Documents/MWSTAGE/MWSDK/TWENET/current/lib/libmwx_RED.a(mwx_nwk_simple.o)
                0x0000000000087ac1                mwx::L1::NwkSimple::processStateMachine(_tsEvent*, teEvent, unsigned long)
 .text._ZN3mwx2L113_expand_bytesIIRmRhEEEiPKhS5_S2_DpOT_
                0x0000000000087ae7       0x71 /Users/tomohiro/Documents/MWSTAGE/MWSDK/TWENET/current/lib/libmwx_RED.a(mwx_nwk_simple.o)
                0x0000000000087ae7                _ZN3mwx2L113_expand_bytesIJRmRhEEEiPKhS5_S2_DpOT_
                0x0000000000087ae7                int mwx::L1::_expand_bytes<unsigned long&, unsigned char&>(unsigned char const*, unsigned char const*, unsigned long&, unsigned long&, unsigned char&)
 .text._ZN3mwx2L19NwkSimple7receiveERNS0_9packet_rxE
                0x0000000000087b58      0x294 /Users/tomohiro/Documents/MWSTAGE/MWSDK/TWENET/current/lib/libmwx_RED.a(mwx_nwk_simple.o)
                0x0000000000087b58                mwx::L1::NwkSimple::receive(mwx::L1::packet_rx&)
 .text._ZN3mwx2L117duplciate_checker14_node_ele_initEPNS1_9_node_eleE
                0x0000000000087dec       0x1f /Users/tomohiro/Documents/MWSTAGE/MWSDK/TWENET/current/lib/libmwx_RED.a(mwx_duplicate_checker.o)
                0x0000000000087dec                mwx::L1::duplciate_checker::_node_ele_init(mwx::L1::duplciate_checker::_node_ele*)
 .text._ZN3mwx2L117duplciate_checker5beginEv
                0x0000000000087e0b       0xab /Users/tomohiro/Documents/MWSTAGE/MWSDK/TWENET/current/lib/libmwx_RED.a(mwx_duplicate_checker.o)
                0x0000000000087e0b                mwx::L1::duplciate_checker::begin()
 .text._ZN3mwx2L117duplciate_checker15_node_ele_cleanEPNS1_9_node_eleE
                0x0000000000087eb6       0x52 /Users/tomohiro/Documents/MWSTAGE/MWSDK/TWENET/current/lib/libmwx_RED.a(mwx_duplicate_checker.o)
                0x0000000000087eb6                mwx::L1::duplciate_checker::_node_ele_clean(mwx::L1::duplciate_checker::_node_ele*)
 .text._ZN3mwx2L117duplciate_checker5cleanEv
                0x0000000000087f08       0x51 /Users/tomohiro/Documents/MWSTAGE/MWSDK/TWENET/current/lib/libmwx_RED.a(mwx_duplicate_checker.o)
                0x0000000000087f08                mwx::L1::duplciate_checker::clean()
 .text._ZN3mwx2L117duplciate_checker13_node_ele_addEPNS1_9_node_eleEh
                0x0000000000087f59       0x38 /Users/tomohiro/Documents/MWSTAGE/MWSDK/TWENET/current/lib/libmwx_RED.a(mwx_duplicate_checker.o)
                0x0000000000087f59                mwx::L1::duplciate_checker::_node_ele_add(mwx::L1::duplciate_checker::_node_ele*, unsigned char)
 .text._ZN3mwx2L117duplciate_checker3addEmh
                0x0000000000087f91      0x1e6 /Users/tomohiro/Documents/MWSTAGE/MWSDK/TWENET/current/lib/libmwx_RED.a(mwx_duplicate_checker.o)
                0x0000000000087f91                mwx::L1::duplciate_checker::add(unsigned long, unsigned char)
 .text.pvAppApiDefGetMacHandle
                0x0000000000088177        0x9 /Users/tomohiro/Documents/MWSTAGE/MWSDK/ChipLib/SW4063V1416/Components/Library/libAppApi_JN5169.a(AppApi.o)
                0x0000000000088177                pvAppApiDefGetMacHandle
 .text.vAppApiDefMlmeRequest
                0x0000000000088180       0x2f /Users/tomohiro/Documents/MWSTAGE/MWSDK/ChipLib/SW4063V1416/Components/Library/libAppApi_JN5169.a(AppApi.o)
                0x0000000000088180                vAppApiDefMlmeRequest
 .text.vAppApiDefMcpsRequest
                0x00000000000881af       0x2f /Users/tomohiro/Documents/MWSTAGE/MWSDK/ChipLib/SW4063V1416/Components/Library/libAppApi_JN5169.a(AppApi.o)
                0x00000000000881af                vAppApiDefMcpsRequest
 .text.eAppApiDefPlmeSet
                0x00000000000881de       0x2d /Users/tomohiro/Documents/MWSTAGE/MWSDK/ChipLib/SW4063V1416/Components/Library/libAppApi_JN5169.a(AppApi.o)
                0x00000000000881de                eAppApiDefPlmeSet
 .text.eAppApiDefPlmeGet
                0x000000000008820b       0x2d /Users/tomohiro/Documents/MWSTAGE/MWSDK/ChipLib/SW4063V1416/Components/Library/libAppApi_JN5169.a(AppApi.o)
                0x000000000008820b                eAppApiDefPlmeGet
 .text.vAppApiDefPowerUp
                0x0000000000088238       0x1d /Users/tomohiro/Documents/MWSTAGE/MWSDK/ChipLib/SW4063V1416/Components/Library/libAppApi_JN5169.a(AppApi.o)
                0x0000000000088238                vAppApiDefPowerUp
 .text.vAppApiDefStartStack
                0x0000000000088255       0x51 /Users/tomohiro/Documents/MWSTAGE/MWSDK/ChipLib/SW4063V1416/Components/Library/libAppApi_JN5169.a(AppApi.o)
                0x0000000000088255                vAppApiDefStartStack
 .text.vAppApiDefSetPrbsSeed
                0x00000000000882a6       0x24 /Users/tomohiro/Documents/MWSTAGE/MWSDK/ChipLib/SW4063V1416/Components/Library/libAppApi_JN5169.a(AppApi.o)
                0x00000000000882a6                vAppApiDefSetPrbsSeed
 .text.vAppApiDefSetInterrupts
                0x00000000000882ca       0x34 /Users/tomohiro/Documents/MWSTAGE/MWSDK/ChipLib/SW4063V1416/Components/Library/libAppApi_JN5169.a(AppApi.o)
                0x00000000000882ca                vAppApiDefSetInterrupts
 .text.u32AppApiDefInit
                0x00000000000882fe       0x5a /Users/tomohiro/Documents/MWSTAGE/MWSDK/ChipLib/SW4063V1416/Components/Library/libAppApi_JN5169.a(AppApi.o)
                0x00000000000882fe                u32AppApiDefInit
 .text.pvAppApiDefGetMacAddrLocation
                0x0000000000088358        0x9 /Users/tomohiro/Documents/MWSTAGE/MWSDK/ChipLib/SW4063V1416/Components/Library/libAppApi_JN5169.a(AppApi.o)
                0x0000000000088358                pvAppApiDefGetMacAddrLocation
 .text.vAppApiDefSaveMacSettings
                0x0000000000088361       0x5d /Users/tomohiro/Documents/MWSTAGE/MWSDK/ChipLib/SW4063V1416/Components/Library/libAppApi_JN5169.a(AppApiSleep.o)
                0x0000000000088361                vAppApiDefSaveMacSettings
 .text.vMAC_RestoreSettings
                0x00000000000883be       0xbc /Users/tomohiro/Documents/MWSTAGE/MWSDK/ChipLib/SW4063V1416/Components/Library/libAppApi_JN5169.a(AppApiSleep.o)
                0x00000000000883be                vMAC_RestoreSettings
 .text.vAppApiDefRestoreMacSettings
                0x000000000008847a       0x1c /Users/tomohiro/Documents/MWSTAGE/MWSDK/ChipLib/SW4063V1416/Components/Library/libAppApi_JN5169.a(AppApiSleep.o)
                0x000000000008847a                vAppApiDefRestoreMacSettings
 .text.vSetTimer0
                0x0000000000088496        0xf /Users/tomohiro/Documents/MWSTAGE/MWSDK/ChipLib/SW4063V1416/Components/Library/libMAC_JN5169.a(mac_main.o)
                0x0000000000088496                vSetTimer0
 .text.u32GetTimer0
                0x00000000000884a5        0x7 /Users/tomohiro/Documents/MWSTAGE/MWSDK/ChipLib/SW4063V1416/Components/Library/libMAC_JN5169.a(mac_main.o)
                0x00000000000884a5                u32GetTimer0
 .text.mac_vInitTimer0
                0x00000000000884ac       0x1d /Users/tomohiro/Documents/MWSTAGE/MWSDK/ChipLib/SW4063V1416/Components/Library/libMAC_JN5169.a(mac_main.o)
                0x00000000000884ac                mac_vInitTimer0
 .text.MAC_pvCtor
                0x00000000000884c9       0x6d /Users/tomohiro/Documents/MWSTAGE/MWSDK/ChipLib/SW4063V1416/Components/Library/libMAC_JN5169.a(mac_main.o)
                0x00000000000884c9                MAC_pvCtor
 .text.MAC_vXcvBbcEvtHandler
                0x0000000000088536       0x16 /Users/tomohiro/Documents/MWSTAGE/MWSDK/ChipLib/SW4063V1416/Components/Library/libMAC_JN5169.a(mac_main.o)
                0x0000000000088536                MAC_vXcvBbcEvtHandler
 .text.MAC_vXcvPhyEvtHandler
                0x000000000008854c        0xd /Users/tomohiro/Documents/MWSTAGE/MWSDK/ChipLib/SW4063V1416/Components/Library/libMAC_JN5169.a(mac_main.o)
                0x000000000008854c                MAC_vXcvPhyEvtHandler
 .text.MAC_vHandleMcpsReqRsp
                0x0000000000088559       0x28 /Users/tomohiro/Documents/MWSTAGE/MWSDK/ChipLib/SW4063V1416/Components/Library/libMAC_JN5169.a(mac_mcps.o)
                0x0000000000088559                MAC_vHandleMcpsReqRsp
 .text.vHandleTofRequest
                0x0000000000088581       0x12 /Users/tomohiro/Documents/MWSTAGE/MWSDK/ChipLib/SW4063V1416/Components/Library/libMAC_JN5169.a(mac_mlme.o)
 *fill*         0x0000000000088593        0x1 00
 .text.MAC_vHandleMlmeReqRsp
                0x0000000000088594       0x8c /Users/tomohiro/Documents/MWSTAGE/MWSDK/ChipLib/SW4063V1416/Components/Library/libMAC_JN5169.a(mac_mlme.o)
                0x0000000000088594                MAC_vHandleMlmeReqRsp
 .text.MAC_psPibGetHandle
                0x0000000000088620        0x7 /Users/tomohiro/Documents/MWSTAGE/MWSDK/ChipLib/SW4063V1416/Components/Library/libMAC_JN5169.a(mac_pib.o)
                0x0000000000088620                MAC_psPibGetHandle
 .text.MAC_vPibSetShortAddr
                0x0000000000088627        0xe /Users/tomohiro/Documents/MWSTAGE/MWSDK/ChipLib/SW4063V1416/Components/Library/libMAC_JN5169.a(mac_pib.o)
                0x0000000000088627                MAC_vPibSetShortAddr
 .text.MAC_vPibSetPanId
                0x0000000000088635       0x1b /Users/tomohiro/Documents/MWSTAGE/MWSDK/ChipLib/SW4063V1416/Components/Library/libMAC_JN5169.a(mac_pib.o)
                0x0000000000088635                MAC_vPibSetPanId
 .text.MAC_vPibSetMinBe
                0x0000000000088650       0x1e /Users/tomohiro/Documents/MWSTAGE/MWSDK/ChipLib/SW4063V1416/Components/Library/libMAC_JN5169.a(mac_pib.o)
                0x0000000000088650                MAC_vPibSetMinBe
 .text.MAC_vPibSetMaxCsmaBackoffs
                0x000000000008866e       0x21 /Users/tomohiro/Documents/MWSTAGE/MWSDK/ChipLib/SW4063V1416/Components/Library/libMAC_JN5169.a(mac_pib.o)
                0x000000000008866e                MAC_vPibSetMaxCsmaBackoffs
 .text.MAC_vPibSetRxOnWhenIdle
                0x000000000008868f       0x10 /Users/tomohiro/Documents/MWSTAGE/MWSDK/ChipLib/SW4063V1416/Components/Library/libMAC_JN5169.a(mac_pib.o)
                0x000000000008868f                MAC_vPibSetRxOnWhenIdle
 .text.MAC_vPibSetPromiscuousMode
                0x000000000008869f       0x3e /Users/tomohiro/Documents/MWSTAGE/MWSDK/ChipLib/SW4063V1416/Components/Library/libMAC_JN5169.a(mac_pib.o)
                0x000000000008869f                MAC_vPibSetPromiscuousMode
 .text.MAC_vSetExtAddr
                0x00000000000886dd       0x1f /Users/tomohiro/Documents/MWSTAGE/MWSDK/ChipLib/SW4063V1416/Components/Library/libMAC_JN5169.a(mac_pib.o)
                0x00000000000886dd                MAC_vSetExtAddr
 .text.mac_vPibSetDefaults
                0x00000000000886fc      0x11b /Users/tomohiro/Documents/MWSTAGE/MWSDK/ChipLib/SW4063V1416/Components/Library/libMAC_JN5169.a(mac_pib_mlme.o)
                0x00000000000886fc                mac_vPibSetDefaults
 .text.mac_vPibReset
                0x0000000000088817       0x91 /Users/tomohiro/Documents/MWSTAGE/MWSDK/ChipLib/SW4063V1416/Components/Library/libMAC_JN5169.a(mac_pib_mlme.o)
                0x0000000000088817                mac_vPibReset
 .text.mac_vPibCmpCoordExtAddr
                0x00000000000888a8       0x24 /Users/tomohiro/Documents/MWSTAGE/MWSDK/ChipLib/SW4063V1416/Components/Library/libMAC_JN5169.a(mac_pib_mlme.o)
                0x00000000000888a8                mac_vPibCmpCoordExtAddr
 .text.bPMICdisassocReqSent
                0x00000000000888cc       0x78 /Users/tomohiro/Documents/MWSTAGE/MWSDK/ChipLib/SW4063V1416/Components/Library/libMAC_JN5169.a(mac_pmic.o)
 .text.bAssocRespSent
                0x0000000000088944       0x14 /Users/tomohiro/Documents/MWSTAGE/MWSDK/ChipLib/SW4063V1416/Components/Library/libMAC_JN5169.a(mac_pmic.o)
 .text.vPMICreset
                0x0000000000088958        0xd /Users/tomohiro/Documents/MWSTAGE/MWSDK/ChipLib/SW4063V1416/Components/Library/libMAC_JN5169.a(mac_pmic.o)
                0x0000000000088958                vPMICreset
 .text.vPMICassociateRequest
                0x0000000000088965       0xcf /Users/tomohiro/Documents/MWSTAGE/MWSDK/ChipLib/SW4063V1416/Components/Library/libMAC_JN5169.a(mac_pmic.o)
                0x0000000000088965                vPMICassociateRequest
 .text.vPMICassociateResponse
                0x0000000000088a34       0xcb /Users/tomohiro/Documents/MWSTAGE/MWSDK/ChipLib/SW4063V1416/Components/Library/libMAC_JN5169.a(mac_pmic.o)
                0x0000000000088a34                vPMICassociateResponse
 .text.vPMICdisassociateRequest
                0x0000000000088aff       0xd1 /Users/tomohiro/Documents/MWSTAGE/MWSDK/ChipLib/SW4063V1416/Components/Library/libMAC_JN5169.a(mac_pmic.o)
                0x0000000000088aff                vPMICdisassociateRequest
 .text.vPMICassocRespFrameReceived
                0x0000000000088bd0       0x7d /Users/tomohiro/Documents/MWSTAGE/MWSDK/ChipLib/SW4063V1416/Components/Library/libMAC_JN5169.a(mac_pmic.o)
                0x0000000000088bd0                vPMICassocRespFrameReceived
 .text.vPMICdisassocReceived
                0x0000000000088c4d       0x84 /Users/tomohiro/Documents/MWSTAGE/MWSDK/ChipLib/SW4063V1416/Components/Library/libMAC_JN5169.a(mac_pmic.o)
                0x0000000000088c4d                vPMICdisassocReceived
 .text.vPMICassocReqFrameReceived
                0x0000000000088cd1       0x6a /Users/tomohiro/Documents/MWSTAGE/MWSDK/ChipLib/SW4063V1416/Components/Library/libMAC_JN5169.a(mac_pmic.o)
                0x0000000000088cd1                vPMICassocReqFrameReceived
 .text.vPMICpostFailedAssocDcfm
                0x0000000000088d3b       0x36 /Users/tomohiro/Documents/MWSTAGE/MWSDK/ChipLib/SW4063V1416/Components/Library/libMAC_JN5169.a(mac_pmic.o)
                0x0000000000088d3b                vPMICpostFailedAssocDcfm
 .text.bPMICassocReqSent
                0x0000000000088d71       0x7e /Users/tomohiro/Documents/MWSTAGE/MWSDK/ChipLib/SW4063V1416/Components/Library/libMAC_JN5169.a(mac_pmic.o)
 .text.vPMICassocReqTO_1
                0x0000000000088def       0x7e /Users/tomohiro/Documents/MWSTAGE/MWSDK/ChipLib/SW4063V1416/Components/Library/libMAC_JN5169.a(mac_pmic.o)
 .text.bPMICassocReqPollSent
                0x0000000000088e6d       0x4f /Users/tomohiro/Documents/MWSTAGE/MWSDK/ChipLib/SW4063V1416/Components/Library/libMAC_JN5169.a(mac_pmic.o)
 .text.vPMICassocReqTO_2
                0x0000000000088ebc       0x19 /Users/tomohiro/Documents/MWSTAGE/MWSDK/ChipLib/SW4063V1416/Components/Library/libMAC_JN5169.a(mac_pmic.o)
 .text.MAC_vRegisterMlmeDcfmIndCallbacks
                0x0000000000088ed5        0x6 /Users/tomohiro/Documents/MWSTAGE/MWSDK/ChipLib/SW4063V1416/Components/Library/libMAC_JN5169.a(mac_ind.o)
                0x0000000000088ed5                MAC_vRegisterMlmeDcfmIndCallbacks
 .text.MAC_vRegisterMcpsDcfmIndCallbacks
                0x0000000000088edb        0x6 /Users/tomohiro/Documents/MWSTAGE/MWSDK/ChipLib/SW4063V1416/Components/Library/libMAC_JN5169.a(mac_ind.o)
                0x0000000000088edb                MAC_vRegisterMcpsDcfmIndCallbacks
 .text.mac_psDcfmIndGetBuf
                0x0000000000088ee1       0x21 /Users/tomohiro/Documents/MWSTAGE/MWSDK/ChipLib/SW4063V1416/Components/Library/libMAC_JN5169.a(mac_ind.o)
                0x0000000000088ee1                mac_psDcfmIndGetBuf
 .text.mac_eDcfmIndPost
                0x0000000000088f02       0x21 /Users/tomohiro/Documents/MWSTAGE/MWSDK/ChipLib/SW4063V1416/Components/Library/libMAC_JN5169.a(mac_ind.o)
                0x0000000000088f02                mac_eDcfmIndPost
 .text.eGenlIllegal
                0x0000000000088f23        0x7 /Users/tomohiro/Documents/MWSTAGE/MWSDK/ChipLib/SW4063V1416/Components/Library/libMAC_JN5169.a(mac_scan.o)
 .text.eGenlDontCare
                0x0000000000088f2a        0x5 /Users/tomohiro/Documents/MWSTAGE/MWSDK/ChipLib/SW4063V1416/Components/Library/libMAC_JN5169.a(mac_scan.o)
 .text.eWEnDEdDone
                0x0000000000088f2f       0x5b /Users/tomohiro/Documents/MWSTAGE/MWSDK/ChipLib/SW4063V1416/Components/Library/libMAC_JN5169.a(mac_scan.o)
 .text.eWEnDTmrExpiry
                0x0000000000088f8a        0xb /Users/tomohiro/Documents/MWSTAGE/MWSDK/ChipLib/SW4063V1416/Components/Library/libMAC_JN5169.a(mac_scan.o)
 .text.vPostDcfm
                0x0000000000088f95       0xd4 /Users/tomohiro/Documents/MWSTAGE/MWSDK/ChipLib/SW4063V1416/Components/Library/libMAC_JN5169.a(mac_scan.o)
 .text.eWCoRRxDone
                0x0000000000089069       0x97 /Users/tomohiro/Documents/MWSTAGE/MWSDK/ChipLib/SW4063V1416/Components/Library/libMAC_JN5169.a(mac_scan.o)
 .text.eGenRxHdrDone
                0x0000000000089100       0x10 /Users/tomohiro/Documents/MWSTAGE/MWSDK/ChipLib/SW4063V1416/Components/Library/libMAC_JN5169.a(mac_scan.o)
 .text.eWONTTxDone
                0x0000000000089110       0x2e /Users/tomohiro/Documents/MWSTAGE/MWSDK/ChipLib/SW4063V1416/Components/Library/libMAC_JN5169.a(mac_scan.o)
 .text.eWBRTTxDone
                0x000000000008913e       0x1e /Users/tomohiro/Documents/MWSTAGE/MWSDK/ChipLib/SW4063V1416/Components/Library/libMAC_JN5169.a(mac_scan.o)
 .text.eWBcnRxDone
                0x000000000008915c      0x194 /Users/tomohiro/Documents/MWSTAGE/MWSDK/ChipLib/SW4063V1416/Components/Library/libMAC_JN5169.a(mac_scan.o)
 .text.eWChCChanChgd
                0x00000000000892f0      0x197 /Users/tomohiro/Documents/MWSTAGE/MWSDK/ChipLib/SW4063V1416/Components/Library/libMAC_JN5169.a(mac_scan.o)
 .text.eScanHandleEvt
                0x0000000000089487       0x32 /Users/tomohiro/Documents/MWSTAGE/MWSDK/ChipLib/SW4063V1416/Components/Library/libMAC_JN5169.a(mac_scan.o)
                0x0000000000089487                eScanHandleEvt
 .text.vScanHandleTimer
                0x00000000000894b9        0x4 /Users/tomohiro/Documents/MWSTAGE/MWSDK/ChipLib/SW4063V1416/Components/Library/libMAC_JN5169.a(mac_scan.o)
 .text.mac_eScanInit
                0x00000000000894bd       0x16 /Users/tomohiro/Documents/MWSTAGE/MWSDK/ChipLib/SW4063V1416/Components/Library/libMAC_JN5169.a(mac_scan.o)
                0x00000000000894bd                mac_eScanInit
 .text.mac_eScanHandleXcvBbcEvt
                0x00000000000894d3        0xb /Users/tomohiro/Documents/MWSTAGE/MWSDK/ChipLib/SW4063V1416/Components/Library/libMAC_JN5169.a(mac_scan.o)
                0x00000000000894d3                mac_eScanHandleXcvBbcEvt
 .text.mac_eScanHandleXcvPhyEvt
                0x00000000000894de        0xb /Users/tomohiro/Documents/MWSTAGE/MWSDK/ChipLib/SW4063V1416/Components/Library/libMAC_JN5169.a(mac_scan.o)
                0x00000000000894de                mac_eScanHandleXcvPhyEvt
 .text.vSetNextChannel
                0x00000000000894e9       0x58 /Users/tomohiro/Documents/MWSTAGE/MWSDK/ChipLib/SW4063V1416/Components/Library/libMAC_JN5169.a(mac_scan.o)
 .text.mac_vScanHandleMlmeReq
                0x0000000000089541       0xaa /Users/tomohiro/Documents/MWSTAGE/MWSDK/ChipLib/SW4063V1416/Components/Library/libMAC_JN5169.a(mac_scan.o)
                0x0000000000089541                mac_vScanHandleMlmeReq
 .text.eGenTmrExpiry
                0x00000000000895eb       0x42 /Users/tomohiro/Documents/MWSTAGE/MWSDK/ChipLib/SW4063V1416/Components/Library/libMAC_JN5169.a(mac_scan.o)
 .text.eWEDTEdDone
                0x000000000008962d       0x24 /Users/tomohiro/Documents/MWSTAGE/MWSDK/ChipLib/SW4063V1416/Components/Library/libMAC_JN5169.a(mac_scan.o)
 .text.mac_u32LPBGetBeaconTimeout
                0x0000000000089651        0x9 /Users/tomohiro/Documents/MWSTAGE/MWSDK/ChipLib/SW4063V1416/Components/Library/libMAC_JN5169.a(mac_lp.o)
                0x0000000000089651                mac_u32LPBGetBeaconTimeout
 .text.mac_vLPBStopTimer
                0x000000000008965a        0xb /Users/tomohiro/Documents/MWSTAGE/MWSDK/ChipLib/SW4063V1416/Components/Library/libMAC_JN5169.a(mac_lp.o)
                0x000000000008965a                mac_vLPBStopTimer
 .text.mac_vLPBAdjustBeaconOffset
                0x0000000000089665       0x5d /Users/tomohiro/Documents/MWSTAGE/MWSDK/ChipLib/SW4063V1416/Components/Library/libMAC_JN5169.a(mac_lp.o)
                0x0000000000089665                mac_vLPBAdjustBeaconOffset
 .text.mac_vLPBSleep
                0x00000000000896c2       0x4c /Users/tomohiro/Documents/MWSTAGE/MWSDK/ChipLib/SW4063V1416/Components/Library/libMAC_JN5169.a(mac_lp.o)
                0x00000000000896c2                mac_vLPBSleep
 .text.MAC_u32ConvertFrom16uS
                0x000000000008970e       0x3a /Users/tomohiro/Documents/MWSTAGE/MWSDK/ChipLib/SW4063V1416/Components/Library/libMAC_JN5169.a(mac_lp.o)
                0x000000000008970e                MAC_u32ConvertFrom16uS
 .text.mac_vLPBStartTimer
                0x0000000000089748       0x7f /Users/tomohiro/Documents/MWSTAGE/MWSDK/ChipLib/SW4063V1416/Components/Library/libMAC_JN5169.a(mac_lp.o)
                0x0000000000089748                mac_vLPBStartTimer
 .text.bSearchQueue
                0x00000000000897c7       0x2f /Users/tomohiro/Documents/MWSTAGE/MWSDK/ChipLib/SW4063V1416/Components/Library/libMAC_JN5169.a(MCPS.o)
 .text.bMCPSframeTXcomplete
                0x00000000000897f6       0x53 /Users/tomohiro/Documents/MWSTAGE/MWSDK/ChipLib/SW4063V1416/Components/Library/libMAC_JN5169.a(MCPS.o)
 .text.vTAM_MCPSdataRequest
                0x0000000000089849       0x43 /Users/tomohiro/Documents/MWSTAGE/MWSDK/ChipLib/SW4063V1416/Components/Library/libMAC_JN5169.a(MCPS.o)
                0x0000000000089849                vTAM_MCPSdataRequest
 .text.vTAM_MCPSpurgeRequest