Archive member included because of file (symbol)

C:/Users/sato/Documents/MWSTAGE-2022-08_win10-1/MWSTAGE/MWSDK/TWENET/current/lib/libTWENET_RED.a(ToCoNet_event.o)
                              objs_RED/communication.o (symbol from plugin) (PRSEV_u8RegisterEx)
C:/Users/sato/Documents/MWSTAGE-2022-08_win10-1/MWSTAGE/MWSDK/TWENET/current/lib/libTWENET_RED.a(ToCoNet_main.o)
                              objs_RED/Interrupt.o (symbol from plugin) (sToCoNet_Context)
C:/Users/sato/Documents/MWSTAGE-2022-08_win10-1/MWSTAGE/MWSDK/TWENET/current/lib/libTWENET_RED.a(ToCoNet_utils.o)
                              ToCoNet_main.o (symbol from plugin) (ToCoNet_u32GetVersion)
C:/Users/sato/Documents/MWSTAGE-2022-08_win10-1/MWSTAGE/MWSDK/TWENET/current/lib/libTWENET_RED.a(ToCoNet_mod_Nwk_Common.o)
                              ToCoNet_main.o (symbol from plugin) (ToCoNet_vRxProc_Mod)
C:/Users/sato/Documents/MWSTAGE-2022-08_win10-1/MWSTAGE/MWSDK/TWENET/current/lib/libTWENET_RED.a(ToCoNet_mod_Channel_Mgr.o)
                              ToCoNet_main.o (symbol from plugin) (ToCoNet_ChMgr_bCh_Reconfig)
C:/Users/sato/Documents/MWSTAGE-2022-08_win10-1/MWSTAGE/MWSDK/TWENET/current/lib/libTWENET_RED.a(Version.o)
                              ToCoNet_utils.o (symbol from plugin) (au8ToCoNetVersionInfo)
C:/Users/sato/Documents/MWSTAGE-2022-08_win10-1/MWSTAGE/MWSDK/TWENET/current/lib/libTWENET_RED.a(AppQueueApi_ToCoNet.o)
                              ToCoNet_main.o (symbol from plugin) (_u32_INT_ticktimer)
C:/Users/sato/Documents/MWSTAGE-2022-08_win10-1/MWSTAGE/MWSDK/TWENET/current/lib/libTWENEText_RED.a(AppStart.o)
                              (AppColdStart)
C:/Users/sato/Documents/MWSTAGE-2022-08_win10-1/MWSTAGE/MWSDK/TWENET/current/lib/libTWENEText_RED.a(getMacAddr.o)
                              ToCoNet_main.o (symbol from plugin) (ToCoNet_u32GetSerialOnBoot)
C:/Users/sato/Documents/MWSTAGE-2022-08_win10-1/MWSTAGE/MWSDK/TWENET/current/lib/libTWENEText_RED.a(mac.o)
                              ToCoNet_main.o (symbol from plugin) (Mac_vInit)
C:/Users/sato/Documents/MWSTAGE-2022-08_win10-1/MWSTAGE/MWSDK/TWENET/current/lib/libTWENEText_RED.a(AES_CCM.o)
                              AppStart.o (symbol from plugin) (bAES_CCM_KeyReg)
C:/Users/sato/Documents/MWSTAGE-2022-08_win10-1/MWSTAGE/MWSDK/TWENET/current/lib/libTWENEText_RED.a(no_ack_handler.o)
                              AppStart.o (symbol from plugin) (vInstallNoAckHandler)
C:/Users/sato/Documents/MWSTAGE-2022-08_win10-1/MWSTAGE/MWSDK/TWENET/current/lib/libTWENEText_RED.a(Version.o)
                              ToCoNet_utils.o (symbol from plugin) (au8ToCoNetExtVersionInfo)
C:/Users/sato/Documents/MWSTAGE-2022-08_win10-1/MWSTAGE/MWSDK/TWENET/current/lib/libTWENETutils_RED.a(serial.o)
                              objs_RED/Interrupt.o (symbol from plugin) (SERIAL_bTxChar)
C:/Users/sato/Documents/MWSTAGE-2022-08_win10-1/MWSTAGE/MWSDK/TWENET/current/lib/libTWENETutils_RED.a(uart.o)
                              serial.o (symbol from plugin) (UART_vInit)
C:/Users/sato/Documents/MWSTAGE-2022-08_win10-1/MWSTAGE/MWSDK/TWENET/current/lib/libTWENETutils_RED.a(ByteQueue.o)
                              ToCoNet_main.o (symbol from plugin) (QUEUE__vInit)
C:/Users/sato/Documents/MWSTAGE-2022-08_win10-1/MWSTAGE/MWSDK/TWENET/current/lib/libTWENETutils_RED.a(ccitt8.o)
                              AppStart.o (symbol from plugin) (u8CCITT8)
C:/Users/sato/Documents/MWSTAGE-2022-08_win10-1/MWSTAGE/MWSDK/TWENET/current/lib/libTWENETutils_RED.a(utils.o)
                              objs_RED/main.o (symbol from plugin) (vTimerConfig)
C:/Users/sato/Documents/MWSTAGE-2022-08_win10-1/MWSTAGE/MWSDK/TWENET/current/lib/libTWENETutils_RED.a(ccm.o)
                              AES_CCM.o (symbol from plugin) (ccm_init_and_key)
C:/Users/sato/Documents/MWSTAGE-2022-08_win10-1/MWSTAGE/MWSDK/TWENET/current/lib/libTWENETutils_RED.a(Version.o)
                              ToCoNet_utils.o (symbol from plugin) (au8ToCoNetUtilsVersionInfo)
C:/Users/sato/Documents/MWSTAGE-2022-08_win10-1/MWSTAGE/MWSDK/TWENET/current/lib/libTWENETutils_RED.a(aescrypt.o)
                              ccm.o (symbol from plugin) (aes_encrypt)
C:/Users/sato/Documents/MWSTAGE-2022-08_win10-1/MWSTAGE/MWSDK/TWENET/current/lib/libTWENETutils_RED.a(aeskey.o)
                              ccm.o (symbol from plugin) (aes_encrypt_key)
C:/Users/sato/Documents/MWSTAGE-2022-08_win10-1/MWSTAGE/MWSDK/TWENET/current/lib/libTWENETutils_RED.a(aestab.o)
                              aeskey.o (symbol from plugin) (t_im)
C:/Users/sato/Documents/MWSTAGE-2022-08_win10-1/MWSTAGE/MWSDK/TWENET/current/lib/libTWENETstgs_RED.a(tweinteractive.o)
                              objs_RED/Interrupt.o (symbol from plugin) (TWEINTRCT_bIsVerbose)
C:/Users/sato/Documents/MWSTAGE-2022-08_win10-1/MWSTAGE/MWSDK/TWENET/current/lib/libTWENETstgs_RED.a(tweprintf.o)
                              tweinteractive.o (symbol from plugin) (TWE_fprintf)
[...]
Memory Configuration

Name             Origin             Length             Attributes
flash            0x0000000000080000 0x0000000000080000
ram              0x000000000400004c 0x0000000000007fb4
*default*        0x0000000000000000 0xffffffffffffffff

Linker script and memory map

LOAD objs_RED/_mwx_version.o
LOAD C:\Users\sato\AppData\Local\Temp\ccAFwKCd.ltrans0.ltrans.o
LOAD C:\Users\sato\AppData\Local\Temp\ccAFwKCd.ltrans1.ltrans.o
LOAD C:\Users\sato\AppData\Local\Temp\ccAFwKCd.ltrans2.ltrans.o
LOAD C:\Users\sato\AppData\Local\Temp\ccAFwKCd.ltrans3.ltrans.o
LOAD C:\Users\sato\AppData\Local\Temp\ccAFwKCd.ltrans4.ltrans.o
LOAD C:\Users\sato\AppData\Local\Temp\ccAFwKCd.ltrans5.ltrans.o
LOAD C:\Users\sato\AppData\Local\Temp\ccAFwKCd.ltrans6.ltrans.o
LOAD C:\Users\sato\AppData\Local\Temp\ccAFwKCd.ltrans7.ltrans.o
LOAD C:\Users\sato\AppData\Local\Temp\ccAFwKCd.ltrans8.ltrans.o
LOAD C:\Users\sato\AppData\Local\Temp\ccAFwKCd.ltrans9.ltrans.o
LOAD C:\Users\sato\AppData\Local\Temp\ccAFwKCd.ltrans10.ltrans.o
LOAD C:\Users\sato\AppData\Local\Temp\ccAFwKCd.ltrans11.ltrans.o
LOAD C:\Users\sato\AppData\Local\Temp\ccAFwKCd.ltrans12.ltrans.o
LOAD C:\Users\sato\AppData\Local\Temp\ccAFwKCd.ltrans13.ltrans.o
LOAD C:\Users\sato\AppData\Local\Temp\ccAFwKCd.ltrans14.ltrans.o
LOAD C:\Users\sato\AppData\Local\Temp\ccAFwKCd.ltrans15.ltrans.o
LOAD C:\Users\sato\AppData\Local\Temp\ccAFwKCd.ltrans16.ltrans.o
LOAD C:\Users\sato\AppData\Local\Temp\ccAFwKCd.ltrans17.ltrans.o
LOAD C:\Users\sato\AppData\Local\Temp\ccAFwKCd.ltrans18.ltrans.o
LOAD C:\Users\sato\AppData\Local\Temp\ccAFwKCd.ltrans19.ltrans.o
LOAD C:\Users\sato\AppData\Local\Temp\ccAFwKCd.ltrans20.ltrans.o
LOAD C:\Users\sato\AppData\Local\Temp\ccAFwKCd.ltrans21.ltrans.o
LOAD C:\Users\sato\AppData\Local\Temp\ccAFwKCd.ltrans22.ltrans.o
LOAD c:/users/sato/documents/mwstage-2022-08_win10-1/mwstage/tools/ba-elf-ba2-r36379.w10/bin/../lib/gcc/ba-elf/4.7.4/../../../../ba-elf/lib/mcpu_jn51xx_sizeopt\libc.a
LOAD c:/users/sato/documents/mwstage-2022-08_win10-1/mwstage/tools/ba-elf-ba2-r36379.w10/bin/../lib/gcc/ba-elf/4.7.4/mcpu_jn51xx_sizeopt\libgcc.a
LOAD c:/users/sato/documents/mwstage-2022-08_win10-1/mwstage/tools/ba-elf-ba2-r36379.w10/bin/../lib/gcc/ba-elf/4.7.4/../../../../ba-elf/lib/mcpu_jn51xx_sizeopt\libc.a
LOAD objs_RED/Interrupt.o
LOAD objs_RED/LED.o
LOAD objs_RED/communication.o
LOAD objs_RED/lcd.o
LOAD objs_RED/main.o
LOAD C:/Users/sato/Documents/MWSTAGE-2022-08_win10-1/MWSTAGE/MWSDK/TWENET/current/lib/libTWENET_RED.a
LOAD C:/Users/sato/Documents/MWSTAGE-2022-08_win10-1/MWSTAGE/MWSDK/TWENET/current/lib/libTWENEText_RED.a
LOAD C:/Users/sato/Documents/MWSTAGE-2022-08_win10-1/MWSTAGE/MWSDK/TWENET/current/lib/libTWENETutils_RED.a
LOAD C:/Users/sato/Documents/MWSTAGE-2022-08_win10-1/MWSTAGE/MWSDK/TWENET/current/lib/libTWENETstgs_RED.a
LOAD C:/Users/sato/Documents/MWSTAGE-2022-08_win10-1/MWSTAGE/MWSDK/TWENET/current/lib/libmwx_RED.a
LOAD C:/Users/sato/Documents/MWSTAGE-2022-08_win10-1/MWSTAGE/MWSDK/TWENET/current/lib/libEASTL_RED.a
START GROUP
LOAD C:/Users/sato/Documents/MWSTAGE-2022-08_win10-1/MWSTAGE/MWSDK/ChipLib/SW4063V1416/Components/Library\libAppApi_JN5169.a
LOAD C:/Users/sato/Documents/MWSTAGE-2022-08_win10-1/MWSTAGE/MWSDK/ChipLib/SW4063V1416/Components/Library\libMAC_JN5169.a
LOAD C:/Users/sato/Documents/MWSTAGE-2022-08_win10-1/MWSTAGE/MWSDK/ChipLib/SW4063V1416/Components/Library\libTimerServer_JN516x.a
LOAD C:/Users/sato/Documents/MWSTAGE-2022-08_win10-1/MWSTAGE/MWSDK/ChipLib/SW4063V1416/Components/Library\libTOF_JN516x.a
LOAD C:/Users/sato/Documents/MWSTAGE-2022-08_win10-1/MWSTAGE/MWSDK/ChipLib/SW4063V1416/Components/Library\libXcv_JN5169.a
LOAD C:/Users/sato/Documents/MWSTAGE-2022-08_win10-1/MWSTAGE/MWSDK/ChipLib/SW4063V1416/Components/Library\libMMAC_JN5169.a
LOAD C:/Users/sato/Documents/MWSTAGE-2022-08_win10-1/MWSTAGE/MWSDK/ChipLib/SW4063V1416/Components/Library\libJPT_JN5169.a
LOAD C:/Users/sato/Documents/MWSTAGE-2022-08_win10-1/MWSTAGE/MWSDK/ChipLib/SW4063V1416/Components/Library\libAes_JN516x.a
LOAD C:/Users/sato/Documents/MWSTAGE-2022-08_win10-1/MWSTAGE/MWSDK/ChipLib/SW4063V1416/Components/Library\libHardwareApi_JN5169.a
LOAD C:/Users/sato/Documents/MWSTAGE-2022-08_win10-1/MWSTAGE/MWSDK/ChipLib/SW4063V1416/Components/Library\libMicroSpecific_JN516x.a
LOAD C:/Users/sato/Documents/MWSTAGE-2022-08_win10-1/MWSTAGE/MWSDK/ChipLib/SW4063V1416/Components/Library\libBoot_JN516x.a
LOAD C:/Users/sato/Documents/MWSTAGE-2022-08_win10-1/MWSTAGE/MWSDK/ChipLib/SW4063V1416/Components/Library\libPDM_EEPROM_JN516x_NO_RTOS.a
LOAD C:/Users/sato/Documents/MWSTAGE-2022-08_win10-1/MWSTAGE/MWSDK/TWENET/current/lib/libTWENET_RED.a
LOAD C:/Users/sato/Documents/MWSTAGE-2022-08_win10-1/MWSTAGE/MWSDK/TWENET/current/lib/libTWENEText_RED.a
LOAD C:/Users/sato/Documents/MWSTAGE-2022-08_win10-1/MWSTAGE/MWSDK/TWENET/current/lib/libTWENETutils_RED.a
LOAD C:/Users/sato/Documents/MWSTAGE-2022-08_win10-1/MWSTAGE/MWSDK/TWENET/current/lib/libTWENETstgs_RED.a
LOAD C:/Users/sato/Documents/MWSTAGE-2022-08_win10-1/MWSTAGE/MWSDK/TWENET/current/lib/libmwx_RED.a
LOAD C:/Users/sato/Documents/MWSTAGE-2022-08_win10-1/MWSTAGE/MWSDK/TWENET/current/lib/libEASTL_RED.a
END GROUP
LOAD c:/users/sato/documents/mwstage-2022-08_win10-1/mwstage/tools/ba-elf-ba2-r36379.w10/bin/../lib/gcc/ba-elf/4.7.4/../../../../ba-elf/lib/mcpu_jn51xx_sizeopt\libstdc++.a
LOAD c:/users/sato/documents/mwstage-2022-08_win10-1/mwstage/tools/ba-elf-ba2-r36379.w10/bin/../lib/gcc/ba-elf/4.7.4/../../../../ba-elf/lib/mcpu_jn51xx_sizeopt\libm.a
LOAD c:/users/sato/documents/mwstage-2022-08_win10-1/mwstage/tools/ba-elf-ba2-r36379.w10/bin/../lib/gcc/ba-elf/4.7.4/../../../../ba-elf/lib/mcpu_jn51xx_sizeopt\libc.a
LOAD c:/users/sato/documents/mwstage-2022-08_win10-1/mwstage/tools/ba-elf-ba2-r36379.w10/bin/../lib/gcc/ba-elf/4.7.4/mcpu_jn51xx_sizeopt\libgcc.a
LOAD c:/users/sato/documents/mwstage-2022-08_win10-1/mwstage/tools/ba-elf-ba2-r36379.w10/bin/../lib/gcc/ba-elf/4.7.4/../../../../ba-elf/lib/mcpu_jn51xx_sizeopt\libc.a
                0x0000000000000800                _stack_size = 0x800
                0x0000000000080038                exception_vsr_table = 0x80038
                0x0000000004000000                pSPIflashFncTable = 0x4000000
                0x0000000000000044                restore_state = 0x44
                0x000000000000004a                bZSPIWaitWIPClear = 0x4a
                0x0000000000000050                u16ZSPIflashRDID = 0x50
                0x0000000000000056                u8SelectFlashChipType = 0x56
                0x000000000000005c                memcpy = 0x5c
                0x0000000000000066                vBootFlashProg = 0x66
                [0x0000000000000d16]                __minimum_heap_size = DEFINED (__minimum_heap_size)?__minimum_heap_size:0xd16
                [0x0000000000000800]                __stack_size = DEFINED (__stack_size)?__stack_size:0x800
                0x0000000000000000                _SwConfig = (DEFINED (g_bSWConf_Debug) | (DEFINED (g_bSWConf_AltDebugPort) << 0x1))

.version        0x000000000007fffc        0x4
                0x000000000007fffc        0x4 LONG 0xf03000b

.bir            0x0000000000080000       0x10
                0x0000000000080000                _flash_start = ABSOLUTE (.)
                0x0000000000080000                _flash_beg = ABSOLUTE (.)
                0x0000000000080000        0x4 LONG 0x12345678
                0x0000000000080004        0x4 LONG 0x11223344
                0x0000000000080008        0x4 LONG 0x55667788
                0x000000000008000c        0x1 BYTE 0x8
                0x000000000008000d        0x1 BYTE 0x1
                0x000000000008000e        0x2 SHORT 0x0

.flashheader    0x0000000000080010       0x28
                0x0000000000080010        0x4 LONG 0x0
                0x0000000000080014        0x4 LONG 0x0
                0x0000000000080018        0x4 LONG 0x0
                0x000000000008001c        0x2 SHORT 0x0
                0x000000000008001e        0x2 SHORT 0x0 ABSOLUTE (_SwConfig)
                0x0000000000080020                _enc_start = ABSOLUTE (.)
                0x0000000000080020        0x4 LONG 0x150e0 ABSOLUTE (_image_len)
                0x0000000000080024        0x4 LONG 0x94810 ABSOLUTE (_flash_data_start)
                0x0000000000080028        0x2 SHORT 0x13 ((ABSOLUTE (_ram_data_start) / 0x4) & 0xffff)
                0x000000000008002a        0x2 SHORT 0x234 ((ABSOLUTE (_ram_data_len) / 0x4) & 0xffff)
                0x000000000008002c        0x2 SHORT 0x247 ((ABSOLUTE (_bss_start) / 0x4) & 0xffff)
                0x000000000008002e        0x2 SHORT 0x5c7 ((ABSOLUTE (_bss_len) / 0x4) & 0xffff)
                0x0000000000080030        0x4 LONG 0x86504 ABSOLUTE (AppWarmStart)
                0x0000000000080034        0x4 LONG 0x86eb4 ABSOLUTE (AppColdStart)
                0x0000000000000000                _enc_offset = (_enc_start & 0xf)
                0x0000000000000044                PROVIDE (vException_BusError, restore_state)
                0x0000000000000044                PROVIDE (vException_UnalignedAccess, restore_state)
                0x0000000000000044                PROVIDE (vException_IllegalInstruction, restore_state)
                0x0000000000000044                PROVIDE (vException_SysCall, restore_state)
                0x0000000000000044                PROVIDE (vException_Trap, restore_state)
                0x0000000000000044                PROVIDE (vException_StackOverflow, restore_state)
                0x0000000000080038                . = ABSOLUTE (exception_vsr_table)

.vsr_table      0x0000000000080038       0x18
                0x0000000000080038        0x4 LONG 0x44 ABSOLUTE (vException_BusError)
                0x000000000008003c        0x4 LONG 0x44 ABSOLUTE (vException_UnalignedAccess)
                0x0000000000080040        0x4 LONG 0x44 ABSOLUTE (vException_IllegalInstruction)
                0x0000000000080044        0x4 LONG 0x44 ABSOLUTE (vException_SysCall)
                0x0000000000080048        0x4 LONG 0x44 ABSOLUTE (vException_Trap)
                0x000000000008004c        0x4 LONG 0x44 ABSOLUTE (vException_StackOverflow)

.vsr_handlers   0x0000000000080050       0xaa
 *(.vsr_handlers)
 .vsr_handlers  0x0000000000080050       0xaa C:/Users/sato/Documents/MWSTAGE-2022-08_win10-1/MWSTAGE/MWSDK/ChipLib/SW4063V1416/Components/Library\libBoot_JN516x.a(ExceptionHandler.o)
                0x0000000000080050                _exception_external_interrupt
                0x00000000000800f8                _default_vsr_dummy

.rodata         0x0000000000080100      0x989
 *(.rodata*)
 .rodata        0x0000000000080100      0x131 C:\Users\sato\AppData\Local\Temp\ccAFwKCd.ltrans0.ltrans.o
 .rodata.str1.1
                0x0000000000080231       0x3a C:\Users\sato\AppData\Local\Temp\ccAFwKCd.ltrans1.ltrans.o
 *fill*         0x000000000008026b        0x1 00
 .rodata        0x000000000008026c       0x30 C:\Users\sato\AppData\Local\Temp\ccAFwKCd.ltrans1.ltrans.o
                0x000000000008026c                au32TimerBaseAddress
                0x0000000000080280                CSWTCH.35.27534.27534
 .rodata        0x000000000008029c       0xd4 C:\Users\sato\AppData\Local\Temp\ccAFwKCd.ltrans2.ltrans.o
                0x000000000008029c                s_aprScanHandleEvt.16945
                0x00000000000802cc                apvActionCalls
                0x0000000000080354                aprLPBMacVectorRamTable
                0x0000000000080368                psTamMacContext
                0x000000000008036c                psTAMcontext
 .rodata.str1.1
                0x0000000000080370       0x1f C:\Users\sato\AppData\Local\Temp\ccAFwKCd.ltrans3.ltrans.o
 .rodata        0x000000000008038f       0x17 C:\Users\sato\AppData\Local\Temp\ccAFwKCd.ltrans3.ltrans.o
 .rodata.str1.1
                0x00000000000803a6        0xe C:\Users\sato\AppData\Local\Temp\ccAFwKCd.ltrans4.ltrans.o
                                         0x12 (size before relaxing)
 *fill*         0x00000000000803b4        0x4 00
 .rodata        0x00000000000803b8       0x50 C:\Users\sato\AppData\Local\Temp\ccAFwKCd.ltrans4.ltrans.o
 .rodata        0x0000000000080408        0xc C:\Users\sato\AppData\Local\Temp\ccAFwKCd.ltrans6.ltrans.o
                0x0000000000080408                au32UartAddrOffset
 .rodata        0x0000000000080414       0x6b C:\Users\sato\AppData\Local\Temp\ccAFwKCd.ltrans7.ltrans.o
 .rodata        0x000000000008047f        0x6 C:\Users\sato\AppData\Local\Temp\ccAFwKCd.ltrans8.ltrans.o
                0x000000000008047f                aeXcvPhyEvtToScanEvt.5424.16948
 .rodata.str1.1
                0x0000000000080485       0x11 C:\Users\sato\AppData\Local\Temp\ccAFwKCd.ltrans9.ltrans.o
 *fill*         0x0000000000080496        0x2 00
 .rodata        0x0000000000080498       0x7c C:\Users\sato\AppData\Local\Temp\ccAFwKCd.ltrans9.ltrans.o
                0x00000000000804cc                u32MacLow_TOCOS
                0x00000000000804d0                u32MacHigh_TOCOS
 .rodata        0x0000000000080514       0x24 C:\Users\sato\AppData\Local\Temp\ccAFwKCd.ltrans10.ltrans.o
                0x000000000008051c                psTamXcvContext
 .rodata.str1.1
                0x0000000000080538       0x19 C:\Users\sato\AppData\Local\Temp\ccAFwKCd.ltrans11.ltrans.o
 .rodata        0x0000000000080551       0x10 C:\Users\sato\AppData\Local\Temp\ccAFwKCd.ltrans12.ltrans.o
 .rodata        0x0000000000080561        0xa C:\Users\sato\AppData\Local\Temp\ccAFwKCd.ltrans13.ltrans.o
                0x0000000000080561                CSWTCH.7.24921.24921
 *fill*         0x000000000008056b        0x1 00
 .rodata        0x000000000008056c        0xc C:\Users\sato\AppData\Local\Temp\ccAFwKCd.ltrans14.ltrans.o
 .rodata.str1.1
                0x0000000000080578      0x195 C:\Users\sato\AppData\Local\Temp\ccAFwKCd.ltrans15.ltrans.o
                                        0x197 (size before relaxing)
 .rodata        0x000000000008070d       0x20 C:\Users\sato\AppData\Local\Temp\ccAFwKCd.ltrans15.ltrans.o
 .rodata        0x000000000008072d       0x9a C:\Users\sato\AppData\Local\Temp\ccAFwKCd.ltrans16.ltrans.o
 .rodata.str1.1
                0x00000000000807c7        0xe C:\Users\sato\AppData\Local\Temp\ccAFwKCd.ltrans18.ltrans.o
 .rodata.str1.1
                0x00000000000807d5       0x88 C:\Users\sato\AppData\Local\Temp\ccAFwKCd.ltrans19.ltrans.o
 .rodata.str1.1
                0x000000000008085d       0x11 C:\Users\sato\AppData\Local\Temp\ccAFwKCd.ltrans20.ltrans.o
                                         0x22 (size before relaxing)
 *fill*         0x000000000008086e        0x2 00
 .rodata        0x0000000000080870       0x38 C:\Users\sato\AppData\Local\Temp\ccAFwKCd.ltrans20.ltrans.o
                0x0000000000080870                asStateFuncTbl.28699
 .rodata.str1.1
                0x00000000000808a8       0x16 C:\Users\sato\AppData\Local\Temp\ccAFwKCd.ltrans22.ltrans.o
 .rodata.str1.1
                0x00000000000808be       0x32 c:/users/sato/documents/mwstage-2022-08_win10-1/mwstage/tools/ba-elf-ba2-r36379.w10/bin/../lib/gcc/ba-elf/4.7.4/../../../../ba-elf/lib/mcpu_jn51xx_sizeopt\libc.a(lib_a-svfprintf.o)
                                         0x34 (size before relaxing)
 .rodata        0x00000000000808f0       0x20 c:/users/sato/documents/mwstage-2022-08_win10-1/mwstage/tools/ba-elf-ba2-r36379.w10/bin/../lib/gcc/ba-elf/4.7.4/../../../../ba-elf/lib/mcpu_jn51xx_sizeopt\libc.a(lib_a-svfprintf.o)
 .rodata.str1.1
                0x0000000000080910        0xd c:/users/sato/documents/mwstage-2022-08_win10-1/mwstage/tools/ba-elf-ba2-r36379.w10/bin/../lib/gcc/ba-elf/4.7.4/../../../../ba-elf/lib/mcpu_jn51xx_sizeopt\libc.a(lib_a-dtoa.o)
                                          0xf (size before relaxing)
 .rodata.str1.1
                0x000000000008091d        0x2 c:/users/sato/documents/mwstage-2022-08_win10-1/mwstage/tools/ba-elf-ba2-r36379.w10/bin/../lib/gcc/ba-elf/4.7.4/../../../../ba-elf/lib/mcpu_jn51xx_sizeopt\libc.a(lib_a-impure.o)
 .rodata.str1.1
                0x000000000008091f        0x6 c:/users/sato/documents/mwstage-2022-08_win10-1/mwstage/tools/ba-elf-ba2-r36379.w10/bin/../lib/gcc/ba-elf/4.7.4/../../../../ba-elf/lib/mcpu_jn51xx_sizeopt\libc.a(lib_a-locale.o)
                                          0xb (size before relaxing)
 *fill*         0x0000000000080925        0x3 00
 .rodata        0x0000000000080928      0x128 c:/users/sato/documents/mwstage-2022-08_win10-1/mwstage/tools/ba-elf-ba2-r36379.w10/bin/../lib/gcc/ba-elf/4.7.4/../../../../ba-elf/lib/mcpu_jn51xx_sizeopt\libc.a(lib_a-mprec.o)
                0x0000000000080928                __mprec_tinytens
                0x0000000000080950                __mprec_bigtens
                0x0000000000080978                __mprec_tens
 .rodata.str1.1
                0x0000000000000000       0x22 c:/users/sato/documents/mwstage-2022-08_win10-1/mwstage/tools/ba-elf-ba2-r36379.w10/bin/../lib/gcc/ba-elf/4.7.4/../../../../ba-elf/lib/mcpu_jn51xx_sizeopt\libc.a(lib_a-svfiprintf.o)
 .rodata        0x0000000000080a50       0x20 c:/users/sato/documents/mwstage-2022-08_win10-1/mwstage/tools/ba-elf-ba2-r36379.w10/bin/../lib/gcc/ba-elf/4.7.4/../../../../ba-elf/lib/mcpu_jn51xx_sizeopt\libc.a(lib_a-svfiprintf.o)
 .rodata        0x0000000000080a70       0x19 c:/users/sato/documents/mwstage-2022-08_win10-1/mwstage/tools/ba-elf-ba2-r36379.w10/bin/../lib/gcc/ba-elf/4.7.4/../../../../ba-elf/lib/mcpu_jn51xx_sizeopt\libc.a(lib_a-glue.o)

.text           0x0000000000080a8c    0x13d83
 *(.text*)
 .text          0x0000000000080a8c      0xb41 C:\Users\sato\AppData\Local\Temp\ccAFwKCd.ltrans0.ltrans.o
                0x0000000000080a8c                mac_vLPBAdjustBeaconOffset
                0x0000000000080ae9                mac_u32LPBGetBeaconTimeout
                0x0000000000080af2                eWEnDTmrExpiry.16586
                0x0000000000080afd                eWEnDEdDone.16583
                0x0000000000080b58                eGenlDontCare.16580
                0x0000000000080b5d                eGenlIllegal.16205
                0x0000000000080b64                u32GetTimer0
                0x0000000000080b6b                vSetTimer0
                0x0000000000080b7a                _ZN3mwx2L112appdefs_crtpINS0_9NwkSimpleEE18_cbTweNet_vHwEventEPvmm.local.218
                0x0000000000080b7d                _ZN3mwx2L112appdefs_crtpINS0_9NwkSimpleEE17_cbTweNet_u8HwIntEPvmm.local.217
                0x0000000000080b82                _out_fct.7913
                0x0000000000080b94                _out_null.7919
                0x0000000000080b97                vOutputStream.7784
                0x0000000000080ba3                _ZN3mwx2L110serial_jen7vOutputEcPv.local.215
                0x0000000000080bca                vHandlerPatch.6897
                0x0000000000080c01                _ZN3mwx2L112appdefs_crtpI9INTERRUPTE18_cbTweNet_vTxEventEPvRNS0_12packet_ev_txE.local.180
                0x0000000000080c04                _ZN3mwx2L114processev_crtpI9INTERRUPTE14vProcessEvCoreEP8_tsEvent7teEventm.local.181
                0x0000000000080c07                _ZN3mwx2L112appdefs_crtpI9INTERRUPTE9_on_eventEPvmRm.local.182
                0x0000000000080c0a                _ZN3mwx2L112appdefs_crtpI9INTERRUPTE18_cbTweNet_vRxEventEPvRNS0_9packet_rxE.local.183
                0x0000000000080c0d                _ZN3mwx2L112appdefs_crtpI9INTERRUPTE19_cbTweNet_vNwkEventEPvRNS0_13packet_ev_nwkE.local.184
                0x0000000000080c10                _ZN3mwx2L112appdefs_crtpI9INTERRUPTE15_cbTweNet_vMainEPv.local.185
                0x0000000000080c13                _ZN3mwx2L112appdefs_crtpINS0_9NwkSimpleEE18_cbTweNet_vTxEventEPvRNS0_12packet_ev_txE.local.214
                0x0000000000080c2d                _ZN3mwx2L112appdefs_crtpINS0_9NwkSimpleEE19_cbTweNet_vNwkEventEPvRNS0_13packet_ev_nwkE.local.222
                0x0000000000080c36                _ZN3mwx2L112appdefs_crtpINS0_9NwkSimpleEE15_cbTweNet_vMainEPv.local.223
                0x0000000000080c39                vTACu32ToPayloadM
                0x0000000000080c51                bTACframeInProgress
                0x0000000000080c7b                bTACassessBeaconForPayload
                0x0000000000080ccc                bIsBbcSafeForTx
                0x0000000000080d01                vTATwriteAclMaterialToHardware
                0x0000000000080d26                vTATsetBLE
                0x0000000000080d5d                vTATgetFramePayload
                0x0000000000080d7a                eTATreadTXstatus
                0x0000000000080dc0                vTAHsetPhyStateDirect.part.0.21066
                0x0000000000080ddc                vMEMreturn
                0x0000000000080e4d                vTACinformOriginator
                0x0000000000080e6f                pvMEMget
                0x0000000000080e9b                vTAMDEdetermineNullState
                0x0000000000080eb5                vTAMCOupdatePendingList
                0x0000000000080f87                vTAMCOsetCoordinator
                0x0000000000080fad                eScanHandleEvt.part.0.16616
                0x0000000000080fd6                mac_eDcfmIndPost
                0x0000000000080ff7                mac_psDcfmIndGetBuf
                0x0000000000081018                vMLMErxEnableConfirm
                0x000000000008104a                vMLMEcommStatus
                0x00000000000810ad                vMLMEcommStatusFromFrame
                0x00000000000810f1                vMLMEsyncLoss
                0x0000000000081124                vPMICpostFailedAssocDcfm
                0x000000000008115c                vPMICassocReqTO_2.15033
                0x0000000000081173                MAC_vPibSetPanId
                0x000000000008118e                vHandleTofRequest.13139
                0x0000000000081191                vAppApiDefSetPrbsSeed
                0x00000000000811b5                mwx::L1::duplciate_checker::_node_ele_init(mwx::L1::duplciate_checker::_node_ele*)
                0x00000000000811d4                _ZN3mwx2L113serial_parserINS0_10alloc_heapIhEEEC1Ev.local.52
                0x00000000000811f6                _ZN3mwx2L16twenetC1Ev.local.58
                0x000000000008128d                _ZN3mwx2L110serial_jenC1Eh.local.107
                0x00000000000812bd                _ZN3mwx2L115periph_analogueC1Ev.local.125
                0x00000000000812e8                _ZN3mwx2L112appdefs_virt8on_eventEmRm.local.134
                0x0000000000081300                _ZN3mwx2L112appdefs_virt18cbToCoNet_vHwEventEmm.local.136
                0x0000000000081318                _ZN3mwx2L112appdefs_virt18cbToCoNet_vTxEventERNS0_12packet_ev_txE.local.137
                0x0000000000081330                _ZN3mwx2L112appdefs_virt19cbToCoNet_vNwkEventERNS0_13packet_ev_nwkE.local.139
                0x0000000000081348                s_div_by
                0x0000000000081379                vTimerChangeHzEx
                0x00000000000813c0                u8CCITT8
                0x00000000000813e6                bAES_CCM_KeyReg
                0x0000000000081425                bFifoPush.5598
                0x000000000008145e                vAppQApiPostMlme.5584
                0x000000000008147d                vAppQApiPostMcps.5591
                0x0000000000081498                pvFifoPull.5595
                0x00000000000814bf                psAppQApiGetMlmeBuffer.5581
                0x00000000000814c7                psAppQApiGetMcpsBuffer.5588
                0x00000000000814cf                PRSEV_vSetState
                0x00000000000814df                PRSEV_vProcessEv_core.4468
                0x0000000000081581                PRSEV_vProcessEvPost
                0x00000000000815b3                _PRSEV_vProcessEvSingle
                0x00000000000815c0                ToCoNet_vMacStart
 .text.unlikely
                0x00000000000815cd       0x65 C:\Users\sato\AppData\Local\Temp\ccAFwKCd.ltrans0.ltrans.o
                0x00000000000815cd                _ZN3mwx2L112appdefs_virt18cbToCoNet_vRxEventERNS0_9packet_rxE.local.138
                0x00000000000815e5                PRSEV_u8Register
                0x0000000000081623                _PRSEV_vProcessEvSingleH
 *fill*         0x0000000000081632        0x2 00
 .text          0x0000000000081634      0xa00 C:\Users\sato\AppData\Local\Temp\ccAFwKCd.ltrans1.ltrans.o
                0x0000000000081634                _ZN3mwx2L112appdefs_crtpI9INTERRUPTE17_cbTweNet_u8HwIntEPvmm.local.178
                0x0000000000081afb                vTimerConfig
                0x0000000000081cee                _ZN3mwx2L112periph_timer5beginEtbb.local.171.constprop.302
                0x0000000000081de4                cbAppWarmStart.part.28.9107
                0x0000000000082010                _ZN3mwx2L16streamINS0_10serial_jenEE6_printEPKc.local.160.constprop.319
 .text          0x0000000000082034      0xba8 C:\Users\sato\AppData\Local\Temp\ccAFwKCd.ltrans2.ltrans.o
                0x0000000000082034                eWBRTTxDone.16602
                0x0000000000082052                vTAMCOframeTXgoingIdle
                0x000000000008206b                vTAMCOframeTXcap
                0x0000000000082090                eWCoRRxDone.16593
                0x000000000008213a                eWBcnRxDone.16605
                0x0000000000082726                vTAMCOframeRXcap
                0x0000000000082738                vTAMCOframeRXgoingIdle
                0x000000000008274e                vTAMCOframeRXnobeacon
                0x0000000000082760                vTAMDEframeRX
                0x0000000000082789                vTAMDEframeRXtrackingDR
                0x00000000000827cc                vTAMDEframePreSyncReq
                0x00000000000827e5                vTAMCOframeTXbeacon
                0x00000000000828ac                vTAMDEframeRXsyncReq
                0x0000000000082afc                vTAMDEint1FiredTrackingCAPgts
                0x0000000000082bad                eWONTTxDone.16599
 .text          0x0000000000082bdc      0x8b3 C:\Users\sato\AppData\Local\Temp\ccAFwKCd.ltrans3.ltrans.o
                0x0000000000082bdc                UART_vHandleUartInterrupt.7024
                0x0000000000082cac                _ZN3mwx2L114processev_crtpINS0_9NwkSimpleEE14vProcessEvCoreEP8_tsEvent7teEventm.local.221
                0x0000000000082d5f                vRxChar.6922
                0x0000000000082db0                vXCV_IntHandlerPhy
                0x0000000000082e62                vScanHandleTimer.16202
                0x0000000000082f07                bAES_CCM_EncodeKey
                0x0000000000082fb4                vXCV_IntHandlerBbc
                0x0000000000083057                _ZN3mwx2L114periph_twowire14cmd_tx_no_stopEb.isra.3.3079.constprop.356
                0x0000000000083065                _ZN3mwx2L114periph_twowire5writeEPKhh.local.188.constprop.351
                0x00000000000830b6                _ZN3mwx2L114periph_twowire11cmd_tx_stopEb.isra.4.3082.constprop.355
                0x00000000000830c4                _ZN3mwx2L114periph_twowire12cmd_tx_startEv.isra.2.3077
                0x00000000000830d2                _ZN3mwx2L110serial_jen13_set_baudrateEt.isra.2.8668
                0x0000000000083183                u8TAM_AES_WriteAuxilliarySecurityHeaderIntoBuffer
                0x00000000000831f5                u32AHI_ReadIndexSectorBits.constprop.245
                0x0000000000083256                vTAIsetCapTime
                0x0000000000083277                vTAIsetRxEnableTime
                0x0000000000083298                vDoGoActive.22889
                0x00000000000832ba                vTAMRXEint2Fired
                0x00000000000832f1                _ZN3mwx2L115periph_analogue5setupEbhPFvvE.local.124.constprop.255
                0x000000000008338b                _ZL5delaym.1408
                0x00000000000833b6                _ZL5delaym.3067
                0x00000000000833e1                _ZL5delaym.3863
                0x000000000008340c                _ZL17delayMicrosecondsm.3070.constprop.352
 *fill*         0x000000000008348f        0x1 00
 .text          0x0000000000083490     0x105c C:\Users\sato\AppData\Local\Temp\ccAFwKCd.ltrans4.ltrans.o
                0x00000000000836a8                vProcessEvCoreTx.28636
                0x000000000008372d                mwx::L1::periph_analogue::ADC_handler(unsigned long, unsigned long)
                0x0000000000083775                u8HwEventHandler.4678
                0x000000000008381d                _ntoa_long_long.7961.constprop.359
                0x00000000000838f2                _ntoa_long.7949.constprop.364
                0x00000000000839bf                _etoa.8007.constprop.360
                0x0000000000083d6a                _ftoa.7987.constprop.362
                0x00000000000840c3                vAHI_ProtocolPower.constprop.331
                0x00000000000840d1                vMMAC_ConfigureRadio
                0x000000000008427c                vAHI_SiMasterConfigure.constprop.313
                0x00000000000842b0                vAHI_TimerEnable.part.1.27401.constprop.305
                0x000000000008431b                _ZN3mwx2L16twenet5beginEv.local.112.constprop.296
                0x0000000000084360                vAHI_DioWakeEnable.constprop.295
                0x0000000000084374                pinMode(unsigned char, mwx::L1::enum_wapper<PIN_MODE::eMWX_DIO_MODE, unsigned char>)
 .text          0x00000000000844ec      0x80e C:\Users\sato\AppData\Local\Temp\ccAFwKCd.ltrans5.ltrans.o
                0x00000000000844ec                bAES_CCM_DecodeKey
                0x000000000008482d                u8Write802_15_4HeaderIntoBuffer.24896
                0x000000000008498d                bTAM_AES_CCMstarPatch2006
                0x0000000000084a94                _ZN3mwx2L110serial_jen10_on_wakeupEv.part.27.8846
                0x0000000000084b0e                _MWX_periph_init()
                0x0000000000084c08                vTimerStart
 .text          0x0000000000084cfa      0xa35 C:\Users\sato\AppData\Local\Temp\ccAFwKCd.ltrans6.ltrans.o
                0x0000000000084d45                vAHI_IntHandlerTickTimer
                0x0000000000084d8c                SERIAL_bTxChar
                0x0000000000084e3d                TWETERM_iPutS.29033
                0x0000000000084e62                TWETERM_iPutC.29037
                0x0000000000084e73                TWETERM_vFlush.29010
                0x0000000000084ef1                vTACintRXheader
                0x00000000000856ec                eGenRxHdrDone.16596
                0x00000000000856fc                _ZN3mwx2L110serial_jen5writeEi.local.146
                0x000000000008570b                _ZN3mwx2L16streamINS0_10serial_jenEElsERNS0_18MWX_Stream_EndLineE.isra.28.4145.constprop.310
 .text          0x000000000008572f      0xcff C:\Users\sato\AppData\Local\Temp\ccAFwKCd.ltrans7.ltrans.o
                0x000000000008572f                vMicroIntEnableOnly.constprop.373
                0x000000000008575b                vMMAC_SetChannelAndPower
                0x0000000000085904                QUEUE__u8RemoveItem.part.1.7099
                0x000000000008593f                QUEUE__vAddItem.constprop.372
                0x0000000000085971                _ZN3mwx2L110twenet_mac8transmitERNS0_9packet_txE.local.32.constprop.335
                0x0000000000085b76                _ToCoNet_bRfChChannel
                0x0000000000085c0b                ToCoNet_ChMgr_bCh_Reconfig
                0x0000000000085c73                ToCoNet_ChMgr_vCh_TxFin
                0x0000000000085c9f                vHnd_E_STATE_WAIT_TX.28667
                0x0000000000085d0f                vHnd_E_STATE_IDLE.28659
                0x0000000000085d73                _vsnprintf.constprop.358
                0x00000000000863a8                _ZN3mwx2L19_printobj8do_printEPFvcPvES2_.local.213.constprop.341
                0x00000000000863d9                _ZN3mwx2L111_printobj_1IhE9_do_printEPvPFvcS3_ES3_.local.216
                0x00000000000863ed                MWX_DebugMsg
 *fill*         0x000000000008642e        0x2 00
 .text          0x0000000000086430      0xa84 C:\Users\sato\AppData\Local\Temp\ccAFwKCd.ltrans8.ltrans.o
                0x0000000000086430                vPostDcfm.16589
                0x0000000000086504                AppWarmStart
                0x00000000000865d4                vSetNextChannel.16637
                0x000000000008662d                MAC_vHandleMlmeReqRsp
                0x0000000000086ddd                vTAMDEint1FiredTracking
                0x0000000000086e4d                vTAMDEint1FiredSyncReq
 .text          0x0000000000086eb4      0x55c C:\Users\sato\AppData\Local\Temp\ccAFwKCd.ltrans9.ltrans.o
                0x0000000000086eb4                AppColdStart
 .text.unlikely
                0x0000000000087410      0x43b C:\Users\sato\AppData\Local\Temp\ccAFwKCd.ltrans9.ltrans.o
                0x0000000000087410                ToCoNet_vStart
 *fill*         0x000000000008784b        0x1 00
 .text          0x000000000008784c      0x9a4 C:\Users\sato\AppData\Local\Temp\ccAFwKCd.ltrans10.ltrans.o
                0x000000000008784c                vTAMDEint2FiredTrackingDR
                0x0000000000087872                vTAMDEint2FiredPollActive
                0x00000000000878a7                vTAMDEreqTXnullTrackingCAP
                0x00000000000878c1                eTAMselect
                0x0000000000087a00                MAC_pvCtor
                0x0000000000087e29                u32AppApiDefInit
                0x0000000000087ef4                _ToCoNet_vMacInit
                0x0000000000087f5a                _ToCoNet_vRfConfig
                0x00000000000880f5                vTAMDEint1FiredTrackingBeacon
                0x0000000000088195                vTAMDEframeTXtrackingDR
 .text          0x00000000000881f0      0x8a9 C:\Users\sato\AppData\Local\Temp\ccAFwKCd.ltrans11.ltrans.o
                0x00000000000881f0                _ZN3mwx2L112appdefs_crtpI9INTERRUPTE18_cbTweNet_vHwEventEPvmm.local.179
                0x0000000000088275                ToCoNet_vMain
 .text          0x0000000000088a99      0x90a C:\Users\sato\AppData\Local\Temp\ccAFwKCd.ltrans12.ltrans.o
                0x0000000000088aae                bAHI_ReadMACID
                0x0000000000088af4                vTAMRXEsetPhy
                0x0000000000088bb7                vTAHsetPhyState
                0x0000000000088be7                vTAMCOint2Fired
                0x0000000000088c07                vSetPHYfromMacValue.19723
                0x0000000000088c39                vTAMDEint1FiredWaitDR
                0x0000000000088c46                vTACsetPHYfromMacValue
                0x0000000000088c67                vTAMRXEsetReceiveForPibChange
                0x0000000000088ca7                vMLMEbeaconNotify
                0x0000000000088e05                vMCPSframeReceived
                0x0000000000088ec8                _ZN3mwx2L114periph_twowireC1Eh.local.76
                0x0000000000088f05                ToCoNet_vInit
                0x0000000000089248                vExpireHead.26150
                0x0000000000089278                bAHI_SetClockRate
                0x0000000000089383                vPhySetChannel
 .text.unlikely
                0x00000000000893a3      0x1d5 C:\Users\sato\AppData\Local\Temp\ccAFwKCd.ltrans12.ltrans.o
                0x000000000008941c                bStartXtal32k.27205
                0x0000000000089524                u32AppQApiInitInt_PATCH
                0x0000000000089533                vAHI_MemoryHold.27298
 .text          0x0000000000089578      0xb27 C:\Users\sato\AppData\Local\Temp\ccAFwKCd.ltrans13.ltrans.o
                0x00000000000896bb                vHnd_E_STATE_FINISH_TX_FAIL.28644
                0x0000000000089772                vHnd_E_STATE_FINISH_TX_SUCCESS.28649
                0x0000000000089805                bTAM_AES_CCMstarPatch
                0x0000000000089b21                bTATsendFrame
                0x0000000000089b74                vTrySendFromDirectCAP.19180
                0x0000000000089b8f                vTrySendFromDirectNoBeacon.19184
                0x0000000000089bba                vTAMCOint1Fired
                0x0000000000089cd6                vTAMCOstartBeacon
                0x0000000000089d11                vStartStoreValues.19248
                0x0000000000089dc8                bStartCallback.19277
                0x0000000000089df7                vTAMCOint1FiredCAP
                0x0000000000089e6a                vTAMCOreqTXnoBeacon
                0x0000000000089e7c                vTAMCOreqTXinCAP
                0x0000000000089ea2                vTrySendUnslotted.19725
                0x0000000000089ebc                bSendDataRequest.19727
                0x0000000000089fce                bProcessBeaconRX.19730
 .text          0x000000000008a09f      0x950 C:\Users\sato\AppData\Local\Temp\ccAFwKCd.ltrans14.ltrans.o
                0x000000000008a09f                mac_vLPBStartTimer
                0x000000000008a3aa                vTimerCallback.27181
                0x000000000008a420                _ZN3mwx2L115periph_analogue10_adc_startEv.local.43.constprop.284
                0x000000000008a509                bAES_CCMstar
                0x000000000008a5d5                pvHeap_Alloc
                0x000000000008a5d8                operator new(unsigned long)
                0x000000000008a5fb                _ZN3mwx2L112appdefs_virt5setupEv.part.1.3899
                0x000000000008a620                _ZN3mwx2L112periph_timer5setupEv.local.173
                0x000000000008a64e                u32AHI_Init
                0x000000000008a710                vMicroIntRestoreState
                0x000000000008a71c                vAHI_DoSetDataOut
                0x000000000008a730                bAHI_DoEnableOutputs
                0x000000000008a759                u8AHI_WakeTimerFiredStatus
                0x000000000008a76d                vAHI_WakeTimerStop.part.3.27866
                0x000000000008a78d                mac_vLPBStopTimer
                0x000000000008a797                vAHI_UartSetClocksPerBit.part.18.27662
                0x000000000008a7be                vAHI_UartSetRTSCTS.part.15.27647
                0x000000000008a7e5                vAHI_UartReset.part.4.27620
                0x000000000008a81d                vAHI_UartSetControl.part.2.27604
                0x000000000008a86e                vAHI_UartSetBaudDivisor.part.1.27600
                0x000000000008a8ad                vAHI_WatchdogStop
                0x000000000008a8c4                _ZN3mwx2L120periph_pulse_counter10_on_wakeupEv.part.18.8702
                0x000000000008a93a                u32AHI_DioWakeStatus
                0x000000000008a94b                vAHI_DioWakeEdge
                0x000000000008a96b                vAHI_DioSetPullup
                0x000000000008a98b                vAHI_DioSetOutput
                0x000000000008a99f                _ZL12digitalWritehN3mwx2L111enum_wapperIN9PIN_STATE16eMWX_DIO_HIGHLOWEhEE.isra.1.1852
                0x000000000008a9db                vAHI_DioSetDirection
 .text.unlikely
                0x000000000008a9ef       0x24 C:\Users\sato\AppData\Local\Temp\ccAFwKCd.ltrans14.ltrans.o
                0x000000000008a9ef                vAHI_CpuDoze
                0x000000000008aa02                vStartXtal32kExternalRc.27195
 .text          0x000000000008aa13      0x6ee C:\Users\sato\AppData\Local\Temp\ccAFwKCd.ltrans15.ltrans.o
                0x000000000008aa13                mwx::L1::NwkSimple::on_create(unsigned long&)
                0x000000000008abb7                _Z9vTransmitmhh.constprop.320
                0x000000000008ae04                setup()
 .text          0x000000000008b101      0xa90 C:\Users\sato\AppData\Local\Temp\ccAFwKCd.ltrans16.ltrans.o
                0x000000000008b101                vAHI_IntHandlerAnalogPeriph
                0x000000000008b121                vTTIBLETimerExpired
                0x000000000008b12c                vACI_CmdWaitBusy
                0x000000000008b190                vACI_OptimisedCcmStar
                0x000000000008b3a8                vTAIdisableInterrupt
                0x000000000008b3c1                psRemove.part.0.26145
                0x000000000008b3f0                vMAC_MISCpollConfirm
                0x000000000008b422                MAC_u8AclFindInfo
                0x000000000008b54c                vTASretrieveSecurity
                0x000000000008b56e                MAC_bLookUpKeyDescriptor.23697
                0x000000000008b5e8                u8TSCframeIncrease
                0x000000000008b621                vTSCpostTransmitUpdate
                0x000000000008b652                vCopyToDataFromMacAddr.23607
                0x000000000008b685                bTSCgetOutgoingInfo
                0x000000000008b78e                vDoGoOff.22887
                0x000000000008b7a8                psTAQsearchFifo
                0x000000000008b7f1                bTAQremoveFromFifo
                0x000000000008b82e                vTTITransactionTimerExpired
                0x000000000008b858                vTAMinsertEvent
                0x000000000008b8be                vTTITimer2Expired
                0x000000000008b8c2                vTTITimer1Expired
                0x000000000008b8c6                vTAM_TxRetryTimeout
                0x000000000008b8ca                vTACsetTxFrameDefaults
                0x000000000008b8f0                u8TACgetHeaderSize
                0x000000000008b92d                bUpdateTime.21925
                0x000000000008b968                vTACbuildBeacon
                0x000000000008bb70                u32TACpayloadToU32M
 .text          0x000000000008bb91      0x9e6 C:\Users\sato\AppData\Local\Temp\ccAFwKCd.ltrans17.ltrans.o
                0x000000000008bb91                TSV_eStart
                0x000000000008bc75                vTAMDEstartSync
                0x000000000008bcf3                vDeterminePowerState.19847
                0x000000000008bd76                vTAM_TxRetryTimer
                0x000000000008bd82                eTAStransmitRequest
                0x000000000008c11d                vPMICassocReqTO_1.15026
                0x000000000008c1a5                vTAM_MCPSdataRequest
                0x000000000008c1e8                bTACcheckPANconflict
                0x000000000008c2a1                TSV_eOpen
                0x000000000008c2a9                vAppApiDefRestoreMacSettings
                0x000000000008c390                vAppApiDefSaveMacSettings
                0x000000000008c3ed                mac_vLPBSleep
                0x000000000008c4ab                pvAppApiDefGetMacAddrLocation
                0x000000000008c4b4                eAppApiDefPlmeGet
                0x000000000008c506                eAppApiDefPlmeSet
 .text          0x000000000008c577      0x75b C:\Users\sato\AppData\Local\Temp\ccAFwKCd.ltrans18.ltrans.o
                0x000000000008c577                vHnd_E_STATE_RUNNING.28675
                0x000000000008c7c2                SERIAL_vTxReady
                0x000000000008c85c                vAppQApiPostHwIntT.5577
                0x000000000008c930                TWETERM_iGetC.29041
                0x000000000008c993                _ZN3lcd7commandEh.constprop.346
                0x000000000008c9e5                _ZN3lcd9setCursorEhh.constprop.345
                0x000000000008ca14                MWX_Panic
                0x000000000008ca78                cbAppColdStart.part.32.9328
                0x000000000008cc62                _ZN3lcd4dataEh.constprop.348
                0x000000000008ccb7                _ZN3lcd5printEPKc.constprop.343
 .text          0x000000000008ccd2      0x54e C:\Users\sato\AppData\Local\Temp\ccAFwKCd.ltrans19.ltrans.o
                0x000000000008ccd2                _ZN3mwx2L112appdefs_crtpINS0_9NwkSimpleEE18_cbTweNet_vRxEventEPvRNS0_9packet_rxE.local.219
 .text          0x000000000008d220      0x557 C:\Users\sato\AppData\Local\Temp\ccAFwKCd.ltrans20.ltrans.o
                0x000000000008d220                vAppApiDefMcpsRequest
                0x000000000008d24b                vHnd_E_STATE_PREPARE_TX.28654
                0x000000000008d743                vAppApiDefMlmeRequest
                0x000000000008d76e                pvAppApiDefGetMacHandle
 *fill*         0x000000000008d777        0x1 00
 .text.unlikely
                0x000000000008d778      0x310 C:\Users\sato\AppData\Local\Temp\ccAFwKCd.ltrans20.ltrans.o
                0x000000000008d795                vProcessIncomingHwEvent.4847
 .text          0x000000000008da88      0x780 C:\Users\sato\AppData\Local\Temp\ccAFwKCd.ltrans21.ltrans.o
                0x000000000008da88                eGenTmrExpiry.16898
                0x000000000008daca                eWEDTEdDone.16901
                0x000000000008daee                TSV_eStop
                0x000000000008dbad                bPMICdisassocReqSent.15022
                0x000000000008dc67                MAC_vHandleMcpsReqRsp
                0x000000000008dcf4                bMCPSframeTXcomplete.17633
                0x000000000008dd49                bSendSyncLoss.21860
                0x000000000008dd61                bPollReqSent.25456
                0x000000000008dd79                bTASsendCommStatusInd
                0x000000000008dd8e                bAssocRespSent.15018
                0x000000000008dda1                eTACprocessFrameTXcomplete
                0x000000000008df1d                vTAMCOframeTXnobeacon
                0x000000000008df32                vTAMCOframeStarting
                0x000000000008df4b                vTAMDEframeTXDEnull
                0x000000000008df6e                vTAMDEframeTXtrackingCAPgts
                0x000000000008df9a                bPMICassocReqSent.15014
                0x000000000008e01c                bPMICassocReqPollSent.15029
                0x000000000008e070                eWChCChanChgd.16613
 .text          0x000000000008e208      0x157 C:\Users\sato\AppData\Local\Temp\ccAFwKCd.ltrans22.ltrans.o
                0x000000000008e208                _ZN3mwx2L112appdefs_crtpINS0_9NwkSimpleEE9_on_eventEPvmRm.local.220
                0x000000000008e2f7                vProcessEvCoreMac
 .text          0x000000000008e35f       0x25 c:/users/sato/documents/mwstage-2022-08_win10-1/mwstage/tools/ba-elf-ba2-r36379.w10/bin/../lib/gcc/ba-elf/4.7.4/../../../../ba-elf/lib/mcpu_jn51xx_sizeopt\libc.a(lib_a-memcmp.o)
                0x000000000008e35f                memcmp
 .text          0x000000000008e384       0x39 c:/users/sato/documents/mwstage-2022-08_win10-1/mwstage/tools/ba-elf-ba2-r36379.w10/bin/../lib/gcc/ba-elf/4.7.4/mcpu_jn51xx_sizeopt\libgcc.a(_fixunsdfsi.o)
                0x000000000008e384                __fixunsdfsi
 .text          0x000000000008e3bd      0x350 c:/users/sato/documents/mwstage-2022-08_win10-1/mwstage/tools/ba-elf-ba2-r36379.w10/bin/../lib/gcc/ba-elf/4.7.4/mcpu_jn51xx_sizeopt\libgcc.a(_udivdi3.o)
                0x000000000008e3bd                __udivdi3
 .text          0x000000000008e70d      0x312 c:/users/sato/documents/mwstage-2022-08_win10-1/mwstage/tools/ba-elf-ba2-r36379.w10/bin/../lib/gcc/ba-elf/4.7.4/mcpu_jn51xx_sizeopt\libgcc.a(_umoddi3.o)
                0x000000000008e70d                __umoddi3
 .text          0x000000000008ea1f       0x27 C:/Users/sato/Documents/MWSTAGE-2022-08_win10-1/MWSTAGE/MWSDK/ChipLib/SW4063V1416/Components/Library\libHardwareApi_JN5169.a(AHI_Interrupt.o)
                0x000000000008ea1f                vAHI_InterruptSetPriority
                0x000000000008ea3d                vAHI_InterruptSetActivePriorityLevel
 .text.vMicroSyscall
                0x000000000008ea46       0x17 C:/Users/sato/Documents/MWSTAGE-2022-08_win10-1/MWSTAGE/MWSDK/ChipLib/SW4063V1416/Components/Library\libMicroSpecific_JN516x.a(MicroSyscall_ba.o)
                0x000000000008ea46                vMicroSyscall
 .text          0x000000000008ea5d       0x12 c:/users/sato/documents/mwstage-2022-08_win10-1/mwstage/tools/ba-elf-ba2-r36379.w10/bin/../lib/gcc/ba-elf/4.7.4/../../../../ba-elf/lib/mcpu_jn51xx_sizeopt\libc.a(lib_a-memset.o)
                0x000000000008ea5d                memset
 .text          0x000000000008ea6f       0x84 c:/users/sato/documents/mwstage-2022-08_win10-1/mwstage/tools/ba-elf-ba2-r36379.w10/bin/../lib/gcc/ba-elf/4.7.4/../../../../ba-elf/lib/mcpu_jn51xx_sizeopt\libc.a(lib_a-sprintf.o)
                0x000000000008ea6f                _sprintf_r
                0x000000000008eaad                sprintf
 .text          0x000000000008eaf3       0x25 c:/users/sato/documents/mwstage-2022-08_win10-1/mwstage/tools/ba-elf-ba2-r36379.w10/bin/../lib/gcc/ba-elf/4.7.4/../../../../ba-elf/lib/mcpu_jn51xx_sizeopt\libc.a(lib_a-strcmp.o)
                0x000000000008eaf3                strcmp
 .text          0x000000000008eb18       0x15 c:/users/sato/documents/mwstage-2022-08_win10-1/mwstage/tools/ba-elf-ba2-r36379.w10/bin/../lib/gcc/ba-elf/4.7.4/../../../../ba-elf/lib/mcpu_jn51xx_sizeopt\libc.a(lib_a-strcpy.o)
                0x000000000008eb18                strcpy
 .text          0x000000000008eb2d       0x12 c:/users/sato/documents/mwstage-2022-08_win10-1/mwstage/tools/ba-elf-ba2-r36379.w10/bin/../lib/gcc/ba-elf/4.7.4/../../../../ba-elf/lib/mcpu_jn51xx_sizeopt\libc.a(lib_a-strlen.o)
                0x000000000008eb2d                strlen
 *fill*         0x000000000008eb3f        0x1 00
 .text          0x000000000008eb40     0x10e4 c:/users/sato/documents/mwstage-2022-08_win10-1/mwstage/tools/ba-elf-ba2-r36379.w10/bin/../lib/gcc/ba-elf/4.7.4/../../../../ba-elf/lib/mcpu_jn51xx_sizeopt\libc.a(lib_a-svfprintf.o)
                0x000000000008eb40                _svfprintf_r
 .text          0x000000000008fc24      0xd83 c:/users/sato/documents/mwstage-2022-08_win10-1/mwstage/tools/ba-elf-ba2-r36379.w10/bin/../lib/gcc/ba-elf/4.7.4/../../../../ba-elf/lib/mcpu_jn51xx_sizeopt\libc.a(lib_a-dtoa.o)
                0x000000000008fd6f                _dtoa_r
 .text          0x00000000000909a7       0x86 c:/users/sato/documents/mwstage-2022-08_win10-1/mwstage/tools/ba-elf-ba2-r36379.w10/bin/../lib/gcc/ba-elf/4.7.4/../../../../ba-elf/lib/mcpu_jn51xx_sizeopt\libc.a(lib_a-locale.o)
                0x00000000000909a7                _setlocale_r
                0x00000000000909ed                __locale_charset
                0x00000000000909f6                __locale_mb_cur_max
                0x00000000000909ff                __locale_msgcharset
                0x0000000000090a08                __locale_cjk_lang
                0x0000000000090a0d                _localeconv_r
                0x0000000000090a16                setlocale
                0x0000000000090a24                localeconv
 .text          0x0000000000090a2d      0x4ba c:/users/sato/documents/mwstage-2022-08_win10-1/mwstage/tools/ba-elf-ba2-r36379.w10/bin/../lib/gcc/ba-elf/4.7.4/../../../../ba-elf/lib/mcpu_jn51xx_sizeopt\libc.a(lib_a-mallocr.o)
                0x0000000000090a2d                _malloc_r
 .text          0x0000000000090ee7       0x19 c:/users/sato/documents/mwstage-2022-08_win10-1/mwstage/tools/ba-elf-ba2-r36379.w10/bin/../lib/gcc/ba-elf/4.7.4/../../../../ba-elf/lib/mcpu_jn51xx_sizeopt\libc.a(lib_a-memchr.o)
                0x0000000000090ee7                memchr
 .text          0x0000000000090f00       0x19 c:/users/sato/documents/mwstage-2022-08_win10-1/mwstage/tools/ba-elf-ba2-r36379.w10/bin/../lib/gcc/ba-elf/4.7.4/../../../../ba-elf/lib/mcpu_jn51xx_sizeopt\libc.a(lib_a-memcpy.o)
 .text          0x0000000000090f19        0x6 c:/users/sato/documents/mwstage-2022-08_win10-1/mwstage/tools/ba-elf-ba2-r36379.w10/bin/../lib/gcc/ba-elf/4.7.4/../../../../ba-elf/lib/mcpu_jn51xx_sizeopt\libc.a(lib_a-mlock.o)
                0x0000000000090f19                __malloc_lock
                0x0000000000090f1c                __malloc_unlock
 .text          0x0000000000090f1f      0x8bb c:/users/sato/documents/mwstage-2022-08_win10-1/mwstage/tools/ba-elf-ba2-r36379.w10/bin/../lib/gcc/ba-elf/4.7.4/../../../../ba-elf/lib/mcpu_jn51xx_sizeopt\libc.a(lib_a-mprec.o)
                0x0000000000090f1f                _Balloc
                0x0000000000090f77                _Bfree
                0x0000000000090f91                __multadd
                0x000000000009101e                __s2b
                0x00000000000910ab                __hi0bits
                0x0000000000091100                __lo0bits
                0x0000000000091179                __i2b
                0x000000000009118e                __multiply
                0x00000000000912cf                __pow5mult
                0x000000000009134e                __lshift
                0x0000000000091402                __mcmp
                0x0000000000091441                __mdiff
                0x0000000000091523                __ulp
                0x0000000000091567                __b2d
                0x000000000009160a                __d2b
                0x00000000000916c9                __ratio
                0x0000000000091719                _mprec_log10
                0x000000000009174d                __copybits
                0x0000000000091786                __any_on
 .text          0x00000000000917da       0x23 c:/users/sato/documents/mwstage-2022-08_win10-1/mwstage/tools/ba-elf-ba2-r36379.w10/bin/../lib/gcc/ba-elf/4.7.4/../../../../ba-elf/lib/mcpu_jn51xx_sizeopt\libc.a(lib_a-sbrkr.o)
                0x00000000000917da                _sbrk_r
 .text          0x00000000000917fd       0x5c c:/users/sato/documents/mwstage-2022-08_win10-1/mwstage/tools/ba-elf-ba2-r36379.w10/bin/../lib/gcc/ba-elf/4.7.4/../../../../ba-elf/lib/mcpu_jn51xx_sizeopt\libc.a(lib_a-s_fpclassify.o)
                0x00000000000917fd                __fpclassifyd
 .text          0x0000000000091859      0x8f1 c:/users/sato/documents/mwstage-2022-08_win10-1/mwstage/tools/ba-elf-ba2-r36379.w10/bin/../lib/gcc/ba-elf/4.7.4/../../../../ba-elf/lib/mcpu_jn51xx_sizeopt\libc.a(lib_a-svfiprintf.o)
                0x0000000000091859                __ssprint_r
                0x000000000009197d                _svfiprintf_r
 .text          0x000000000009214a       0x64 c:/users/sato/documents/mwstage-2022-08_win10-1/mwstage/tools/ba-elf-ba2-r36379.w10/bin/../lib/gcc/ba-elf/4.7.4/../../../../ba-elf/lib/mcpu_jn51xx_sizeopt\libc.a(lib_a-callocr.o)
                0x000000000009214a                _calloc_r
 .text          0x00000000000921ae      0x271 c:/users/sato/documents/mwstage-2022-08_win10-1/mwstage/tools/ba-elf-ba2-r36379.w10/bin/../lib/gcc/ba-elf/4.7.4/../../../../ba-elf/lib/mcpu_jn51xx_sizeopt\libc.a(lib_a-freer.o)
                0x00000000000921ae                _malloc_trim_r
                0x0000000000092262                _free_r
 .text          0x000000000009241f      0x1d0 c:/users/sato/documents/mwstage-2022-08_win10-1/mwstage/tools/ba-elf-ba2-r36379.w10/bin/../lib/gcc/ba-elf/4.7.4/../../../../ba-elf/lib/mcpu_jn51xx_sizeopt\libc.a(lib_a-glue.o)
                0x000000000009241f                _read
                0x0000000000092439                _write
                0x0000000000092453                _open
                0x000000000009246d                _close
                0x0000000000092487                _isatty
                0x00000000000924a2                _lseek
                0x00000000000924bd                _fstat
                0x00000000000924d8                _times
                0x00000000000924f3                _time
                0x000000000009250e                _creat
                0x0000000000092529                _link
                0x0000000000092544                _unlink
                0x000000000009255f                _fork
                0x0000000000092579                isatty
                0x000000000009257b                __unlink
                0x000000000009257d                _exit
                0x0000000000092581                _kill
                0x0000000000092585                _getpid
                0x000000000009258a                _sbrk
 .text          0x00000000000925ef       0x44 c:/users/sato/documents/mwstage-2022-08_win10-1/mwstage/tools/ba-elf-ba2-r36379.w10/bin/../lib/gcc/ba-elf/4.7.4/../../../../ba-elf/lib/mcpu_jn51xx_sizeopt\libc.a(lib_a-memmove.o)
                0x00000000000925ef                memmove
 .text          0x0000000000092633      0x33c c:/users/sato/documents/mwstage-2022-08_win10-1/mwstage/tools/ba-elf-ba2-r36379.w10/bin/../lib/gcc/ba-elf/4.7.4/../../../../ba-elf/lib/mcpu_jn51xx_sizeopt\libc.a(lib_a-reallocr.o)
                0x0000000000092633                _realloc_r
 .text          0x000000000009296f        0x9 c:/users/sato/documents/mwstage-2022-08_win10-1/mwstage/tools/ba-elf-ba2-r36379.w10/bin/../lib/gcc/ba-elf/4.7.4/../../../../ba-elf/lib/mcpu_jn51xx_sizeopt\libc.a(lib_a-errno.o)
                0x000000000009296f                __errno
 .text          0x0000000000092978      0x204 c:/users/sato/documents/mwstage-2022-08_win10-1/mwstage/tools/ba-elf-ba2-r36379.w10/bin/../lib/gcc/ba-elf/4.7.4/mcpu_jn51xx_sizeopt\libgcc.a(__udivsi3.o)
                0x0000000000092978                __udivsi3
 .text          0x0000000000092b7c       0x30 c:/users/sato/documents/mwstage-2022-08_win10-1/mwstage/tools/ba-elf-ba2-r36379.w10/bin/../lib/gcc/ba-elf/4.7.4/mcpu_jn51xx_sizeopt\libgcc.a(__divsi3.o)
                0x0000000000092b7c                __divsi3
 .text          0x0000000000092bac      0x1b0 c:/users/sato/documents/mwstage-2022-08_win10-1/mwstage/tools/ba-elf-ba2-r36379.w10/bin/../lib/gcc/ba-elf/4.7.4/mcpu_jn51xx_sizeopt\libgcc.a(__umodsi3.o)
                0x0000000000092bac                __umodsi3
 .text          0x0000000000092d5c       0x24 c:/users/sato/documents/mwstage-2022-08_win10-1/mwstage/tools/ba-elf-ba2-r36379.w10/bin/../lib/gcc/ba-elf/4.7.4/mcpu_jn51xx_sizeopt\libgcc.a(__modsi3.o)
                0x0000000000092d5c                __modsi3
 .text          0x0000000000092d80      0x682 c:/users/sato/documents/mwstage-2022-08_win10-1/mwstage/tools/ba-elf-ba2-r36379.w10/bin/../lib/gcc/ba-elf/4.7.4/mcpu_jn51xx_sizeopt\libgcc.a(adddf3.o)
                0x0000000000092d80                __adddf3
 *fill*         0x0000000000093402        0x2 00
 .text          0x0000000000093404      0x5c8 c:/users/sato/documents/mwstage-2022-08_win10-1/mwstage/tools/ba-elf-ba2-r36379.w10/bin/../lib/gcc/ba-elf/4.7.4/mcpu_jn51xx_sizeopt\libgcc.a(divdf3.o)
                0x0000000000093404                __divdf3
 .text          0x00000000000939cc       0x7f c:/users/sato/documents/mwstage-2022-08_win10-1/mwstage/tools/ba-elf-ba2-r36379.w10/bin/../lib/gcc/ba-elf/4.7.4/mcpu_jn51xx_sizeopt\libgcc.a(eqdf2.o)
                0x00000000000939cc                __nedf2
                0x00000000000939cc                __eqdf2
 .text          0x0000000000093a4b       0xca c:/users/sato/documents/mwstage-2022-08_win10-1/mwstage/tools/ba-elf-ba2-r36379.w10/bin/../lib/gcc/ba-elf/4.7.4/mcpu_jn51xx_sizeopt\libgcc.a(gedf2.o)
                0x0000000000093a4b                __gedf2
                0x0000000000093a4b                __gtdf2
 .text          0x0000000000093b15       0xcb c:/users/sato/documents/mwstage-2022-08_win10-1/mwstage/tools/ba-elf-ba2-r36379.w10/bin/../lib/gcc/ba-elf/4.7.4/mcpu_jn51xx_sizeopt\libgcc.a(ledf2.o)
                0x0000000000093b15                __ledf2
                0x0000000000093b15                __ltdf2
 .text          0x0000000000093be0      0x488 c:/users/sato/documents/mwstage-2022-08_win10-1/mwstage/tools/ba-elf-ba2-r36379.w10/bin/../lib/gcc/ba-elf/4.7.4/mcpu_jn51xx_sizeopt\libgcc.a(muldf3.o)
                0x0000000000093be0                __muldf3
 .text          0x0000000000094068      0x693 c:/users/sato/documents/mwstage-2022-08_win10-1/mwstage/tools/ba-elf-ba2-r36379.w10/bin/../lib/gcc/ba-elf/4.7.4/mcpu_jn51xx_sizeopt\libgcc.a(subdf3.o)
                0x0000000000094068                __subdf3
 .text          0x00000000000946fb       0x64 c:/users/sato/documents/mwstage-2022-08_win10-1/mwstage/tools/ba-elf-ba2-r36379.w10/bin/../lib/gcc/ba-elf/4.7.4/mcpu_jn51xx_sizeopt\libgcc.a(fixdfsi.o)
                0x00000000000946fb                __fixdfsi
 .text          0x000000000009475f       0x61 c:/users/sato/documents/mwstage-2022-08_win10-1/mwstage/tools/ba-elf-ba2-r36379.w10/bin/../lib/gcc/ba-elf/4.7.4/mcpu_jn51xx_sizeopt\libgcc.a(floatsidf.o)
                0x000000000009475f                __floatsidf
 .text          0x00000000000947c0       0x4f c:/users/sato/documents/mwstage-2022-08_win10-1/mwstage/tools/ba-elf-ba2-r36379.w10/bin/../lib/gcc/ba-elf/4.7.4/mcpu_jn51xx_sizeopt\libgcc.a(floatunsidf.o)
                0x00000000000947c0                __floatunsidf
                0x000000000009480f                _flash_end = ABSOLUTE (.)

.rela.dyn       0x0000000000094810        0x0
 .rela.text     0x0000000000000000        0x0 c:/users/sato/documents/mwstage-2022-08_win10-1/mwstage/tools/ba-elf-ba2-r36379.w10/bin/../lib/gcc/ba-elf/4.7.4/../../../../ba-elf/lib/mcpu_jn51xx_sizeopt\libc.a(lib_a-sprintf.o)
 .rela.text.unlikely
                0x0000000000000000        0x0 c:/users/sato/documents/mwstage-2022-08_win10-1/mwstage/tools/ba-elf-ba2-r36379.w10/bin/../lib/gcc/ba-elf/4.7.4/../../../../ba-elf/lib/mcpu_jn51xx_sizeopt\libc.a(lib_a-sprintf.o)
 .rela.rodata   0x0000000000000000        0x0 c:/users/sato/documents/mwstage-2022-08_win10-1/mwstage/tools/ba-elf-ba2-r36379.w10/bin/../lib/gcc/ba-elf/4.7.4/../../../../ba-elf/lib/mcpu_jn51xx_sizeopt\libc.a(lib_a-sprintf.o)
 .rela.data     0x0000000000000000        0x0 c:/users/sato/documents/mwstage-2022-08_win10-1/mwstage/tools/ba-elf-ba2-r36379.w10/bin/../lib/gcc/ba-elf/4.7.4/../../../../ba-elf/lib/mcpu_jn51xx_sizeopt\libc.a(lib_a-sprintf.o)
                0x000000000400004c                . = ORIGIN (ram)

.data           0x000000000400004c      0x8d0 load address 0x0000000000094810
                0x000000000400004c                _ram_data_start = ABSOLUTE (.)
 *(.data*)
 .data          0x000000000400004c        0x1 C:\Users\sato\AppData\Local\Temp\ccAFwKCd.ltrans1.ltrans.o
 .data          0x000000000400004d        0x1 C:\Users\sato\AppData\Local\Temp\ccAFwKCd.ltrans4.ltrans.o
 .data          0x000000000400004e        0x1 C:\Users\sato\AppData\Local\Temp\ccAFwKCd.ltrans10.ltrans.o
 .data.initinboot
                0x000000000400004f        0x1 C:\Users\sato\AppData\Local\Temp\ccAFwKCd.ltrans10.ltrans.o
                0x000000000400004f                gMAC_u8MaxBuffers
 .data          0x0000000004000050        0x8 C:\Users\sato\AppData\Local\Temp\ccAFwKCd.ltrans11.ltrans.o
                0x0000000004000050                led_flash
 .data          0x0000000004000058        0x4 C:\Users\sato\AppData\Local\Temp\ccAFwKCd.ltrans14.ltrans.o
                0x0000000004000058                u32HeapStart
 .data          0x000000000400005c        0x1 C:\Users\sato\AppData\Local\Temp\ccAFwKCd.ltrans18.ltrans.o
                0x000000000400005c                _toconet_tx_u8_init_queue_flag
 .data          0x000000000400005d        0x1 C:\Users\sato\AppData\Local\Temp\ccAFwKCd.ltrans20.ltrans.o
                0x000000000400005d                u8TxWkrNow.28777
 *fill*         0x000000000400005e        0x2 00
 .data          0x0000000004000060      0x430 c:/users/sato/documents/mwstage-2022-08_win10-1/mwstage/tools/ba-elf-ba2-r36379.w10/bin/../lib/gcc/ba-elf/4.7.4/../../../../ba-elf/lib/mcpu_jn51xx_sizeopt\libc.a(lib_a-impure.o)
                0x0000000004000060                _impure_ptr
 .data          0x0000000004000490       0x7c c:/users/sato/documents/mwstage-2022-08_win10-1/mwstage/tools/ba-elf-ba2-r36379.w10/bin/../lib/gcc/ba-elf/4.7.4/../../../../ba-elf/lib/mcpu_jn51xx_sizeopt\libc.a(lib_a-locale.o)
                0x0000000004000490                __mb_cur_max
 .data          0x000000000400050c      0x410 c:/users/sato/documents/mwstage-2022-08_win10-1/mwstage/tools/ba-elf-ba2-r36379.w10/bin/../lib/gcc/ba-elf/4.7.4/../../../../ba-elf/lib/mcpu_jn51xx_sizeopt\libc.a(lib_a-mallocr.o)
                0x000000000400050c                __malloc_sbrk_base
                0x0000000004000510                __malloc_trim_threshold
                0x0000000004000514                __malloc_av_
 *(.data.*)
                0x000000000400091c                . = ALIGN (0x4)
                0x000000000400091c                _ram_data_end = ABSOLUTE (.)

.bss            0x000000000400091c     0x171c load address 0x00000000000950e0
                0x000000000400091c                _bss_start = ABSOLUTE (.)
 *(.bss*)
 .bss           0x000000000400091c        0xc C:\Users\sato\AppData\Local\Temp\ccAFwKCd.ltrans0.ltrans.o
 .bss           0x0000000004000928      0x100 C:\Users\sato\AppData\Local\Temp\ccAFwKCd.ltrans1.ltrans.o
                0x0000000004000928                apfTimerAppCallback.27586
                0x000000000400093c                prTickTimeAppCallback
                0x0000000004000940                au16TimerSettings.27535
 .bss           0x0000000004000a28       0x40 C:\Users\sato\AppData\Local\Temp\ccAFwKCd.ltrans2.ltrans.o
                0x0000000004000a28                g_sLP
                0x0000000004000a64                g_pvMac
 .bss.initinboot
                0x0000000004000a68      0x1c0 C:\Users\sato\AppData\Local\Temp\ccAFwKCd.ltrans2.ltrans.o
                0x0000000004000a68                g_sMac
 .bss           0x0000000004000c28       0x20 C:\Users\sato\AppData\Local\Temp\ccAFwKCd.ltrans3.ltrans.o
                0x0000000004000c28                sAppHousekeeping
                0x0000000004000c40                prApAppCallback.26935
                0x0000000004000c44                bIntEnableFlag.26932
 .bss           0x0000000004000c48        0x1 C:\Users\sato\AppData\Local\Temp\ccAFwKCd.ltrans4.ltrans.o
                0x0000000004000c48                bAccumulateModeFlag.26934
 *fill*         0x0000000004000c49        0x3 00
 .bss           0x0000000004000c4c       0x64 C:\Users\sato\AppData\Local\Temp\ccAFwKCd.ltrans5.ltrans.o
                0x0000000004000c4c                prUart1AppCallback.27841
                0x0000000004000c50                prUart0AppCallback.27840
                0x0000000004000c54                sOpt.7073
                0x0000000004000c64                _psSerial
 .bss           0x0000000004000cb0       0x70 C:\Users\sato\AppData\Local\Temp\ccAFwKCd.ltrans6.ltrans.o
                0x0000000004000cb0                asUARTS.7066
                0x0000000004000cd0                _SERIAL_bmTxIntEnabled
                0x0000000004000cd4                asSerialPorts
                0x0000000004000d0c                sSerCmd_P3.7736
 .bss           0x0000000004000d20       0x24 C:\Users\sato\AppData\Local\Temp\ccAFwKCd.ltrans7.ltrans.o
                0x0000000004000d20                pvPostFunc.4549
                0x0000000004000d24                u32PostArg.4548
                0x0000000004000d28                evPost.4547
 .bss           0x0000000004000d44       0x90 C:\Users\sato\AppData\Local\Temp\ccAFwKCd.ltrans8.ltrans.o
                0x0000000004000d44                _ZL5_vcbs.9480
                0x0000000004000d58                sToCoNet_AppContext
                0x0000000004000d74                sToCoNet_Context
                0x0000000004000dbc                sAssocSecurity.15643
                0x0000000004000dc8                g_bJenieBackwardsCompatibilityMode
 .bss           0x0000000004000dd4      0x290 C:\Users\sato\AppData\Local\Temp\ccAFwKCd.ltrans9.ltrans.o
                0x0000000004000dd4                u8AppId_Pkt_head.6770
                0x0000000004000dd8                u32AppId.6767
                0x0000000004000ddc                u32MyAddr.6769
                0x0000000004000de0                bRxQueue_Init.6768
                0x0000000004000de4                psRxQueueList.6766
                0x0000000004000df8                asEventHandler.4535
                0x0000000004000e98                sEvVars
                0x0000000004000eb4                u32TickCount_ms
                0x0000000004000eb8                au8Txdatabuff_idx_sTxQueue
                0x0000000004000ebc                u8TxBuffSiz_sTxQueue
                0x0000000004000ec0                sTxdatabuff_sTxQueue
                0x0000000004000ec4                sTxQueue
                0x0000000004000ee0                au8Rxdatabuff_idx_sRxQueue
                0x0000000004000ee4                u8RxBuffSiz_sRxQueue
                0x0000000004000ee8                sRxdatabuff_sRxQueue
                0x0000000004000eec                sRxQueue
                0x0000000004000f08                au8Rxdatabuff_idx_sRxQueueCmd
                0x0000000004000f0c                u8RxBuffSiz_sRxQueueCmd
                0x0000000004000f10                sRxdatabuff_sRxQueueCmd
                0x0000000004000f14                sRxQueueCmd.4986
                0x0000000004000f30                sContext.6891
                0x0000000004000f5c                the_twelite
                0x0000000004000ff4                TWENET_u8RFdevice_minor.6191
                0x0000000004000ff5                TWENET_u8RFdevice_major.6190
                0x0000000004000ff6                _TWENET_TX_POWER_MAX
                0x0000000004000ff8                sToCoNet_Modules
 .bss           0x0000000004001064       0x24 C:\Users\sato\AppData\Local\Temp\ccAFwKCd.ltrans10.ltrans.o
                0x0000000004001064                i8TxPower.18433
                0x0000000004001068                g_sXcv
                0x000000000400106c                prMcpsRequest.12027
                0x0000000004001070                prMlmeRequest.12026
                0x0000000004001074                prOriginalHandler.6901
 .bss.initinboot
                0x0000000004001088        0x8 C:\Users\sato\AppData\Local\Temp\ccAFwKCd.ltrans10.ltrans.o
                0x0000000004001088                g_u32MacAddrLocation
                0x000000000400108c                prvUserTxStartedCallback
 .bss           0x0000000004001090       0xb4 C:\Users\sato\AppData\Local\Temp\ccAFwKCd.ltrans11.ltrans.o
                0x0000000004001090                communication_status
                0x0000000004001094                Serial
                0x00000000040010b4                sMcpsIndQueue.5816
                0x00000000040010c4                sMcpsIndBufferQueue.5814
                0x00000000040010d4                sMlmeIndQueue.5817
                0x00000000040010e4                sMlmeIndBufferQueue.5815
                0x00000000040010f4                sHwIndQueue.5818
                0x0000000004001104                sHwIndBufferQueue.5819
                0x0000000004001114                _u32_INT_adc_comp
                0x0000000004001118                _u32_INT_ticktimer
                0x000000000400111c                rx_volt2
                0x000000000400111e                rx_volt1
                0x0000000004001120                rx_status
                0x0000000004001121                lqi_data
                0x0000000004001122                communication_established_check_flg
                0x0000000004001124                the_vsettings
                0x0000000004001128                the_vhw
                0x000000000400112c                the_vapp
                0x0000000004001130                the_vnet2
                0x0000000004001134                the_vnet
                0x0000000004001138                _periph_availmap
 .bss           0x0000000004001144      0x71c C:\Users\sato\AppData\Local\Temp\ccAFwKCd.ltrans12.ltrans.o
                0x0000000004001144                prSpiAppCallback.27169
                0x0000000004001148                prSiAppCallback.28404
                0x000000000400114c                prAppMcpsCallback.5820
                0x0000000004001150                prAppMlmeCallback.5821
                0x0000000004001154                bTxEventQueued.22755
                0x0000000004001155                u8TxEventStatus.22756
                0x0000000004001156                gbTimeOutFlag.27373
 .bss.initinboot
                0x0000000004001860        0x4 C:\Users\sato\AppData\Local\Temp\ccAFwKCd.ltrans12.ltrans.o
                0x0000000004001860                prSysCtrlAppCallback.27377
 .bss.dontinitinboot
                0x0000000004001864        0x1 C:\Users\sato\AppData\Local\Temp\ccAFwKCd.ltrans13.ltrans.o
                0x0000000004001864                u8SecurityMode.24923
 *fill*         0x0000000004001865        0x3 00
 .bss           0x0000000004001868        0x8 C:\Users\sato\AppData\Local\Temp\ccAFwKCd.ltrans14.ltrans.o
 .bss.dontinitinboot
                0x0000000004001870        0x4 C:\Users\sato\AppData\Local\Temp\ccAFwKCd.ltrans14.ltrans.o
 .bss           0x0000000004001874       0x50 C:\Users\sato\AppData\Local\Temp\ccAFwKCd.ltrans15.ltrans.o
                0x0000000004001874                lcd_control
                0x0000000004001878                Wire
                0x0000000004001890                Timer2
                0x0000000004001898                Timer1
                0x00000000040018a0                Timer0
                0x00000000040018a8                the_mac
 .bss           0x00000000040018c4        0x1 C:\Users\sato\AppData\Local\Temp\ccAFwKCd.ltrans16.ltrans.o
                0x00000000040018c4                u8TAM_TxStatusOverride
 *fill*         0x00000000040018c5        0x3 00
 .bss           0x00000000040018c8       0x1c C:\Users\sato\AppData\Local\Temp\ccAFwKCd.ltrans17.ltrans.o
 .bss.initinboot
                0x00000000040018e4        0x1 C:\Users\sato\AppData\Local\Temp\ccAFwKCd.ltrans17.ltrans.o
 *fill*         0x00000000040018e5        0x3 00
 .bss           0x00000000040018e8      0x618 C:\Users\sato\AppData\Local\Temp\ccAFwKCd.ltrans18.ltrans.o
                0x00000000040018e8                prAppHwCallback.5822
                0x00000000040018ec                TxWorker_u8Num.28734
 .bss           0x0000000004001f00       0x88 C:\Users\sato\AppData\Local\Temp\ccAFwKCd.ltrans19.ltrans.o
                0x0000000004001f00                Timer4
                0x0000000004001f08                Timer3
                0x0000000004001f10                Analogue
                0x0000000004001f28                SPI
                0x0000000004001f2c                SerialParser
                0x0000000004001f68                Serial1
 .bss           0x0000000004001f88       0x20 C:\Users\sato\AppData\Local\Temp\ccAFwKCd.ltrans20.ltrans.o
                0x0000000004001f88                Buttons
                0x0000000004001f90                PulseCounter1
                0x0000000004001f94                PulseCounter0
                0x0000000004001f98                sCh_Context.5454
                0x0000000004001f9c                asTx.28733
 .bss           0x0000000004001fa8       0x14 C:\Users\sato\AppData\Local\Temp\ccAFwKCd.ltrans21.ltrans.o
                0x0000000004001fa8                s_sTimerList
                0x0000000004001fb8                u8AssocResponsesInProgress.15642
 .bss.dontinitinboot
                0x0000000004001fbc       0x40 C:/Users/sato/Documents/MWSTAGE-2022-08_win10-1/MWSTAGE/MWSDK/ChipLib/SW4063V1416/Components/Library\libBoot_JN516x.a(ExceptionHandler.o)
                0x0000000004001fbc                isr_handlers
 .bss           0x0000000004001ffc       0x34 c:/users/sato/documents/mwstage-2022-08_win10-1/mwstage/tools/ba-elf-ba2-r36379.w10/bin/../lib/gcc/ba-elf/4.7.4/../../../../ba-elf/lib/mcpu_jn51xx_sizeopt\libc.a(lib_a-mallocr.o)
                0x0000000004001ffc                __malloc_current_mallinfo
                0x0000000004002024                __malloc_max_total_mem
                0x0000000004002028                __malloc_max_sbrked_mem
                0x000000000400202c                __malloc_top_pad
 .bss           0x0000000004002030        0x4 c:/users/sato/documents/mwstage-2022-08_win10-1/mwstage/tools/ba-elf-ba2-r36379.w10/bin/../lib/gcc/ba-elf/4.7.4/../../../../ba-elf/lib/mcpu_jn51xx_sizeopt\libc.a(lib_a-glue.o)
 *(.bss.*)
 *(.scommon*)
 .scommon       0x0000000004002034        0x4 c:/users/sato/documents/mwstage-2022-08_win10-1/mwstage/tools/ba-elf-ba2-r36379.w10/bin/../lib/gcc/ba-elf/4.7.4/../../../../ba-elf/lib/mcpu_jn51xx_sizeopt\libc.a(lib_a-reent.o)
                0x0000000004002034                errno
 *(.scommon.*)
 *(COMMON)
                0x0000000004002038                . = ALIGN (0x4)
                0x0000000004002038                _bss_end = ABSOLUTE (.)
                0x0000000004002038                end = .

.heap           0x0000000004002038      0xd16 load address 0x00000000000967fc
                0x0000000004002038                _heap_start = ABSOLUTE (.)
                0x0000000004002d4e                . = (. + __minimum_heap_size)
 *fill*         0x0000000004002038      0xd16 00

.stack          0x0000000004007800      0x800 load address 0x000000000009bfc4
                0x0000000004007800                _heap_end = ABSOLUTE (.)
                0x0000000004007800                _stack_low_water_mark = ABSOLUTE (.)
                0x0000000004008000                . = (. + __stack_size)
 *fill*         0x0000000004007800      0x800 00
                0x0000000004008000                _stack = .

.test           0x00000000000950e0        0x1
                0x00000000000950e0        0x1 BYTE 0xff
                0x0000000000094810                _flash_data_start = LOADADDR (.data)
                0x00000000000008d0                _ram_data_len = (((_ram_data_end - _ram_data_start) + 0x3) & 0xfffffffffffffffc)
                0x000000000000171c                _bss_len = (((_bss_end - _bss_start) + 0x3) & 0xfffffffffffffffc)
                0x00000000000150e0                _image_len = ((((_flash_end - _flash_start) + _ram_data_len) + 0x3) & 0xfffffffffffffffc)
                0x0000000004008000                _ram_top = (ABSOLUTE (ORIGIN (ram)) + 0x7fb4)
                0x0000000004008000                ram_top = (ABSOLUTE (ORIGIN (ram)) + 0x7fb4)
                0x0000000001001580                _app_ram_start = 0x1001580
                0x0000000004000058                PROVIDE (_heap_location, u32HeapStart)
                0x0000000004000058                PROVIDE (heap_location, u32HeapStart)
                0x000000000008c2a1                TSV_eOpenVector = TSV_eOpen
                0x000000000008bb91                TSV_eStartVector = TSV_eStart
                0x000000000008daee                TSV_eStopVector = TSV_eStop
                0x000000000008d76e                pvAppApiGetMacHandle = pvAppApiDefGetMacHandle
                0x0000000000087e29                u32AppApiInit = u32AppApiDefInit
                0x000000000008d743                vAppApiMlmeRequest = vAppApiDefMlmeRequest
                0x000000000008d220                vAppApiMcpsRequest = vAppApiDefMcpsRequest
                0x000000000008c506                eAppApiPlmeSet = eAppApiDefPlmeSet
                0x000000000008c4b4                eAppApiPlmeGet = eAppApiDefPlmeGet
                0x000000000008c4ab                pvAppApiGetMacAddrLocation = pvAppApiDefGetMacAddrLocation
                0x000000000008c390                vAppApiSaveMacSettings = vAppApiDefSaveMacSettings
                0x000000000008c2a9                vAppApiRestoreMacSettings = vAppApiDefRestoreMacSettings
OUTPUT(objs_RED/Wireless_EM_Switch2_RED_L1305_V0-1-0.elf elf32-ba)

.comment        0x0000000000000000       0x11
 .comment       0x0000000000000000       0x12 C:\Users\sato\AppData\Local\Temp\ccAFwKCd.ltrans0.ltrans.o
 .comment       0x0000000000000000       0x12 C:\Users\sato\AppData\Local\Temp\ccAFwKCd.ltrans1.ltrans.o
 .comment       0x0000000000000000       0x12 C:\Users\sato\AppData\Local\Temp\ccAFwKCd.ltrans2.ltrans.o
 .comment       0x0000000000000000       0x12 C:\Users\sato\AppData\Local\Temp\ccAFwKCd.ltrans3.ltrans.o
 .comment       0x0000000000000000       0x12 C:\Users\sato\AppData\Local\Temp\ccAFwKCd.ltrans4.ltrans.o
 .comment       0x0000000000000000       0x12 C:\Users\sato\AppData\Local\Temp\ccAFwKCd.ltrans5.ltrans.o
 .comment       0x0000000000000000       0x12 C:\Users\sato\AppData\Local\Temp\ccAFwKCd.ltrans6.ltrans.o
 .comment       0x0000000000000000       0x12 C:\Users\sato\AppData\Local\Temp\ccAFwKCd.ltrans7.ltrans.o
 .comment       0x0000000000000000       0x12 C:\Users\sato\AppData\Local\Temp\ccAFwKCd.ltrans8.ltrans.o
 .comment       0x0000000000000000       0x12 C:\Users\sato\AppData\Local\Temp\ccAFwKCd.ltrans9.ltrans.o
 .comment       0x0000000000000000       0x12 C:\Users\sato\AppData\Local\Temp\ccAFwKCd.ltrans10.ltrans.o
 .comment       0x0000000000000000       0x12 C:\Users\sato\AppData\Local\Temp\ccAFwKCd.ltrans11.ltrans.o
 .comment       0x0000000000000000       0x12 C:\Users\sato\AppData\Local\Temp\ccAFwKCd.ltrans12.ltrans.o
 .comment       0x0000000000000000       0x12 C:\Users\sato\AppData\Local\Temp\ccAFwKCd.ltrans13.ltrans.o
 .comment       0x0000000000000000       0x12 C:\Users\sato\AppData\Local\Temp\ccAFwKCd.ltrans14.ltrans.o
 .comment       0x0000000000000000       0x12 C:\Users\sato\AppData\Local\Temp\ccAFwKCd.ltrans15.ltrans.o
 .comment       0x0000000000000000       0x12 C:\Users\sato\AppData\Local\Temp\ccAFwKCd.ltrans16.ltrans.o
 .comment       0x0000000000000000       0x12 C:\Users\sato\AppData\Local\Temp\ccAFwKCd.ltrans17.ltrans.o
 .comment       0x0000000000000000       0x12 C:\Users\sato\AppData\Local\Temp\ccAFwKCd.ltrans18.ltrans.o
 .comment       0x0000000000000000       0x12 C:\Users\sato\AppData\Local\Temp\ccAFwKCd.ltrans19.ltrans.o
 .comment       0x0000000000000000       0x12 C:\Users\sato\AppData\Local\Temp\ccAFwKCd.ltrans20.ltrans.o
 .comment       0x0000000000000000       0x12 C:\Users\sato\AppData\Local\Temp\ccAFwKCd.ltrans21.ltrans.o
 .comment       0x0000000000000000       0x12 C:\Users\sato\AppData\Local\Temp\ccAFwKCd.ltrans22.ltrans.o
 .comment       0x0000000000000000       0x12 c:/users/sato/documents/mwstage-2022-08_win10-1/mwstage/tools/ba-elf-ba2-r36379.w10/bin/../lib/gcc/ba-elf/4.7.4/../../../../ba-elf/lib/mcpu_jn51xx_sizeopt\libc.a(lib_a-memcmp.o)
 .comment       0x0000000000000000       0x12 c:/users/sato/documents/mwstage-2022-08_win10-1/mwstage/tools/ba-elf-ba2-r36379.w10/bin/../lib/gcc/ba-elf/4.7.4/mcpu_jn51xx_sizeopt\libgcc.a(_fixunsdfsi.o)
 .comment       0x0000000000000000       0x12 c:/users/sato/documents/mwstage-2022-08_win10-1/mwstage/tools/ba-elf-ba2-r36379.w10/bin/../lib/gcc/ba-elf/4.7.4/mcpu_jn51xx_sizeopt\libgcc.a(_udivdi3.o)
 .comment       0x0000000000000000       0x12 c:/users/sato/documents/mwstage-2022-08_win10-1/mwstage/tools/ba-elf-ba2-r36379.w10/bin/../lib/gcc/ba-elf/4.7.4/mcpu_jn51xx_sizeopt\libgcc.a(_umoddi3.o)
 .comment       0x0000000000000000       0x11 C:/Users/sato/Documents/MWSTAGE-2022-08_win10-1/MWSTAGE/MWSDK/ChipLib/SW4063V1416/Components/Library\libMicroSpecific_JN516x.a(MicroSyscall_ba.o)
                                         0x12 (size before relaxing)
 .comment       0x0000000000000000       0x12 c:/users/sato/documents/mwstage-2022-08_win10-1/mwstage/tools/ba-elf-ba2-r36379.w10/bin/../lib/gcc/ba-elf/4.7.4/../../../../ba-elf/lib/mcpu_jn51xx_sizeopt\libc.a(lib_a-memset.o)
 .comment       0x0000000000000000       0x12 c:/users/sato/documents/mwstage-2022-08_win10-1/mwstage/tools/ba-elf-ba2-r36379.w10/bin/../lib/gcc/ba-elf/4.7.4/../../../../ba-elf/lib/mcpu_jn51xx_sizeopt\libc.a(lib_a-sprintf.o)
 .comment       0x0000000000000000       0x12 c:/users/sato/documents/mwstage-2022-08_win10-1/mwstage/tools/ba-elf-ba2-r36379.w10/bin/../lib/gcc/ba-elf/4.7.4/../../../../ba-elf/lib/mcpu_jn51xx_sizeopt\libc.a(lib_a-strcmp.o)
 .comment       0x0000000000000000       0x12 c:/users/sato/documents/mwstage-2022-08_win10-1/mwstage/tools/ba-elf-ba2-r36379.w10/bin/../lib/gcc/ba-elf/4.7.4/../../../../ba-elf/lib/mcpu_jn51xx_sizeopt\libc.a(lib_a-strcpy.o)
 .comment       0x0000000000000000       0x12 c:/users/sato/documents/mwstage-2022-08_win10-1/mwstage/tools/ba-elf-ba2-r36379.w10/bin/../lib/gcc/ba-elf/4.7.4/../../../../ba-elf/lib/mcpu_jn51xx_sizeopt\libc.a(lib_a-strlen.o)
 .comment       0x0000000000000000       0x12 c:/users/sato/documents/mwstage-2022-08_win10-1/mwstage/tools/ba-elf-ba2-r36379.w10/bin/../lib/gcc/ba-elf/4.7.4/../../../../ba-elf/lib/mcpu_jn51xx_sizeopt\libc.a(lib_a-svfprintf.o)
 .comment       0x0000000000000000       0x12 c:/users/sato/documents/mwstage-2022-08_win10-1/mwstage/tools/ba-elf-ba2-r36379.w10/bin/../lib/gcc/ba-elf/4.7.4/../../../../ba-elf/lib/mcpu_jn51xx_sizeopt\libc.a(lib_a-dtoa.o)
 .comment       0x0000000000000000       0x12 c:/users/sato/documents/mwstage-2022-08_win10-1/mwstage/tools/ba-elf-ba2-r36379.w10/bin/../lib/gcc/ba-elf/4.7.4/../../../../ba-elf/lib/mcpu_jn51xx_sizeopt\libc.a(lib_a-impure.o)
 .comment       0x0000000000000000       0x12 c:/users/sato/documents/mwstage-2022-08_win10-1/mwstage/tools/ba-elf-ba2-r36379.w10/bin/../lib/gcc/ba-elf/4.7.4/../../../../ba-elf/lib/mcpu_jn51xx_sizeopt\libc.a(lib_a-locale.o)
 .comment       0x0000000000000000       0x12 c:/users/sato/documents/mwstage-2022-08_win10-1/mwstage/tools/ba-elf-ba2-r36379.w10/bin/../lib/gcc/ba-elf/4.7.4/../../../../ba-elf/lib/mcpu_jn51xx_sizeopt\libc.a(lib_a-mallocr.o)
 .comment       0x0000000000000000       0x12 c:/users/sato/documents/mwstage-2022-08_win10-1/mwstage/tools/ba-elf-ba2-r36379.w10/bin/../lib/gcc/ba-elf/4.7.4/../../../../ba-elf/lib/mcpu_jn51xx_sizeopt\libc.a(lib_a-memchr.o)
 .comment       0x0000000000000000       0x12 c:/users/sato/documents/mwstage-2022-08_win10-1/mwstage/tools/ba-elf-ba2-r36379.w10/bin/../lib/gcc/ba-elf/4.7.4/../../../../ba-elf/lib/mcpu_jn51xx_sizeopt\libc.a(lib_a-memcpy.o)
 .comment       0x0000000000000000       0x12 c:/users/sato/documents/mwstage-2022-08_win10-1/mwstage/tools/ba-elf-ba2-r36379.w10/bin/../lib/gcc/ba-elf/4.7.4/../../../../ba-elf/lib/mcpu_jn51xx_sizeopt\libc.a(lib_a-mlock.o)
 .comment       0x0000000000000000       0x12 c:/users/sato/documents/mwstage-2022-08_win10-1/mwstage/tools/ba-elf-ba2-r36379.w10/bin/../lib/gcc/ba-elf/4.7.4/../../../../ba-elf/lib/mcpu_jn51xx_sizeopt\libc.a(lib_a-mprec.o)
 .comment       0x0000000000000000       0x12 c:/users/sato/documents/mwstage-2022-08_win10-1/mwstage/tools/ba-elf-ba2-r36379.w10/bin/../lib/gcc/ba-elf/4.7.4/../../../../ba-elf/lib/mcpu_jn51xx_sizeopt\libc.a(lib_a-sbrkr.o)
 .comment       0x0000000000000000       0x12 c:/users/sato/documents/mwstage-2022-08_win10-1/mwstage/tools/ba-elf-ba2-r36379.w10/bin/../lib/gcc/ba-elf/4.7.4/../../../../ba-elf/lib/mcpu_jn51xx_sizeopt\libc.a(lib_a-s_fpclassify.o)
 .comment       0x0000000000000000       0x12 c:/users/sato/documents/mwstage-2022-08_win10-1/mwstage/tools/ba-elf-ba2-r36379.w10/bin/../lib/gcc/ba-elf/4.7.4/../../../../ba-elf/lib/mcpu_jn51xx_sizeopt\libc.a(lib_a-svfiprintf.o)
 .comment       0x0000000000000000       0x12 c:/users/sato/documents/mwstage-2022-08_win10-1/mwstage/tools/ba-elf-ba2-r36379.w10/bin/../lib/gcc/ba-elf/4.7.4/../../../../ba-elf/lib/mcpu_jn51xx_sizeopt\libc.a(lib_a-callocr.o)
 .comment       0x0000000000000000       0x12 c:/users/sato/documents/mwstage-2022-08_win10-1/mwstage/tools/ba-elf-ba2-r36379.w10/bin/../lib/gcc/ba-elf/4.7.4/../../../../ba-elf/lib/mcpu_jn51xx_sizeopt\libc.a(lib_a-freer.o)
 .comment       0x0000000000000000       0x12 c:/users/sato/documents/mwstage-2022-08_win10-1/mwstage/tools/ba-elf-ba2-r36379.w10/bin/../lib/gcc/ba-elf/4.7.4/../../../../ba-elf/lib/mcpu_jn51xx_sizeopt\libc.a(lib_a-glue.o)
 .comment       0x0000000000000000       0x12 c:/users/sato/documents/mwstage-2022-08_win10-1/mwstage/tools/ba-elf-ba2-r36379.w10/bin/../lib/gcc/ba-elf/4.7.4/../../../../ba-elf/lib/mcpu_jn51xx_sizeopt\libc.a(lib_a-memmove.o)
 .comment       0x0000000000000000       0x12 c:/users/sato/documents/mwstage-2022-08_win10-1/mwstage/tools/ba-elf-ba2-r36379.w10/bin/../lib/gcc/ba-elf/4.7.4/../../../../ba-elf/lib/mcpu_jn51xx_sizeopt\libc.a(lib_a-reallocr.o)
 .comment       0x0000000000000000       0x12 c:/users/sato/documents/mwstage-2022-08_win10-1/mwstage/tools/ba-elf-ba2-r36379.w10/bin/../lib/gcc/ba-elf/4.7.4/../../../../ba-elf/lib/mcpu_jn51xx_sizeopt\libc.a(lib_a-reent.o)
 .comment       0x0000000000000000       0x12 c:/users/sato/documents/mwstage-2022-08_win10-1/mwstage/tools/ba-elf-ba2-r36379.w10/bin/../lib/gcc/ba-elf/4.7.4/../../../../ba-elf/lib/mcpu_jn51xx_sizeopt\libc.a(lib_a-errno.o)
 .comment       0x0000000000000000       0x12 c:/users/sato/documents/mwstage-2022-08_win10-1/mwstage/tools/ba-elf-ba2-r36379.w10/bin/../lib/gcc/ba-elf/4.7.4/mcpu_jn51xx_sizeopt\libgcc.a(adddf3.o)
 .comment       0x0000000000000000       0x12 c:/users/sato/documents/mwstage-2022-08_win10-1/mwstage/tools/ba-elf-ba2-r36379.w10/bin/../lib/gcc/ba-elf/4.7.4/mcpu_jn51xx_sizeopt\libgcc.a(divdf3.o)
 .comment       0x0000000000000000       0x12 c:/users/sato/documents/mwstage-2022-08_win10-1/mwstage/tools/ba-elf-ba2-r36379.w10/bin/../lib/gcc/ba-elf/4.7.4/mcpu_jn51xx_sizeopt\libgcc.a(eqdf2.o)
 .comment       0x0000000000000000       0x12 c:/users/sato/documents/mwstage-2022-08_win10-1/mwstage/tools/ba-elf-ba2-r36379.w10/bin/../lib/gcc/ba-elf/4.7.4/mcpu_jn51xx_sizeopt\libgcc.a(gedf2.o)
 .comment       0x0000000000000000       0x12 c:/users/sato/documents/mwstage-2022-08_win10-1/mwstage/tools/ba-elf-ba2-r36379.w10/bin/../lib/gcc/ba-elf/4.7.4/mcpu_jn51xx_sizeopt\libgcc.a(ledf2.o)
 .comment       0x0000000000000000       0x12 c:/users/sato/documents/mwstage-2022-08_win10-1/mwstage/tools/ba-elf-ba2-r36379.w10/bin/../lib/gcc/ba-elf/4.7.4/mcpu_jn51xx_sizeopt\libgcc.a(muldf3.o)
 .comment       0x0000000000000000       0x12 c:/users/sato/documents/mwstage-2022-08_win10-1/mwstage/tools/ba-elf-ba2-r36379.w10/bin/../lib/gcc/ba-elf/4.7.4/mcpu_jn51xx_sizeopt\libgcc.a(subdf3.o)
 .comment       0x0000000000000000       0x12 c:/users/sato/documents/mwstage-2022-08_win10-1/mwstage/tools/ba-elf-ba2-r36379.w10/bin/../lib/gcc/ba-elf/4.7.4/mcpu_jn51xx_sizeopt\libgcc.a(fixdfsi.o)
 .comment       0x0000000000000000       0x12 c:/users/sato/documents/mwstage-2022-08_win10-1/mwstage/tools/ba-elf-ba2-r36379.w10/bin/../lib/gcc/ba-elf/4.7.4/mcpu_jn51xx_sizeopt\libgcc.a(floatsidf.o)
 .comment       0x0000000000000000       0x12 c:/users/sato/documents/mwstage-2022-08_win10-1/mwstage/tools/ba-elf-ba2-r36379.w10/bin/../lib/gcc/ba-elf/4.7.4/mcpu_jn51xx_sizeopt\libgcc.a(floatunsidf.o)

.debug_info     0x0000000000000000    0x11520
 .debug_info    0x0000000000000000       0xf3 c:/users/sato/documents/mwstage-2022-08_win10-1/mwstage/tools/ba-elf-ba2-r36379.w10/bin/../lib/gcc/ba-elf/4.7.4/../../../../ba-elf/lib/mcpu_jn51xx_sizeopt\libc.a(lib_a-memcmp.o)
 .debug_info    0x00000000000000f3       0xd3 c:/users/sato/documents/mwstage-2022-08_win10-1/mwstage/tools/ba-elf-ba2-r36379.w10/bin/../lib/gcc/ba-elf/4.7.4/mcpu_jn51xx_sizeopt\libgcc.a(_fixunsdfsi.o)
 .debug_info    0x00000000000001c6      0x648 c:/users/sato/documents/mwstage-2022-08_win10-1/mwstage/tools/ba-elf-ba2-r36379.w10/bin/../lib/gcc/ba-elf/4.7.4/mcpu_jn51xx_sizeopt\libgcc.a(_udivdi3.o)
 .debug_info    0x000000000000080e      0x69d c:/users/sato/documents/mwstage-2022-08_win10-1/mwstage/tools/ba-elf-ba2-r36379.w10/bin/../lib/gcc/ba-elf/4.7.4/mcpu_jn51xx_sizeopt\libgcc.a(_umoddi3.o)
 .debug_info    0x0000000000000eab       0xaa C:/Users/sato/Documents/MWSTAGE-2022-08_win10-1/MWSTAGE/MWSDK/ChipLib/SW4063V1416/Components/Library\libBoot_JN516x.a(ExceptionHandler.o)
 .debug_info    0x0000000000000f55       0xd7 c:/users/sato/documents/mwstage-2022-08_win10-1/mwstage/tools/ba-elf-ba2-r36379.w10/bin/../lib/gcc/ba-elf/4.7.4/../../../../ba-elf/lib/mcpu_jn51xx_sizeopt\libc.a(lib_a-memset.o)
 .debug_info    0x000000000000102c      0xac6 c:/users/sato/documents/mwstage-2022-08_win10-1/mwstage/tools/ba-elf-ba2-r36379.w10/bin/../lib/gcc/ba-elf/4.7.4/../../../../ba-elf/lib/mcpu_jn51xx_sizeopt\libc.a(lib_a-sprintf.o)
 .debug_info    0x0000000000001af2       0xbb c:/users/sato/documents/mwstage-2022-08_win10-1/mwstage/tools/ba-elf-ba2-r36379.w10/bin/../lib/gcc/ba-elf/4.7.4/../../../../ba-elf/lib/mcpu_jn51xx_sizeopt\libc.a(lib_a-strcmp.o)
 .debug_info    0x0000000000001bad       0xce c:/users/sato/documents/mwstage-2022-08_win10-1/mwstage/tools/ba-elf-ba2-r36379.w10/bin/../lib/gcc/ba-elf/4.7.4/../../../../ba-elf/lib/mcpu_jn51xx_sizeopt\libc.a(lib_a-strcpy.o)
 .debug_info    0x0000000000001c7b       0xc8 c:/users/sato/documents/mwstage-2022-08_win10-1/mwstage/tools/ba-elf-ba2-r36379.w10/bin/../lib/gcc/ba-elf/4.7.4/../../../../ba-elf/lib/mcpu_jn51xx_sizeopt\libc.a(lib_a-strlen.o)
 .debug_info    0x0000000000001d43     0x1797 c:/users/sato/documents/mwstage-2022-08_win10-1/mwstage/tools/ba-elf-ba2-r36379.w10/bin/../lib/gcc/ba-elf/4.7.4/../../../../ba-elf/lib/mcpu_jn51xx_sizeopt\libc.a(lib_a-svfprintf.o)
 .debug_info    0x00000000000034da     0x143b c:/users/sato/documents/mwstage-2022-08_win10-1/mwstage/tools/ba-elf-ba2-r36379.w10/bin/../lib/gcc/ba-elf/4.7.4/../../../../ba-elf/lib/mcpu_jn51xx_sizeopt\libc.a(lib_a-dtoa.o)
 .debug_info    0x0000000000004915      0x970 c:/users/sato/documents/mwstage-2022-08_win10-1/mwstage/tools/ba-elf-ba2-r36379.w10/bin/../lib/gcc/ba-elf/4.7.4/../../../../ba-elf/lib/mcpu_jn51xx_sizeopt\libc.a(lib_a-impure.o)
 .debug_info    0x0000000000005285      0xd1a c:/users/sato/documents/mwstage-2022-08_win10-1/mwstage/tools/ba-elf-ba2-r36379.w10/bin/../lib/gcc/ba-elf/4.7.4/../../../../ba-elf/lib/mcpu_jn51xx_sizeopt\libc.a(lib_a-locale.o)
 .debug_info    0x0000000000005f9f      0xe1c c:/users/sato/documents/mwstage-2022-08_win10-1/mwstage/tools/ba-elf-ba2-r36379.w10/bin/../lib/gcc/ba-elf/4.7.4/../../../../ba-elf/lib/mcpu_jn51xx_sizeopt\libc.a(lib_a-mallocr.o)
 .debug_info    0x0000000000006dbb       0xfc c:/users/sato/documents/mwstage-2022-08_win10-1/mwstage/tools/ba-elf-ba2-r36379.w10/bin/../lib/gcc/ba-elf/4.7.4/../../../../ba-elf/lib/mcpu_jn51xx_sizeopt\libc.a(lib_a-memchr.o)
 .debug_info    0x0000000000006eb7      0x106 c:/users/sato/documents/mwstage-2022-08_win10-1/mwstage/tools/ba-elf-ba2-r36379.w10/bin/../lib/gcc/ba-elf/4.7.4/../../../../ba-elf/lib/mcpu_jn51xx_sizeopt\libc.a(lib_a-memcpy.o)